
> test
> node --experimental-vm-modules ./node_modules/jest/bin/jest.js --verbose

(node:58076) ExperimentalWarning: VM Modules is an experimental feature and might change at any time
(Use `node --trace-warnings ...` to show where the warning was created)
(node:52896) ExperimentalWarning: VM Modules is an experimental feature and might change at any time
(Use `node --trace-warnings ...` to show where the warning was created)
(node:57468) ExperimentalWarning: VM Modules is an experimental feature and might change at any time
(Use `node --trace-warnings ...` to show where the warning was created)
(node:49504) ExperimentalWarning: VM Modules is an experimental feature and might change at any time
(Use `node --trace-warnings ...` to show where the warning was created)
PASS tests/command-parser.test.js
  Command Parser
    movement commands
      ΓêÜ parses "go north" ΓåÆ go north (10 ms)
      ΓêÜ parses "go south" ΓåÆ go south (1 ms)
      ΓêÜ parses "go east" ΓåÆ go east (1 ms)
      ΓêÜ parses "go west" ΓåÆ go west
      ΓêÜ parses bare direction "north" as go command (1 ms)
      ΓêÜ parses bare direction "south" as go command (1 ms)
      ΓêÜ parses bare direction "east" as go command
      ΓêÜ parses bare direction "west" as go command
      ΓêÜ parses single-letter alias "n" as go north
      ΓêÜ parses single-letter alias "s" as go south
      ΓêÜ parses single-letter alias "e" as go east (1 ms)
      ΓêÜ parses single-letter alias "w" as go west
      ΓêÜ supports up/down directions (1 ms)
    item commands
      ΓêÜ parses "take key"
      ΓêÜ parses "pick up key" as take
      ΓêÜ parses "get key" as take (1 ms)
      ΓêÜ parses "grab key" as take
      ΓêÜ parses "drop key"
      ΓêÜ parses "take" with no noun (1 ms)
    inventory commands
      ΓêÜ parses "inventory"
      ΓêÜ parses "i" as inventory
      ΓêÜ parses "inv" as inventory (1 ms)
    look commands
      ΓêÜ parses "look" with no noun
      ΓêÜ parses "l" as look
      ΓêÜ parses "examine room" (1 ms)
      ΓêÜ parses "inspect sword"
    give commands
      ΓêÜ parses "give key to Alice" (1 ms)
      ΓêÜ parses "give torch to Bob"
      ΓêÜ parses "give" with no arguments
    use commands
      ΓêÜ parses "use key" with no target (1 ms)
      ΓêÜ parses "use key on door"
    say commands
      ΓêÜ parses "say hello" (1 ms)
      ΓêÜ parses "shout help" as yell
    help command
      ΓêÜ parses "help"
      ΓêÜ parses "?" as help
    edge cases
      ΓêÜ handles empty input
      ΓêÜ handles whitespace-only input
      ΓêÜ handles unknown commands gracefully
      ΓêÜ handles extra whitespace between words (1 ms)
      ΓêÜ handles mixed case input
      ΓêÜ handles mixed case aliases
      ΓêÜ handles mixed case item commands
      ΓêÜ preserves raw text in output
      ΓêÜ preserves raw text with extra whitespace trimmed (1 ms)
      ΓêÜ multi-word item name in take command

(node:61060) ExperimentalWarning: VM Modules is an experimental feature and might change at any time
(Use `node --trace-warnings ...` to show where the warning was created)
PASS tests/validate-world.test.js
  Valid worlds
    ΓêÜ minimal valid world (1 room, no items, no puzzles) (11 ms)
    ΓêÜ two-room world with items and bidirectional exits (1 ms)
    ΓêÜ full world with rooms, items, puzzles, and exits
    ΓêÜ validates default-world.json (1 ms)
    ΓêÜ validates escape-room.json (2 ms)
    ΓêÜ validates space-adventure.json (2 ms)
  Required fields
    ΓêÜ missing name ΓåÆ error (1 ms)
    ΓêÜ missing startRoom ΓåÆ error
    ΓêÜ startRoom references non-existent room ΓåÆ error (1 ms)
    ΓêÜ empty rooms object ΓåÆ error (1 ms)
    ΓêÜ missing rooms entirely ΓåÆ error
    ΓêÜ room missing name ΓåÆ error
    ΓêÜ room missing description ΓåÆ error (1 ms)
    ΓêÜ room missing exits ΓåÆ error
  Exit validation
    ΓêÜ exit references non-existent room ΓåÆ error (1 ms)
    ΓêÜ invalid exit direction (not north/south/east/west) ΓåÆ error
    ΓêÜ multiple invalid directions ΓåÆ multiple errors
  Item validation
    ΓêÜ room references item not in items section ΓåÆ error (1 ms)
    ΓêÜ item missing name ΓåÆ error
    ΓêÜ item missing description ΓåÆ error
    ΓêÜ multiple rooms referencing undefined items ΓåÆ errors for each
  Puzzle validation
    ΓêÜ puzzle room references non-existent room ΓåÆ error
    ΓêÜ puzzle requiredItem references non-existent item ΓåÆ error
    ΓêÜ puzzle action.targetRoom references non-existent room ΓåÆ error
    ΓêÜ puzzle with all invalid references ΓåÆ multiple errors (1 ms)
  Warnings
    ΓêÜ non-bidirectional exit ΓåÆ warning
    ΓêÜ orphan room (no inbound connections) ΓåÆ warning (1 ms)
    ΓêÜ unused item (defined but not placed in any room) ΓåÆ warning
    ΓêÜ bidirectional exits produce no non-bidirectional warning (1 ms)
    ΓêÜ item used only in puzzle (not in room) still counts as used ΓÇö no warning
  Edge cases
    ΓêÜ world with puzzles referencing items that do not exist ΓåÆ errors (1 ms)
    ΓêÜ room with all 4 exits ΓåÆ valid
    ΓêÜ circular room connections (AΓåÆBΓåÆCΓåÆA) ΓåÆ valid (1 ms)
    ΓêÜ self-referencing exit (room exits to itself) ΓåÆ valid with possible warning
    ΓêÜ return shape always has valid, errors, and warnings (1 ms)
    ΓêÜ world with null/undefined input ΓåÆ errors gracefully
    ΓêÜ world with empty object ΓåÆ errors (1 ms)
    ΓêÜ puzzle with action.type addItem referencing non-existent room ΓåÆ error
    ΓêÜ puzzle with action.type removeHazard referencing non-existent room ΓåÆ error (1 ms)
    ΓêÜ abbreviated directions (n/s/e/w) ΓåÆ error (must be north/south/east/west)
  Real world files ΓÇö structural smoke tests
    default-world.json
      ΓêÜ has a name
      ΓêÜ startRoom exists in rooms (1 ms)
      ΓêÜ all exit targets are valid rooms or puzzle-unlocked rooms (1 ms)
      ΓêÜ all room items are defined in items section (1 ms)
      ΓêÜ validates cleanly through validateWorld (1 ms)
    escape-room.json
      ΓêÜ has a name (2 ms)
      ΓêÜ startRoom exists in rooms (1 ms)
      ΓêÜ all exit targets are valid rooms or puzzle-unlocked rooms
      ΓêÜ all room items are defined in items section
      ΓêÜ validates cleanly through validateWorld (1 ms)
    space-adventure.json
      ΓêÜ has a name
      ΓêÜ startRoom exists in rooms
      ΓêÜ all exit targets are valid rooms or puzzle-unlocked rooms (1 ms)
      ΓêÜ all room items are defined in items section (1 ms)
      ΓêÜ validates cleanly through validateWorld
  Item description validation (roomText)
    ΓêÜ roomText is accepted as optional string on items
    ΓêÜ items with missing description trigger error (1 ms)
  Hazard object validation
    ΓêÜ hazards as objects validate correctly
    ΓêÜ hazard with missing description triggers error
    ΓêÜ hazard probability out of range triggers warning or error (1 ms)
    ΓêÜ hazard with missing probability triggers error
    ΓêÜ hazard with missing deathText triggers error
  Hazard validation (Stef)
    ΓêÜ hazard probability 0 is valid (1 ms)
    ΓêÜ hazard probability 1 is valid
    ΓêÜ hazard probability below 0 is invalid
    ΓêÜ hazard probability above 1 is invalid
    ΓêÜ old string hazards pass validation (backward compatible) (1 ms)
    ΓêÜ mixed string and object hazards pass validation
    ΓêÜ hazard object with empty deathText is valid (probability 0 display-only)

  console.warn
    [world-validation] Room "room-hub" has no items and no hazards (empty room).

    [0m [90m 77 |[39m   [36mif[39m (validation[33m.[39mwarnings[33m.[39mlength [33m>[39m [35m0[39m) {
     [90m 78 |[39m     [36mfor[39m ([36mconst[39m warning [36mof[39m validation[33m.[39mwarnings) {
    [31m[1m>[22m[39m[90m 79 |[39m       console[33m.[39mwarn([32m`[world-validation] ${warning}`[39m)[33m;[39m
     [90m    |[39m               [31m[1m^[22m[39m
     [90m 80 |[39m     }
     [90m 81 |[39m   }
     [90m 82 |[39m[0m

      at warn (api/src/game-engine.js:79:15)
      at loadWorld (tests/communication.test.js:21:17)
      at freshSession (tests/communication.test.js:26:17)
      at Object.sessionWithPlayers (tests/communication.test.js:148:21)

  console.warn
    [world-validation] Room "room-hub-n" has no items and no hazards (empty room).

    [0m [90m 77 |[39m   [36mif[39m (validation[33m.[39mwarnings[33m.[39mlength [33m>[39m [35m0[39m) {
     [90m 78 |[39m     [36mfor[39m ([36mconst[39m warning [36mof[39m validation[33m.[39mwarnings) {
    [31m[1m>[22m[39m[90m 79 |[39m       console[33m.[39mwarn([32m`[world-validation] ${warning}`[39m)[33m;[39m
     [90m    |[39m               [31m[1m^[22m[39m
     [90m 80 |[39m     }
     [90m 81 |[39m   }
     [90m 82 |[39m[0m

      at warn (api/src/game-engine.js:79:15)
      at loadWorld (tests/communication.test.js:21:17)
      at freshSession (tests/communication.test.js:26:17)
      at Object.sessionWithPlayers (tests/communication.test.js:148:21)

  console.warn
    [world-validation] Room "room-hub-e" has no items and no hazards (empty room).

    [0m [90m 77 |[39m   [36mif[39m (validation[33m.[39mwarnings[33m.[39mlength [33m>[39m [35m0[39m) {
     [90m 78 |[39m     [36mfor[39m ([36mconst[39m warning [36mof[39m validation[33m.[39mwarnings) {
    [31m[1m>[22m[39m[90m 79 |[39m       console[33m.[39mwarn([32m`[world-validation] ${warning}`[39m)[33m;[39m
     [90m    |[39m               [31m[1m^[22m[39m
     [90m 80 |[39m     }
     [90m 81 |[39m   }
     [90m 82 |[39m[0m

      at warn (api/src/game-engine.js:79:15)
      at loadWorld (tests/communication.test.js:21:17)
      at freshSession (tests/communication.test.js:26:17)
      at Object.sessionWithPlayers (tests/communication.test.js:148:21)

  console.warn
    [world-validation] Room "upper-hallway" has no items and no hazards (empty room).

    [0m [90m 77 |[39m   [36mif[39m (validation[33m.[39mwarnings[33m.[39mlength [33m>[39m [35m0[39m) {
     [90m 78 |[39m     [36mfor[39m ([36mconst[39m warning [36mof[39m validation[33m.[39mwarnings) {
    [31m[1m>[22m[39m[90m 79 |[39m       console[33m.[39mwarn([32m`[world-validation] ${warning}`[39m)[33m;[39m
     [90m    |[39m               [31m[1m^[22m[39m
     [90m 80 |[39m     }
     [90m 81 |[39m   }
     [90m 82 |[39m[0m

      at warn (api/src/game-engine.js:79:15)
      at Object.loadWorld (tests/world-selection.test.js:342:19)

  console.warn
    [world-validation] Room "room-hub" has no items and no hazards (empty room).

    [0m [90m 77 |[39m   [36mif[39m (validation[33m.[39mwarnings[33m.[39mlength [33m>[39m [35m0[39m) {
     [90m 78 |[39m     [36mfor[39m ([36mconst[39m warning [36mof[39m validation[33m.[39mwarnings) {
    [31m[1m>[22m[39m[90m 79 |[39m       console[33m.[39mwarn([32m`[world-validation] ${warning}`[39m)[33m;[39m
     [90m    |[39m               [31m[1m^[22m[39m
     [90m 80 |[39m     }
     [90m 81 |[39m   }
     [90m 82 |[39m[0m

      at warn (api/src/game-engine.js:79:15)
      at Object.loadWorld (tests/game-engine.test.js:56:19)

  console.warn
    [world-validation] Room "room-hub-w" has no items and no hazards (empty room).

    [0m [90m 77 |[39m   [36mif[39m (validation[33m.[39mwarnings[33m.[39mlength [33m>[39m [35m0[39m) {
     [90m 78 |[39m     [36mfor[39m ([36mconst[39m warning [36mof[39m validation[33m.[39mwarnings) {
    [31m[1m>[22m[39m[90m 79 |[39m       console[33m.[39mwarn([32m`[world-validation] ${warning}`[39m)[33m;[39m
     [90m    |[39m               [31m[1m^[22m[39m
     [90m 80 |[39m     }
     [90m 81 |[39m   }
     [90m 82 |[39m[0m

      at warn (api/src/game-engine.js:79:15)
      at loadWorld (tests/communication.test.js:21:17)
      at freshSession (tests/communication.test.js:26:17)
      at Object.sessionWithPlayers (tests/communication.test.js:148:21)

  console.warn
    [world-validation] Room "guest-bedroom" has no items and no hazards (empty room).

    [0m [90m 77 |[39m   [36mif[39m (validation[33m.[39mwarnings[33m.[39mlength [33m>[39m [35m0[39m) {
     [90m 78 |[39m     [36mfor[39m ([36mconst[39m warning [36mof[39m validation[33m.[39mwarnings) {
    [31m[1m>[22m[39m[90m 79 |[39m       console[33m.[39mwarn([32m`[world-validation] ${warning}`[39m)[33m;[39m
     [90m    |[39m               [31m[1m^[22m[39m
     [90m 80 |[39m     }
     [90m 81 |[39m   }
     [90m 82 |[39m[0m

      at warn (api/src/game-engine.js:79:15)
      at Object.loadWorld (tests/world-selection.test.js:342:19)

  console.warn
    [world-validation] Room "room-hub-n" has no items and no hazards (empty room).

    [0m [90m 77 |[39m   [36mif[39m (validation[33m.[39mwarnings[33m.[39mlength [33m>[39m [35m0[39m) {
     [90m 78 |[39m     [36mfor[39m ([36mconst[39m warning [36mof[39m validation[33m.[39mwarnings) {
    [31m[1m>[22m[39m[90m 79 |[39m       console[33m.[39mwarn([32m`[world-validation] ${warning}`[39m)[33m;[39m
     [90m    |[39m               [31m[1m^[22m[39m
     [90m 80 |[39m     }
     [90m 81 |[39m   }
     [90m 82 |[39m[0m

      at warn (api/src/game-engine.js:79:15)
      at Object.loadWorld (tests/game-engine.test.js:56:19)

  console.warn
    [world-validation] Room "room-isolated" has no items and no hazards (empty room).

    [0m [90m 77 |[39m   [36mif[39m (validation[33m.[39mwarnings[33m.[39mlength [33m>[39m [35m0[39m) {
     [90m 78 |[39m     [36mfor[39m ([36mconst[39m warning [36mof[39m validation[33m.[39mwarnings) {
    [31m[1m>[22m[39m[90m 79 |[39m       console[33m.[39mwarn([32m`[world-validation] ${warning}`[39m)[33m;[39m
     [90m    |[39m               [31m[1m^[22m[39m
     [90m 80 |[39m     }
     [90m 81 |[39m   }
     [90m 82 |[39m[0m

      at warn (api/src/game-engine.js:79:15)
      at loadWorld (tests/communication.test.js:21:17)
      at freshSession (tests/communication.test.js:26:17)
      at Object.sessionWithPlayers (tests/communication.test.js:148:21)

  console.warn
    [world-validation] Room "upper-hallway" has no items and no hazards (empty room).

    [0m [90m 77 |[39m   [36mif[39m (validation[33m.[39mwarnings[33m.[39mlength [33m>[39m [35m0[39m) {
     [90m 78 |[39m     [36mfor[39m ([36mconst[39m warning [36mof[39m validation[33m.[39mwarnings) {
    [31m[1m>[22m[39m[90m 79 |[39m       console[33m.[39mwarn([32m`[world-validation] ${warning}`[39m)[33m;[39m
     [90m    |[39m               [31m[1m^[22m[39m
     [90m 80 |[39m     }
     [90m 81 |[39m   }
     [90m 82 |[39m[0m

      at warn (api/src/game-engine.js:79:15)
      at Object.loadWorld (tests/world-selection.test.js:362:19)

  console.warn
    [world-validation] Room "room-isolated" is an orphan ΓÇö no exits or puzzles connect to it.

    [0m [90m 77 |[39m   [36mif[39m (validation[33m.[39mwarnings[33m.[39mlength [33m>[39m [35m0[39m) {
     [90m 78 |[39m     [36mfor[39m ([36mconst[39m warning [36mof[39m validation[33m.[39mwarnings) {
    [31m[1m>[22m[39m[90m 79 |[39m       console[33m.[39mwarn([32m`[world-validation] ${warning}`[39m)[33m;[39m
     [90m    |[39m               [31m[1m^[22m[39m
     [90m 80 |[39m     }
     [90m 81 |[39m   }
     [90m 82 |[39m[0m

      at warn (api/src/game-engine.js:79:15)
      at loadWorld (tests/communication.test.js:21:17)
      at freshSession (tests/communication.test.js:26:17)
      at Object.sessionWithPlayers (tests/communication.test.js:148:21)

  console.warn
    [world-validation] Room "room-hub-e" has no items and no hazards (empty room).

    [0m [90m 77 |[39m   [36mif[39m (validation[33m.[39mwarnings[33m.[39mlength [33m>[39m [35m0[39m) {
     [90m 78 |[39m     [36mfor[39m ([36mconst[39m warning [36mof[39m validation[33m.[39mwarnings) {
    [31m[1m>[22m[39m[90m 79 |[39m       console[33m.[39mwarn([32m`[world-validation] ${warning}`[39m)[33m;[39m
     [90m    |[39m               [31m[1m^[22m[39m
     [90m 80 |[39m     }
     [90m 81 |[39m   }
     [90m 82 |[39m[0m

      at warn (api/src/game-engine.js:79:15)
      at Object.loadWorld (tests/game-engine.test.js:56:19)

  console.warn
    [world-validation] Room "guest-bedroom" has no items and no hazards (empty room).

    [0m [90m 77 |[39m   [36mif[39m (validation[33m.[39mwarnings[33m.[39mlength [33m>[39m [35m0[39m) {
     [90m 78 |[39m     [36mfor[39m ([36mconst[39m warning [36mof[39m validation[33m.[39mwarnings) {
    [31m[1m>[22m[39m[90m 79 |[39m       console[33m.[39mwarn([32m`[world-validation] ${warning}`[39m)[33m;[39m
     [90m    |[39m               [31m[1m^[22m[39m
     [90m 80 |[39m     }
     [90m 81 |[39m   }
     [90m 82 |[39m[0m

      at warn (api/src/game-engine.js:79:15)
      at Object.loadWorld (tests/world-selection.test.js:362:19)

  console.warn
    [world-validation] Room "room-hub" has no items and no hazards (empty room).

    [0m [90m 77 |[39m   [36mif[39m (validation[33m.[39mwarnings[33m.[39mlength [33m>[39m [35m0[39m) {
     [90m 78 |[39m     [36mfor[39m ([36mconst[39m warning [36mof[39m validation[33m.[39mwarnings) {
    [31m[1m>[22m[39m[90m 79 |[39m       console[33m.[39mwarn([32m`[world-validation] ${warning}`[39m)[33m;[39m
     [90m    |[39m               [31m[1m^[22m[39m
     [90m 80 |[39m     }
     [90m 81 |[39m   }
     [90m 82 |[39m[0m

      at warn (api/src/game-engine.js:79:15)
      at loadWorld (tests/communication.test.js:21:17)
      at freshSession (tests/communication.test.js:26:17)
      at Object.sessionWithPlayers (tests/communication.test.js:158:21)

  console.warn
    [world-validation] Room "room-hub-w" has no items and no hazards (empty room).

    [0m [90m 77 |[39m   [36mif[39m (validation[33m.[39mwarnings[33m.[39mlength [33m>[39m [35m0[39m) {
     [90m 78 |[39m     [36mfor[39m ([36mconst[39m warning [36mof[39m validation[33m.[39mwarnings) {
    [31m[1m>[22m[39m[90m 79 |[39m       console[33m.[39mwarn([32m`[world-validation] ${warning}`[39m)[33m;[39m
     [90m    |[39m               [31m[1m^[22m[39m
     [90m 80 |[39m     }
     [90m 81 |[39m   }
     [90m 82 |[39m[0m

      at warn (api/src/game-engine.js:79:15)
      at Object.loadWorld (tests/game-engine.test.js:56:19)

  console.warn
    [world-validation] Room "room-hub-n" has no items and no hazards (empty room).

    [0m [90m 77 |[39m   [36mif[39m (validation[33m.[39mwarnings[33m.[39mlength [33m>[39m [35m0[39m) {
     [90m 78 |[39m     [36mfor[39m ([36mconst[39m warning [36mof[39m validation[33m.[39mwarnings) {
    [31m[1m>[22m[39m[90m 79 |[39m       console[33m.[39mwarn([32m`[world-validation] ${warning}`[39m)[33m;[39m
     [90m    |[39m               [31m[1m^[22m[39m
     [90m 80 |[39m     }
     [90m 81 |[39m   }
     [90m 82 |[39m[0m

      at warn (api/src/game-engine.js:79:15)
      at loadWorld (tests/communication.test.js:21:17)
      at freshSession (tests/communication.test.js:26:17)
      at Object.sessionWithPlayers (tests/communication.test.js:158:21)

  console.warn
    [world-validation] Room "room-isolated" has no items and no hazards (empty room).

    [0m [90m 77 |[39m   [36mif[39m (validation[33m.[39mwarnings[33m.[39mlength [33m>[39m [35m0[39m) {
     [90m 78 |[39m     [36mfor[39m ([36mconst[39m warning [36mof[39m validation[33m.[39mwarnings) {
    [31m[1m>[22m[39m[90m 79 |[39m       console[33m.[39mwarn([32m`[world-validation] ${warning}`[39m)[33m;[39m
     [90m    |[39m               [31m[1m^[22m[39m
     [90m 80 |[39m     }
     [90m 81 |[39m   }
     [90m 82 |[39m[0m

      at warn (api/src/game-engine.js:79:15)
      at Object.loadWorld (tests/game-engine.test.js:56:19)

  console.warn
    [world-validation] Room "upper-hallway" has no items and no hazards (empty room).

    [0m [90m 77 |[39m   [36mif[39m (validation[33m.[39mwarnings[33m.[39mlength [33m>[39m [35m0[39m) {
     [90m 78 |[39m     [36mfor[39m ([36mconst[39m warning [36mof[39m validation[33m.[39mwarnings) {
    [31m[1m>[22m[39m[90m 79 |[39m       console[33m.[39mwarn([32m`[world-validation] ${warning}`[39m)[33m;[39m
     [90m    |[39m               [31m[1m^[22m[39m
     [90m 80 |[39m     }
     [90m 81 |[39m   }
     [90m 82 |[39m[0m

      at warn (api/src/game-engine.js:79:15)
      at Object.loadWorld (tests/world-selection.test.js:400:19)

  console.warn
    [world-validation] Room "room-hub-e" has no items and no hazards (empty room).

    [0m [90m 77 |[39m   [36mif[39m (validation[33m.[39mwarnings[33m.[39mlength [33m>[39m [35m0[39m) {
     [90m 78 |[39m     [36mfor[39m ([36mconst[39m warning [36mof[39m validation[33m.[39mwarnings) {
    [31m[1m>[22m[39m[90m 79 |[39m       console[33m.[39mwarn([32m`[world-validation] ${warning}`[39m)[33m;[39m
     [90m    |[39m               [31m[1m^[22m[39m
     [90m 80 |[39m     }
     [90m 81 |[39m   }
     [90m 82 |[39m[0m

      at warn (api/src/game-engine.js:79:15)
      at loadWorld (tests/communication.test.js:21:17)
      at freshSession (tests/communication.test.js:26:17)
      at Object.sessionWithPlayers (tests/communication.test.js:158:21)

  console.warn
    [world-validation] Room "room-isolated" is an orphan ΓÇö no exits or puzzles connect to it.

    [0m [90m 77 |[39m   [36mif[39m (validation[33m.[39mwarnings[33m.[39mlength [33m>[39m [35m0[39m) {
     [90m 78 |[39m     [36mfor[39m ([36mconst[39m warning [36mof[39m validation[33m.[39mwarnings) {
    [31m[1m>[22m[39m[90m 79 |[39m       console[33m.[39mwarn([32m`[world-validation] ${warning}`[39m)[33m;[39m
     [90m    |[39m               [31m[1m^[22m[39m
     [90m 80 |[39m     }
     [90m 81 |[39m   }
     [90m 82 |[39m[0m

      at warn (api/src/game-engine.js:79:15)
      at Object.loadWorld (tests/game-engine.test.js:56:19)

  console.warn
    [world-validation] Room "guest-bedroom" has no items and no hazards (empty room).

    [0m [90m 77 |[39m   [36mif[39m (validation[33m.[39mwarnings[33m.[39mlength [33m>[39m [35m0[39m) {
     [90m 78 |[39m     [36mfor[39m ([36mconst[39m warning [36mof[39m validation[33m.[39mwarnings) {
    [31m[1m>[22m[39m[90m 79 |[39m       console[33m.[39mwarn([32m`[world-validation] ${warning}`[39m)[33m;[39m
     [90m    |[39m               [31m[1m^[22m[39m
     [90m 80 |[39m     }
     [90m 81 |[39m   }
     [90m 82 |[39m[0m

      at warn (api/src/game-engine.js:79:15)
      at Object.loadWorld (tests/world-selection.test.js:400:19)

  console.warn
    [world-validation] Room "room-hub-w" has no items and no hazards (empty room).

    [0m [90m 77 |[39m   [36mif[39m (validation[33m.[39mwarnings[33m.[39mlength [33m>[39m [35m0[39m) {
     [90m 78 |[39m     [36mfor[39m ([36mconst[39m warning [36mof[39m validation[33m.[39mwarnings) {
    [31m[1m>[22m[39m[90m 79 |[39m       console[33m.[39mwarn([32m`[world-validation] ${warning}`[39m)[33m;[39m
     [90m    |[39m               [31m[1m^[22m[39m
     [90m 80 |[39m     }
     [90m 81 |[39m   }
     [90m 82 |[39m[0m

      at warn (api/src/game-engine.js:79:15)
      at loadWorld (tests/communication.test.js:21:17)
      at freshSession (tests/communication.test.js:26:17)
      at Object.sessionWithPlayers (tests/communication.test.js:158:21)

  console.warn
    [world-validation] Room "room-hub" has no items and no hazards (empty room).

    [0m [90m 77 |[39m   [36mif[39m (validation[33m.[39mwarnings[33m.[39mlength [33m>[39m [35m0[39m) {
     [90m 78 |[39m     [36mfor[39m ([36mconst[39m warning [36mof[39m validation[33m.[39mwarnings) {
    [31m[1m>[22m[39m[90m 79 |[39m       console[33m.[39mwarn([32m`[world-validation] ${warning}`[39m)[33m;[39m
     [90m    |[39m               [31m[1m^[22m[39m
     [90m 80 |[39m     }
     [90m 81 |[39m   }
     [90m 82 |[39m[0m

      at warn (api/src/game-engine.js:79:15)
      at Object.loadWorld (tests/game-engine.test.js:64:19)

  console.warn
    [world-validation] Room "upper-hallway" has no items and no hazards (empty room).

    [0m [90m 77 |[39m   [36mif[39m (validation[33m.[39mwarnings[33m.[39mlength [33m>[39m [35m0[39m) {
     [90m 78 |[39m     [36mfor[39m ([36mconst[39m warning [36mof[39m validation[33m.[39mwarnings) {
    [31m[1m>[22m[39m[90m 79 |[39m       console[33m.[39mwarn([32m`[world-validation] ${warning}`[39m)[33m;[39m
     [90m    |[39m               [31m[1m^[22m[39m
     [90m 80 |[39m     }
     [90m 81 |[39m   }
     [90m 82 |[39m[0m

      at warn (api/src/game-engine.js:79:15)
      at Object.loadWorld (tests/world-selection.test.js:441:19)

  console.warn
    [world-validation] Room "room-isolated" has no items and no hazards (empty room).

    [0m [90m 77 |[39m   [36mif[39m (validation[33m.[39mwarnings[33m.[39mlength [33m>[39m [35m0[39m) {
     [90m 78 |[39m     [36mfor[39m ([36mconst[39m warning [36mof[39m validation[33m.[39mwarnings) {
    [31m[1m>[22m[39m[90m 79 |[39m       console[33m.[39mwarn([32m`[world-validation] ${warning}`[39m)[33m;[39m
     [90m    |[39m               [31m[1m^[22m[39m
     [90m 80 |[39m     }
     [90m 81 |[39m   }
     [90m 82 |[39m[0m

      at warn (api/src/game-engine.js:79:15)
      at loadWorld (tests/communication.test.js:21:17)
      at freshSession (tests/communication.test.js:26:17)
      at Object.sessionWithPlayers (tests/communication.test.js:158:21)

  console.warn
    [world-validation] Room "room-hub-n" has no items and no hazards (empty room).

    [0m [90m 77 |[39m   [36mif[39m (validation[33m.[39mwarnings[33m.[39mlength [33m>[39m [35m0[39m) {
     [90m 78 |[39m     [36mfor[39m ([36mconst[39m warning [36mof[39m validation[33m.[39mwarnings) {
    [31m[1m>[22m[39m[90m 79 |[39m       console[33m.[39mwarn([32m`[world-validation] ${warning}`[39m)[33m;[39m
     [90m    |[39m               [31m[1m^[22m[39m
     [90m 80 |[39m     }
     [90m 81 |[39m   }
     [90m 82 |[39m[0m

      at warn (api/src/game-engine.js:79:15)
      at Object.loadWorld (tests/game-engine.test.js:64:19)

  console.warn
    [world-validation] Room "guest-bedroom" has no items and no hazards (empty room).

    [0m [90m 77 |[39m   [36mif[39m (validation[33m.[39mwarnings[33m.[39mlength [33m>[39m [35m0[39m) {
     [90m 78 |[39m     [36mfor[39m ([36mconst[39m warning [36mof[39m validation[33m.[39mwarnings) {
    [31m[1m>[22m[39m[90m 79 |[39m       console[33m.[39mwarn([32m`[world-validation] ${warning}`[39m)[33m;[39m
     [90m    |[39m               [31m[1m^[22m[39m
     [90m 80 |[39m     }
     [90m 81 |[39m   }
     [90m 82 |[39m[0m

      at warn (api/src/game-engine.js:79:15)
      at Object.loadWorld (tests/world-selection.test.js:441:19)

  console.warn
    [world-validation] Room "room-isolated" is an orphan ΓÇö no exits or puzzles connect to it.

    [0m [90m 77 |[39m   [36mif[39m (validation[33m.[39mwarnings[33m.[39mlength [33m>[39m [35m0[39m) {
     [90m 78 |[39m     [36mfor[39m ([36mconst[39m warning [36mof[39m validation[33m.[39mwarnings) {
    [31m[1m>[22m[39m[90m 79 |[39m       console[33m.[39mwarn([32m`[world-validation] ${warning}`[39m)[33m;[39m
     [90m    |[39m               [31m[1m^[22m[39m
     [90m 80 |[39m     }
     [90m 81 |[39m   }
     [90m 82 |[39m[0m

      at warn (api/src/game-engine.js:79:15)
      at loadWorld (tests/communication.test.js:21:17)
      at freshSession (tests/communication.test.js:26:17)
      at Object.sessionWithPlayers (tests/communication.test.js:158:21)

  console.warn
    [world-validation] Room "room-hub-e" has no items and no hazards (empty room).

    [0m [90m 77 |[39m   [36mif[39m (validation[33m.[39mwarnings[33m.[39mlength [33m>[39m [35m0[39m) {
     [90m 78 |[39m     [36mfor[39m ([36mconst[39m warning [36mof[39m validation[33m.[39mwarnings) {
    [31m[1m>[22m[39m[90m 79 |[39m       console[33m.[39mwarn([32m`[world-validation] ${warning}`[39m)[33m;[39m
     [90m    |[39m               [31m[1m^[22m[39m
     [90m 80 |[39m     }
     [90m 81 |[39m   }
     [90m 82 |[39m[0m

      at warn (api/src/game-engine.js:79:15)
      at Object.loadWorld (tests/game-engine.test.js:64:19)

  console.warn
    [world-validation] Room "upper-hallway" has no items and no hazards (empty room).

    [0m [90m 77 |[39m   [36mif[39m (validation[33m.[39mwarnings[33m.[39mlength [33m>[39m [35m0[39m) {
     [90m 78 |[39m     [36mfor[39m ([36mconst[39m warning [36mof[39m validation[33m.[39mwarnings) {
    [31m[1m>[22m[39m[90m 79 |[39m       console[33m.[39mwarn([32m`[world-validation] ${warning}`[39m)[33m;[39m
     [90m    |[39m               [31m[1m^[22m[39m
     [90m 80 |[39m     }
     [90m 81 |[39m   }
     [90m 82 |[39m[0m

      at warn (api/src/game-engine.js:79:15)
      at loadWorld (tests/world-selection.test.js:688:17)
      at Object.testPuzzleSolvable (tests/world-selection.test.js:463:5)

  console.warn
    [world-validation] Room "room-hub" has no items and no hazards (empty room).

    [0m [90m 77 |[39m   [36mif[39m (validation[33m.[39mwarnings[33m.[39mlength [33m>[39m [35m0[39m) {
     [90m 78 |[39m     [36mfor[39m ([36mconst[39m warning [36mof[39m validation[33m.[39mwarnings) {
    [31m[1m>[22m[39m[90m 79 |[39m       console[33m.[39mwarn([32m`[world-validation] ${warning}`[39m)[33m;[39m
     [90m    |[39m               [31m[1m^[22m[39m
     [90m 80 |[39m     }
     [90m 81 |[39m   }
     [90m 82 |[39m[0m

      at warn (api/src/game-engine.js:79:15)
      at loadWorld (tests/communication.test.js:21:17)
      at freshSession (tests/communication.test.js:26:17)
      at Object.sessionWithPlayers (tests/communication.test.js:166:19)

  console.warn
    [world-validation] Room "room-hub-w" has no items and no hazards (empty room).

    [0m [90m 77 |[39m   [36mif[39m (validation[33m.[39mwarnings[33m.[39mlength [33m>[39m [35m0[39m) {
     [90m 78 |[39m     [36mfor[39m ([36mconst[39m warning [36mof[39m validation[33m.[39mwarnings) {
    [31m[1m>[22m[39m[90m 79 |[39m       console[33m.[39mwarn([32m`[world-validation] ${warning}`[39m)[33m;[39m
     [90m    |[39m               [31m[1m^[22m[39m
     [90m 80 |[39m     }
     [90m 81 |[39m   }
     [90m 82 |[39m[0m

      at warn (api/src/game-engine.js:79:15)
      at Object.loadWorld (tests/game-engine.test.js:64:19)

  console.warn
    [world-validation] Room "guest-bedroom" has no items and no hazards (empty room).

    [0m [90m 77 |[39m   [36mif[39m (validation[33m.[39mwarnings[33m.[39mlength [33m>[39m [35m0[39m) {
     [90m 78 |[39m     [36mfor[39m ([36mconst[39m warning [36mof[39m validation[33m.[39mwarnings) {
    [31m[1m>[22m[39m[90m 79 |[39m       console[33m.[39mwarn([32m`[world-validation] ${warning}`[39m)[33m;[39m
     [90m    |[39m               [31m[1m^[22m[39m
     [90m 80 |[39m     }
     [90m 81 |[39m   }
     [90m 82 |[39m[0m

      at warn (api/src/game-engine.js:79:15)
      at loadWorld (tests/world-selection.test.js:688:17)
      at Object.testPuzzleSolvable (tests/world-selection.test.js:463:5)

  console.warn
    [world-validation] Room "room-hub-n" has no items and no hazards (empty room).

    [0m [90m 77 |[39m   [36mif[39m (validation[33m.[39mwarnings[33m.[39mlength [33m>[39m [35m0[39m) {
     [90m 78 |[39m     [36mfor[39m ([36mconst[39m warning [36mof[39m validation[33m.[39mwarnings) {
    [31m[1m>[22m[39m[90m 79 |[39m       console[33m.[39mwarn([32m`[world-validation] ${warning}`[39m)[33m;[39m
     [90m    |[39m               [31m[1m^[22m[39m
     [90m 80 |[39m     }
     [90m 81 |[39m   }
     [90m 82 |[39m[0m

      at warn (api/src/game-engine.js:79:15)
      at loadWorld (tests/communication.test.js:21:17)
      at freshSession (tests/communication.test.js:26:17)
      at Object.sessionWithPlayers (tests/communication.test.js:166:19)

  console.warn
    [world-validation] Room "room-isolated" has no items and no hazards (empty room).

    [0m [90m 77 |[39m   [36mif[39m (validation[33m.[39mwarnings[33m.[39mlength [33m>[39m [35m0[39m) {
     [90m 78 |[39m     [36mfor[39m ([36mconst[39m warning [36mof[39m validation[33m.[39mwarnings) {
    [31m[1m>[22m[39m[90m 79 |[39m       console[33m.[39mwarn([32m`[world-validation] ${warning}`[39m)[33m;[39m
     [90m    |[39m               [31m[1m^[22m[39m
     [90m 80 |[39m     }
     [90m 81 |[39m   }
     [90m 82 |[39m[0m

      at warn (api/src/game-engine.js:79:15)
      at Object.loadWorld (tests/game-engine.test.js:64:19)

  console.warn
    [world-validation] Room "room-hub-e" has no items and no hazards (empty room).

    [0m [90m 77 |[39m   [36mif[39m (validation[33m.[39mwarnings[33m.[39mlength [33m>[39m [35m0[39m) {
     [90m 78 |[39m     [36mfor[39m ([36mconst[39m warning [36mof[39m validation[33m.[39mwarnings) {
    [31m[1m>[22m[39m[90m 79 |[39m       console[33m.[39mwarn([32m`[world-validation] ${warning}`[39m)[33m;[39m
     [90m    |[39m               [31m[1m^[22m[39m
     [90m 80 |[39m     }
     [90m 81 |[39m   }
     [90m 82 |[39m[0m

      at warn (api/src/game-engine.js:79:15)
      at loadWorld (tests/communication.test.js:21:17)
      at freshSession (tests/communication.test.js:26:17)
      at Object.sessionWithPlayers (tests/communication.test.js:166:19)

  console.warn
    [world-validation] Room "room-isolated" is an orphan ΓÇö no exits or puzzles connect to it.

    [0m [90m 77 |[39m   [36mif[39m (validation[33m.[39mwarnings[33m.[39mlength [33m>[39m [35m0[39m) {
     [90m 78 |[39m     [36mfor[39m ([36mconst[39m warning [36mof[39m validation[33m.[39mwarnings) {
    [31m[1m>[22m[39m[90m 79 |[39m       console[33m.[39mwarn([32m`[world-validation] ${warning}`[39m)[33m;[39m
     [90m    |[39m               [31m[1m^[22m[39m
     [90m 80 |[39m     }
     [90m 81 |[39m   }
     [90m 82 |[39m[0m

      at warn (api/src/game-engine.js:79:15)
      at Object.loadWorld (tests/game-engine.test.js:64:19)

  console.warn
    [world-validation] Room "room-hub-w" has no items and no hazards (empty room).

    [0m [90m 77 |[39m   [36mif[39m (validation[33m.[39mwarnings[33m.[39mlength [33m>[39m [35m0[39m) {
     [90m 78 |[39m     [36mfor[39m ([36mconst[39m warning [36mof[39m validation[33m.[39mwarnings) {
    [31m[1m>[22m[39m[90m 79 |[39m       console[33m.[39mwarn([32m`[world-validation] ${warning}`[39m)[33m;[39m
     [90m    |[39m               [31m[1m^[22m[39m
     [90m 80 |[39m     }
     [90m 81 |[39m   }
     [90m 82 |[39m[0m

      at warn (api/src/game-engine.js:79:15)
      at loadWorld (tests/communication.test.js:21:17)
      at freshSession (tests/communication.test.js:26:17)
      at Object.sessionWithPlayers (tests/communication.test.js:166:19)

  console.warn
    [world-validation] Room "room-hub" has no items and no hazards (empty room).

    [0m [90m 77 |[39m   [36mif[39m (validation[33m.[39mwarnings[33m.[39mlength [33m>[39m [35m0[39m) {
     [90m 78 |[39m     [36mfor[39m ([36mconst[39m warning [36mof[39m validation[33m.[39mwarnings) {
    [31m[1m>[22m[39m[90m 79 |[39m       console[33m.[39mwarn([32m`[world-validation] ${warning}`[39m)[33m;[39m
     [90m    |[39m               [31m[1m^[22m[39m
     [90m 80 |[39m     }
     [90m 81 |[39m   }
     [90m 82 |[39m[0m

      at warn (api/src/game-engine.js:79:15)
      at Object.loadWorld (tests/game-engine.test.js:70:19)

  console.warn
    [world-validation] Room "room-isolated" has no items and no hazards (empty room).

    [0m [90m 77 |[39m   [36mif[39m (validation[33m.[39mwarnings[33m.[39mlength [33m>[39m [35m0[39m) {
     [90m 78 |[39m     [36mfor[39m ([36mconst[39m warning [36mof[39m validation[33m.[39mwarnings) {
    [31m[1m>[22m[39m[90m 79 |[39m       console[33m.[39mwarn([32m`[world-validation] ${warning}`[39m)[33m;[39m
     [90m    |[39m               [31m[1m^[22m[39m
     [90m 80 |[39m     }
     [90m 81 |[39m   }
     [90m 82 |[39m[0m

      at warn (api/src/game-engine.js:79:15)
      at loadWorld (tests/communication.test.js:21:17)
      at freshSession (tests/communication.test.js:26:17)
      at Object.sessionWithPlayers (tests/communication.test.js:166:19)

  console.warn
    [world-validation] Room "room-hub-n" has no items and no hazards (empty room).

    [0m [90m 77 |[39m   [36mif[39m (validation[33m.[39mwarnings[33m.[39mlength [33m>[39m [35m0[39m) {
     [90m 78 |[39m     [36mfor[39m ([36mconst[39m warning [36mof[39m validation[33m.[39mwarnings) {
    [31m[1m>[22m[39m[90m 79 |[39m       console[33m.[39mwarn([32m`[world-validation] ${warning}`[39m)[33m;[39m
     [90m    |[39m               [31m[1m^[22m[39m
     [90m 80 |[39m     }
     [90m 81 |[39m   }
     [90m 82 |[39m[0m

      at warn (api/src/game-engine.js:79:15)
      at Object.loadWorld (tests/game-engine.test.js:70:19)

  console.warn
    [world-validation] Room "room-isolated" is an orphan ΓÇö no exits or puzzles connect to it.

    [0m [90m 77 |[39m   [36mif[39m (validation[33m.[39mwarnings[33m.[39mlength [33m>[39m [35m0[39m) {
     [90m 78 |[39m     [36mfor[39m ([36mconst[39m warning [36mof[39m validation[33m.[39mwarnings) {
    [31m[1m>[22m[39m[90m 79 |[39m       console[33m.[39mwarn([32m`[world-validation] ${warning}`[39m)[33m;[39m
     [90m    |[39m               [31m[1m^[22m[39m
     [90m 80 |[39m     }
     [90m 81 |[39m   }
     [90m 82 |[39m[0m

      at warn (api/src/game-engine.js:79:15)
      at loadWorld (tests/communication.test.js:21:17)
      at freshSession (tests/communication.test.js:26:17)
      at Object.sessionWithPlayers (tests/communication.test.js:166:19)

  console.warn
    [world-validation] Room "room-hub-e" has no items and no hazards (empty room).

    [0m [90m 77 |[39m   [36mif[39m (validation[33m.[39mwarnings[33m.[39mlength [33m>[39m [35m0[39m) {
     [90m 78 |[39m     [36mfor[39m ([36mconst[39m warning [36mof[39m validation[33m.[39mwarnings) {
    [31m[1m>[22m[39m[90m 79 |[39m       console[33m.[39mwarn([32m`[world-validation] ${warning}`[39m)[33m;[39m
     [90m    |[39m               [31m[1m^[22m[39m
     [90m 80 |[39m     }
     [90m 81 |[39m   }
     [90m 82 |[39m[0m

      at warn (api/src/game-engine.js:79:15)
      at Object.loadWorld (tests/game-engine.test.js:70:19)

  console.warn
    [world-validation] Room "room-hub" has no items and no hazards (empty room).

    [0m [90m 77 |[39m   [36mif[39m (validation[33m.[39mwarnings[33m.[39mlength [33m>[39m [35m0[39m) {
     [90m 78 |[39m     [36mfor[39m ([36mconst[39m warning [36mof[39m validation[33m.[39mwarnings) {
    [31m[1m>[22m[39m[90m 79 |[39m       console[33m.[39mwarn([32m`[world-validation] ${warning}`[39m)[33m;[39m
     [90m    |[39m               [31m[1m^[22m[39m
     [90m 80 |[39m     }
     [90m 81 |[39m   }
     [90m 82 |[39m[0m

      at warn (api/src/game-engine.js:79:15)
      at loadWorld (tests/communication.test.js:21:17)
      at freshSession (tests/communication.test.js:26:17)
      at Object.sessionWithPlayers (tests/communication.test.js:176:21)

  console.warn
    [world-validation] Room "room-hub-w" has no items and no hazards (empty room).

    [0m [90m 77 |[39m   [36mif[39m (validation[33m.[39mwarnings[33m.[39mlength [33m>[39m [35m0[39m) {
     [90m 78 |[39m     [36mfor[39m ([36mconst[39m warning [36mof[39m validation[33m.[39mwarnings) {
    [31m[1m>[22m[39m[90m 79 |[39m       console[33m.[39mwarn([32m`[world-validation] ${warning}`[39m)[33m;[39m
     [90m    |[39m               [31m[1m^[22m[39m
     [90m 80 |[39m     }
     [90m 81 |[39m   }
     [90m 82 |[39m[0m

      at warn (api/src/game-engine.js:79:15)
      at Object.loadWorld (tests/game-engine.test.js:70:19)

PASS tests/world-selection.test.js
  World Validation: default-world
    ΓêÜ has required schema fields (name, description, startRoom, rooms, items, puzzles) (11 ms)
    ΓêÜ startRoom exists in rooms
    ΓêÜ all room exits reference existing rooms (3 ms)
    ΓêÜ all item references in rooms are valid (1 ms)
    ΓêÜ all puzzle requiredItem references are valid
    ΓêÜ all puzzle room references are valid
    ΓêÜ all puzzle action targets are valid (1 ms)
    ΓêÜ no orphan items ΓÇö every item is placed or puzzle-referenced (1 ms)
    ΓêÜ all rooms reachable from startRoom (including puzzle-unlocked exits) (1 ms)
    ΓêÜ has exactly 10 rooms
    ΓêÜ passes full validation with zero errors (1 ms)
  World Validation: space-adventure
    ΓêÜ has required schema fields (name, description, startRoom, rooms, items, puzzles) (1 ms)
    ΓêÜ startRoom exists in rooms
    ΓêÜ all room exits reference existing rooms (1 ms)
    ΓêÜ all item references in rooms are valid
    ΓêÜ all puzzle requiredItem references are valid
    ΓêÜ all puzzle room references are valid (1 ms)
    ΓêÜ all puzzle action targets are valid (1 ms)
    ΓêÜ no orphan items ΓÇö every item is placed or puzzle-referenced (1 ms)
    ΓêÜ all rooms reachable from startRoom (including puzzle-unlocked exits) (2 ms)
    ΓêÜ has exactly 10 rooms
    ΓêÜ passes full validation with zero errors
  World Validation: escape-room
    ΓêÜ has required schema fields (name, description, startRoom, rooms, items, puzzles) (1 ms)
    ΓêÜ startRoom exists in rooms
    ΓêÜ all room exits reference existing rooms (1 ms)
    ΓêÜ all item references in rooms are valid
    ΓêÜ all puzzle requiredItem references are valid (1 ms)
    ΓêÜ all puzzle room references are valid
    ΓêÜ all puzzle action targets are valid (1 ms)
    ΓêÜ no orphan items ΓÇö every item is placed or puzzle-referenced
    ΓêÜ all rooms reachable from startRoom (including puzzle-unlocked exits) (1 ms)
    ΓêÜ has exactly 10 rooms
    ΓêÜ passes full validation with zero errors
  World Selection ΓÇö Game Engine Integration
    ΓêÜ loadWorld(space-adventure) succeeds and returns a valid world (2 ms)
    ΓêÜ loadWorld(escape-room) succeeds and returns a valid world (90 ms)
    ΓêÜ createGameSession(space-adventure) creates session with correct startRoom (2 ms)
    ΓêÜ createGameSession(escape-room) creates session with correct startRoom (17 ms)
    ΓêÜ player can navigate between rooms in space-adventure (3 ms)
    ΓêÜ player can navigate between rooms in escape-room (14 ms)
    ΓêÜ player can pick up an item in space-adventure (1 ms)
    ΓêÜ player can pick up an item in escape-room (12 ms)
    ΓêÜ at least one puzzle is solvable in space-adventure (2 ms)
    ΓêÜ at least one puzzle is solvable in escape-room (14 ms)
    ΓêÜ missing worldId defaults to default-world behavior (1 ms)
    ΓêÜ loadWorld rejects invalid/empty input gracefully (29 ms)
    ΓêÜ loadWorld rejects world with startRoom missing from rooms
  validateWorldJson utility
    ΓêÜ returns empty array for a valid minimal world (1 ms)
    ΓêÜ detects missing required fields
    ΓêÜ detects startRoom not in rooms
    ΓêÜ detects broken exit references
    ΓêÜ detects orphan items (1 ms)
    ΓêÜ detects unreachable rooms
    ΓêÜ detects wrong room count
    ΓêÜ detects invalid puzzle item references

  console.warn
    [world-validation] Room "room-hub-n" has no items and no hazards (empty room).

    [0m [90m 77 |[39m   [36mif[39m (validation[33m.[39mwarnings[33m.[39mlength [33m>[39m [35m0[39m) {
     [90m 78 |[39m     [36mfor[39m ([36mconst[39m warning [36mof[39m validation[33m.[39mwarnings) {
    [31m[1m>[22m[39m[90m 79 |[39m       console[33m.[39mwarn([32m`[world-validation] ${warning}`[39m)[33m;[39m
     [90m    |[39m               [31m[1m^[22m[39m
     [90m 80 |[39m     }
     [90m 81 |[39m   }
     [90m 82 |[39m[0m

      at warn (api/src/game-engine.js:79:15)
      at loadWorld (tests/communication.test.js:21:17)
      at freshSession (tests/communication.test.js:26:17)
      at Object.sessionWithPlayers (tests/communication.test.js:176:21)

  console.warn
    [world-validation] Room "room-isolated" has no items and no hazards (empty room).

    [0m [90m 77 |[39m   [36mif[39m (validation[33m.[39mwarnings[33m.[39mlength [33m>[39m [35m0[39m) {
     [90m 78 |[39m     [36mfor[39m ([36mconst[39m warning [36mof[39m validation[33m.[39mwarnings) {
    [31m[1m>[22m[39m[90m 79 |[39m       console[33m.[39mwarn([32m`[world-validation] ${warning}`[39m)[33m;[39m
     [90m    |[39m               [31m[1m^[22m[39m
     [90m 80 |[39m     }
     [90m 81 |[39m   }
     [90m 82 |[39m[0m

      at warn (api/src/game-engine.js:79:15)
      at Object.loadWorld (tests/game-engine.test.js:70:19)

  console.warn
    [world-validation] Room "room-hub-e" has no items and no hazards (empty room).

    [0m [90m 77 |[39m   [36mif[39m (validation[33m.[39mwarnings[33m.[39mlength [33m>[39m [35m0[39m) {
     [90m 78 |[39m     [36mfor[39m ([36mconst[39m warning [36mof[39m validation[33m.[39mwarnings) {
    [31m[1m>[22m[39m[90m 79 |[39m       console[33m.[39mwarn([32m`[world-validation] ${warning}`[39m)[33m;[39m
     [90m    |[39m               [31m[1m^[22m[39m
     [90m 80 |[39m     }
     [90m 81 |[39m   }
     [90m 82 |[39m[0m

      at warn (api/src/game-engine.js:79:15)
      at loadWorld (tests/communication.test.js:21:17)
      at freshSession (tests/communication.test.js:26:17)
      at Object.sessionWithPlayers (tests/communication.test.js:176:21)

  console.warn
    [world-validation] Room "room-hub-w" has no items and no hazards (empty room).

    [0m [90m 77 |[39m   [36mif[39m (validation[33m.[39mwarnings[33m.[39mlength [33m>[39m [35m0[39m) {
     [90m 78 |[39m     [36mfor[39m ([36mconst[39m warning [36mof[39m validation[33m.[39mwarnings) {
    [31m[1m>[22m[39m[90m 79 |[39m       console[33m.[39mwarn([32m`[world-validation] ${warning}`[39m)[33m;[39m
     [90m    |[39m               [31m[1m^[22m[39m
     [90m 80 |[39m     }
     [90m 81 |[39m   }
     [90m 82 |[39m[0m

      at warn (api/src/game-engine.js:79:15)
      at loadWorld (tests/communication.test.js:21:17)
      at freshSession (tests/communication.test.js:26:17)
      at Object.sessionWithPlayers (tests/communication.test.js:176:21)

  console.warn
    [world-validation] Room "room-isolated" is an orphan ΓÇö no exits or puzzles connect to it.

    [0m [90m 77 |[39m   [36mif[39m (validation[33m.[39mwarnings[33m.[39mlength [33m>[39m [35m0[39m) {
     [90m 78 |[39m     [36mfor[39m ([36mconst[39m warning [36mof[39m validation[33m.[39mwarnings) {
    [31m[1m>[22m[39m[90m 79 |[39m       console[33m.[39mwarn([32m`[world-validation] ${warning}`[39m)[33m;[39m
     [90m    |[39m               [31m[1m^[22m[39m
     [90m 80 |[39m     }
     [90m 81 |[39m   }
     [90m 82 |[39m[0m

      at warn (api/src/game-engine.js:79:15)
      at Object.loadWorld (tests/game-engine.test.js:70:19)

  console.warn
    [world-validation] Room "room-isolated" has no items and no hazards (empty room).

    [0m [90m 77 |[39m   [36mif[39m (validation[33m.[39mwarnings[33m.[39mlength [33m>[39m [35m0[39m) {
     [90m 78 |[39m     [36mfor[39m ([36mconst[39m warning [36mof[39m validation[33m.[39mwarnings) {
    [31m[1m>[22m[39m[90m 79 |[39m       console[33m.[39mwarn([32m`[world-validation] ${warning}`[39m)[33m;[39m
     [90m    |[39m               [31m[1m^[22m[39m
     [90m 80 |[39m     }
     [90m 81 |[39m   }
     [90m 82 |[39m[0m

      at warn (api/src/game-engine.js:79:15)
      at loadWorld (tests/communication.test.js:21:17)
      at freshSession (tests/communication.test.js:26:17)
      at Object.sessionWithPlayers (tests/communication.test.js:176:21)

  console.warn
    [world-validation] Room "room-isolated" is an orphan ΓÇö no exits or puzzles connect to it.

    [0m [90m 77 |[39m   [36mif[39m (validation[33m.[39mwarnings[33m.[39mlength [33m>[39m [35m0[39m) {
     [90m 78 |[39m     [36mfor[39m ([36mconst[39m warning [36mof[39m validation[33m.[39mwarnings) {
    [31m[1m>[22m[39m[90m 79 |[39m       console[33m.[39mwarn([32m`[world-validation] ${warning}`[39m)[33m;[39m
     [90m    |[39m               [31m[1m^[22m[39m
     [90m 80 |[39m     }
     [90m 81 |[39m   }
     [90m 82 |[39m[0m

      at warn (api/src/game-engine.js:79:15)
      at loadWorld (tests/communication.test.js:21:17)
      at freshSession (tests/communication.test.js:26:17)
      at Object.sessionWithPlayers (tests/communication.test.js:176:21)

  console.warn
    [world-validation] Room "room-hub" has no items and no hazards (empty room).

    [0m [90m 77 |[39m   [36mif[39m (validation[33m.[39mwarnings[33m.[39mlength [33m>[39m [35m0[39m) {
     [90m 78 |[39m     [36mfor[39m ([36mconst[39m warning [36mof[39m validation[33m.[39mwarnings) {
    [31m[1m>[22m[39m[90m 79 |[39m       console[33m.[39mwarn([32m`[world-validation] ${warning}`[39m)[33m;[39m
     [90m    |[39m               [31m[1m^[22m[39m
     [90m 80 |[39m     }
     [90m 81 |[39m   }
     [90m 82 |[39m[0m

      at warn (api/src/game-engine.js:79:15)
      at loadWorld (tests/communication.test.js:21:17)
      at freshSession (tests/communication.test.js:26:17)
      at Object.sessionWithPlayers (tests/communication.test.js:189:21)

  console.warn
    [world-validation] Room "room-hub-n" has no items and no hazards (empty room).

    [0m [90m 77 |[39m   [36mif[39m (validation[33m.[39mwarnings[33m.[39mlength [33m>[39m [35m0[39m) {
     [90m 78 |[39m     [36mfor[39m ([36mconst[39m warning [36mof[39m validation[33m.[39mwarnings) {
    [31m[1m>[22m[39m[90m 79 |[39m       console[33m.[39mwarn([32m`[world-validation] ${warning}`[39m)[33m;[39m
     [90m    |[39m               [31m[1m^[22m[39m
     [90m 80 |[39m     }
     [90m 81 |[39m   }
     [90m 82 |[39m[0m

      at warn (api/src/game-engine.js:79:15)
      at loadWorld (tests/communication.test.js:21:17)
      at freshSession (tests/communication.test.js:26:17)
      at Object.sessionWithPlayers (tests/communication.test.js:189:21)

  console.warn
    [world-validation] Room "room-hub-e" has no items and no hazards (empty room).

    [0m [90m 77 |[39m   [36mif[39m (validation[33m.[39mwarnings[33m.[39mlength [33m>[39m [35m0[39m) {
     [90m 78 |[39m     [36mfor[39m ([36mconst[39m warning [36mof[39m validation[33m.[39mwarnings) {
    [31m[1m>[22m[39m[90m 79 |[39m       console[33m.[39mwarn([32m`[world-validation] ${warning}`[39m)[33m;[39m
     [90m    |[39m               [31m[1m^[22m[39m
     [90m 80 |[39m     }
     [90m 81 |[39m   }
     [90m 82 |[39m[0m

      at warn (api/src/game-engine.js:79:15)
      at loadWorld (tests/communication.test.js:21:17)
      at freshSession (tests/communication.test.js:26:17)
      at Object.sessionWithPlayers (tests/communication.test.js:189:21)

  console.warn
    [world-validation] Room "room-hub-w" has no items and no hazards (empty room).

    [0m [90m 77 |[39m   [36mif[39m (validation[33m.[39mwarnings[33m.[39mlength [33m>[39m [35m0[39m) {
     [90m 78 |[39m     [36mfor[39m ([36mconst[39m warning [36mof[39m validation[33m.[39mwarnings) {
    [31m[1m>[22m[39m[90m 79 |[39m       console[33m.[39mwarn([32m`[world-validation] ${warning}`[39m)[33m;[39m
     [90m    |[39m               [31m[1m^[22m[39m
     [90m 80 |[39m     }
     [90m 81 |[39m   }
     [90m 82 |[39m[0m

      at warn (api/src/game-engine.js:79:15)
      at loadWorld (tests/communication.test.js:21:17)
      at freshSession (tests/communication.test.js:26:17)
      at Object.sessionWithPlayers (tests/communication.test.js:189:21)

  console.warn
    [world-validation] Room "room-isolated" has no items and no hazards (empty room).

    [0m [90m 77 |[39m   [36mif[39m (validation[33m.[39mwarnings[33m.[39mlength [33m>[39m [35m0[39m) {
     [90m 78 |[39m     [36mfor[39m ([36mconst[39m warning [36mof[39m validation[33m.[39mwarnings) {
    [31m[1m>[22m[39m[90m 79 |[39m       console[33m.[39mwarn([32m`[world-validation] ${warning}`[39m)[33m;[39m
     [90m    |[39m               [31m[1m^[22m[39m
     [90m 80 |[39m     }
     [90m 81 |[39m   }
     [90m 82 |[39m[0m

      at warn (api/src/game-engine.js:79:15)
      at loadWorld (tests/communication.test.js:21:17)
      at freshSession (tests/communication.test.js:26:17)
      at Object.sessionWithPlayers (tests/communication.test.js:189:21)

  console.warn
    [world-validation] Room "room-isolated" is an orphan ΓÇö no exits or puzzles connect to it.

    [0m [90m 77 |[39m   [36mif[39m (validation[33m.[39mwarnings[33m.[39mlength [33m>[39m [35m0[39m) {
     [90m 78 |[39m     [36mfor[39m ([36mconst[39m warning [36mof[39m validation[33m.[39mwarnings) {
    [31m[1m>[22m[39m[90m 79 |[39m       console[33m.[39mwarn([32m`[world-validation] ${warning}`[39m)[33m;[39m
     [90m    |[39m               [31m[1m^[22m[39m
     [90m 80 |[39m     }
     [90m 81 |[39m   }
     [90m 82 |[39m[0m

      at warn (api/src/game-engine.js:79:15)
      at loadWorld (tests/communication.test.js:21:17)
      at freshSession (tests/communication.test.js:26:17)
      at Object.sessionWithPlayers (tests/communication.test.js:189:21)

  console.warn
    [world-validation] Room "room-hub" has no items and no hazards (empty room).

    [0m [90m 77 |[39m   [36mif[39m (validation[33m.[39mwarnings[33m.[39mlength [33m>[39m [35m0[39m) {
     [90m 78 |[39m     [36mfor[39m ([36mconst[39m warning [36mof[39m validation[33m.[39mwarnings) {
    [31m[1m>[22m[39m[90m 79 |[39m       console[33m.[39mwarn([32m`[world-validation] ${warning}`[39m)[33m;[39m
     [90m    |[39m               [31m[1m^[22m[39m
     [90m 80 |[39m     }
     [90m 81 |[39m   }
     [90m 82 |[39m[0m

      at warn (api/src/game-engine.js:79:15)
      at loadWorld (tests/communication.test.js:21:17)
      at freshSession (tests/communication.test.js:26:17)
      at Object.sessionWithPlayers (tests/communication.test.js:197:21)

  console.warn
    [world-validation] Room "room-hub-n" has no items and no hazards (empty room).

    [0m [90m 77 |[39m   [36mif[39m (validation[33m.[39mwarnings[33m.[39mlength [33m>[39m [35m0[39m) {
     [90m 78 |[39m     [36mfor[39m ([36mconst[39m warning [36mof[39m validation[33m.[39mwarnings) {
    [31m[1m>[22m[39m[90m 79 |[39m       console[33m.[39mwarn([32m`[world-validation] ${warning}`[39m)[33m;[39m
     [90m    |[39m               [31m[1m^[22m[39m
     [90m 80 |[39m     }
     [90m 81 |[39m   }
     [90m 82 |[39m[0m

      at warn (api/src/game-engine.js:79:15)
      at loadWorld (tests/communication.test.js:21:17)
      at freshSession (tests/communication.test.js:26:17)
      at Object.sessionWithPlayers (tests/communication.test.js:197:21)

  console.warn
    [world-validation] Room "room-hub" has no items and no hazards (empty room).

    [0m [90m 77 |[39m   [36mif[39m (validation[33m.[39mwarnings[33m.[39mlength [33m>[39m [35m0[39m) {
     [90m 78 |[39m     [36mfor[39m ([36mconst[39m warning [36mof[39m validation[33m.[39mwarnings) {
    [31m[1m>[22m[39m[90m 79 |[39m       console[33m.[39mwarn([32m`[world-validation] ${warning}`[39m)[33m;[39m
     [90m    |[39m               [31m[1m^[22m[39m
     [90m 80 |[39m     }
     [90m 81 |[39m   }
     [90m 82 |[39m[0m

      at warn (api/src/game-engine.js:79:15)
      at Object.loadWorld (tests/game-engine.test.js:96:19)

  console.warn
    [world-validation] Room "room-hub-e" has no items and no hazards (empty room).

    [0m [90m 77 |[39m   [36mif[39m (validation[33m.[39mwarnings[33m.[39mlength [33m>[39m [35m0[39m) {
     [90m 78 |[39m     [36mfor[39m ([36mconst[39m warning [36mof[39m validation[33m.[39mwarnings) {
    [31m[1m>[22m[39m[90m 79 |[39m       console[33m.[39mwarn([32m`[world-validation] ${warning}`[39m)[33m;[39m
     [90m    |[39m               [31m[1m^[22m[39m
     [90m 80 |[39m     }
     [90m 81 |[39m   }
     [90m 82 |[39m[0m

      at warn (api/src/game-engine.js:79:15)
      at loadWorld (tests/communication.test.js:21:17)
      at freshSession (tests/communication.test.js:26:17)
      at Object.sessionWithPlayers (tests/communication.test.js:197:21)

  console.warn
    [world-validation] Room "room-hub-n" has no items and no hazards (empty room).

    [0m [90m 77 |[39m   [36mif[39m (validation[33m.[39mwarnings[33m.[39mlength [33m>[39m [35m0[39m) {
     [90m 78 |[39m     [36mfor[39m ([36mconst[39m warning [36mof[39m validation[33m.[39mwarnings) {
    [31m[1m>[22m[39m[90m 79 |[39m       console[33m.[39mwarn([32m`[world-validation] ${warning}`[39m)[33m;[39m
     [90m    |[39m               [31m[1m^[22m[39m
     [90m 80 |[39m     }
     [90m 81 |[39m   }
     [90m 82 |[39m[0m

      at warn (api/src/game-engine.js:79:15)
      at Object.loadWorld (tests/game-engine.test.js:96:19)

  console.warn
    [world-validation] Room "room-hub-w" has no items and no hazards (empty room).

    [0m [90m 77 |[39m   [36mif[39m (validation[33m.[39mwarnings[33m.[39mlength [33m>[39m [35m0[39m) {
     [90m 78 |[39m     [36mfor[39m ([36mconst[39m warning [36mof[39m validation[33m.[39mwarnings) {
    [31m[1m>[22m[39m[90m 79 |[39m       console[33m.[39mwarn([32m`[world-validation] ${warning}`[39m)[33m;[39m
     [90m    |[39m               [31m[1m^[22m[39m
     [90m 80 |[39m     }
     [90m 81 |[39m   }
     [90m 82 |[39m[0m

      at warn (api/src/game-engine.js:79:15)
      at loadWorld (tests/communication.test.js:21:17)
      at freshSession (tests/communication.test.js:26:17)
      at Object.sessionWithPlayers (tests/communication.test.js:197:21)

  console.warn
    [world-validation] Room "room-hub-e" has no items and no hazards (empty room).

    [0m [90m 77 |[39m   [36mif[39m (validation[33m.[39mwarnings[33m.[39mlength [33m>[39m [35m0[39m) {
     [90m 78 |[39m     [36mfor[39m ([36mconst[39m warning [36mof[39m validation[33m.[39mwarnings) {
    [31m[1m>[22m[39m[90m 79 |[39m       console[33m.[39mwarn([32m`[world-validation] ${warning}`[39m)[33m;[39m
     [90m    |[39m               [31m[1m^[22m[39m
     [90m 80 |[39m     }
     [90m 81 |[39m   }
     [90m 82 |[39m[0m

      at warn (api/src/game-engine.js:79:15)
      at Object.loadWorld (tests/game-engine.test.js:96:19)

  console.warn
    [world-validation] Room "room-isolated" has no items and no hazards (empty room).

    [0m [90m 77 |[39m   [36mif[39m (validation[33m.[39mwarnings[33m.[39mlength [33m>[39m [35m0[39m) {
     [90m 78 |[39m     [36mfor[39m ([36mconst[39m warning [36mof[39m validation[33m.[39mwarnings) {
    [31m[1m>[22m[39m[90m 79 |[39m       console[33m.[39mwarn([32m`[world-validation] ${warning}`[39m)[33m;[39m
     [90m    |[39m               [31m[1m^[22m[39m
     [90m 80 |[39m     }
     [90m 81 |[39m   }
     [90m 82 |[39m[0m

      at warn (api/src/game-engine.js:79:15)
      at loadWorld (tests/communication.test.js:21:17)
      at freshSession (tests/communication.test.js:26:17)
      at Object.sessionWithPlayers (tests/communication.test.js:197:21)

  console.warn
    [world-validation] Room "room-hub-w" has no items and no hazards (empty room).

    [0m [90m 77 |[39m   [36mif[39m (validation[33m.[39mwarnings[33m.[39mlength [33m>[39m [35m0[39m) {
     [90m 78 |[39m     [36mfor[39m ([36mconst[39m warning [36mof[39m validation[33m.[39mwarnings) {
    [31m[1m>[22m[39m[90m 79 |[39m       console[33m.[39mwarn([32m`[world-validation] ${warning}`[39m)[33m;[39m
     [90m    |[39m               [31m[1m^[22m[39m
     [90m 80 |[39m     }
     [90m 81 |[39m   }
     [90m 82 |[39m[0m

      at warn (api/src/game-engine.js:79:15)
      at Object.loadWorld (tests/game-engine.test.js:96:19)

  console.warn
    [world-validation] Room "room-isolated" is an orphan ΓÇö no exits or puzzles connect to it.

    [0m [90m 77 |[39m   [36mif[39m (validation[33m.[39mwarnings[33m.[39mlength [33m>[39m [35m0[39m) {
     [90m 78 |[39m     [36mfor[39m ([36mconst[39m warning [36mof[39m validation[33m.[39mwarnings) {
    [31m[1m>[22m[39m[90m 79 |[39m       console[33m.[39mwarn([32m`[world-validation] ${warning}`[39m)[33m;[39m
     [90m    |[39m               [31m[1m^[22m[39m
     [90m 80 |[39m     }
     [90m 81 |[39m   }
     [90m 82 |[39m[0m

      at warn (api/src/game-engine.js:79:15)
      at loadWorld (tests/communication.test.js:21:17)
      at freshSession (tests/communication.test.js:26:17)
      at Object.sessionWithPlayers (tests/communication.test.js:197:21)

  console.warn
    [world-validation] Room "room-isolated" has no items and no hazards (empty room).

    [0m [90m 77 |[39m   [36mif[39m (validation[33m.[39mwarnings[33m.[39mlength [33m>[39m [35m0[39m) {
     [90m 78 |[39m     [36mfor[39m ([36mconst[39m warning [36mof[39m validation[33m.[39mwarnings) {
    [31m[1m>[22m[39m[90m 79 |[39m       console[33m.[39mwarn([32m`[world-validation] ${warning}`[39m)[33m;[39m
     [90m    |[39m               [31m[1m^[22m[39m
     [90m 80 |[39m     }
     [90m 81 |[39m   }
     [90m 82 |[39m[0m

      at warn (api/src/game-engine.js:79:15)
      at Object.loadWorld (tests/game-engine.test.js:96:19)

  console.warn
    [world-validation] Room "room-hub" has no items and no hazards (empty room).

    [0m [90m 77 |[39m   [36mif[39m (validation[33m.[39mwarnings[33m.[39mlength [33m>[39m [35m0[39m) {
     [90m 78 |[39m     [36mfor[39m ([36mconst[39m warning [36mof[39m validation[33m.[39mwarnings) {
    [31m[1m>[22m[39m[90m 79 |[39m       console[33m.[39mwarn([32m`[world-validation] ${warning}`[39m)[33m;[39m
     [90m    |[39m               [31m[1m^[22m[39m
     [90m 80 |[39m     }
     [90m 81 |[39m   }
     [90m 82 |[39m[0m

      at warn (api/src/game-engine.js:79:15)
      at loadWorld (tests/communication.test.js:21:17)
      at freshSession (tests/communication.test.js:26:17)
      at Object.sessionWithPlayers (tests/communication.test.js:207:21)

  console.warn
    [world-validation] Room "room-isolated" is an orphan ΓÇö no exits or puzzles connect to it.

    [0m [90m 77 |[39m   [36mif[39m (validation[33m.[39mwarnings[33m.[39mlength [33m>[39m [35m0[39m) {
     [90m 78 |[39m     [36mfor[39m ([36mconst[39m warning [36mof[39m validation[33m.[39mwarnings) {
    [31m[1m>[22m[39m[90m 79 |[39m       console[33m.[39mwarn([32m`[world-validation] ${warning}`[39m)[33m;[39m
     [90m    |[39m               [31m[1m^[22m[39m
     [90m 80 |[39m     }
     [90m 81 |[39m   }
     [90m 82 |[39m[0m

      at warn (api/src/game-engine.js:79:15)
      at Object.loadWorld (tests/game-engine.test.js:96:19)

  console.warn
    [world-validation] Room "room-hub-n" has no items and no hazards (empty room).

    [0m [90m 77 |[39m   [36mif[39m (validation[33m.[39mwarnings[33m.[39mlength [33m>[39m [35m0[39m) {
     [90m 78 |[39m     [36mfor[39m ([36mconst[39m warning [36mof[39m validation[33m.[39mwarnings) {
    [31m[1m>[22m[39m[90m 79 |[39m       console[33m.[39mwarn([32m`[world-validation] ${warning}`[39m)[33m;[39m
     [90m    |[39m               [31m[1m^[22m[39m
     [90m 80 |[39m     }
     [90m 81 |[39m   }
     [90m 82 |[39m[0m

      at warn (api/src/game-engine.js:79:15)
      at loadWorld (tests/communication.test.js:21:17)
      at freshSession (tests/communication.test.js:26:17)
      at Object.sessionWithPlayers (tests/communication.test.js:207:21)

  console.warn
    [world-validation] Room "room-hub" has no items and no hazards (empty room).

    [0m [90m 77 |[39m   [36mif[39m (validation[33m.[39mwarnings[33m.[39mlength [33m>[39m [35m0[39m) {
     [90m 78 |[39m     [36mfor[39m ([36mconst[39m warning [36mof[39m validation[33m.[39mwarnings) {
    [31m[1m>[22m[39m[90m 79 |[39m       console[33m.[39mwarn([32m`[world-validation] ${warning}`[39m)[33m;[39m
     [90m    |[39m               [31m[1m^[22m[39m
     [90m 80 |[39m     }
     [90m 81 |[39m   }
     [90m 82 |[39m[0m

      at warn (api/src/game-engine.js:79:15)
      at loadWorld (tests/game-engine.test.js:33:17)
      at Object.freshSession (tests/game-engine.test.js:108:21)

  console.warn
    [world-validation] Room "room-hub-e" has no items and no hazards (empty room).

    [0m [90m 77 |[39m   [36mif[39m (validation[33m.[39mwarnings[33m.[39mlength [33m>[39m [35m0[39m) {
     [90m 78 |[39m     [36mfor[39m ([36mconst[39m warning [36mof[39m validation[33m.[39mwarnings) {
    [31m[1m>[22m[39m[90m 79 |[39m       console[33m.[39mwarn([32m`[world-validation] ${warning}`[39m)[33m;[39m
     [90m    |[39m               [31m[1m^[22m[39m
     [90m 80 |[39m     }
     [90m 81 |[39m   }
     [90m 82 |[39m[0m

      at warn (api/src/game-engine.js:79:15)
      at loadWorld (tests/communication.test.js:21:17)
      at freshSession (tests/communication.test.js:26:17)
      at Object.sessionWithPlayers (tests/communication.test.js:207:21)

  console.warn
    [world-validation] Room "room-hub-n" has no items and no hazards (empty room).

    [0m [90m 77 |[39m   [36mif[39m (validation[33m.[39mwarnings[33m.[39mlength [33m>[39m [35m0[39m) {
     [90m 78 |[39m     [36mfor[39m ([36mconst[39m warning [36mof[39m validation[33m.[39mwarnings) {
    [31m[1m>[22m[39m[90m 79 |[39m       console[33m.[39mwarn([32m`[world-validation] ${warning}`[39m)[33m;[39m
     [90m    |[39m               [31m[1m^[22m[39m
     [90m 80 |[39m     }
     [90m 81 |[39m   }
     [90m 82 |[39m[0m

      at warn (api/src/game-engine.js:79:15)
      at loadWorld (tests/game-engine.test.js:33:17)
      at Object.freshSession (tests/game-engine.test.js:108:21)

  console.warn
    [world-validation] Room "room-hub-w" has no items and no hazards (empty room).

    [0m [90m 77 |[39m   [36mif[39m (validation[33m.[39mwarnings[33m.[39mlength [33m>[39m [35m0[39m) {
     [90m 78 |[39m     [36mfor[39m ([36mconst[39m warning [36mof[39m validation[33m.[39mwarnings) {
    [31m[1m>[22m[39m[90m 79 |[39m       console[33m.[39mwarn([32m`[world-validation] ${warning}`[39m)[33m;[39m
     [90m    |[39m               [31m[1m^[22m[39m
     [90m 80 |[39m     }
     [90m 81 |[39m   }
     [90m 82 |[39m[0m

      at warn (api/src/game-engine.js:79:15)
      at loadWorld (tests/communication.test.js:21:17)
      at freshSession (tests/communication.test.js:26:17)
      at Object.sessionWithPlayers (tests/communication.test.js:207:21)

  console.warn
    [world-validation] Room "room-hub-e" has no items and no hazards (empty room).

    [0m [90m 77 |[39m   [36mif[39m (validation[33m.[39mwarnings[33m.[39mlength [33m>[39m [35m0[39m) {
     [90m 78 |[39m     [36mfor[39m ([36mconst[39m warning [36mof[39m validation[33m.[39mwarnings) {
    [31m[1m>[22m[39m[90m 79 |[39m       console[33m.[39mwarn([32m`[world-validation] ${warning}`[39m)[33m;[39m
     [90m    |[39m               [31m[1m^[22m[39m
     [90m 80 |[39m     }
     [90m 81 |[39m   }
     [90m 82 |[39m[0m

      at warn (api/src/game-engine.js:79:15)
      at loadWorld (tests/game-engine.test.js:33:17)
      at Object.freshSession (tests/game-engine.test.js:108:21)

  console.warn
    [world-validation] Room "room-isolated" has no items and no hazards (empty room).

    [0m [90m 77 |[39m   [36mif[39m (validation[33m.[39mwarnings[33m.[39mlength [33m>[39m [35m0[39m) {
     [90m 78 |[39m     [36mfor[39m ([36mconst[39m warning [36mof[39m validation[33m.[39mwarnings) {
    [31m[1m>[22m[39m[90m 79 |[39m       console[33m.[39mwarn([32m`[world-validation] ${warning}`[39m)[33m;[39m
     [90m    |[39m               [31m[1m^[22m[39m
     [90m 80 |[39m     }
     [90m 81 |[39m   }
     [90m 82 |[39m[0m

      at warn (api/src/game-engine.js:79:15)
      at loadWorld (tests/communication.test.js:21:17)
      at freshSession (tests/communication.test.js:26:17)
      at Object.sessionWithPlayers (tests/communication.test.js:207:21)

  console.warn
    [world-validation] Room "room-hub-w" has no items and no hazards (empty room).

    [0m [90m 77 |[39m   [36mif[39m (validation[33m.[39mwarnings[33m.[39mlength [33m>[39m [35m0[39m) {
     [90m 78 |[39m     [36mfor[39m ([36mconst[39m warning [36mof[39m validation[33m.[39mwarnings) {
    [31m[1m>[22m[39m[90m 79 |[39m       console[33m.[39mwarn([32m`[world-validation] ${warning}`[39m)[33m;[39m
     [90m    |[39m               [31m[1m^[22m[39m
     [90m 80 |[39m     }
     [90m 81 |[39m   }
     [90m 82 |[39m[0m

      at warn (api/src/game-engine.js:79:15)
      at loadWorld (tests/game-engine.test.js:33:17)
      at Object.freshSession (tests/game-engine.test.js:108:21)

  console.warn
    [world-validation] Room "room-isolated" is an orphan ΓÇö no exits or puzzles connect to it.

    [0m [90m 77 |[39m   [36mif[39m (validation[33m.[39mwarnings[33m.[39mlength [33m>[39m [35m0[39m) {
     [90m 78 |[39m     [36mfor[39m ([36mconst[39m warning [36mof[39m validation[33m.[39mwarnings) {
    [31m[1m>[22m[39m[90m 79 |[39m       console[33m.[39mwarn([32m`[world-validation] ${warning}`[39m)[33m;[39m
     [90m    |[39m               [31m[1m^[22m[39m
     [90m 80 |[39m     }
     [90m 81 |[39m   }
     [90m 82 |[39m[0m

      at warn (api/src/game-engine.js:79:15)
      at loadWorld (tests/communication.test.js:21:17)
      at freshSession (tests/communication.test.js:26:17)
      at Object.sessionWithPlayers (tests/communication.test.js:207:21)

  console.warn
    [world-validation] Room "room-isolated" has no items and no hazards (empty room).

    [0m [90m 77 |[39m   [36mif[39m (validation[33m.[39mwarnings[33m.[39mlength [33m>[39m [35m0[39m) {
     [90m 78 |[39m     [36mfor[39m ([36mconst[39m warning [36mof[39m validation[33m.[39mwarnings) {
    [31m[1m>[22m[39m[90m 79 |[39m       console[33m.[39mwarn([32m`[world-validation] ${warning}`[39m)[33m;[39m
     [90m    |[39m               [31m[1m^[22m[39m
     [90m 80 |[39m     }
     [90m 81 |[39m   }
     [90m 82 |[39m[0m

      at warn (api/src/game-engine.js:79:15)
      at loadWorld (tests/game-engine.test.js:33:17)
      at Object.freshSession (tests/game-engine.test.js:108:21)

  console.warn
    [world-validation] Room "room-isolated" is an orphan ΓÇö no exits or puzzles connect to it.

    [0m [90m 77 |[39m   [36mif[39m (validation[33m.[39mwarnings[33m.[39mlength [33m>[39m [35m0[39m) {
     [90m 78 |[39m     [36mfor[39m ([36mconst[39m warning [36mof[39m validation[33m.[39mwarnings) {
    [31m[1m>[22m[39m[90m 79 |[39m       console[33m.[39mwarn([32m`[world-validation] ${warning}`[39m)[33m;[39m
     [90m    |[39m               [31m[1m^[22m[39m
     [90m 80 |[39m     }
     [90m 81 |[39m   }
     [90m 82 |[39m[0m

      at warn (api/src/game-engine.js:79:15)
      at loadWorld (tests/game-engine.test.js:33:17)
      at Object.freshSession (tests/game-engine.test.js:108:21)

  console.warn
    [world-validation] Room "room-hub" has no items and no hazards (empty room).

    [0m [90m 77 |[39m   [36mif[39m (validation[33m.[39mwarnings[33m.[39mlength [33m>[39m [35m0[39m) {
     [90m 78 |[39m     [36mfor[39m ([36mconst[39m warning [36mof[39m validation[33m.[39mwarnings) {
    [31m[1m>[22m[39m[90m 79 |[39m       console[33m.[39mwarn([32m`[world-validation] ${warning}`[39m)[33m;[39m
     [90m    |[39m               [31m[1m^[22m[39m
     [90m 80 |[39m     }
     [90m 81 |[39m   }
     [90m 82 |[39m[0m

      at warn (api/src/game-engine.js:79:15)
      at loadWorld (tests/communication.test.js:21:17)
      at freshSession (tests/communication.test.js:26:17)
      at Object.sessionWithPlayers (tests/communication.test.js:215:21)

  console.warn
    [world-validation] Room "room-hub-n" has no items and no hazards (empty room).

    [0m [90m 77 |[39m   [36mif[39m (validation[33m.[39mwarnings[33m.[39mlength [33m>[39m [35m0[39m) {
     [90m 78 |[39m     [36mfor[39m ([36mconst[39m warning [36mof[39m validation[33m.[39mwarnings) {
    [31m[1m>[22m[39m[90m 79 |[39m       console[33m.[39mwarn([32m`[world-validation] ${warning}`[39m)[33m;[39m
     [90m    |[39m               [31m[1m^[22m[39m
     [90m 80 |[39m     }
     [90m 81 |[39m   }
     [90m 82 |[39m[0m

      at warn (api/src/game-engine.js:79:15)
      at loadWorld (tests/communication.test.js:21:17)
      at freshSession (tests/communication.test.js:26:17)
      at Object.sessionWithPlayers (tests/communication.test.js:215:21)

  console.warn
    [world-validation] Room "room-hub" has no items and no hazards (empty room).

    [0m [90m 77 |[39m   [36mif[39m (validation[33m.[39mwarnings[33m.[39mlength [33m>[39m [35m0[39m) {
     [90m 78 |[39m     [36mfor[39m ([36mconst[39m warning [36mof[39m validation[33m.[39mwarnings) {
    [31m[1m>[22m[39m[90m 79 |[39m       console[33m.[39mwarn([32m`[world-validation] ${warning}`[39m)[33m;[39m
     [90m    |[39m               [31m[1m^[22m[39m
     [90m 80 |[39m     }
     [90m 81 |[39m   }
     [90m 82 |[39m[0m

      at warn (api/src/game-engine.js:79:15)
      at loadWorld (tests/game-engine.test.js:33:17)
      at Object.freshSession (tests/game-engine.test.js:117:21)

  console.warn
    [world-validation] Room "room-hub-e" has no items and no hazards (empty room).

    [0m [90m 77 |[39m   [36mif[39m (validation[33m.[39mwarnings[33m.[39mlength [33m>[39m [35m0[39m) {
     [90m 78 |[39m     [36mfor[39m ([36mconst[39m warning [36mof[39m validation[33m.[39mwarnings) {
    [31m[1m>[22m[39m[90m 79 |[39m       console[33m.[39mwarn([32m`[world-validation] ${warning}`[39m)[33m;[39m
     [90m    |[39m               [31m[1m^[22m[39m
     [90m 80 |[39m     }
     [90m 81 |[39m   }
     [90m 82 |[39m[0m

      at warn (api/src/game-engine.js:79:15)
      at loadWorld (tests/communication.test.js:21:17)
      at freshSession (tests/communication.test.js:26:17)
      at Object.sessionWithPlayers (tests/communication.test.js:215:21)

  console.warn
    [world-validation] Room "room-hub-n" has no items and no hazards (empty room).

    [0m [90m 77 |[39m   [36mif[39m (validation[33m.[39mwarnings[33m.[39mlength [33m>[39m [35m0[39m) {
     [90m 78 |[39m     [36mfor[39m ([36mconst[39m warning [36mof[39m validation[33m.[39mwarnings) {
    [31m[1m>[22m[39m[90m 79 |[39m       console[33m.[39mwarn([32m`[world-validation] ${warning}`[39m)[33m;[39m
     [90m    |[39m               [31m[1m^[22m[39m
     [90m 80 |[39m     }
     [90m 81 |[39m   }
     [90m 82 |[39m[0m

      at warn (api/src/game-engine.js:79:15)
      at loadWorld (tests/game-engine.test.js:33:17)
      at Object.freshSession (tests/game-engine.test.js:117:21)

  console.warn
    [world-validation] Room "room-hub-e" has no items and no hazards (empty room).

    [0m [90m 77 |[39m   [36mif[39m (validation[33m.[39mwarnings[33m.[39mlength [33m>[39m [35m0[39m) {
     [90m 78 |[39m     [36mfor[39m ([36mconst[39m warning [36mof[39m validation[33m.[39mwarnings) {
    [31m[1m>[22m[39m[90m 79 |[39m       console[33m.[39mwarn([32m`[world-validation] ${warning}`[39m)[33m;[39m
     [90m    |[39m               [31m[1m^[22m[39m
     [90m 80 |[39m     }
     [90m 81 |[39m   }
     [90m 82 |[39m[0m

      at warn (api/src/game-engine.js:79:15)
      at loadWorld (tests/game-engine.test.js:33:17)
      at Object.freshSession (tests/game-engine.test.js:117:21)

  console.warn
    [world-validation] Room "room-hub-w" has no items and no hazards (empty room).

    [0m [90m 77 |[39m   [36mif[39m (validation[33m.[39mwarnings[33m.[39mlength [33m>[39m [35m0[39m) {
     [90m 78 |[39m     [36mfor[39m ([36mconst[39m warning [36mof[39m validation[33m.[39mwarnings) {
    [31m[1m>[22m[39m[90m 79 |[39m       console[33m.[39mwarn([32m`[world-validation] ${warning}`[39m)[33m;[39m
     [90m    |[39m               [31m[1m^[22m[39m
     [90m 80 |[39m     }
     [90m 81 |[39m   }
     [90m 82 |[39m[0m

      at warn (api/src/game-engine.js:79:15)
      at loadWorld (tests/communication.test.js:21:17)
      at freshSession (tests/communication.test.js:26:17)
      at Object.sessionWithPlayers (tests/communication.test.js:215:21)

  console.warn
    [world-validation] Room "room-isolated" has no items and no hazards (empty room).

    [0m [90m 77 |[39m   [36mif[39m (validation[33m.[39mwarnings[33m.[39mlength [33m>[39m [35m0[39m) {
     [90m 78 |[39m     [36mfor[39m ([36mconst[39m warning [36mof[39m validation[33m.[39mwarnings) {
    [31m[1m>[22m[39m[90m 79 |[39m       console[33m.[39mwarn([32m`[world-validation] ${warning}`[39m)[33m;[39m
     [90m    |[39m               [31m[1m^[22m[39m
     [90m 80 |[39m     }
     [90m 81 |[39m   }
     [90m 82 |[39m[0m

      at warn (api/src/game-engine.js:79:15)
      at loadWorld (tests/communication.test.js:21:17)
      at freshSession (tests/communication.test.js:26:17)
      at Object.sessionWithPlayers (tests/communication.test.js:215:21)

  console.warn
    [world-validation] Room "room-hub-w" has no items and no hazards (empty room).

    [0m [90m 77 |[39m   [36mif[39m (validation[33m.[39mwarnings[33m.[39mlength [33m>[39m [35m0[39m) {
     [90m 78 |[39m     [36mfor[39m ([36mconst[39m warning [36mof[39m validation[33m.[39mwarnings) {
    [31m[1m>[22m[39m[90m 79 |[39m       console[33m.[39mwarn([32m`[world-validation] ${warning}`[39m)[33m;[39m
     [90m    |[39m               [31m[1m^[22m[39m
     [90m 80 |[39m     }
     [90m 81 |[39m   }
     [90m 82 |[39m[0m

      at warn (api/src/game-engine.js:79:15)
      at loadWorld (tests/game-engine.test.js:33:17)
      at Object.freshSession (tests/game-engine.test.js:117:21)

  console.warn
    [world-validation] Room "room-isolated" is an orphan ΓÇö no exits or puzzles connect to it.

    [0m [90m 77 |[39m   [36mif[39m (validation[33m.[39mwarnings[33m.[39mlength [33m>[39m [35m0[39m) {
     [90m 78 |[39m     [36mfor[39m ([36mconst[39m warning [36mof[39m validation[33m.[39mwarnings) {
    [31m[1m>[22m[39m[90m 79 |[39m       console[33m.[39mwarn([32m`[world-validation] ${warning}`[39m)[33m;[39m
     [90m    |[39m               [31m[1m^[22m[39m
     [90m 80 |[39m     }
     [90m 81 |[39m   }
     [90m 82 |[39m[0m

      at warn (api/src/game-engine.js:79:15)
      at loadWorld (tests/communication.test.js:21:17)
      at freshSession (tests/communication.test.js:26:17)
      at Object.sessionWithPlayers (tests/communication.test.js:215:21)

  console.warn
    [world-validation] Room "room-isolated" has no items and no hazards (empty room).

    [0m [90m 77 |[39m   [36mif[39m (validation[33m.[39mwarnings[33m.[39mlength [33m>[39m [35m0[39m) {
     [90m 78 |[39m     [36mfor[39m ([36mconst[39m warning [36mof[39m validation[33m.[39mwarnings) {
    [31m[1m>[22m[39m[90m 79 |[39m       console[33m.[39mwarn([32m`[world-validation] ${warning}`[39m)[33m;[39m
     [90m    |[39m               [31m[1m^[22m[39m
     [90m 80 |[39m     }
     [90m 81 |[39m   }
     [90m 82 |[39m[0m

      at warn (api/src/game-engine.js:79:15)
      at loadWorld (tests/game-engine.test.js:33:17)
      at Object.freshSession (tests/game-engine.test.js:117:21)

  console.warn
    [world-validation] Room "room-isolated" is an orphan ΓÇö no exits or puzzles connect to it.

    [0m [90m 77 |[39m   [36mif[39m (validation[33m.[39mwarnings[33m.[39mlength [33m>[39m [35m0[39m) {
     [90m 78 |[39m     [36mfor[39m ([36mconst[39m warning [36mof[39m validation[33m.[39mwarnings) {
    [31m[1m>[22m[39m[90m 79 |[39m       console[33m.[39mwarn([32m`[world-validation] ${warning}`[39m)[33m;[39m
     [90m    |[39m               [31m[1m^[22m[39m
     [90m 80 |[39m     }
     [90m 81 |[39m   }
     [90m 82 |[39m[0m

      at warn (api/src/game-engine.js:79:15)
      at loadWorld (tests/game-engine.test.js:33:17)
      at Object.freshSession (tests/game-engine.test.js:117:21)

  console.warn
    [world-validation] Room "room-hub" has no items and no hazards (empty room).

    [0m [90m 77 |[39m   [36mif[39m (validation[33m.[39mwarnings[33m.[39mlength [33m>[39m [35m0[39m) {
     [90m 78 |[39m     [36mfor[39m ([36mconst[39m warning [36mof[39m validation[33m.[39mwarnings) {
    [31m[1m>[22m[39m[90m 79 |[39m       console[33m.[39mwarn([32m`[world-validation] ${warning}`[39m)[33m;[39m
     [90m    |[39m               [31m[1m^[22m[39m
     [90m 80 |[39m     }
     [90m 81 |[39m   }
     [90m 82 |[39m[0m

      at warn (api/src/game-engine.js:79:15)
      at loadWorld (tests/communication.test.js:21:17)
      at freshSession (tests/communication.test.js:26:17)
      at Object.sessionWithPlayers (tests/communication.test.js:224:21)

  console.warn
    [world-validation] Room "room-hub" has no items and no hazards (empty room).

    [0m [90m 77 |[39m   [36mif[39m (validation[33m.[39mwarnings[33m.[39mlength [33m>[39m [35m0[39m) {
     [90m 78 |[39m     [36mfor[39m ([36mconst[39m warning [36mof[39m validation[33m.[39mwarnings) {
    [31m[1m>[22m[39m[90m 79 |[39m       console[33m.[39mwarn([32m`[world-validation] ${warning}`[39m)[33m;[39m
     [90m    |[39m               [31m[1m^[22m[39m
     [90m 80 |[39m     }
     [90m 81 |[39m   }
     [90m 82 |[39m[0m

      at warn (api/src/game-engine.js:79:15)
      at loadWorld (tests/game-engine.test.js:33:17)
      at Object.freshSession (tests/game-engine.test.js:123:21)

  console.warn
    [world-validation] Room "room-hub-n" has no items and no hazards (empty room).

    [0m [90m 77 |[39m   [36mif[39m (validation[33m.[39mwarnings[33m.[39mlength [33m>[39m [35m0[39m) {
     [90m 78 |[39m     [36mfor[39m ([36mconst[39m warning [36mof[39m validation[33m.[39mwarnings) {
    [31m[1m>[22m[39m[90m 79 |[39m       console[33m.[39mwarn([32m`[world-validation] ${warning}`[39m)[33m;[39m
     [90m    |[39m               [31m[1m^[22m[39m
     [90m 80 |[39m     }
     [90m 81 |[39m   }
     [90m 82 |[39m[0m

      at warn (api/src/game-engine.js:79:15)
      at loadWorld (tests/communication.test.js:21:17)
      at freshSession (tests/communication.test.js:26:17)
      at Object.sessionWithPlayers (tests/communication.test.js:224:21)

  console.warn
    [world-validation] Room "room-hub-n" has no items and no hazards (empty room).

    [0m [90m 77 |[39m   [36mif[39m (validation[33m.[39mwarnings[33m.[39mlength [33m>[39m [35m0[39m) {
     [90m 78 |[39m     [36mfor[39m ([36mconst[39m warning [36mof[39m validation[33m.[39mwarnings) {
    [31m[1m>[22m[39m[90m 79 |[39m       console[33m.[39mwarn([32m`[world-validation] ${warning}`[39m)[33m;[39m
     [90m    |[39m               [31m[1m^[22m[39m
     [90m 80 |[39m     }
     [90m 81 |[39m   }
     [90m 82 |[39m[0m

      at warn (api/src/game-engine.js:79:15)
      at loadWorld (tests/game-engine.test.js:33:17)
      at Object.freshSession (tests/game-engine.test.js:123:21)

  console.warn
    [world-validation] Room "room-hub-e" has no items and no hazards (empty room).

    [0m [90m 77 |[39m   [36mif[39m (validation[33m.[39mwarnings[33m.[39mlength [33m>[39m [35m0[39m) {
     [90m 78 |[39m     [36mfor[39m ([36mconst[39m warning [36mof[39m validation[33m.[39mwarnings) {
    [31m[1m>[22m[39m[90m 79 |[39m       console[33m.[39mwarn([32m`[world-validation] ${warning}`[39m)[33m;[39m
     [90m    |[39m               [31m[1m^[22m[39m
     [90m 80 |[39m     }
     [90m 81 |[39m   }
     [90m 82 |[39m[0m

      at warn (api/src/game-engine.js:79:15)
      at loadWorld (tests/communication.test.js:21:17)
      at freshSession (tests/communication.test.js:26:17)
      at Object.sessionWithPlayers (tests/communication.test.js:224:21)

  console.warn
    [world-validation] Room "room-hub-e" has no items and no hazards (empty room).

    [0m [90m 77 |[39m   [36mif[39m (validation[33m.[39mwarnings[33m.[39mlength [33m>[39m [35m0[39m) {
     [90m 78 |[39m     [36mfor[39m ([36mconst[39m warning [36mof[39m validation[33m.[39mwarnings) {
    [31m[1m>[22m[39m[90m 79 |[39m       console[33m.[39mwarn([32m`[world-validation] ${warning}`[39m)[33m;[39m
     [90m    |[39m               [31m[1m^[22m[39m
     [90m 80 |[39m     }
     [90m 81 |[39m   }
     [90m 82 |[39m[0m

      at warn (api/src/game-engine.js:79:15)
      at loadWorld (tests/game-engine.test.js:33:17)
      at Object.freshSession (tests/game-engine.test.js:123:21)

  console.warn
    [world-validation] Room "room-hub-w" has no items and no hazards (empty room).

    [0m [90m 77 |[39m   [36mif[39m (validation[33m.[39mwarnings[33m.[39mlength [33m>[39m [35m0[39m) {
     [90m 78 |[39m     [36mfor[39m ([36mconst[39m warning [36mof[39m validation[33m.[39mwarnings) {
    [31m[1m>[22m[39m[90m 79 |[39m       console[33m.[39mwarn([32m`[world-validation] ${warning}`[39m)[33m;[39m
     [90m    |[39m               [31m[1m^[22m[39m
     [90m 80 |[39m     }
     [90m 81 |[39m   }
     [90m 82 |[39m[0m

      at warn (api/src/game-engine.js:79:15)
      at loadWorld (tests/communication.test.js:21:17)
      at freshSession (tests/communication.test.js:26:17)
      at Object.sessionWithPlayers (tests/communication.test.js:224:21)

  console.warn
    [world-validation] Room "room-isolated" has no items and no hazards (empty room).

    [0m [90m 77 |[39m   [36mif[39m (validation[33m.[39mwarnings[33m.[39mlength [33m>[39m [35m0[39m) {
     [90m 78 |[39m     [36mfor[39m ([36mconst[39m warning [36mof[39m validation[33m.[39mwarnings) {
    [31m[1m>[22m[39m[90m 79 |[39m       console[33m.[39mwarn([32m`[world-validation] ${warning}`[39m)[33m;[39m
     [90m    |[39m               [31m[1m^[22m[39m
     [90m 80 |[39m     }
     [90m 81 |[39m   }
     [90m 82 |[39m[0m

      at warn (api/src/game-engine.js:79:15)
      at loadWorld (tests/communication.test.js:21:17)
      at freshSession (tests/communication.test.js:26:17)
      at Object.sessionWithPlayers (tests/communication.test.js:224:21)

  console.warn
    [world-validation] Room "room-hub-w" has no items and no hazards (empty room).

    [0m [90m 77 |[39m   [36mif[39m (validation[33m.[39mwarnings[33m.[39mlength [33m>[39m [35m0[39m) {
     [90m 78 |[39m     [36mfor[39m ([36mconst[39m warning [36mof[39m validation[33m.[39mwarnings) {
    [31m[1m>[22m[39m[90m 79 |[39m       console[33m.[39mwarn([32m`[world-validation] ${warning}`[39m)[33m;[39m
     [90m    |[39m               [31m[1m^[22m[39m
     [90m 80 |[39m     }
     [90m 81 |[39m   }
     [90m 82 |[39m[0m

      at warn (api/src/game-engine.js:79:15)
      at loadWorld (tests/game-engine.test.js:33:17)
      at Object.freshSession (tests/game-engine.test.js:123:21)

  console.warn
    [world-validation] Room "room-isolated" is an orphan ΓÇö no exits or puzzles connect to it.

    [0m [90m 77 |[39m   [36mif[39m (validation[33m.[39mwarnings[33m.[39mlength [33m>[39m [35m0[39m) {
     [90m 78 |[39m     [36mfor[39m ([36mconst[39m warning [36mof[39m validation[33m.[39mwarnings) {
    [31m[1m>[22m[39m[90m 79 |[39m       console[33m.[39mwarn([32m`[world-validation] ${warning}`[39m)[33m;[39m
     [90m    |[39m               [31m[1m^[22m[39m
     [90m 80 |[39m     }
     [90m 81 |[39m   }
     [90m 82 |[39m[0m

      at warn (api/src/game-engine.js:79:15)
      at loadWorld (tests/communication.test.js:21:17)
      at freshSession (tests/communication.test.js:26:17)
      at Object.sessionWithPlayers (tests/communication.test.js:224:21)

  console.warn
    [world-validation] Room "room-isolated" has no items and no hazards (empty room).

    [0m [90m 77 |[39m   [36mif[39m (validation[33m.[39mwarnings[33m.[39mlength [33m>[39m [35m0[39m) {
     [90m 78 |[39m     [36mfor[39m ([36mconst[39m warning [36mof[39m validation[33m.[39mwarnings) {
    [31m[1m>[22m[39m[90m 79 |[39m       console[33m.[39mwarn([32m`[world-validation] ${warning}`[39m)[33m;[39m
     [90m    |[39m               [31m[1m^[22m[39m
     [90m 80 |[39m     }
     [90m 81 |[39m   }
     [90m 82 |[39m[0m

      at warn (api/src/game-engine.js:79:15)
      at loadWorld (tests/game-engine.test.js:33:17)
      at Object.freshSession (tests/game-engine.test.js:123:21)

  console.warn
    [world-validation] Room "room-hub" has no items and no hazards (empty room).

    [0m [90m 77 |[39m   [36mif[39m (validation[33m.[39mwarnings[33m.[39mlength [33m>[39m [35m0[39m) {
     [90m 78 |[39m     [36mfor[39m ([36mconst[39m warning [36mof[39m validation[33m.[39mwarnings) {
    [31m[1m>[22m[39m[90m 79 |[39m       console[33m.[39mwarn([32m`[world-validation] ${warning}`[39m)[33m;[39m
     [90m    |[39m               [31m[1m^[22m[39m
     [90m 80 |[39m     }
     [90m 81 |[39m   }
     [90m 82 |[39m[0m

      at warn (api/src/game-engine.js:79:15)
      at loadWorld (tests/communication.test.js:21:17)
      at freshSession (tests/communication.test.js:26:17)
      at Object.sessionWithPlayers (tests/communication.test.js:232:21)

  console.warn
    [world-validation] Room "room-isolated" is an orphan ΓÇö no exits or puzzles connect to it.

    [0m [90m 77 |[39m   [36mif[39m (validation[33m.[39mwarnings[33m.[39mlength [33m>[39m [35m0[39m) {
     [90m 78 |[39m     [36mfor[39m ([36mconst[39m warning [36mof[39m validation[33m.[39mwarnings) {
    [31m[1m>[22m[39m[90m 79 |[39m       console[33m.[39mwarn([32m`[world-validation] ${warning}`[39m)[33m;[39m
     [90m    |[39m               [31m[1m^[22m[39m
     [90m 80 |[39m     }
     [90m 81 |[39m   }
     [90m 82 |[39m[0m

      at warn (api/src/game-engine.js:79:15)
      at loadWorld (tests/game-engine.test.js:33:17)
      at Object.freshSession (tests/game-engine.test.js:123:21)

  console.warn
    [world-validation] Room "room-hub-n" has no items and no hazards (empty room).

    [0m [90m 77 |[39m   [36mif[39m (validation[33m.[39mwarnings[33m.[39mlength [33m>[39m [35m0[39m) {
     [90m 78 |[39m     [36mfor[39m ([36mconst[39m warning [36mof[39m validation[33m.[39mwarnings) {
    [31m[1m>[22m[39m[90m 79 |[39m       console[33m.[39mwarn([32m`[world-validation] ${warning}`[39m)[33m;[39m
     [90m    |[39m               [31m[1m^[22m[39m
     [90m 80 |[39m     }
     [90m 81 |[39m   }
     [90m 82 |[39m[0m

      at warn (api/src/game-engine.js:79:15)
      at loadWorld (tests/communication.test.js:21:17)
      at freshSession (tests/communication.test.js:26:17)
      at Object.sessionWithPlayers (tests/communication.test.js:232:21)

  console.warn
    [world-validation] Room "room-hub" has no items and no hazards (empty room).

    [0m [90m 77 |[39m   [36mif[39m (validation[33m.[39mwarnings[33m.[39mlength [33m>[39m [35m0[39m) {
     [90m 78 |[39m     [36mfor[39m ([36mconst[39m warning [36mof[39m validation[33m.[39mwarnings) {
    [31m[1m>[22m[39m[90m 79 |[39m       console[33m.[39mwarn([32m`[world-validation] ${warning}`[39m)[33m;[39m
     [90m    |[39m               [31m[1m^[22m[39m
     [90m 80 |[39m     }
     [90m 81 |[39m   }
     [90m 82 |[39m[0m

      at warn (api/src/game-engine.js:79:15)
      at loadWorld (tests/game-engine.test.js:33:17)
      at freshSession (tests/game-engine.test.js:38:19)
      at Object.sessionWithPlayer (tests/game-engine.test.js:128:21)

  console.warn
    [world-validation] Room "room-hub-e" has no items and no hazards (empty room).

    [0m [90m 77 |[39m   [36mif[39m (validation[33m.[39mwarnings[33m.[39mlength [33m>[39m [35m0[39m) {
     [90m 78 |[39m     [36mfor[39m ([36mconst[39m warning [36mof[39m validation[33m.[39mwarnings) {
    [31m[1m>[22m[39m[90m 79 |[39m       console[33m.[39mwarn([32m`[world-validation] ${warning}`[39m)[33m;[39m
     [90m    |[39m               [31m[1m^[22m[39m
     [90m 80 |[39m     }
     [90m 81 |[39m   }
     [90m 82 |[39m[0m

      at warn (api/src/game-engine.js:79:15)
      at loadWorld (tests/communication.test.js:21:17)
      at freshSession (tests/communication.test.js:26:17)
      at Object.sessionWithPlayers (tests/communication.test.js:232:21)

  console.warn
    [world-validation] Room "room-hub-n" has no items and no hazards (empty room).

    [0m [90m 77 |[39m   [36mif[39m (validation[33m.[39mwarnings[33m.[39mlength [33m>[39m [35m0[39m) {
     [90m 78 |[39m     [36mfor[39m ([36mconst[39m warning [36mof[39m validation[33m.[39mwarnings) {
    [31m[1m>[22m[39m[90m 79 |[39m       console[33m.[39mwarn([32m`[world-validation] ${warning}`[39m)[33m;[39m
     [90m    |[39m               [31m[1m^[22m[39m
     [90m 80 |[39m     }
     [90m 81 |[39m   }
     [90m 82 |[39m[0m

      at warn (api/src/game-engine.js:79:15)
      at loadWorld (tests/game-engine.test.js:33:17)
      at freshSession (tests/game-engine.test.js:38:19)
      at Object.sessionWithPlayer (tests/game-engine.test.js:128:21)

  console.warn
    [world-validation] Room "room-hub-w" has no items and no hazards (empty room).

    [0m [90m 77 |[39m   [36mif[39m (validation[33m.[39mwarnings[33m.[39mlength [33m>[39m [35m0[39m) {
     [90m 78 |[39m     [36mfor[39m ([36mconst[39m warning [36mof[39m validation[33m.[39mwarnings) {
    [31m[1m>[22m[39m[90m 79 |[39m       console[33m.[39mwarn([32m`[world-validation] ${warning}`[39m)[33m;[39m
     [90m    |[39m               [31m[1m^[22m[39m
     [90m 80 |[39m     }
     [90m 81 |[39m   }
     [90m 82 |[39m[0m

      at warn (api/src/game-engine.js:79:15)
      at loadWorld (tests/communication.test.js:21:17)
      at freshSession (tests/communication.test.js:26:17)
      at Object.sessionWithPlayers (tests/communication.test.js:232:21)

  console.warn
    [world-validation] Room "room-hub-e" has no items and no hazards (empty room).

    [0m [90m 77 |[39m   [36mif[39m (validation[33m.[39mwarnings[33m.[39mlength [33m>[39m [35m0[39m) {
     [90m 78 |[39m     [36mfor[39m ([36mconst[39m warning [36mof[39m validation[33m.[39mwarnings) {
    [31m[1m>[22m[39m[90m 79 |[39m       console[33m.[39mwarn([32m`[world-validation] ${warning}`[39m)[33m;[39m
     [90m    |[39m               [31m[1m^[22m[39m
     [90m 80 |[39m     }
     [90m 81 |[39m   }
     [90m 82 |[39m[0m

      at warn (api/src/game-engine.js:79:15)
      at loadWorld (tests/game-engine.test.js:33:17)
      at freshSession (tests/game-engine.test.js:38:19)
      at Object.sessionWithPlayer (tests/game-engine.test.js:128:21)

  console.warn
    [world-validation] Room "room-isolated" has no items and no hazards (empty room).

    [0m [90m 77 |[39m   [36mif[39m (validation[33m.[39mwarnings[33m.[39mlength [33m>[39m [35m0[39m) {
     [90m 78 |[39m     [36mfor[39m ([36mconst[39m warning [36mof[39m validation[33m.[39mwarnings) {
    [31m[1m>[22m[39m[90m 79 |[39m       console[33m.[39mwarn([32m`[world-validation] ${warning}`[39m)[33m;[39m
     [90m    |[39m               [31m[1m^[22m[39m
     [90m 80 |[39m     }
     [90m 81 |[39m   }
     [90m 82 |[39m[0m

      at warn (api/src/game-engine.js:79:15)
      at loadWorld (tests/communication.test.js:21:17)
      at freshSession (tests/communication.test.js:26:17)
      at Object.sessionWithPlayers (tests/communication.test.js:232:21)

  console.warn
    [world-validation] Room "room-hub-w" has no items and no hazards (empty room).

    [0m [90m 77 |[39m   [36mif[39m (validation[33m.[39mwarnings[33m.[39mlength [33m>[39m [35m0[39m) {
     [90m 78 |[39m     [36mfor[39m ([36mconst[39m warning [36mof[39m validation[33m.[39mwarnings) {
    [31m[1m>[22m[39m[90m 79 |[39m       console[33m.[39mwarn([32m`[world-validation] ${warning}`[39m)[33m;[39m
     [90m    |[39m               [31m[1m^[22m[39m
     [90m 80 |[39m     }
     [90m 81 |[39m   }
     [90m 82 |[39m[0m

      at warn (api/src/game-engine.js:79:15)
      at loadWorld (tests/game-engine.test.js:33:17)
      at freshSession (tests/game-engine.test.js:38:19)
      at Object.sessionWithPlayer (tests/game-engine.test.js:128:21)

  console.warn
    [world-validation] Room "room-isolated" is an orphan ΓÇö no exits or puzzles connect to it.

    [0m [90m 77 |[39m   [36mif[39m (validation[33m.[39mwarnings[33m.[39mlength [33m>[39m [35m0[39m) {
     [90m 78 |[39m     [36mfor[39m ([36mconst[39m warning [36mof[39m validation[33m.[39mwarnings) {
    [31m[1m>[22m[39m[90m 79 |[39m       console[33m.[39mwarn([32m`[world-validation] ${warning}`[39m)[33m;[39m
     [90m    |[39m               [31m[1m^[22m[39m
     [90m 80 |[39m     }
     [90m 81 |[39m   }
     [90m 82 |[39m[0m

      at warn (api/src/game-engine.js:79:15)
      at loadWorld (tests/communication.test.js:21:17)
      at freshSession (tests/communication.test.js:26:17)
      at Object.sessionWithPlayers (tests/communication.test.js:232:21)

  console.warn
    [world-validation] Room "room-isolated" has no items and no hazards (empty room).

    [0m [90m 77 |[39m   [36mif[39m (validation[33m.[39mwarnings[33m.[39mlength [33m>[39m [35m0[39m) {
     [90m 78 |[39m     [36mfor[39m ([36mconst[39m warning [36mof[39m validation[33m.[39mwarnings) {
    [31m[1m>[22m[39m[90m 79 |[39m       console[33m.[39mwarn([32m`[world-validation] ${warning}`[39m)[33m;[39m
     [90m    |[39m               [31m[1m^[22m[39m
     [90m 80 |[39m     }
     [90m 81 |[39m   }
     [90m 82 |[39m[0m

      at warn (api/src/game-engine.js:79:15)
      at loadWorld (tests/game-engine.test.js:33:17)
      at freshSession (tests/game-engine.test.js:38:19)
      at Object.sessionWithPlayer (tests/game-engine.test.js:128:21)

  console.warn
    [world-validation] Room "room-hub" has no items and no hazards (empty room).

    [0m [90m 77 |[39m   [36mif[39m (validation[33m.[39mwarnings[33m.[39mlength [33m>[39m [35m0[39m) {
     [90m 78 |[39m     [36mfor[39m ([36mconst[39m warning [36mof[39m validation[33m.[39mwarnings) {
    [31m[1m>[22m[39m[90m 79 |[39m       console[33m.[39mwarn([32m`[world-validation] ${warning}`[39m)[33m;[39m
     [90m    |[39m               [31m[1m^[22m[39m
     [90m 80 |[39m     }
     [90m 81 |[39m   }
     [90m 82 |[39m[0m

      at warn (api/src/game-engine.js:79:15)
      at loadWorld (tests/communication.test.js:21:17)
      at freshSession (tests/communication.test.js:26:17)
      at Object.sessionWithPlayers (tests/communication.test.js:241:19)

  console.warn
    [world-validation] Room "room-isolated" is an orphan ΓÇö no exits or puzzles connect to it.

    [0m [90m 77 |[39m   [36mif[39m (validation[33m.[39mwarnings[33m.[39mlength [33m>[39m [35m0[39m) {
     [90m 78 |[39m     [36mfor[39m ([36mconst[39m warning [36mof[39m validation[33m.[39mwarnings) {
    [31m[1m>[22m[39m[90m 79 |[39m       console[33m.[39mwarn([32m`[world-validation] ${warning}`[39m)[33m;[39m
     [90m    |[39m               [31m[1m^[22m[39m
     [90m 80 |[39m     }
     [90m 81 |[39m   }
     [90m 82 |[39m[0m

      at warn (api/src/game-engine.js:79:15)
      at loadWorld (tests/game-engine.test.js:33:17)
      at freshSession (tests/game-engine.test.js:38:19)
      at Object.sessionWithPlayer (tests/game-engine.test.js:128:21)

  console.warn
    [world-validation] Room "room-hub-n" has no items and no hazards (empty room).

    [0m [90m 77 |[39m   [36mif[39m (validation[33m.[39mwarnings[33m.[39mlength [33m>[39m [35m0[39m) {
     [90m 78 |[39m     [36mfor[39m ([36mconst[39m warning [36mof[39m validation[33m.[39mwarnings) {
    [31m[1m>[22m[39m[90m 79 |[39m       console[33m.[39mwarn([32m`[world-validation] ${warning}`[39m)[33m;[39m
     [90m    |[39m               [31m[1m^[22m[39m
     [90m 80 |[39m     }
     [90m 81 |[39m   }
     [90m 82 |[39m[0m

      at warn (api/src/game-engine.js:79:15)
      at loadWorld (tests/communication.test.js:21:17)
      at freshSession (tests/communication.test.js:26:17)
      at Object.sessionWithPlayers (tests/communication.test.js:241:19)

  console.warn
    [world-validation] Room "room-hub" has no items and no hazards (empty room).

    [0m [90m 77 |[39m   [36mif[39m (validation[33m.[39mwarnings[33m.[39mlength [33m>[39m [35m0[39m) {
     [90m 78 |[39m     [36mfor[39m ([36mconst[39m warning [36mof[39m validation[33m.[39mwarnings) {
    [31m[1m>[22m[39m[90m 79 |[39m       console[33m.[39mwarn([32m`[world-validation] ${warning}`[39m)[33m;[39m
     [90m    |[39m               [31m[1m^[22m[39m
     [90m 80 |[39m     }
     [90m 81 |[39m   }
     [90m 82 |[39m[0m

      at warn (api/src/game-engine.js:79:15)
      at loadWorld (tests/game-engine.test.js:33:17)
      at freshSession (tests/game-engine.test.js:38:19)
      at Object.sessionWithPlayer (tests/game-engine.test.js:135:21)

  console.warn
    [world-validation] Room "room-hub-e" has no items and no hazards (empty room).

    [0m [90m 77 |[39m   [36mif[39m (validation[33m.[39mwarnings[33m.[39mlength [33m>[39m [35m0[39m) {
     [90m 78 |[39m     [36mfor[39m ([36mconst[39m warning [36mof[39m validation[33m.[39mwarnings) {
    [31m[1m>[22m[39m[90m 79 |[39m       console[33m.[39mwarn([32m`[world-validation] ${warning}`[39m)[33m;[39m
     [90m    |[39m               [31m[1m^[22m[39m
     [90m 80 |[39m     }
     [90m 81 |[39m   }
     [90m 82 |[39m[0m

      at warn (api/src/game-engine.js:79:15)
      at loadWorld (tests/communication.test.js:21:17)
      at freshSession (tests/communication.test.js:26:17)
      at Object.sessionWithPlayers (tests/communication.test.js:241:19)

  console.warn
    [world-validation] Room "room-hub-n" has no items and no hazards (empty room).

    [0m [90m 77 |[39m   [36mif[39m (validation[33m.[39mwarnings[33m.[39mlength [33m>[39m [35m0[39m) {
     [90m 78 |[39m     [36mfor[39m ([36mconst[39m warning [36mof[39m validation[33m.[39mwarnings) {
    [31m[1m>[22m[39m[90m 79 |[39m       console[33m.[39mwarn([32m`[world-validation] ${warning}`[39m)[33m;[39m
     [90m    |[39m               [31m[1m^[22m[39m
     [90m 80 |[39m     }
     [90m 81 |[39m   }
     [90m 82 |[39m[0m

      at warn (api/src/game-engine.js:79:15)
      at loadWorld (tests/game-engine.test.js:33:17)
      at freshSession (tests/game-engine.test.js:38:19)
      at Object.sessionWithPlayer (tests/game-engine.test.js:135:21)

  console.warn
    [world-validation] Room "room-hub-w" has no items and no hazards (empty room).

    [0m [90m 77 |[39m   [36mif[39m (validation[33m.[39mwarnings[33m.[39mlength [33m>[39m [35m0[39m) {
     [90m 78 |[39m     [36mfor[39m ([36mconst[39m warning [36mof[39m validation[33m.[39mwarnings) {
    [31m[1m>[22m[39m[90m 79 |[39m       console[33m.[39mwarn([32m`[world-validation] ${warning}`[39m)[33m;[39m
     [90m    |[39m               [31m[1m^[22m[39m
     [90m 80 |[39m     }
     [90m 81 |[39m   }
     [90m 82 |[39m[0m

      at warn (api/src/game-engine.js:79:15)
      at loadWorld (tests/communication.test.js:21:17)
      at freshSession (tests/communication.test.js:26:17)
      at Object.sessionWithPlayers (tests/communication.test.js:241:19)

  console.warn
    [world-validation] Room "room-hub-e" has no items and no hazards (empty room).

    [0m [90m 77 |[39m   [36mif[39m (validation[33m.[39mwarnings[33m.[39mlength [33m>[39m [35m0[39m) {
     [90m 78 |[39m     [36mfor[39m ([36mconst[39m warning [36mof[39m validation[33m.[39mwarnings) {
    [31m[1m>[22m[39m[90m 79 |[39m       console[33m.[39mwarn([32m`[world-validation] ${warning}`[39m)[33m;[39m
     [90m    |[39m               [31m[1m^[22m[39m
     [90m 80 |[39m     }
     [90m 81 |[39m   }
     [90m 82 |[39m[0m

      at warn (api/src/game-engine.js:79:15)
      at loadWorld (tests/game-engine.test.js:33:17)
      at freshSession (tests/game-engine.test.js:38:19)
      at Object.sessionWithPlayer (tests/game-engine.test.js:135:21)

  console.warn
    [world-validation] Room "room-isolated" has no items and no hazards (empty room).

    [0m [90m 77 |[39m   [36mif[39m (validation[33m.[39mwarnings[33m.[39mlength [33m>[39m [35m0[39m) {
     [90m 78 |[39m     [36mfor[39m ([36mconst[39m warning [36mof[39m validation[33m.[39mwarnings) {
    [31m[1m>[22m[39m[90m 79 |[39m       console[33m.[39mwarn([32m`[world-validation] ${warning}`[39m)[33m;[39m
     [90m    |[39m               [31m[1m^[22m[39m
     [90m 80 |[39m     }
     [90m 81 |[39m   }
     [90m 82 |[39m[0m

      at warn (api/src/game-engine.js:79:15)
      at loadWorld (tests/communication.test.js:21:17)
      at freshSession (tests/communication.test.js:26:17)
      at Object.sessionWithPlayers (tests/communication.test.js:241:19)

  console.warn
    [world-validation] Room "room-hub-w" has no items and no hazards (empty room).

    [0m [90m 77 |[39m   [36mif[39m (validation[33m.[39mwarnings[33m.[39mlength [33m>[39m [35m0[39m) {
     [90m 78 |[39m     [36mfor[39m ([36mconst[39m warning [36mof[39m validation[33m.[39mwarnings) {
    [31m[1m>[22m[39m[90m 79 |[39m       console[33m.[39mwarn([32m`[world-validation] ${warning}`[39m)[33m;[39m
     [90m    |[39m               [31m[1m^[22m[39m
     [90m 80 |[39m     }
     [90m 81 |[39m   }
     [90m 82 |[39m[0m

      at warn (api/src/game-engine.js:79:15)
      at loadWorld (tests/game-engine.test.js:33:17)
      at freshSession (tests/game-engine.test.js:38:19)
      at Object.sessionWithPlayer (tests/game-engine.test.js:135:21)

  console.warn
    [world-validation] Room "room-isolated" is an orphan ΓÇö no exits or puzzles connect to it.

    [0m [90m 77 |[39m   [36mif[39m (validation[33m.[39mwarnings[33m.[39mlength [33m>[39m [35m0[39m) {
     [90m 78 |[39m     [36mfor[39m ([36mconst[39m warning [36mof[39m validation[33m.[39mwarnings) {
    [31m[1m>[22m[39m[90m 79 |[39m       console[33m.[39mwarn([32m`[world-validation] ${warning}`[39m)[33m;[39m
     [90m    |[39m               [31m[1m^[22m[39m
     [90m 80 |[39m     }
     [90m 81 |[39m   }
     [90m 82 |[39m[0m

      at warn (api/src/game-engine.js:79:15)
      at loadWorld (tests/communication.test.js:21:17)
      at freshSession (tests/communication.test.js:26:17)
      at Object.sessionWithPlayers (tests/communication.test.js:241:19)

  console.warn
    [world-validation] Room "room-isolated" has no items and no hazards (empty room).

    [0m [90m 77 |[39m   [36mif[39m (validation[33m.[39mwarnings[33m.[39mlength [33m>[39m [35m0[39m) {
     [90m 78 |[39m     [36mfor[39m ([36mconst[39m warning [36mof[39m validation[33m.[39mwarnings) {
    [31m[1m>[22m[39m[90m 79 |[39m       console[33m.[39mwarn([32m`[world-validation] ${warning}`[39m)[33m;[39m
     [90m    |[39m               [31m[1m^[22m[39m
     [90m 80 |[39m     }
     [90m 81 |[39m   }
     [90m 82 |[39m[0m

      at warn (api/src/game-engine.js:79:15)
      at loadWorld (tests/game-engine.test.js:33:17)
      at freshSession (tests/game-engine.test.js:38:19)
      at Object.sessionWithPlayer (tests/game-engine.test.js:135:21)

  console.warn
    [world-validation] Room "room-hub" has no items and no hazards (empty room).

    [0m [90m 77 |[39m   [36mif[39m (validation[33m.[39mwarnings[33m.[39mlength [33m>[39m [35m0[39m) {
     [90m 78 |[39m     [36mfor[39m ([36mconst[39m warning [36mof[39m validation[33m.[39mwarnings) {
    [31m[1m>[22m[39m[90m 79 |[39m       console[33m.[39mwarn([32m`[world-validation] ${warning}`[39m)[33m;[39m
     [90m    |[39m               [31m[1m^[22m[39m
     [90m 80 |[39m     }
     [90m 81 |[39m   }
     [90m 82 |[39m[0m

      at warn (api/src/game-engine.js:79:15)
      at loadWorld (tests/communication.test.js:21:17)
      at freshSession (tests/communication.test.js:26:17)
      at Object.sessionWithPlayers (tests/communication.test.js:262:21)

  console.warn
    [world-validation] Room "room-isolated" is an orphan ΓÇö no exits or puzzles connect to it.

    [0m [90m 77 |[39m   [36mif[39m (validation[33m.[39mwarnings[33m.[39mlength [33m>[39m [35m0[39m) {
     [90m 78 |[39m     [36mfor[39m ([36mconst[39m warning [36mof[39m validation[33m.[39mwarnings) {
    [31m[1m>[22m[39m[90m 79 |[39m       console[33m.[39mwarn([32m`[world-validation] ${warning}`[39m)[33m;[39m
     [90m    |[39m               [31m[1m^[22m[39m
     [90m 80 |[39m     }
     [90m 81 |[39m   }
     [90m 82 |[39m[0m

      at warn (api/src/game-engine.js:79:15)
      at loadWorld (tests/game-engine.test.js:33:17)
      at freshSession (tests/game-engine.test.js:38:19)
      at Object.sessionWithPlayer (tests/game-engine.test.js:135:21)

  console.warn
    [world-validation] Room "room-hub-n" has no items and no hazards (empty room).

    [0m [90m 77 |[39m   [36mif[39m (validation[33m.[39mwarnings[33m.[39mlength [33m>[39m [35m0[39m) {
     [90m 78 |[39m     [36mfor[39m ([36mconst[39m warning [36mof[39m validation[33m.[39mwarnings) {
    [31m[1m>[22m[39m[90m 79 |[39m       console[33m.[39mwarn([32m`[world-validation] ${warning}`[39m)[33m;[39m
     [90m    |[39m               [31m[1m^[22m[39m
     [90m 80 |[39m     }
     [90m 81 |[39m   }
     [90m 82 |[39m[0m

      at warn (api/src/game-engine.js:79:15)
      at loadWorld (tests/communication.test.js:21:17)
      at freshSession (tests/communication.test.js:26:17)
      at Object.sessionWithPlayers (tests/communication.test.js:262:21)

  console.warn
    [world-validation] Room "room-hub" has no items and no hazards (empty room).

    [0m [90m 77 |[39m   [36mif[39m (validation[33m.[39mwarnings[33m.[39mlength [33m>[39m [35m0[39m) {
     [90m 78 |[39m     [36mfor[39m ([36mconst[39m warning [36mof[39m validation[33m.[39mwarnings) {
    [31m[1m>[22m[39m[90m 79 |[39m       console[33m.[39mwarn([32m`[world-validation] ${warning}`[39m)[33m;[39m
     [90m    |[39m               [31m[1m^[22m[39m
     [90m 80 |[39m     }
     [90m 81 |[39m   }
     [90m 82 |[39m[0m

      at warn (api/src/game-engine.js:79:15)
      at loadWorld (tests/game-engine.test.js:33:17)
      at freshSession (tests/game-engine.test.js:38:19)
      at Object.sessionWithPlayer (tests/game-engine.test.js:140:21)

  console.warn
    [world-validation] Room "room-hub-e" has no items and no hazards (empty room).

    [0m [90m 77 |[39m   [36mif[39m (validation[33m.[39mwarnings[33m.[39mlength [33m>[39m [35m0[39m) {
     [90m 78 |[39m     [36mfor[39m ([36mconst[39m warning [36mof[39m validation[33m.[39mwarnings) {
    [31m[1m>[22m[39m[90m 79 |[39m       console[33m.[39mwarn([32m`[world-validation] ${warning}`[39m)[33m;[39m
     [90m    |[39m               [31m[1m^[22m[39m
     [90m 80 |[39m     }
     [90m 81 |[39m   }
     [90m 82 |[39m[0m

      at warn (api/src/game-engine.js:79:15)
      at loadWorld (tests/communication.test.js:21:17)
      at freshSession (tests/communication.test.js:26:17)
      at Object.sessionWithPlayers (tests/communication.test.js:262:21)

  console.warn
    [world-validation] Room "room-hub-n" has no items and no hazards (empty room).

    [0m [90m 77 |[39m   [36mif[39m (validation[33m.[39mwarnings[33m.[39mlength [33m>[39m [35m0[39m) {
     [90m 78 |[39m     [36mfor[39m ([36mconst[39m warning [36mof[39m validation[33m.[39mwarnings) {
    [31m[1m>[22m[39m[90m 79 |[39m       console[33m.[39mwarn([32m`[world-validation] ${warning}`[39m)[33m;[39m
     [90m    |[39m               [31m[1m^[22m[39m
     [90m 80 |[39m     }
     [90m 81 |[39m   }
     [90m 82 |[39m[0m

      at warn (api/src/game-engine.js:79:15)
      at loadWorld (tests/game-engine.test.js:33:17)
      at freshSession (tests/game-engine.test.js:38:19)
      at Object.sessionWithPlayer (tests/game-engine.test.js:140:21)

  console.warn
    [world-validation] Room "room-hub-w" has no items and no hazards (empty room).

    [0m [90m 77 |[39m   [36mif[39m (validation[33m.[39mwarnings[33m.[39mlength [33m>[39m [35m0[39m) {
     [90m 78 |[39m     [36mfor[39m ([36mconst[39m warning [36mof[39m validation[33m.[39mwarnings) {
    [31m[1m>[22m[39m[90m 79 |[39m       console[33m.[39mwarn([32m`[world-validation] ${warning}`[39m)[33m;[39m
     [90m    |[39m               [31m[1m^[22m[39m
     [90m 80 |[39m     }
     [90m 81 |[39m   }
     [90m 82 |[39m[0m

      at warn (api/src/game-engine.js:79:15)
      at loadWorld (tests/communication.test.js:21:17)
      at freshSession (tests/communication.test.js:26:17)
      at Object.sessionWithPlayers (tests/communication.test.js:262:21)

  console.warn
    [world-validation] Room "room-hub-e" has no items and no hazards (empty room).

    [0m [90m 77 |[39m   [36mif[39m (validation[33m.[39mwarnings[33m.[39mlength [33m>[39m [35m0[39m) {
     [90m 78 |[39m     [36mfor[39m ([36mconst[39m warning [36mof[39m validation[33m.[39mwarnings) {
    [31m[1m>[22m[39m[90m 79 |[39m       console[33m.[39mwarn([32m`[world-validation] ${warning}`[39m)[33m;[39m
     [90m    |[39m               [31m[1m^[22m[39m
     [90m 80 |[39m     }
     [90m 81 |[39m   }
     [90m 82 |[39m[0m

      at warn (api/src/game-engine.js:79:15)
      at loadWorld (tests/game-engine.test.js:33:17)
      at freshSession (tests/game-engine.test.js:38:19)
      at Object.sessionWithPlayer (tests/game-engine.test.js:140:21)

  console.warn
    [world-validation] Room "room-isolated" has no items and no hazards (empty room).

    [0m [90m 77 |[39m   [36mif[39m (validation[33m.[39mwarnings[33m.[39mlength [33m>[39m [35m0[39m) {
     [90m 78 |[39m     [36mfor[39m ([36mconst[39m warning [36mof[39m validation[33m.[39mwarnings) {
    [31m[1m>[22m[39m[90m 79 |[39m       console[33m.[39mwarn([32m`[world-validation] ${warning}`[39m)[33m;[39m
     [90m    |[39m               [31m[1m^[22m[39m
     [90m 80 |[39m     }
     [90m 81 |[39m   }
     [90m 82 |[39m[0m

      at warn (api/src/game-engine.js:79:15)
      at loadWorld (tests/communication.test.js:21:17)
      at freshSession (tests/communication.test.js:26:17)
      at Object.sessionWithPlayers (tests/communication.test.js:262:21)

  console.warn
    [world-validation] Room "room-hub-w" has no items and no hazards (empty room).

    [0m [90m 77 |[39m   [36mif[39m (validation[33m.[39mwarnings[33m.[39mlength [33m>[39m [35m0[39m) {
     [90m 78 |[39m     [36mfor[39m ([36mconst[39m warning [36mof[39m validation[33m.[39mwarnings) {
    [31m[1m>[22m[39m[90m 79 |[39m       console[33m.[39mwarn([32m`[world-validation] ${warning}`[39m)[33m;[39m
     [90m    |[39m               [31m[1m^[22m[39m
     [90m 80 |[39m     }
     [90m 81 |[39m   }
     [90m 82 |[39m[0m

      at warn (api/src/game-engine.js:79:15)
      at loadWorld (tests/game-engine.test.js:33:17)
      at freshSession (tests/game-engine.test.js:38:19)
      at Object.sessionWithPlayer (tests/game-engine.test.js:140:21)

  console.warn
    [world-validation] Room "room-isolated" is an orphan ΓÇö no exits or puzzles connect to it.

    [0m [90m 77 |[39m   [36mif[39m (validation[33m.[39mwarnings[33m.[39mlength [33m>[39m [35m0[39m) {
     [90m 78 |[39m     [36mfor[39m ([36mconst[39m warning [36mof[39m validation[33m.[39mwarnings) {
    [31m[1m>[22m[39m[90m 79 |[39m       console[33m.[39mwarn([32m`[world-validation] ${warning}`[39m)[33m;[39m
     [90m    |[39m               [31m[1m^[22m[39m
     [90m 80 |[39m     }
     [90m 81 |[39m   }
     [90m 82 |[39m[0m

      at warn (api/src/game-engine.js:79:15)
      at loadWorld (tests/communication.test.js:21:17)
      at freshSession (tests/communication.test.js:26:17)
      at Object.sessionWithPlayers (tests/communication.test.js:262:21)

  console.warn
    [world-validation] Room "room-isolated" has no items and no hazards (empty room).

    [0m [90m 77 |[39m   [36mif[39m (validation[33m.[39mwarnings[33m.[39mlength [33m>[39m [35m0[39m) {
     [90m 78 |[39m     [36mfor[39m ([36mconst[39m warning [36mof[39m validation[33m.[39mwarnings) {
    [31m[1m>[22m[39m[90m 79 |[39m       console[33m.[39mwarn([32m`[world-validation] ${warning}`[39m)[33m;[39m
     [90m    |[39m               [31m[1m^[22m[39m
     [90m 80 |[39m     }
     [90m 81 |[39m   }
     [90m 82 |[39m[0m

      at warn (api/src/game-engine.js:79:15)
      at loadWorld (tests/game-engine.test.js:33:17)
      at freshSession (tests/game-engine.test.js:38:19)
      at Object.sessionWithPlayer (tests/game-engine.test.js:140:21)

  console.warn
    [world-validation] Room "room-hub" has no items and no hazards (empty room).

    [0m [90m 77 |[39m   [36mif[39m (validation[33m.[39mwarnings[33m.[39mlength [33m>[39m [35m0[39m) {
     [90m 78 |[39m     [36mfor[39m ([36mconst[39m warning [36mof[39m validation[33m.[39mwarnings) {
    [31m[1m>[22m[39m[90m 79 |[39m       console[33m.[39mwarn([32m`[world-validation] ${warning}`[39m)[33m;[39m
     [90m    |[39m               [31m[1m^[22m[39m
     [90m 80 |[39m     }
     [90m 81 |[39m   }
     [90m 82 |[39m[0m

      at warn (api/src/game-engine.js:79:15)
      at loadWorld (tests/communication.test.js:21:17)
      at freshSession (tests/communication.test.js:26:17)
      at Object.sessionWithPlayers (tests/communication.test.js:270:21)

  console.warn
    [world-validation] Room "room-isolated" is an orphan ΓÇö no exits or puzzles connect to it.

    [0m [90m 77 |[39m   [36mif[39m (validation[33m.[39mwarnings[33m.[39mlength [33m>[39m [35m0[39m) {
     [90m 78 |[39m     [36mfor[39m ([36mconst[39m warning [36mof[39m validation[33m.[39mwarnings) {
    [31m[1m>[22m[39m[90m 79 |[39m       console[33m.[39mwarn([32m`[world-validation] ${warning}`[39m)[33m;[39m
     [90m    |[39m               [31m[1m^[22m[39m
     [90m 80 |[39m     }
     [90m 81 |[39m   }
     [90m 82 |[39m[0m

      at warn (api/src/game-engine.js:79:15)
      at loadWorld (tests/game-engine.test.js:33:17)
      at freshSession (tests/game-engine.test.js:38:19)
      at Object.sessionWithPlayer (tests/game-engine.test.js:140:21)

  console.warn
    [world-validation] Room "room-hub-n" has no items and no hazards (empty room).

    [0m [90m 77 |[39m   [36mif[39m (validation[33m.[39mwarnings[33m.[39mlength [33m>[39m [35m0[39m) {
     [90m 78 |[39m     [36mfor[39m ([36mconst[39m warning [36mof[39m validation[33m.[39mwarnings) {
    [31m[1m>[22m[39m[90m 79 |[39m       console[33m.[39mwarn([32m`[world-validation] ${warning}`[39m)[33m;[39m
     [90m    |[39m               [31m[1m^[22m[39m
     [90m 80 |[39m     }
     [90m 81 |[39m   }
     [90m 82 |[39m[0m

      at warn (api/src/game-engine.js:79:15)
      at loadWorld (tests/communication.test.js:21:17)
      at freshSession (tests/communication.test.js:26:17)
      at Object.sessionWithPlayers (tests/communication.test.js:270:21)

  console.warn
    [world-validation] Room "room-hub" has no items and no hazards (empty room).

    [0m [90m 77 |[39m   [36mif[39m (validation[33m.[39mwarnings[33m.[39mlength [33m>[39m [35m0[39m) {
     [90m 78 |[39m     [36mfor[39m ([36mconst[39m warning [36mof[39m validation[33m.[39mwarnings) {
    [31m[1m>[22m[39m[90m 79 |[39m       console[33m.[39mwarn([32m`[world-validation] ${warning}`[39m)[33m;[39m
     [90m    |[39m               [31m[1m^[22m[39m
     [90m 80 |[39m     }
     [90m 81 |[39m   }
     [90m 82 |[39m[0m

      at warn (api/src/game-engine.js:79:15)
      at loadWorld (tests/game-engine.test.js:33:17)
      at freshSession (tests/game-engine.test.js:43:17)
      at Object.sessionWithPlayers (tests/game-engine.test.js:145:21)

  console.warn
    [world-validation] Room "room-hub-e" has no items and no hazards (empty room).

    [0m [90m 77 |[39m   [36mif[39m (validation[33m.[39mwarnings[33m.[39mlength [33m>[39m [35m0[39m) {
     [90m 78 |[39m     [36mfor[39m ([36mconst[39m warning [36mof[39m validation[33m.[39mwarnings) {
    [31m[1m>[22m[39m[90m 79 |[39m       console[33m.[39mwarn([32m`[world-validation] ${warning}`[39m)[33m;[39m
     [90m    |[39m               [31m[1m^[22m[39m
     [90m 80 |[39m     }
     [90m 81 |[39m   }
     [90m 82 |[39m[0m

      at warn (api/src/game-engine.js:79:15)
      at loadWorld (tests/communication.test.js:21:17)
      at freshSession (tests/communication.test.js:26:17)
      at Object.sessionWithPlayers (tests/communication.test.js:270:21)

  console.warn
    [world-validation] Room "room-hub-n" has no items and no hazards (empty room).

    [0m [90m 77 |[39m   [36mif[39m (validation[33m.[39mwarnings[33m.[39mlength [33m>[39m [35m0[39m) {
     [90m 78 |[39m     [36mfor[39m ([36mconst[39m warning [36mof[39m validation[33m.[39mwarnings) {
    [31m[1m>[22m[39m[90m 79 |[39m       console[33m.[39mwarn([32m`[world-validation] ${warning}`[39m)[33m;[39m
     [90m    |[39m               [31m[1m^[22m[39m
     [90m 80 |[39m     }
     [90m 81 |[39m   }
     [90m 82 |[39m[0m

      at warn (api/src/game-engine.js:79:15)
      at loadWorld (tests/game-engine.test.js:33:17)
      at freshSession (tests/game-engine.test.js:43:17)
      at Object.sessionWithPlayers (tests/game-engine.test.js:145:21)

  console.warn
    [world-validation] Room "room-hub-w" has no items and no hazards (empty room).

    [0m [90m 77 |[39m   [36mif[39m (validation[33m.[39mwarnings[33m.[39mlength [33m>[39m [35m0[39m) {
     [90m 78 |[39m     [36mfor[39m ([36mconst[39m warning [36mof[39m validation[33m.[39mwarnings) {
    [31m[1m>[22m[39m[90m 79 |[39m       console[33m.[39mwarn([32m`[world-validation] ${warning}`[39m)[33m;[39m
     [90m    |[39m               [31m[1m^[22m[39m
     [90m 80 |[39m     }
     [90m 81 |[39m   }
     [90m 82 |[39m[0m

      at warn (api/src/game-engine.js:79:15)
      at loadWorld (tests/communication.test.js:21:17)
      at freshSession (tests/communication.test.js:26:17)
      at Object.sessionWithPlayers (tests/communication.test.js:270:21)

  console.warn
    [world-validation] Room "room-hub-e" has no items and no hazards (empty room).

    [0m [90m 77 |[39m   [36mif[39m (validation[33m.[39mwarnings[33m.[39mlength [33m>[39m [35m0[39m) {
     [90m 78 |[39m     [36mfor[39m ([36mconst[39m warning [36mof[39m validation[33m.[39mwarnings) {
    [31m[1m>[22m[39m[90m 79 |[39m       console[33m.[39mwarn([32m`[world-validation] ${warning}`[39m)[33m;[39m
     [90m    |[39m               [31m[1m^[22m[39m
     [90m 80 |[39m     }
     [90m 81 |[39m   }
     [90m 82 |[39m[0m

      at warn (api/src/game-engine.js:79:15)
      at loadWorld (tests/game-engine.test.js:33:17)
      at freshSession (tests/game-engine.test.js:43:17)
      at Object.sessionWithPlayers (tests/game-engine.test.js:145:21)

  console.warn
    [world-validation] Room "room-isolated" has no items and no hazards (empty room).

    [0m [90m 77 |[39m   [36mif[39m (validation[33m.[39mwarnings[33m.[39mlength [33m>[39m [35m0[39m) {
     [90m 78 |[39m     [36mfor[39m ([36mconst[39m warning [36mof[39m validation[33m.[39mwarnings) {
    [31m[1m>[22m[39m[90m 79 |[39m       console[33m.[39mwarn([32m`[world-validation] ${warning}`[39m)[33m;[39m
     [90m    |[39m               [31m[1m^[22m[39m
     [90m 80 |[39m     }
     [90m 81 |[39m   }
     [90m 82 |[39m[0m

      at warn (api/src/game-engine.js:79:15)
      at loadWorld (tests/communication.test.js:21:17)
      at freshSession (tests/communication.test.js:26:17)
      at Object.sessionWithPlayers (tests/communication.test.js:270:21)

  console.warn
    [world-validation] Room "room-hub-w" has no items and no hazards (empty room).

    [0m [90m 77 |[39m   [36mif[39m (validation[33m.[39mwarnings[33m.[39mlength [33m>[39m [35m0[39m) {
     [90m 78 |[39m     [36mfor[39m ([36mconst[39m warning [36mof[39m validation[33m.[39mwarnings) {
    [31m[1m>[22m[39m[90m 79 |[39m       console[33m.[39mwarn([32m`[world-validation] ${warning}`[39m)[33m;[39m
     [90m    |[39m               [31m[1m^[22m[39m
     [90m 80 |[39m     }
     [90m 81 |[39m   }
     [90m 82 |[39m[0m

      at warn (api/src/game-engine.js:79:15)
      at loadWorld (tests/game-engine.test.js:33:17)
      at freshSession (tests/game-engine.test.js:43:17)
      at Object.sessionWithPlayers (tests/game-engine.test.js:145:21)

  console.warn
    [world-validation] Room "room-isolated" is an orphan ΓÇö no exits or puzzles connect to it.

    [0m [90m 77 |[39m   [36mif[39m (validation[33m.[39mwarnings[33m.[39mlength [33m>[39m [35m0[39m) {
     [90m 78 |[39m     [36mfor[39m ([36mconst[39m warning [36mof[39m validation[33m.[39mwarnings) {
    [31m[1m>[22m[39m[90m 79 |[39m       console[33m.[39mwarn([32m`[world-validation] ${warning}`[39m)[33m;[39m
     [90m    |[39m               [31m[1m^[22m[39m
     [90m 80 |[39m     }
     [90m 81 |[39m   }
     [90m 82 |[39m[0m

      at warn (api/src/game-engine.js:79:15)
      at loadWorld (tests/communication.test.js:21:17)
      at freshSession (tests/communication.test.js:26:17)
      at Object.sessionWithPlayers (tests/communication.test.js:270:21)

  console.warn
    [world-validation] Room "room-isolated" has no items and no hazards (empty room).

    [0m [90m 77 |[39m   [36mif[39m (validation[33m.[39mwarnings[33m.[39mlength [33m>[39m [35m0[39m) {
     [90m 78 |[39m     [36mfor[39m ([36mconst[39m warning [36mof[39m validation[33m.[39mwarnings) {
    [31m[1m>[22m[39m[90m 79 |[39m       console[33m.[39mwarn([32m`[world-validation] ${warning}`[39m)[33m;[39m
     [90m    |[39m               [31m[1m^[22m[39m
     [90m 80 |[39m     }
     [90m 81 |[39m   }
     [90m 82 |[39m[0m

      at warn (api/src/game-engine.js:79:15)
      at loadWorld (tests/game-engine.test.js:33:17)
      at freshSession (tests/game-engine.test.js:43:17)
      at Object.sessionWithPlayers (tests/game-engine.test.js:145:21)

  console.warn
    [world-validation] Room "room-hub" has no items and no hazards (empty room).

    [0m [90m 77 |[39m   [36mif[39m (validation[33m.[39mwarnings[33m.[39mlength [33m>[39m [35m0[39m) {
     [90m 78 |[39m     [36mfor[39m ([36mconst[39m warning [36mof[39m validation[33m.[39mwarnings) {
    [31m[1m>[22m[39m[90m 79 |[39m       console[33m.[39mwarn([32m`[world-validation] ${warning}`[39m)[33m;[39m
     [90m    |[39m               [31m[1m^[22m[39m
     [90m 80 |[39m     }
     [90m 81 |[39m   }
     [90m 82 |[39m[0m

      at warn (api/src/game-engine.js:79:15)
      at loadWorld (tests/communication.test.js:21:17)
      at freshSession (tests/communication.test.js:26:17)
      at Object.sessionWithPlayers (tests/communication.test.js:281:19)

  console.warn
    [world-validation] Room "room-isolated" is an orphan ΓÇö no exits or puzzles connect to it.

    [0m [90m 77 |[39m   [36mif[39m (validation[33m.[39mwarnings[33m.[39mlength [33m>[39m [35m0[39m) {
     [90m 78 |[39m     [36mfor[39m ([36mconst[39m warning [36mof[39m validation[33m.[39mwarnings) {
    [31m[1m>[22m[39m[90m 79 |[39m       console[33m.[39mwarn([32m`[world-validation] ${warning}`[39m)[33m;[39m
     [90m    |[39m               [31m[1m^[22m[39m
     [90m 80 |[39m     }
     [90m 81 |[39m   }
     [90m 82 |[39m[0m

      at warn (api/src/game-engine.js:79:15)
      at loadWorld (tests/game-engine.test.js:33:17)
      at freshSession (tests/game-engine.test.js:43:17)
      at Object.sessionWithPlayers (tests/game-engine.test.js:145:21)

  console.warn
    [world-validation] Room "room-hub-n" has no items and no hazards (empty room).

    [0m [90m 77 |[39m   [36mif[39m (validation[33m.[39mwarnings[33m.[39mlength [33m>[39m [35m0[39m) {
     [90m 78 |[39m     [36mfor[39m ([36mconst[39m warning [36mof[39m validation[33m.[39mwarnings) {
    [31m[1m>[22m[39m[90m 79 |[39m       console[33m.[39mwarn([32m`[world-validation] ${warning}`[39m)[33m;[39m
     [90m    |[39m               [31m[1m^[22m[39m
     [90m 80 |[39m     }
     [90m 81 |[39m   }
     [90m 82 |[39m[0m

      at warn (api/src/game-engine.js:79:15)
      at loadWorld (tests/communication.test.js:21:17)
      at freshSession (tests/communication.test.js:26:17)
      at Object.sessionWithPlayers (tests/communication.test.js:281:19)

  console.warn
    [world-validation] Room "room-hub" has no items and no hazards (empty room).

    [0m [90m 77 |[39m   [36mif[39m (validation[33m.[39mwarnings[33m.[39mlength [33m>[39m [35m0[39m) {
     [90m 78 |[39m     [36mfor[39m ([36mconst[39m warning [36mof[39m validation[33m.[39mwarnings) {
    [31m[1m>[22m[39m[90m 79 |[39m       console[33m.[39mwarn([32m`[world-validation] ${warning}`[39m)[33m;[39m
     [90m    |[39m               [31m[1m^[22m[39m
     [90m 80 |[39m     }
     [90m 81 |[39m   }
     [90m 82 |[39m[0m

      at warn (api/src/game-engine.js:79:15)
      at loadWorld (tests/game-engine.test.js:33:17)
      at freshSession (tests/game-engine.test.js:43:17)
      at Object.sessionWithPlayers (tests/game-engine.test.js:152:19)

  console.warn
    [world-validation] Room "room-hub-e" has no items and no hazards (empty room).

    [0m [90m 77 |[39m   [36mif[39m (validation[33m.[39mwarnings[33m.[39mlength [33m>[39m [35m0[39m) {
     [90m 78 |[39m     [36mfor[39m ([36mconst[39m warning [36mof[39m validation[33m.[39mwarnings) {
    [31m[1m>[22m[39m[90m 79 |[39m       console[33m.[39mwarn([32m`[world-validation] ${warning}`[39m)[33m;[39m
     [90m    |[39m               [31m[1m^[22m[39m
     [90m 80 |[39m     }
     [90m 81 |[39m   }
     [90m 82 |[39m[0m

      at warn (api/src/game-engine.js:79:15)
      at loadWorld (tests/communication.test.js:21:17)
      at freshSession (tests/communication.test.js:26:17)
      at Object.sessionWithPlayers (tests/communication.test.js:281:19)

  console.warn
    [world-validation] Room "room-hub-n" has no items and no hazards (empty room).

    [0m [90m 77 |[39m   [36mif[39m (validation[33m.[39mwarnings[33m.[39mlength [33m>[39m [35m0[39m) {
     [90m 78 |[39m     [36mfor[39m ([36mconst[39m warning [36mof[39m validation[33m.[39mwarnings) {
    [31m[1m>[22m[39m[90m 79 |[39m       console[33m.[39mwarn([32m`[world-validation] ${warning}`[39m)[33m;[39m
     [90m    |[39m               [31m[1m^[22m[39m
     [90m 80 |[39m     }
     [90m 81 |[39m   }
     [90m 82 |[39m[0m

      at warn (api/src/game-engine.js:79:15)
      at loadWorld (tests/game-engine.test.js:33:17)
      at freshSession (tests/game-engine.test.js:43:17)
      at Object.sessionWithPlayers (tests/game-engine.test.js:152:19)

  console.warn
    [world-validation] Room "room-hub-w" has no items and no hazards (empty room).

    [0m [90m 77 |[39m   [36mif[39m (validation[33m.[39mwarnings[33m.[39mlength [33m>[39m [35m0[39m) {
     [90m 78 |[39m     [36mfor[39m ([36mconst[39m warning [36mof[39m validation[33m.[39mwarnings) {
    [31m[1m>[22m[39m[90m 79 |[39m       console[33m.[39mwarn([32m`[world-validation] ${warning}`[39m)[33m;[39m
     [90m    |[39m               [31m[1m^[22m[39m
     [90m 80 |[39m     }
     [90m 81 |[39m   }
     [90m 82 |[39m[0m

      at warn (api/src/game-engine.js:79:15)
      at loadWorld (tests/communication.test.js:21:17)
      at freshSession (tests/communication.test.js:26:17)
      at Object.sessionWithPlayers (tests/communication.test.js:281:19)

  console.warn
    [world-validation] Room "room-hub-e" has no items and no hazards (empty room).

    [0m [90m 77 |[39m   [36mif[39m (validation[33m.[39mwarnings[33m.[39mlength [33m>[39m [35m0[39m) {
     [90m 78 |[39m     [36mfor[39m ([36mconst[39m warning [36mof[39m validation[33m.[39mwarnings) {
    [31m[1m>[22m[39m[90m 79 |[39m       console[33m.[39mwarn([32m`[world-validation] ${warning}`[39m)[33m;[39m
     [90m    |[39m               [31m[1m^[22m[39m
     [90m 80 |[39m     }
     [90m 81 |[39m   }
     [90m 82 |[39m[0m

      at warn (api/src/game-engine.js:79:15)
      at loadWorld (tests/game-engine.test.js:33:17)
      at freshSession (tests/game-engine.test.js:43:17)
      at Object.sessionWithPlayers (tests/game-engine.test.js:152:19)

  console.warn
    [world-validation] Room "room-isolated" has no items and no hazards (empty room).

    [0m [90m 77 |[39m   [36mif[39m (validation[33m.[39mwarnings[33m.[39mlength [33m>[39m [35m0[39m) {
     [90m 78 |[39m     [36mfor[39m ([36mconst[39m warning [36mof[39m validation[33m.[39mwarnings) {
    [31m[1m>[22m[39m[90m 79 |[39m       console[33m.[39mwarn([32m`[world-validation] ${warning}`[39m)[33m;[39m
     [90m    |[39m               [31m[1m^[22m[39m
     [90m 80 |[39m     }
     [90m 81 |[39m   }
     [90m 82 |[39m[0m

      at warn (api/src/game-engine.js:79:15)
      at loadWorld (tests/communication.test.js:21:17)
      at freshSession (tests/communication.test.js:26:17)
      at Object.sessionWithPlayers (tests/communication.test.js:281:19)

  console.warn
    [world-validation] Room "room-hub-w" has no items and no hazards (empty room).

    [0m [90m 77 |[39m   [36mif[39m (validation[33m.[39mwarnings[33m.[39mlength [33m>[39m [35m0[39m) {
     [90m 78 |[39m     [36mfor[39m ([36mconst[39m warning [36mof[39m validation[33m.[39mwarnings) {
    [31m[1m>[22m[39m[90m 79 |[39m       console[33m.[39mwarn([32m`[world-validation] ${warning}`[39m)[33m;[39m
     [90m    |[39m               [31m[1m^[22m[39m
     [90m 80 |[39m     }
     [90m 81 |[39m   }
     [90m 82 |[39m[0m

      at warn (api/src/game-engine.js:79:15)
      at loadWorld (tests/game-engine.test.js:33:17)
      at freshSession (tests/game-engine.test.js:43:17)
      at Object.sessionWithPlayers (tests/game-engine.test.js:152:19)

  console.warn
    [world-validation] Room "room-isolated" is an orphan ΓÇö no exits or puzzles connect to it.

    [0m [90m 77 |[39m   [36mif[39m (validation[33m.[39mwarnings[33m.[39mlength [33m>[39m [35m0[39m) {
     [90m 78 |[39m     [36mfor[39m ([36mconst[39m warning [36mof[39m validation[33m.[39mwarnings) {
    [31m[1m>[22m[39m[90m 79 |[39m       console[33m.[39mwarn([32m`[world-validation] ${warning}`[39m)[33m;[39m
     [90m    |[39m               [31m[1m^[22m[39m
     [90m 80 |[39m     }
     [90m 81 |[39m   }
     [90m 82 |[39m[0m

      at warn (api/src/game-engine.js:79:15)
      at loadWorld (tests/communication.test.js:21:17)
      at freshSession (tests/communication.test.js:26:17)
      at Object.sessionWithPlayers (tests/communication.test.js:281:19)

  console.warn
    [world-validation] Room "room-isolated" has no items and no hazards (empty room).

    [0m [90m 77 |[39m   [36mif[39m (validation[33m.[39mwarnings[33m.[39mlength [33m>[39m [35m0[39m) {
     [90m 78 |[39m     [36mfor[39m ([36mconst[39m warning [36mof[39m validation[33m.[39mwarnings) {
    [31m[1m>[22m[39m[90m 79 |[39m       console[33m.[39mwarn([32m`[world-validation] ${warning}`[39m)[33m;[39m
     [90m    |[39m               [31m[1m^[22m[39m
     [90m 80 |[39m     }
     [90m 81 |[39m   }
     [90m 82 |[39m[0m

      at warn (api/src/game-engine.js:79:15)
      at loadWorld (tests/game-engine.test.js:33:17)
      at freshSession (tests/game-engine.test.js:43:17)
      at Object.sessionWithPlayers (tests/game-engine.test.js:152:19)

  console.warn
    [world-validation] Room "room-hub" has no items and no hazards (empty room).

    [0m [90m 77 |[39m   [36mif[39m (validation[33m.[39mwarnings[33m.[39mlength [33m>[39m [35m0[39m) {
     [90m 78 |[39m     [36mfor[39m ([36mconst[39m warning [36mof[39m validation[33m.[39mwarnings) {
    [31m[1m>[22m[39m[90m 79 |[39m       console[33m.[39mwarn([32m`[world-validation] ${warning}`[39m)[33m;[39m
     [90m    |[39m               [31m[1m^[22m[39m
     [90m 80 |[39m     }
     [90m 81 |[39m   }
     [90m 82 |[39m[0m

      at warn (api/src/game-engine.js:79:15)
      at loadWorld (tests/communication.test.js:21:17)
      at freshSession (tests/communication.test.js:26:17)
      at Object.sessionWithPlayers (tests/communication.test.js:291:19)

  console.warn
    [world-validation] Room "room-isolated" is an orphan ΓÇö no exits or puzzles connect to it.

    [0m [90m 77 |[39m   [36mif[39m (validation[33m.[39mwarnings[33m.[39mlength [33m>[39m [35m0[39m) {
     [90m 78 |[39m     [36mfor[39m ([36mconst[39m warning [36mof[39m validation[33m.[39mwarnings) {
    [31m[1m>[22m[39m[90m 79 |[39m       console[33m.[39mwarn([32m`[world-validation] ${warning}`[39m)[33m;[39m
     [90m    |[39m               [31m[1m^[22m[39m
     [90m 80 |[39m     }
     [90m 81 |[39m   }
     [90m 82 |[39m[0m

      at warn (api/src/game-engine.js:79:15)
      at loadWorld (tests/game-engine.test.js:33:17)
      at freshSession (tests/game-engine.test.js:43:17)
      at Object.sessionWithPlayers (tests/game-engine.test.js:152:19)

  console.warn
    [world-validation] Room "room-hub-n" has no items and no hazards (empty room).

    [0m [90m 77 |[39m   [36mif[39m (validation[33m.[39mwarnings[33m.[39mlength [33m>[39m [35m0[39m) {
     [90m 78 |[39m     [36mfor[39m ([36mconst[39m warning [36mof[39m validation[33m.[39mwarnings) {
    [31m[1m>[22m[39m[90m 79 |[39m       console[33m.[39mwarn([32m`[world-validation] ${warning}`[39m)[33m;[39m
     [90m    |[39m               [31m[1m^[22m[39m
     [90m 80 |[39m     }
     [90m 81 |[39m   }
     [90m 82 |[39m[0m

      at warn (api/src/game-engine.js:79:15)
      at loadWorld (tests/communication.test.js:21:17)
      at freshSession (tests/communication.test.js:26:17)
      at Object.sessionWithPlayers (tests/communication.test.js:291:19)

  console.warn
    [world-validation] Room "room-hub" has no items and no hazards (empty room).

    [0m [90m 77 |[39m   [36mif[39m (validation[33m.[39mwarnings[33m.[39mlength [33m>[39m [35m0[39m) {
     [90m 78 |[39m     [36mfor[39m ([36mconst[39m warning [36mof[39m validation[33m.[39mwarnings) {
    [31m[1m>[22m[39m[90m 79 |[39m       console[33m.[39mwarn([32m`[world-validation] ${warning}`[39m)[33m;[39m
     [90m    |[39m               [31m[1m^[22m[39m
     [90m 80 |[39m     }
     [90m 81 |[39m   }
     [90m 82 |[39m[0m

      at warn (api/src/game-engine.js:79:15)
      at loadWorld (tests/game-engine.test.js:33:17)
      at freshSession (tests/game-engine.test.js:38:19)
      at Object.sessionWithPlayer (tests/game-engine.test.js:159:19)

  console.warn
    [world-validation] Room "room-hub-e" has no items and no hazards (empty room).

    [0m [90m 77 |[39m   [36mif[39m (validation[33m.[39mwarnings[33m.[39mlength [33m>[39m [35m0[39m) {
     [90m 78 |[39m     [36mfor[39m ([36mconst[39m warning [36mof[39m validation[33m.[39mwarnings) {
    [31m[1m>[22m[39m[90m 79 |[39m       console[33m.[39mwarn([32m`[world-validation] ${warning}`[39m)[33m;[39m
     [90m    |[39m               [31m[1m^[22m[39m
     [90m 80 |[39m     }
     [90m 81 |[39m   }
     [90m 82 |[39m[0m

      at warn (api/src/game-engine.js:79:15)
      at loadWorld (tests/communication.test.js:21:17)
      at freshSession (tests/communication.test.js:26:17)
      at Object.sessionWithPlayers (tests/communication.test.js:291:19)

  console.warn
    [world-validation] Room "room-hub-n" has no items and no hazards (empty room).

    [0m [90m 77 |[39m   [36mif[39m (validation[33m.[39mwarnings[33m.[39mlength [33m>[39m [35m0[39m) {
     [90m 78 |[39m     [36mfor[39m ([36mconst[39m warning [36mof[39m validation[33m.[39mwarnings) {
    [31m[1m>[22m[39m[90m 79 |[39m       console[33m.[39mwarn([32m`[world-validation] ${warning}`[39m)[33m;[39m
     [90m    |[39m               [31m[1m^[22m[39m
     [90m 80 |[39m     }
     [90m 81 |[39m   }
     [90m 82 |[39m[0m

      at warn (api/src/game-engine.js:79:15)
      at loadWorld (tests/game-engine.test.js:33:17)
      at freshSession (tests/game-engine.test.js:38:19)
      at Object.sessionWithPlayer (tests/game-engine.test.js:159:19)

  console.warn
    [world-validation] Room "room-hub-w" has no items and no hazards (empty room).

    [0m [90m 77 |[39m   [36mif[39m (validation[33m.[39mwarnings[33m.[39mlength [33m>[39m [35m0[39m) {
     [90m 78 |[39m     [36mfor[39m ([36mconst[39m warning [36mof[39m validation[33m.[39mwarnings) {
    [31m[1m>[22m[39m[90m 79 |[39m       console[33m.[39mwarn([32m`[world-validation] ${warning}`[39m)[33m;[39m
     [90m    |[39m               [31m[1m^[22m[39m
     [90m 80 |[39m     }
     [90m 81 |[39m   }
     [90m 82 |[39m[0m

      at warn (api/src/game-engine.js:79:15)
      at loadWorld (tests/communication.test.js:21:17)
      at freshSession (tests/communication.test.js:26:17)
      at Object.sessionWithPlayers (tests/communication.test.js:291:19)

  console.warn
    [world-validation] Room "room-hub-e" has no items and no hazards (empty room).

    [0m [90m 77 |[39m   [36mif[39m (validation[33m.[39mwarnings[33m.[39mlength [33m>[39m [35m0[39m) {
     [90m 78 |[39m     [36mfor[39m ([36mconst[39m warning [36mof[39m validation[33m.[39mwarnings) {
    [31m[1m>[22m[39m[90m 79 |[39m       console[33m.[39mwarn([32m`[world-validation] ${warning}`[39m)[33m;[39m
     [90m    |[39m               [31m[1m^[22m[39m
     [90m 80 |[39m     }
     [90m 81 |[39m   }
     [90m 82 |[39m[0m

      at warn (api/src/game-engine.js:79:15)
      at loadWorld (tests/game-engine.test.js:33:17)
      at freshSession (tests/game-engine.test.js:38:19)
      at Object.sessionWithPlayer (tests/game-engine.test.js:159:19)

  console.warn
    [world-validation] Room "room-isolated" has no items and no hazards (empty room).

    [0m [90m 77 |[39m   [36mif[39m (validation[33m.[39mwarnings[33m.[39mlength [33m>[39m [35m0[39m) {
     [90m 78 |[39m     [36mfor[39m ([36mconst[39m warning [36mof[39m validation[33m.[39mwarnings) {
    [31m[1m>[22m[39m[90m 79 |[39m       console[33m.[39mwarn([32m`[world-validation] ${warning}`[39m)[33m;[39m
     [90m    |[39m               [31m[1m^[22m[39m
     [90m 80 |[39m     }
     [90m 81 |[39m   }
     [90m 82 |[39m[0m

      at warn (api/src/game-engine.js:79:15)
      at loadWorld (tests/communication.test.js:21:17)
      at freshSession (tests/communication.test.js:26:17)
      at Object.sessionWithPlayers (tests/communication.test.js:291:19)

  console.warn
    [world-validation] Room "room-hub-w" has no items and no hazards (empty room).

    [0m [90m 77 |[39m   [36mif[39m (validation[33m.[39mwarnings[33m.[39mlength [33m>[39m [35m0[39m) {
     [90m 78 |[39m     [36mfor[39m ([36mconst[39m warning [36mof[39m validation[33m.[39mwarnings) {
    [31m[1m>[22m[39m[90m 79 |[39m       console[33m.[39mwarn([32m`[world-validation] ${warning}`[39m)[33m;[39m
     [90m    |[39m               [31m[1m^[22m[39m
     [90m 80 |[39m     }
     [90m 81 |[39m   }
     [90m 82 |[39m[0m

      at warn (api/src/game-engine.js:79:15)
      at loadWorld (tests/game-engine.test.js:33:17)
      at freshSession (tests/game-engine.test.js:38:19)
      at Object.sessionWithPlayer (tests/game-engine.test.js:159:19)

  console.warn
    [world-validation] Room "room-isolated" is an orphan ΓÇö no exits or puzzles connect to it.

    [0m [90m 77 |[39m   [36mif[39m (validation[33m.[39mwarnings[33m.[39mlength [33m>[39m [35m0[39m) {
     [90m 78 |[39m     [36mfor[39m ([36mconst[39m warning [36mof[39m validation[33m.[39mwarnings) {
    [31m[1m>[22m[39m[90m 79 |[39m       console[33m.[39mwarn([32m`[world-validation] ${warning}`[39m)[33m;[39m
     [90m    |[39m               [31m[1m^[22m[39m
     [90m 80 |[39m     }
     [90m 81 |[39m   }
     [90m 82 |[39m[0m

      at warn (api/src/game-engine.js:79:15)
      at loadWorld (tests/communication.test.js:21:17)
      at freshSession (tests/communication.test.js:26:17)
      at Object.sessionWithPlayers (tests/communication.test.js:291:19)

  console.warn
    [world-validation] Room "room-isolated" has no items and no hazards (empty room).

    [0m [90m 77 |[39m   [36mif[39m (validation[33m.[39mwarnings[33m.[39mlength [33m>[39m [35m0[39m) {
     [90m 78 |[39m     [36mfor[39m ([36mconst[39m warning [36mof[39m validation[33m.[39mwarnings) {
    [31m[1m>[22m[39m[90m 79 |[39m       console[33m.[39mwarn([32m`[world-validation] ${warning}`[39m)[33m;[39m
     [90m    |[39m               [31m[1m^[22m[39m
     [90m 80 |[39m     }
     [90m 81 |[39m   }
     [90m 82 |[39m[0m

      at warn (api/src/game-engine.js:79:15)
      at loadWorld (tests/game-engine.test.js:33:17)
      at freshSession (tests/game-engine.test.js:38:19)
      at Object.sessionWithPlayer (tests/game-engine.test.js:159:19)

  console.warn
    [world-validation] Room "room-hub" has no items and no hazards (empty room).

    [0m [90m 77 |[39m   [36mif[39m (validation[33m.[39mwarnings[33m.[39mlength [33m>[39m [35m0[39m) {
     [90m 78 |[39m     [36mfor[39m ([36mconst[39m warning [36mof[39m validation[33m.[39mwarnings) {
    [31m[1m>[22m[39m[90m 79 |[39m       console[33m.[39mwarn([32m`[world-validation] ${warning}`[39m)[33m;[39m
     [90m    |[39m               [31m[1m^[22m[39m
     [90m 80 |[39m     }
     [90m 81 |[39m   }
     [90m 82 |[39m[0m

      at warn (api/src/game-engine.js:79:15)
      at loadWorld (tests/communication.test.js:21:17)
      at freshSession (tests/communication.test.js:26:17)
      at Object.sessionWithPlayers (tests/communication.test.js:302:19)

  console.warn
    [world-validation] Room "room-isolated" is an orphan ΓÇö no exits or puzzles connect to it.

    [0m [90m 77 |[39m   [36mif[39m (validation[33m.[39mwarnings[33m.[39mlength [33m>[39m [35m0[39m) {
     [90m 78 |[39m     [36mfor[39m ([36mconst[39m warning [36mof[39m validation[33m.[39mwarnings) {
    [31m[1m>[22m[39m[90m 79 |[39m       console[33m.[39mwarn([32m`[world-validation] ${warning}`[39m)[33m;[39m
     [90m    |[39m               [31m[1m^[22m[39m
     [90m 80 |[39m     }
     [90m 81 |[39m   }
     [90m 82 |[39m[0m

      at warn (api/src/game-engine.js:79:15)
      at loadWorld (tests/game-engine.test.js:33:17)
      at freshSession (tests/game-engine.test.js:38:19)
      at Object.sessionWithPlayer (tests/game-engine.test.js:159:19)

  console.warn
    [world-validation] Room "room-hub-n" has no items and no hazards (empty room).

    [0m [90m 77 |[39m   [36mif[39m (validation[33m.[39mwarnings[33m.[39mlength [33m>[39m [35m0[39m) {
     [90m 78 |[39m     [36mfor[39m ([36mconst[39m warning [36mof[39m validation[33m.[39mwarnings) {
    [31m[1m>[22m[39m[90m 79 |[39m       console[33m.[39mwarn([32m`[world-validation] ${warning}`[39m)[33m;[39m
     [90m    |[39m               [31m[1m^[22m[39m
     [90m 80 |[39m     }
     [90m 81 |[39m   }
     [90m 82 |[39m[0m

      at warn (api/src/game-engine.js:79:15)
      at loadWorld (tests/communication.test.js:21:17)
      at freshSession (tests/communication.test.js:26:17)
      at Object.sessionWithPlayers (tests/communication.test.js:302:19)

  console.warn
    [world-validation] Room "room-hub" has no items and no hazards (empty room).

    [0m [90m 77 |[39m   [36mif[39m (validation[33m.[39mwarnings[33m.[39mlength [33m>[39m [35m0[39m) {
     [90m 78 |[39m     [36mfor[39m ([36mconst[39m warning [36mof[39m validation[33m.[39mwarnings) {
    [31m[1m>[22m[39m[90m 79 |[39m       console[33m.[39mwarn([32m`[world-validation] ${warning}`[39m)[33m;[39m
     [90m    |[39m               [31m[1m^[22m[39m
     [90m 80 |[39m     }
     [90m 81 |[39m   }
     [90m 82 |[39m[0m

      at warn (api/src/game-engine.js:79:15)
      at loadWorld (tests/game-engine.test.js:33:17)
      at freshSession (tests/game-engine.test.js:38:19)
      at Object.sessionWithPlayer (tests/game-engine.test.js:167:19)

  console.warn
    [world-validation] Room "room-hub-e" has no items and no hazards (empty room).

    [0m [90m 77 |[39m   [36mif[39m (validation[33m.[39mwarnings[33m.[39mlength [33m>[39m [35m0[39m) {
     [90m 78 |[39m     [36mfor[39m ([36mconst[39m warning [36mof[39m validation[33m.[39mwarnings) {
    [31m[1m>[22m[39m[90m 79 |[39m       console[33m.[39mwarn([32m`[world-validation] ${warning}`[39m)[33m;[39m
     [90m    |[39m               [31m[1m^[22m[39m
     [90m 80 |[39m     }
     [90m 81 |[39m   }
     [90m 82 |[39m[0m

      at warn (api/src/game-engine.js:79:15)
      at loadWorld (tests/communication.test.js:21:17)
      at freshSession (tests/communication.test.js:26:17)
      at Object.sessionWithPlayers (tests/communication.test.js:302:19)

  console.warn
    [world-validation] Room "room-hub-n" has no items and no hazards (empty room).

    [0m [90m 77 |[39m   [36mif[39m (validation[33m.[39mwarnings[33m.[39mlength [33m>[39m [35m0[39m) {
     [90m 78 |[39m     [36mfor[39m ([36mconst[39m warning [36mof[39m validation[33m.[39mwarnings) {
    [31m[1m>[22m[39m[90m 79 |[39m       console[33m.[39mwarn([32m`[world-validation] ${warning}`[39m)[33m;[39m
     [90m    |[39m               [31m[1m^[22m[39m
     [90m 80 |[39m     }
     [90m 81 |[39m   }
     [90m 82 |[39m[0m

      at warn (api/src/game-engine.js:79:15)
      at loadWorld (tests/game-engine.test.js:33:17)
      at freshSession (tests/game-engine.test.js:38:19)
      at Object.sessionWithPlayer (tests/game-engine.test.js:167:19)

  console.warn
    [world-validation] Room "room-hub-w" has no items and no hazards (empty room).

    [0m [90m 77 |[39m   [36mif[39m (validation[33m.[39mwarnings[33m.[39mlength [33m>[39m [35m0[39m) {
     [90m 78 |[39m     [36mfor[39m ([36mconst[39m warning [36mof[39m validation[33m.[39mwarnings) {
    [31m[1m>[22m[39m[90m 79 |[39m       console[33m.[39mwarn([32m`[world-validation] ${warning}`[39m)[33m;[39m
     [90m    |[39m               [31m[1m^[22m[39m
     [90m 80 |[39m     }
     [90m 81 |[39m   }
     [90m 82 |[39m[0m

      at warn (api/src/game-engine.js:79:15)
      at loadWorld (tests/communication.test.js:21:17)
      at freshSession (tests/communication.test.js:26:17)
      at Object.sessionWithPlayers (tests/communication.test.js:302:19)

  console.warn
    [world-validation] Room "room-hub-e" has no items and no hazards (empty room).

    [0m [90m 77 |[39m   [36mif[39m (validation[33m.[39mwarnings[33m.[39mlength [33m>[39m [35m0[39m) {
     [90m 78 |[39m     [36mfor[39m ([36mconst[39m warning [36mof[39m validation[33m.[39mwarnings) {
    [31m[1m>[22m[39m[90m 79 |[39m       console[33m.[39mwarn([32m`[world-validation] ${warning}`[39m)[33m;[39m
     [90m    |[39m               [31m[1m^[22m[39m
     [90m 80 |[39m     }
     [90m 81 |[39m   }
     [90m 82 |[39m[0m

      at warn (api/src/game-engine.js:79:15)
      at loadWorld (tests/game-engine.test.js:33:17)
      at freshSession (tests/game-engine.test.js:38:19)
      at Object.sessionWithPlayer (tests/game-engine.test.js:167:19)

  console.warn
    [world-validation] Room "room-isolated" has no items and no hazards (empty room).

    [0m [90m 77 |[39m   [36mif[39m (validation[33m.[39mwarnings[33m.[39mlength [33m>[39m [35m0[39m) {
     [90m 78 |[39m     [36mfor[39m ([36mconst[39m warning [36mof[39m validation[33m.[39mwarnings) {
    [31m[1m>[22m[39m[90m 79 |[39m       console[33m.[39mwarn([32m`[world-validation] ${warning}`[39m)[33m;[39m
     [90m    |[39m               [31m[1m^[22m[39m
     [90m 80 |[39m     }
     [90m 81 |[39m   }
     [90m 82 |[39m[0m

      at warn (api/src/game-engine.js:79:15)
      at loadWorld (tests/communication.test.js:21:17)
      at freshSession (tests/communication.test.js:26:17)
      at Object.sessionWithPlayers (tests/communication.test.js:302:19)

  console.warn
    [world-validation] Room "room-hub-w" has no items and no hazards (empty room).

    [0m [90m 77 |[39m   [36mif[39m (validation[33m.[39mwarnings[33m.[39mlength [33m>[39m [35m0[39m) {
     [90m 78 |[39m     [36mfor[39m ([36mconst[39m warning [36mof[39m validation[33m.[39mwarnings) {
    [31m[1m>[22m[39m[90m 79 |[39m       console[33m.[39mwarn([32m`[world-validation] ${warning}`[39m)[33m;[39m
     [90m    |[39m               [31m[1m^[22m[39m
     [90m 80 |[39m     }
     [90m 81 |[39m   }
     [90m 82 |[39m[0m

      at warn (api/src/game-engine.js:79:15)
      at loadWorld (tests/game-engine.test.js:33:17)
      at freshSession (tests/game-engine.test.js:38:19)
      at Object.sessionWithPlayer (tests/game-engine.test.js:167:19)

  console.warn
    [world-validation] Room "room-isolated" is an orphan ΓÇö no exits or puzzles connect to it.

    [0m [90m 77 |[39m   [36mif[39m (validation[33m.[39mwarnings[33m.[39mlength [33m>[39m [35m0[39m) {
     [90m 78 |[39m     [36mfor[39m ([36mconst[39m warning [36mof[39m validation[33m.[39mwarnings) {
    [31m[1m>[22m[39m[90m 79 |[39m       console[33m.[39mwarn([32m`[world-validation] ${warning}`[39m)[33m;[39m
     [90m    |[39m               [31m[1m^[22m[39m
     [90m 80 |[39m     }
     [90m 81 |[39m   }
     [90m 82 |[39m[0m

      at warn (api/src/game-engine.js:79:15)
      at loadWorld (tests/communication.test.js:21:17)
      at freshSession (tests/communication.test.js:26:17)
      at Object.sessionWithPlayers (tests/communication.test.js:302:19)

  console.warn
    [world-validation] Room "room-isolated" has no items and no hazards (empty room).

    [0m [90m 77 |[39m   [36mif[39m (validation[33m.[39mwarnings[33m.[39mlength [33m>[39m [35m0[39m) {
     [90m 78 |[39m     [36mfor[39m ([36mconst[39m warning [36mof[39m validation[33m.[39mwarnings) {
    [31m[1m>[22m[39m[90m 79 |[39m       console[33m.[39mwarn([32m`[world-validation] ${warning}`[39m)[33m;[39m
     [90m    |[39m               [31m[1m^[22m[39m
     [90m 80 |[39m     }
     [90m 81 |[39m   }
     [90m 82 |[39m[0m

      at warn (api/src/game-engine.js:79:15)
      at loadWorld (tests/game-engine.test.js:33:17)
      at freshSession (tests/game-engine.test.js:38:19)
      at Object.sessionWithPlayer (tests/game-engine.test.js:167:19)

  console.warn
    [world-validation] Room "room-hub" has no items and no hazards (empty room).

    [0m [90m 77 |[39m   [36mif[39m (validation[33m.[39mwarnings[33m.[39mlength [33m>[39m [35m0[39m) {
     [90m 78 |[39m     [36mfor[39m ([36mconst[39m warning [36mof[39m validation[33m.[39mwarnings) {
    [31m[1m>[22m[39m[90m 79 |[39m       console[33m.[39mwarn([32m`[world-validation] ${warning}`[39m)[33m;[39m
     [90m    |[39m               [31m[1m^[22m[39m
     [90m 80 |[39m     }
     [90m 81 |[39m   }
     [90m 82 |[39m[0m

      at warn (api/src/game-engine.js:79:15)
      at loadWorld (tests/communication.test.js:21:17)
      at freshSession (tests/communication.test.js:26:17)
      at Object.sessionWithPlayers (tests/communication.test.js:314:19)

  console.warn
    [world-validation] Room "room-isolated" is an orphan ΓÇö no exits or puzzles connect to it.

    [0m [90m 77 |[39m   [36mif[39m (validation[33m.[39mwarnings[33m.[39mlength [33m>[39m [35m0[39m) {
     [90m 78 |[39m     [36mfor[39m ([36mconst[39m warning [36mof[39m validation[33m.[39mwarnings) {
    [31m[1m>[22m[39m[90m 79 |[39m       console[33m.[39mwarn([32m`[world-validation] ${warning}`[39m)[33m;[39m
     [90m    |[39m               [31m[1m^[22m[39m
     [90m 80 |[39m     }
     [90m 81 |[39m   }
     [90m 82 |[39m[0m

      at warn (api/src/game-engine.js:79:15)
      at loadWorld (tests/game-engine.test.js:33:17)
      at freshSession (tests/game-engine.test.js:38:19)
      at Object.sessionWithPlayer (tests/game-engine.test.js:167:19)

  console.warn
    [world-validation] Room "room-hub-n" has no items and no hazards (empty room).

    [0m [90m 77 |[39m   [36mif[39m (validation[33m.[39mwarnings[33m.[39mlength [33m>[39m [35m0[39m) {
     [90m 78 |[39m     [36mfor[39m ([36mconst[39m warning [36mof[39m validation[33m.[39mwarnings) {
    [31m[1m>[22m[39m[90m 79 |[39m       console[33m.[39mwarn([32m`[world-validation] ${warning}`[39m)[33m;[39m
     [90m    |[39m               [31m[1m^[22m[39m
     [90m 80 |[39m     }
     [90m 81 |[39m   }
     [90m 82 |[39m[0m

      at warn (api/src/game-engine.js:79:15)
      at loadWorld (tests/communication.test.js:21:17)
      at freshSession (tests/communication.test.js:26:17)
      at Object.sessionWithPlayers (tests/communication.test.js:314:19)

  console.warn
    [world-validation] Room "room-hub" has no items and no hazards (empty room).

    [0m [90m 77 |[39m   [36mif[39m (validation[33m.[39mwarnings[33m.[39mlength [33m>[39m [35m0[39m) {
     [90m 78 |[39m     [36mfor[39m ([36mconst[39m warning [36mof[39m validation[33m.[39mwarnings) {
    [31m[1m>[22m[39m[90m 79 |[39m       console[33m.[39mwarn([32m`[world-validation] ${warning}`[39m)[33m;[39m
     [90m    |[39m               [31m[1m^[22m[39m
     [90m 80 |[39m     }
     [90m 81 |[39m   }
     [90m 82 |[39m[0m

      at warn (api/src/game-engine.js:79:15)
      at loadWorld (tests/game-engine.test.js:33:17)
      at Object.freshSession (tests/game-engine.test.js:174:21)

  console.warn
    [world-validation] Room "room-hub-e" has no items and no hazards (empty room).

    [0m [90m 77 |[39m   [36mif[39m (validation[33m.[39mwarnings[33m.[39mlength [33m>[39m [35m0[39m) {
     [90m 78 |[39m     [36mfor[39m ([36mconst[39m warning [36mof[39m validation[33m.[39mwarnings) {
    [31m[1m>[22m[39m[90m 79 |[39m       console[33m.[39mwarn([32m`[world-validation] ${warning}`[39m)[33m;[39m
     [90m    |[39m               [31m[1m^[22m[39m
     [90m 80 |[39m     }
     [90m 81 |[39m   }
     [90m 82 |[39m[0m

      at warn (api/src/game-engine.js:79:15)
      at loadWorld (tests/communication.test.js:21:17)
      at freshSession (tests/communication.test.js:26:17)
      at Object.sessionWithPlayers (tests/communication.test.js:314:19)

  console.warn
    [world-validation] Room "room-hub-n" has no items and no hazards (empty room).

    [0m [90m 77 |[39m   [36mif[39m (validation[33m.[39mwarnings[33m.[39mlength [33m>[39m [35m0[39m) {
     [90m 78 |[39m     [36mfor[39m ([36mconst[39m warning [36mof[39m validation[33m.[39mwarnings) {
    [31m[1m>[22m[39m[90m 79 |[39m       console[33m.[39mwarn([32m`[world-validation] ${warning}`[39m)[33m;[39m
     [90m    |[39m               [31m[1m^[22m[39m
     [90m 80 |[39m     }
     [90m 81 |[39m   }
     [90m 82 |[39m[0m

      at warn (api/src/game-engine.js:79:15)
      at loadWorld (tests/game-engine.test.js:33:17)
      at Object.freshSession (tests/game-engine.test.js:174:21)

  console.warn
    [world-validation] Room "room-hub-w" has no items and no hazards (empty room).

    [0m [90m 77 |[39m   [36mif[39m (validation[33m.[39mwarnings[33m.[39mlength [33m>[39m [35m0[39m) {
     [90m 78 |[39m     [36mfor[39m ([36mconst[39m warning [36mof[39m validation[33m.[39mwarnings) {
    [31m[1m>[22m[39m[90m 79 |[39m       console[33m.[39mwarn([32m`[world-validation] ${warning}`[39m)[33m;[39m
     [90m    |[39m               [31m[1m^[22m[39m
     [90m 80 |[39m     }
     [90m 81 |[39m   }
     [90m 82 |[39m[0m

      at warn (api/src/game-engine.js:79:15)
      at loadWorld (tests/communication.test.js:21:17)
      at freshSession (tests/communication.test.js:26:17)
      at Object.sessionWithPlayers (tests/communication.test.js:314:19)

  console.warn
    [world-validation] Room "room-hub-e" has no items and no hazards (empty room).

    [0m [90m 77 |[39m   [36mif[39m (validation[33m.[39mwarnings[33m.[39mlength [33m>[39m [35m0[39m) {
     [90m 78 |[39m     [36mfor[39m ([36mconst[39m warning [36mof[39m validation[33m.[39mwarnings) {
    [31m[1m>[22m[39m[90m 79 |[39m       console[33m.[39mwarn([32m`[world-validation] ${warning}`[39m)[33m;[39m
     [90m    |[39m               [31m[1m^[22m[39m
     [90m 80 |[39m     }
     [90m 81 |[39m   }
     [90m 82 |[39m[0m

      at warn (api/src/game-engine.js:79:15)
      at loadWorld (tests/game-engine.test.js:33:17)
      at Object.freshSession (tests/game-engine.test.js:174:21)

  console.warn
    [world-validation] Room "room-isolated" has no items and no hazards (empty room).

    [0m [90m 77 |[39m   [36mif[39m (validation[33m.[39mwarnings[33m.[39mlength [33m>[39m [35m0[39m) {
     [90m 78 |[39m     [36mfor[39m ([36mconst[39m warning [36mof[39m validation[33m.[39mwarnings) {
    [31m[1m>[22m[39m[90m 79 |[39m       console[33m.[39mwarn([32m`[world-validation] ${warning}`[39m)[33m;[39m
     [90m    |[39m               [31m[1m^[22m[39m
     [90m 80 |[39m     }
     [90m 81 |[39m   }
     [90m 82 |[39m[0m

      at warn (api/src/game-engine.js:79:15)
      at loadWorld (tests/communication.test.js:21:17)
      at freshSession (tests/communication.test.js:26:17)
      at Object.sessionWithPlayers (tests/communication.test.js:314:19)

  console.warn
    [world-validation] Room "room-hub-w" has no items and no hazards (empty room).

    [0m [90m 77 |[39m   [36mif[39m (validation[33m.[39mwarnings[33m.[39mlength [33m>[39m [35m0[39m) {
     [90m 78 |[39m     [36mfor[39m ([36mconst[39m warning [36mof[39m validation[33m.[39mwarnings) {
    [31m[1m>[22m[39m[90m 79 |[39m       console[33m.[39mwarn([32m`[world-validation] ${warning}`[39m)[33m;[39m
     [90m    |[39m               [31m[1m^[22m[39m
     [90m 80 |[39m     }
     [90m 81 |[39m   }
     [90m 82 |[39m[0m

      at warn (api/src/game-engine.js:79:15)
      at loadWorld (tests/game-engine.test.js:33:17)
      at Object.freshSession (tests/game-engine.test.js:174:21)

  console.warn
    [world-validation] Room "room-isolated" is an orphan ΓÇö no exits or puzzles connect to it.

    [0m [90m 77 |[39m   [36mif[39m (validation[33m.[39mwarnings[33m.[39mlength [33m>[39m [35m0[39m) {
     [90m 78 |[39m     [36mfor[39m ([36mconst[39m warning [36mof[39m validation[33m.[39mwarnings) {
    [31m[1m>[22m[39m[90m 79 |[39m       console[33m.[39mwarn([32m`[world-validation] ${warning}`[39m)[33m;[39m
     [90m    |[39m               [31m[1m^[22m[39m
     [90m 80 |[39m     }
     [90m 81 |[39m   }
     [90m 82 |[39m[0m

      at warn (api/src/game-engine.js:79:15)
      at loadWorld (tests/communication.test.js:21:17)
      at freshSession (tests/communication.test.js:26:17)
      at Object.sessionWithPlayers (tests/communication.test.js:314:19)

  console.warn
    [world-validation] Room "room-isolated" has no items and no hazards (empty room).

    [0m [90m 77 |[39m   [36mif[39m (validation[33m.[39mwarnings[33m.[39mlength [33m>[39m [35m0[39m) {
     [90m 78 |[39m     [36mfor[39m ([36mconst[39m warning [36mof[39m validation[33m.[39mwarnings) {
    [31m[1m>[22m[39m[90m 79 |[39m       console[33m.[39mwarn([32m`[world-validation] ${warning}`[39m)[33m;[39m
     [90m    |[39m               [31m[1m^[22m[39m
     [90m 80 |[39m     }
     [90m 81 |[39m   }
     [90m 82 |[39m[0m

      at warn (api/src/game-engine.js:79:15)
      at loadWorld (tests/game-engine.test.js:33:17)
      at Object.freshSession (tests/game-engine.test.js:174:21)

  console.warn
    [world-validation] Room "room-hub" has no items and no hazards (empty room).

    [0m [90m 77 |[39m   [36mif[39m (validation[33m.[39mwarnings[33m.[39mlength [33m>[39m [35m0[39m) {
     [90m 78 |[39m     [36mfor[39m ([36mconst[39m warning [36mof[39m validation[33m.[39mwarnings) {
    [31m[1m>[22m[39m[90m 79 |[39m       console[33m.[39mwarn([32m`[world-validation] ${warning}`[39m)[33m;[39m
     [90m    |[39m               [31m[1m^[22m[39m
     [90m 80 |[39m     }
     [90m 81 |[39m   }
     [90m 82 |[39m[0m

      at warn (api/src/game-engine.js:79:15)
      at loadWorld (tests/communication.test.js:21:17)
      at freshSession (tests/communication.test.js:26:17)
      at Object.sessionWithPlayers (tests/communication.test.js:327:19)

  console.warn
    [world-validation] Room "room-isolated" is an orphan ΓÇö no exits or puzzles connect to it.

    [0m [90m 77 |[39m   [36mif[39m (validation[33m.[39mwarnings[33m.[39mlength [33m>[39m [35m0[39m) {
     [90m 78 |[39m     [36mfor[39m ([36mconst[39m warning [36mof[39m validation[33m.[39mwarnings) {
    [31m[1m>[22m[39m[90m 79 |[39m       console[33m.[39mwarn([32m`[world-validation] ${warning}`[39m)[33m;[39m
     [90m    |[39m               [31m[1m^[22m[39m
     [90m 80 |[39m     }
     [90m 81 |[39m   }
     [90m 82 |[39m[0m

      at warn (api/src/game-engine.js:79:15)
      at loadWorld (tests/game-engine.test.js:33:17)
      at Object.freshSession (tests/game-engine.test.js:174:21)

  console.warn
    [world-validation] Room "room-hub-n" has no items and no hazards (empty room).

    [0m [90m 77 |[39m   [36mif[39m (validation[33m.[39mwarnings[33m.[39mlength [33m>[39m [35m0[39m) {
     [90m 78 |[39m     [36mfor[39m ([36mconst[39m warning [36mof[39m validation[33m.[39mwarnings) {
    [31m[1m>[22m[39m[90m 79 |[39m       console[33m.[39mwarn([32m`[world-validation] ${warning}`[39m)[33m;[39m
     [90m    |[39m               [31m[1m^[22m[39m
     [90m 80 |[39m     }
     [90m 81 |[39m   }
     [90m 82 |[39m[0m

      at warn (api/src/game-engine.js:79:15)
      at loadWorld (tests/communication.test.js:21:17)
      at freshSession (tests/communication.test.js:26:17)
      at Object.sessionWithPlayers (tests/communication.test.js:327:19)

  console.warn
    [world-validation] Room "room-hub" has no items and no hazards (empty room).

    [0m [90m 77 |[39m   [36mif[39m (validation[33m.[39mwarnings[33m.[39mlength [33m>[39m [35m0[39m) {
     [90m 78 |[39m     [36mfor[39m ([36mconst[39m warning [36mof[39m validation[33m.[39mwarnings) {
    [31m[1m>[22m[39m[90m 79 |[39m       console[33m.[39mwarn([32m`[world-validation] ${warning}`[39m)[33m;[39m
     [90m    |[39m               [31m[1m^[22m[39m
     [90m 80 |[39m     }
     [90m 81 |[39m   }
     [90m 82 |[39m[0m

      at warn (api/src/game-engine.js:79:15)
      at loadWorld (tests/game-engine.test.js:33:17)
      at freshSession (tests/game-engine.test.js:38:19)
      at Object.sessionWithPlayer (tests/game-engine.test.js:186:21)

  console.warn
    [world-validation] Room "room-hub-e" has no items and no hazards (empty room).

    [0m [90m 77 |[39m   [36mif[39m (validation[33m.[39mwarnings[33m.[39mlength [33m>[39m [35m0[39m) {
     [90m 78 |[39m     [36mfor[39m ([36mconst[39m warning [36mof[39m validation[33m.[39mwarnings) {
    [31m[1m>[22m[39m[90m 79 |[39m       console[33m.[39mwarn([32m`[world-validation] ${warning}`[39m)[33m;[39m
     [90m    |[39m               [31m[1m^[22m[39m
     [90m 80 |[39m     }
     [90m 81 |[39m   }
     [90m 82 |[39m[0m

      at warn (api/src/game-engine.js:79:15)
      at loadWorld (tests/communication.test.js:21:17)
      at freshSession (tests/communication.test.js:26:17)
      at Object.sessionWithPlayers (tests/communication.test.js:327:19)

  console.warn
    [world-validation] Room "room-hub-n" has no items and no hazards (empty room).

    [0m [90m 77 |[39m   [36mif[39m (validation[33m.[39mwarnings[33m.[39mlength [33m>[39m [35m0[39m) {
     [90m 78 |[39m     [36mfor[39m ([36mconst[39m warning [36mof[39m validation[33m.[39mwarnings) {
    [31m[1m>[22m[39m[90m 79 |[39m       console[33m.[39mwarn([32m`[world-validation] ${warning}`[39m)[33m;[39m
     [90m    |[39m               [31m[1m^[22m[39m
     [90m 80 |[39m     }
     [90m 81 |[39m   }
     [90m 82 |[39m[0m

      at warn (api/src/game-engine.js:79:15)
      at loadWorld (tests/game-engine.test.js:33:17)
      at freshSession (tests/game-engine.test.js:38:19)
      at Object.sessionWithPlayer (tests/game-engine.test.js:186:21)

  console.warn
    [world-validation] Room "room-hub-w" has no items and no hazards (empty room).

    [0m [90m 77 |[39m   [36mif[39m (validation[33m.[39mwarnings[33m.[39mlength [33m>[39m [35m0[39m) {
     [90m 78 |[39m     [36mfor[39m ([36mconst[39m warning [36mof[39m validation[33m.[39mwarnings) {
    [31m[1m>[22m[39m[90m 79 |[39m       console[33m.[39mwarn([32m`[world-validation] ${warning}`[39m)[33m;[39m
     [90m    |[39m               [31m[1m^[22m[39m
     [90m 80 |[39m     }
     [90m 81 |[39m   }
     [90m 82 |[39m[0m

      at warn (api/src/game-engine.js:79:15)
      at loadWorld (tests/communication.test.js:21:17)
      at freshSession (tests/communication.test.js:26:17)
      at Object.sessionWithPlayers (tests/communication.test.js:327:19)

  console.warn
    [world-validation] Room "room-hub-e" has no items and no hazards (empty room).

    [0m [90m 77 |[39m   [36mif[39m (validation[33m.[39mwarnings[33m.[39mlength [33m>[39m [35m0[39m) {
     [90m 78 |[39m     [36mfor[39m ([36mconst[39m warning [36mof[39m validation[33m.[39mwarnings) {
    [31m[1m>[22m[39m[90m 79 |[39m       console[33m.[39mwarn([32m`[world-validation] ${warning}`[39m)[33m;[39m
     [90m    |[39m               [31m[1m^[22m[39m
     [90m 80 |[39m     }
     [90m 81 |[39m   }
     [90m 82 |[39m[0m

      at warn (api/src/game-engine.js:79:15)
      at loadWorld (tests/game-engine.test.js:33:17)
      at freshSession (tests/game-engine.test.js:38:19)
      at Object.sessionWithPlayer (tests/game-engine.test.js:186:21)

  console.warn
    [world-validation] Room "room-isolated" has no items and no hazards (empty room).

    [0m [90m 77 |[39m   [36mif[39m (validation[33m.[39mwarnings[33m.[39mlength [33m>[39m [35m0[39m) {
     [90m 78 |[39m     [36mfor[39m ([36mconst[39m warning [36mof[39m validation[33m.[39mwarnings) {
    [31m[1m>[22m[39m[90m 79 |[39m       console[33m.[39mwarn([32m`[world-validation] ${warning}`[39m)[33m;[39m
     [90m    |[39m               [31m[1m^[22m[39m
     [90m 80 |[39m     }
     [90m 81 |[39m   }
     [90m 82 |[39m[0m

      at warn (api/src/game-engine.js:79:15)
      at loadWorld (tests/communication.test.js:21:17)
      at freshSession (tests/communication.test.js:26:17)
      at Object.sessionWithPlayers (tests/communication.test.js:327:19)

  console.warn
    [world-validation] Room "room-hub-w" has no items and no hazards (empty room).

    [0m [90m 77 |[39m   [36mif[39m (validation[33m.[39mwarnings[33m.[39mlength [33m>[39m [35m0[39m) {
     [90m 78 |[39m     [36mfor[39m ([36mconst[39m warning [36mof[39m validation[33m.[39mwarnings) {
    [31m[1m>[22m[39m[90m 79 |[39m       console[33m.[39mwarn([32m`[world-validation] ${warning}`[39m)[33m;[39m
     [90m    |[39m               [31m[1m^[22m[39m
     [90m 80 |[39m     }
     [90m 81 |[39m   }
     [90m 82 |[39m[0m

      at warn (api/src/game-engine.js:79:15)
      at loadWorld (tests/game-engine.test.js:33:17)
      at freshSession (tests/game-engine.test.js:38:19)
      at Object.sessionWithPlayer (tests/game-engine.test.js:186:21)

  console.warn
    [world-validation] Room "room-isolated" is an orphan ΓÇö no exits or puzzles connect to it.

    [0m [90m 77 |[39m   [36mif[39m (validation[33m.[39mwarnings[33m.[39mlength [33m>[39m [35m0[39m) {
     [90m 78 |[39m     [36mfor[39m ([36mconst[39m warning [36mof[39m validation[33m.[39mwarnings) {
    [31m[1m>[22m[39m[90m 79 |[39m       console[33m.[39mwarn([32m`[world-validation] ${warning}`[39m)[33m;[39m
     [90m    |[39m               [31m[1m^[22m[39m
     [90m 80 |[39m     }
     [90m 81 |[39m   }
     [90m 82 |[39m[0m

      at warn (api/src/game-engine.js:79:15)
      at loadWorld (tests/communication.test.js:21:17)
      at freshSession (tests/communication.test.js:26:17)
      at Object.sessionWithPlayers (tests/communication.test.js:327:19)

  console.warn
    [world-validation] Room "room-isolated" has no items and no hazards (empty room).

    [0m [90m 77 |[39m   [36mif[39m (validation[33m.[39mwarnings[33m.[39mlength [33m>[39m [35m0[39m) {
     [90m 78 |[39m     [36mfor[39m ([36mconst[39m warning [36mof[39m validation[33m.[39mwarnings) {
    [31m[1m>[22m[39m[90m 79 |[39m       console[33m.[39mwarn([32m`[world-validation] ${warning}`[39m)[33m;[39m
     [90m    |[39m               [31m[1m^[22m[39m
     [90m 80 |[39m     }
     [90m 81 |[39m   }
     [90m 82 |[39m[0m

      at warn (api/src/game-engine.js:79:15)
      at loadWorld (tests/game-engine.test.js:33:17)
      at freshSession (tests/game-engine.test.js:38:19)
      at Object.sessionWithPlayer (tests/game-engine.test.js:186:21)

  console.warn
    [world-validation] Room "room-hub" has no items and no hazards (empty room).

    [0m [90m 77 |[39m   [36mif[39m (validation[33m.[39mwarnings[33m.[39mlength [33m>[39m [35m0[39m) {
     [90m 78 |[39m     [36mfor[39m ([36mconst[39m warning [36mof[39m validation[33m.[39mwarnings) {
    [31m[1m>[22m[39m[90m 79 |[39m       console[33m.[39mwarn([32m`[world-validation] ${warning}`[39m)[33m;[39m
     [90m    |[39m               [31m[1m^[22m[39m
     [90m 80 |[39m     }
     [90m 81 |[39m   }
     [90m 82 |[39m[0m

      at warn (api/src/game-engine.js:79:15)
      at loadWorld (tests/communication.test.js:21:17)
      at freshSession (tests/communication.test.js:26:17)
      at Object.sessionWithPlayers (tests/communication.test.js:340:19)

  console.warn
    [world-validation] Room "room-isolated" is an orphan ΓÇö no exits or puzzles connect to it.

    [0m [90m 77 |[39m   [36mif[39m (validation[33m.[39mwarnings[33m.[39mlength [33m>[39m [35m0[39m) {
     [90m 78 |[39m     [36mfor[39m ([36mconst[39m warning [36mof[39m validation[33m.[39mwarnings) {
    [31m[1m>[22m[39m[90m 79 |[39m       console[33m.[39mwarn([32m`[world-validation] ${warning}`[39m)[33m;[39m
     [90m    |[39m               [31m[1m^[22m[39m
     [90m 80 |[39m     }
     [90m 81 |[39m   }
     [90m 82 |[39m[0m

      at warn (api/src/game-engine.js:79:15)
      at loadWorld (tests/game-engine.test.js:33:17)
      at freshSession (tests/game-engine.test.js:38:19)
      at Object.sessionWithPlayer (tests/game-engine.test.js:186:21)

  console.warn
    [world-validation] Room "room-hub-n" has no items and no hazards (empty room).

    [0m [90m 77 |[39m   [36mif[39m (validation[33m.[39mwarnings[33m.[39mlength [33m>[39m [35m0[39m) {
     [90m 78 |[39m     [36mfor[39m ([36mconst[39m warning [36mof[39m validation[33m.[39mwarnings) {
    [31m[1m>[22m[39m[90m 79 |[39m       console[33m.[39mwarn([32m`[world-validation] ${warning}`[39m)[33m;[39m
     [90m    |[39m               [31m[1m^[22m[39m
     [90m 80 |[39m     }
     [90m 81 |[39m   }
     [90m 82 |[39m[0m

      at warn (api/src/game-engine.js:79:15)
      at loadWorld (tests/communication.test.js:21:17)
      at freshSession (tests/communication.test.js:26:17)
      at Object.sessionWithPlayers (tests/communication.test.js:340:19)

  console.warn
    [world-validation] Room "room-hub" has no items and no hazards (empty room).

    [0m [90m 77 |[39m   [36mif[39m (validation[33m.[39mwarnings[33m.[39mlength [33m>[39m [35m0[39m) {
     [90m 78 |[39m     [36mfor[39m ([36mconst[39m warning [36mof[39m validation[33m.[39mwarnings) {
    [31m[1m>[22m[39m[90m 79 |[39m       console[33m.[39mwarn([32m`[world-validation] ${warning}`[39m)[33m;[39m
     [90m    |[39m               [31m[1m^[22m[39m
     [90m 80 |[39m     }
     [90m 81 |[39m   }
     [90m 82 |[39m[0m

      at warn (api/src/game-engine.js:79:15)
      at loadWorld (tests/game-engine.test.js:33:17)
      at freshSession (tests/game-engine.test.js:38:19)
      at Object.sessionWithPlayer (tests/game-engine.test.js:192:21)

  console.warn
    [world-validation] Room "room-hub-e" has no items and no hazards (empty room).

    [0m [90m 77 |[39m   [36mif[39m (validation[33m.[39mwarnings[33m.[39mlength [33m>[39m [35m0[39m) {
     [90m 78 |[39m     [36mfor[39m ([36mconst[39m warning [36mof[39m validation[33m.[39mwarnings) {
    [31m[1m>[22m[39m[90m 79 |[39m       console[33m.[39mwarn([32m`[world-validation] ${warning}`[39m)[33m;[39m
     [90m    |[39m               [31m[1m^[22m[39m
     [90m 80 |[39m     }
     [90m 81 |[39m   }
     [90m 82 |[39m[0m

      at warn (api/src/game-engine.js:79:15)
      at loadWorld (tests/communication.test.js:21:17)
      at freshSession (tests/communication.test.js:26:17)
      at Object.sessionWithPlayers (tests/communication.test.js:340:19)

  console.warn
    [world-validation] Room "room-hub-n" has no items and no hazards (empty room).

    [0m [90m 77 |[39m   [36mif[39m (validation[33m.[39mwarnings[33m.[39mlength [33m>[39m [35m0[39m) {
     [90m 78 |[39m     [36mfor[39m ([36mconst[39m warning [36mof[39m validation[33m.[39mwarnings) {
    [31m[1m>[22m[39m[90m 79 |[39m       console[33m.[39mwarn([32m`[world-validation] ${warning}`[39m)[33m;[39m
     [90m    |[39m               [31m[1m^[22m[39m
     [90m 80 |[39m     }
     [90m 81 |[39m   }
     [90m 82 |[39m[0m

      at warn (api/src/game-engine.js:79:15)
      at loadWorld (tests/game-engine.test.js:33:17)
      at freshSession (tests/game-engine.test.js:38:19)
      at Object.sessionWithPlayer (tests/game-engine.test.js:192:21)

  console.warn
    [world-validation] Room "room-hub-w" has no items and no hazards (empty room).

    [0m [90m 77 |[39m   [36mif[39m (validation[33m.[39mwarnings[33m.[39mlength [33m>[39m [35m0[39m) {
     [90m 78 |[39m     [36mfor[39m ([36mconst[39m warning [36mof[39m validation[33m.[39mwarnings) {
    [31m[1m>[22m[39m[90m 79 |[39m       console[33m.[39mwarn([32m`[world-validation] ${warning}`[39m)[33m;[39m
     [90m    |[39m               [31m[1m^[22m[39m
     [90m 80 |[39m     }
     [90m 81 |[39m   }
     [90m 82 |[39m[0m

      at warn (api/src/game-engine.js:79:15)
      at loadWorld (tests/communication.test.js:21:17)
      at freshSession (tests/communication.test.js:26:17)
      at Object.sessionWithPlayers (tests/communication.test.js:340:19)

  console.warn
    [world-validation] Room "room-hub-e" has no items and no hazards (empty room).

    [0m [90m 77 |[39m   [36mif[39m (validation[33m.[39mwarnings[33m.[39mlength [33m>[39m [35m0[39m) {
     [90m 78 |[39m     [36mfor[39m ([36mconst[39m warning [36mof[39m validation[33m.[39mwarnings) {
    [31m[1m>[22m[39m[90m 79 |[39m       console[33m.[39mwarn([32m`[world-validation] ${warning}`[39m)[33m;[39m
     [90m    |[39m               [31m[1m^[22m[39m
     [90m 80 |[39m     }
     [90m 81 |[39m   }
     [90m 82 |[39m[0m

      at warn (api/src/game-engine.js:79:15)
      at loadWorld (tests/game-engine.test.js:33:17)
      at freshSession (tests/game-engine.test.js:38:19)
      at Object.sessionWithPlayer (tests/game-engine.test.js:192:21)

  console.warn
    [world-validation] Room "room-isolated" has no items and no hazards (empty room).

    [0m [90m 77 |[39m   [36mif[39m (validation[33m.[39mwarnings[33m.[39mlength [33m>[39m [35m0[39m) {
     [90m 78 |[39m     [36mfor[39m ([36mconst[39m warning [36mof[39m validation[33m.[39mwarnings) {
    [31m[1m>[22m[39m[90m 79 |[39m       console[33m.[39mwarn([32m`[world-validation] ${warning}`[39m)[33m;[39m
     [90m    |[39m               [31m[1m^[22m[39m
     [90m 80 |[39m     }
     [90m 81 |[39m   }
     [90m 82 |[39m[0m

      at warn (api/src/game-engine.js:79:15)
      at loadWorld (tests/communication.test.js:21:17)
      at freshSession (tests/communication.test.js:26:17)
      at Object.sessionWithPlayers (tests/communication.test.js:340:19)

  console.warn
    [world-validation] Room "room-hub-w" has no items and no hazards (empty room).

    [0m [90m 77 |[39m   [36mif[39m (validation[33m.[39mwarnings[33m.[39mlength [33m>[39m [35m0[39m) {
     [90m 78 |[39m     [36mfor[39m ([36mconst[39m warning [36mof[39m validation[33m.[39mwarnings) {
    [31m[1m>[22m[39m[90m 79 |[39m       console[33m.[39mwarn([32m`[world-validation] ${warning}`[39m)[33m;[39m
     [90m    |[39m               [31m[1m^[22m[39m
     [90m 80 |[39m     }
     [90m 81 |[39m   }
     [90m 82 |[39m[0m

      at warn (api/src/game-engine.js:79:15)
      at loadWorld (tests/game-engine.test.js:33:17)
      at freshSession (tests/game-engine.test.js:38:19)
      at Object.sessionWithPlayer (tests/game-engine.test.js:192:21)

  console.warn
    [world-validation] Room "room-isolated" is an orphan ΓÇö no exits or puzzles connect to it.

    [0m [90m 77 |[39m   [36mif[39m (validation[33m.[39mwarnings[33m.[39mlength [33m>[39m [35m0[39m) {
     [90m 78 |[39m     [36mfor[39m ([36mconst[39m warning [36mof[39m validation[33m.[39mwarnings) {
    [31m[1m>[22m[39m[90m 79 |[39m       console[33m.[39mwarn([32m`[world-validation] ${warning}`[39m)[33m;[39m
     [90m    |[39m               [31m[1m^[22m[39m
     [90m 80 |[39m     }
     [90m 81 |[39m   }
     [90m 82 |[39m[0m

      at warn (api/src/game-engine.js:79:15)
      at loadWorld (tests/communication.test.js:21:17)
      at freshSession (tests/communication.test.js:26:17)
      at Object.sessionWithPlayers (tests/communication.test.js:340:19)

  console.warn
    [world-validation] Room "room-isolated" has no items and no hazards (empty room).

    [0m [90m 77 |[39m   [36mif[39m (validation[33m.[39mwarnings[33m.[39mlength [33m>[39m [35m0[39m) {
     [90m 78 |[39m     [36mfor[39m ([36mconst[39m warning [36mof[39m validation[33m.[39mwarnings) {
    [31m[1m>[22m[39m[90m 79 |[39m       console[33m.[39mwarn([32m`[world-validation] ${warning}`[39m)[33m;[39m
     [90m    |[39m               [31m[1m^[22m[39m
     [90m 80 |[39m     }
     [90m 81 |[39m   }
     [90m 82 |[39m[0m

      at warn (api/src/game-engine.js:79:15)
      at loadWorld (tests/game-engine.test.js:33:17)
      at freshSession (tests/game-engine.test.js:38:19)
      at Object.sessionWithPlayer (tests/game-engine.test.js:192:21)

  console.warn
    [world-validation] Room "room-hub" has no items and no hazards (empty room).

    [0m [90m 77 |[39m   [36mif[39m (validation[33m.[39mwarnings[33m.[39mlength [33m>[39m [35m0[39m) {
     [90m 78 |[39m     [36mfor[39m ([36mconst[39m warning [36mof[39m validation[33m.[39mwarnings) {
    [31m[1m>[22m[39m[90m 79 |[39m       console[33m.[39mwarn([32m`[world-validation] ${warning}`[39m)[33m;[39m
     [90m    |[39m               [31m[1m^[22m[39m
     [90m 80 |[39m     }
     [90m 81 |[39m   }
     [90m 82 |[39m[0m

      at warn (api/src/game-engine.js:79:15)
      at loadWorld (tests/communication.test.js:21:17)
      at freshSession (tests/communication.test.js:26:17)
      at Object.sessionWithPlayers (tests/communication.test.js:355:19)

  console.warn
    [world-validation] Room "room-isolated" is an orphan ΓÇö no exits or puzzles connect to it.

    [0m [90m 77 |[39m   [36mif[39m (validation[33m.[39mwarnings[33m.[39mlength [33m>[39m [35m0[39m) {
     [90m 78 |[39m     [36mfor[39m ([36mconst[39m warning [36mof[39m validation[33m.[39mwarnings) {
    [31m[1m>[22m[39m[90m 79 |[39m       console[33m.[39mwarn([32m`[world-validation] ${warning}`[39m)[33m;[39m
     [90m    |[39m               [31m[1m^[22m[39m
     [90m 80 |[39m     }
     [90m 81 |[39m   }
     [90m 82 |[39m[0m

      at warn (api/src/game-engine.js:79:15)
      at loadWorld (tests/game-engine.test.js:33:17)
      at freshSession (tests/game-engine.test.js:38:19)
      at Object.sessionWithPlayer (tests/game-engine.test.js:192:21)

  console.warn
    [world-validation] Room "room-hub-n" has no items and no hazards (empty room).

    [0m [90m 77 |[39m   [36mif[39m (validation[33m.[39mwarnings[33m.[39mlength [33m>[39m [35m0[39m) {
     [90m 78 |[39m     [36mfor[39m ([36mconst[39m warning [36mof[39m validation[33m.[39mwarnings) {
    [31m[1m>[22m[39m[90m 79 |[39m       console[33m.[39mwarn([32m`[world-validation] ${warning}`[39m)[33m;[39m
     [90m    |[39m               [31m[1m^[22m[39m
     [90m 80 |[39m     }
     [90m 81 |[39m   }
     [90m 82 |[39m[0m

      at warn (api/src/game-engine.js:79:15)
      at loadWorld (tests/communication.test.js:21:17)
      at freshSession (tests/communication.test.js:26:17)
      at Object.sessionWithPlayers (tests/communication.test.js:355:19)

  console.warn
    [world-validation] Room "room-hub" has no items and no hazards (empty room).

    [0m [90m 77 |[39m   [36mif[39m (validation[33m.[39mwarnings[33m.[39mlength [33m>[39m [35m0[39m) {
     [90m 78 |[39m     [36mfor[39m ([36mconst[39m warning [36mof[39m validation[33m.[39mwarnings) {
    [31m[1m>[22m[39m[90m 79 |[39m       console[33m.[39mwarn([32m`[world-validation] ${warning}`[39m)[33m;[39m
     [90m    |[39m               [31m[1m^[22m[39m
     [90m 80 |[39m     }
     [90m 81 |[39m   }
     [90m 82 |[39m[0m

      at warn (api/src/game-engine.js:79:15)
      at loadWorld (tests/game-engine.test.js:33:17)
      at freshSession (tests/game-engine.test.js:38:19)
      at Object.sessionWithPlayer (tests/game-engine.test.js:201:21)

  console.warn
    [world-validation] Room "room-hub-e" has no items and no hazards (empty room).

    [0m [90m 77 |[39m   [36mif[39m (validation[33m.[39mwarnings[33m.[39mlength [33m>[39m [35m0[39m) {
     [90m 78 |[39m     [36mfor[39m ([36mconst[39m warning [36mof[39m validation[33m.[39mwarnings) {
    [31m[1m>[22m[39m[90m 79 |[39m       console[33m.[39mwarn([32m`[world-validation] ${warning}`[39m)[33m;[39m
     [90m    |[39m               [31m[1m^[22m[39m
     [90m 80 |[39m     }
     [90m 81 |[39m   }
     [90m 82 |[39m[0m

      at warn (api/src/game-engine.js:79:15)
      at loadWorld (tests/communication.test.js:21:17)
      at freshSession (tests/communication.test.js:26:17)
      at Object.sessionWithPlayers (tests/communication.test.js:355:19)

  console.warn
    [world-validation] Room "room-hub-n" has no items and no hazards (empty room).

    [0m [90m 77 |[39m   [36mif[39m (validation[33m.[39mwarnings[33m.[39mlength [33m>[39m [35m0[39m) {
     [90m 78 |[39m     [36mfor[39m ([36mconst[39m warning [36mof[39m validation[33m.[39mwarnings) {
    [31m[1m>[22m[39m[90m 79 |[39m       console[33m.[39mwarn([32m`[world-validation] ${warning}`[39m)[33m;[39m
     [90m    |[39m               [31m[1m^[22m[39m
     [90m 80 |[39m     }
     [90m 81 |[39m   }
     [90m 82 |[39m[0m

      at warn (api/src/game-engine.js:79:15)
      at loadWorld (tests/game-engine.test.js:33:17)
      at freshSession (tests/game-engine.test.js:38:19)
      at Object.sessionWithPlayer (tests/game-engine.test.js:201:21)

  console.warn
    [world-validation] Room "room-hub-w" has no items and no hazards (empty room).

    [0m [90m 77 |[39m   [36mif[39m (validation[33m.[39mwarnings[33m.[39mlength [33m>[39m [35m0[39m) {
     [90m 78 |[39m     [36mfor[39m ([36mconst[39m warning [36mof[39m validation[33m.[39mwarnings) {
    [31m[1m>[22m[39m[90m 79 |[39m       console[33m.[39mwarn([32m`[world-validation] ${warning}`[39m)[33m;[39m
     [90m    |[39m               [31m[1m^[22m[39m
     [90m 80 |[39m     }
     [90m 81 |[39m   }
     [90m 82 |[39m[0m

      at warn (api/src/game-engine.js:79:15)
      at loadWorld (tests/communication.test.js:21:17)
      at freshSession (tests/communication.test.js:26:17)
      at Object.sessionWithPlayers (tests/communication.test.js:355:19)

  console.warn
    [world-validation] Room "room-hub-e" has no items and no hazards (empty room).

    [0m [90m 77 |[39m   [36mif[39m (validation[33m.[39mwarnings[33m.[39mlength [33m>[39m [35m0[39m) {
     [90m 78 |[39m     [36mfor[39m ([36mconst[39m warning [36mof[39m validation[33m.[39mwarnings) {
    [31m[1m>[22m[39m[90m 79 |[39m       console[33m.[39mwarn([32m`[world-validation] ${warning}`[39m)[33m;[39m
     [90m    |[39m               [31m[1m^[22m[39m
     [90m 80 |[39m     }
     [90m 81 |[39m   }
     [90m 82 |[39m[0m

      at warn (api/src/game-engine.js:79:15)
      at loadWorld (tests/game-engine.test.js:33:17)
      at freshSession (tests/game-engine.test.js:38:19)
      at Object.sessionWithPlayer (tests/game-engine.test.js:201:21)

  console.warn
    [world-validation] Room "room-isolated" has no items and no hazards (empty room).

    [0m [90m 77 |[39m   [36mif[39m (validation[33m.[39mwarnings[33m.[39mlength [33m>[39m [35m0[39m) {
     [90m 78 |[39m     [36mfor[39m ([36mconst[39m warning [36mof[39m validation[33m.[39mwarnings) {
    [31m[1m>[22m[39m[90m 79 |[39m       console[33m.[39mwarn([32m`[world-validation] ${warning}`[39m)[33m;[39m
     [90m    |[39m               [31m[1m^[22m[39m
     [90m 80 |[39m     }
     [90m 81 |[39m   }
     [90m 82 |[39m[0m

      at warn (api/src/game-engine.js:79:15)
      at loadWorld (tests/communication.test.js:21:17)
      at freshSession (tests/communication.test.js:26:17)
      at Object.sessionWithPlayers (tests/communication.test.js:355:19)

  console.warn
    [world-validation] Room "room-hub-w" has no items and no hazards (empty room).

    [0m [90m 77 |[39m   [36mif[39m (validation[33m.[39mwarnings[33m.[39mlength [33m>[39m [35m0[39m) {
     [90m 78 |[39m     [36mfor[39m ([36mconst[39m warning [36mof[39m validation[33m.[39mwarnings) {
    [31m[1m>[22m[39m[90m 79 |[39m       console[33m.[39mwarn([32m`[world-validation] ${warning}`[39m)[33m;[39m
     [90m    |[39m               [31m[1m^[22m[39m
     [90m 80 |[39m     }
     [90m 81 |[39m   }
     [90m 82 |[39m[0m

      at warn (api/src/game-engine.js:79:15)
      at loadWorld (tests/game-engine.test.js:33:17)
      at freshSession (tests/game-engine.test.js:38:19)
      at Object.sessionWithPlayer (tests/game-engine.test.js:201:21)

  console.warn
    [world-validation] Room "room-isolated" is an orphan ΓÇö no exits or puzzles connect to it.

    [0m [90m 77 |[39m   [36mif[39m (validation[33m.[39mwarnings[33m.[39mlength [33m>[39m [35m0[39m) {
     [90m 78 |[39m     [36mfor[39m ([36mconst[39m warning [36mof[39m validation[33m.[39mwarnings) {
    [31m[1m>[22m[39m[90m 79 |[39m       console[33m.[39mwarn([32m`[world-validation] ${warning}`[39m)[33m;[39m
     [90m    |[39m               [31m[1m^[22m[39m
     [90m 80 |[39m     }
     [90m 81 |[39m   }
     [90m 82 |[39m[0m

      at warn (api/src/game-engine.js:79:15)
      at loadWorld (tests/communication.test.js:21:17)
      at freshSession (tests/communication.test.js:26:17)
      at Object.sessionWithPlayers (tests/communication.test.js:355:19)

  console.warn
    [world-validation] Room "room-isolated" has no items and no hazards (empty room).

    [0m [90m 77 |[39m   [36mif[39m (validation[33m.[39mwarnings[33m.[39mlength [33m>[39m [35m0[39m) {
     [90m 78 |[39m     [36mfor[39m ([36mconst[39m warning [36mof[39m validation[33m.[39mwarnings) {
    [31m[1m>[22m[39m[90m 79 |[39m       console[33m.[39mwarn([32m`[world-validation] ${warning}`[39m)[33m;[39m
     [90m    |[39m               [31m[1m^[22m[39m
     [90m 80 |[39m     }
     [90m 81 |[39m   }
     [90m 82 |[39m[0m

      at warn (api/src/game-engine.js:79:15)
      at loadWorld (tests/game-engine.test.js:33:17)
      at freshSession (tests/game-engine.test.js:38:19)
      at Object.sessionWithPlayer (tests/game-engine.test.js:201:21)

  console.warn
    [world-validation] Room "room-isolated" is an orphan ΓÇö no exits or puzzles connect to it.

    [0m [90m 77 |[39m   [36mif[39m (validation[33m.[39mwarnings[33m.[39mlength [33m>[39m [35m0[39m) {
     [90m 78 |[39m     [36mfor[39m ([36mconst[39m warning [36mof[39m validation[33m.[39mwarnings) {
    [31m[1m>[22m[39m[90m 79 |[39m       console[33m.[39mwarn([32m`[world-validation] ${warning}`[39m)[33m;[39m
     [90m    |[39m               [31m[1m^[22m[39m
     [90m 80 |[39m     }
     [90m 81 |[39m   }
     [90m 82 |[39m[0m

      at warn (api/src/game-engine.js:79:15)
      at loadWorld (tests/game-engine.test.js:33:17)
      at freshSession (tests/game-engine.test.js:38:19)
      at Object.sessionWithPlayer (tests/game-engine.test.js:201:21)

  console.warn
    [world-validation] Room "room-hub" has no items and no hazards (empty room).

    [0m [90m 77 |[39m   [36mif[39m (validation[33m.[39mwarnings[33m.[39mlength [33m>[39m [35m0[39m) {
     [90m 78 |[39m     [36mfor[39m ([36mconst[39m warning [36mof[39m validation[33m.[39mwarnings) {
    [31m[1m>[22m[39m[90m 79 |[39m       console[33m.[39mwarn([32m`[world-validation] ${warning}`[39m)[33m;[39m
     [90m    |[39m               [31m[1m^[22m[39m
     [90m 80 |[39m     }
     [90m 81 |[39m   }
     [90m 82 |[39m[0m

      at warn (api/src/game-engine.js:79:15)
      at loadWorld (tests/communication.test.js:21:17)
      at freshSession (tests/communication.test.js:26:17)
      at Object.sessionWithPlayers (tests/communication.test.js:379:19)

  console.warn
    [world-validation] Room "room-hub-n" has no items and no hazards (empty room).

    [0m [90m 77 |[39m   [36mif[39m (validation[33m.[39mwarnings[33m.[39mlength [33m>[39m [35m0[39m) {
     [90m 78 |[39m     [36mfor[39m ([36mconst[39m warning [36mof[39m validation[33m.[39mwarnings) {
    [31m[1m>[22m[39m[90m 79 |[39m       console[33m.[39mwarn([32m`[world-validation] ${warning}`[39m)[33m;[39m
     [90m    |[39m               [31m[1m^[22m[39m
     [90m 80 |[39m     }
     [90m 81 |[39m   }
     [90m 82 |[39m[0m

      at warn (api/src/game-engine.js:79:15)
      at loadWorld (tests/communication.test.js:21:17)
      at freshSession (tests/communication.test.js:26:17)
      at Object.sessionWithPlayers (tests/communication.test.js:379:19)

  console.warn
    [world-validation] Room "room-hub" has no items and no hazards (empty room).

    [0m [90m 77 |[39m   [36mif[39m (validation[33m.[39mwarnings[33m.[39mlength [33m>[39m [35m0[39m) {
     [90m 78 |[39m     [36mfor[39m ([36mconst[39m warning [36mof[39m validation[33m.[39mwarnings) {
    [31m[1m>[22m[39m[90m 79 |[39m       console[33m.[39mwarn([32m`[world-validation] ${warning}`[39m)[33m;[39m
     [90m    |[39m               [31m[1m^[22m[39m
     [90m 80 |[39m     }
     [90m 81 |[39m   }
     [90m 82 |[39m[0m

      at warn (api/src/game-engine.js:79:15)
      at loadWorld (tests/game-engine.test.js:33:17)
      at freshSession (tests/game-engine.test.js:38:19)
      at Object.sessionWithPlayer (tests/game-engine.test.js:208:21)

  console.warn
    [world-validation] Room "room-hub-n" has no items and no hazards (empty room).

    [0m [90m 77 |[39m   [36mif[39m (validation[33m.[39mwarnings[33m.[39mlength [33m>[39m [35m0[39m) {
     [90m 78 |[39m     [36mfor[39m ([36mconst[39m warning [36mof[39m validation[33m.[39mwarnings) {
    [31m[1m>[22m[39m[90m 79 |[39m       console[33m.[39mwarn([32m`[world-validation] ${warning}`[39m)[33m;[39m
     [90m    |[39m               [31m[1m^[22m[39m
     [90m 80 |[39m     }
     [90m 81 |[39m   }
     [90m 82 |[39m[0m

      at warn (api/src/game-engine.js:79:15)
      at loadWorld (tests/game-engine.test.js:33:17)
      at freshSession (tests/game-engine.test.js:38:19)
      at Object.sessionWithPlayer (tests/game-engine.test.js:208:21)

  console.warn
    [world-validation] Room "room-hub-e" has no items and no hazards (empty room).

    [0m [90m 77 |[39m   [36mif[39m (validation[33m.[39mwarnings[33m.[39mlength [33m>[39m [35m0[39m) {
     [90m 78 |[39m     [36mfor[39m ([36mconst[39m warning [36mof[39m validation[33m.[39mwarnings) {
    [31m[1m>[22m[39m[90m 79 |[39m       console[33m.[39mwarn([32m`[world-validation] ${warning}`[39m)[33m;[39m
     [90m    |[39m               [31m[1m^[22m[39m
     [90m 80 |[39m     }
     [90m 81 |[39m   }
     [90m 82 |[39m[0m

      at warn (api/src/game-engine.js:79:15)
      at loadWorld (tests/communication.test.js:21:17)
      at freshSession (tests/communication.test.js:26:17)
      at Object.sessionWithPlayers (tests/communication.test.js:379:19)

  console.warn
    [world-validation] Room "room-hub-e" has no items and no hazards (empty room).

    [0m [90m 77 |[39m   [36mif[39m (validation[33m.[39mwarnings[33m.[39mlength [33m>[39m [35m0[39m) {
     [90m 78 |[39m     [36mfor[39m ([36mconst[39m warning [36mof[39m validation[33m.[39mwarnings) {
    [31m[1m>[22m[39m[90m 79 |[39m       console[33m.[39mwarn([32m`[world-validation] ${warning}`[39m)[33m;[39m
     [90m    |[39m               [31m[1m^[22m[39m
     [90m 80 |[39m     }
     [90m 81 |[39m   }
     [90m 82 |[39m[0m

      at warn (api/src/game-engine.js:79:15)
      at loadWorld (tests/game-engine.test.js:33:17)
      at freshSession (tests/game-engine.test.js:38:19)
      at Object.sessionWithPlayer (tests/game-engine.test.js:208:21)

  console.warn
    [world-validation] Room "room-hub-w" has no items and no hazards (empty room).

    [0m [90m 77 |[39m   [36mif[39m (validation[33m.[39mwarnings[33m.[39mlength [33m>[39m [35m0[39m) {
     [90m 78 |[39m     [36mfor[39m ([36mconst[39m warning [36mof[39m validation[33m.[39mwarnings) {
    [31m[1m>[22m[39m[90m 79 |[39m       console[33m.[39mwarn([32m`[world-validation] ${warning}`[39m)[33m;[39m
     [90m    |[39m               [31m[1m^[22m[39m
     [90m 80 |[39m     }
     [90m 81 |[39m   }
     [90m 82 |[39m[0m

      at warn (api/src/game-engine.js:79:15)
      at loadWorld (tests/communication.test.js:21:17)
      at freshSession (tests/communication.test.js:26:17)
      at Object.sessionWithPlayers (tests/communication.test.js:379:19)

  console.warn
    [world-validation] Room "room-hub-w" has no items and no hazards (empty room).

    [0m [90m 77 |[39m   [36mif[39m (validation[33m.[39mwarnings[33m.[39mlength [33m>[39m [35m0[39m) {
     [90m 78 |[39m     [36mfor[39m ([36mconst[39m warning [36mof[39m validation[33m.[39mwarnings) {
    [31m[1m>[22m[39m[90m 79 |[39m       console[33m.[39mwarn([32m`[world-validation] ${warning}`[39m)[33m;[39m
     [90m    |[39m               [31m[1m^[22m[39m
     [90m 80 |[39m     }
     [90m 81 |[39m   }
     [90m 82 |[39m[0m

      at warn (api/src/game-engine.js:79:15)
      at loadWorld (tests/game-engine.test.js:33:17)
      at freshSession (tests/game-engine.test.js:38:19)
      at Object.sessionWithPlayer (tests/game-engine.test.js:208:21)

  console.warn
    [world-validation] Room "room-isolated" has no items and no hazards (empty room).

    [0m [90m 77 |[39m   [36mif[39m (validation[33m.[39mwarnings[33m.[39mlength [33m>[39m [35m0[39m) {
     [90m 78 |[39m     [36mfor[39m ([36mconst[39m warning [36mof[39m validation[33m.[39mwarnings) {
    [31m[1m>[22m[39m[90m 79 |[39m       console[33m.[39mwarn([32m`[world-validation] ${warning}`[39m)[33m;[39m
     [90m    |[39m               [31m[1m^[22m[39m
     [90m 80 |[39m     }
     [90m 81 |[39m   }
     [90m 82 |[39m[0m

      at warn (api/src/game-engine.js:79:15)
      at loadWorld (tests/communication.test.js:21:17)
      at freshSession (tests/communication.test.js:26:17)
      at Object.sessionWithPlayers (tests/communication.test.js:379:19)

  console.warn
    [world-validation] Room "room-isolated" has no items and no hazards (empty room).

    [0m [90m 77 |[39m   [36mif[39m (validation[33m.[39mwarnings[33m.[39mlength [33m>[39m [35m0[39m) {
     [90m 78 |[39m     [36mfor[39m ([36mconst[39m warning [36mof[39m validation[33m.[39mwarnings) {
    [31m[1m>[22m[39m[90m 79 |[39m       console[33m.[39mwarn([32m`[world-validation] ${warning}`[39m)[33m;[39m
     [90m    |[39m               [31m[1m^[22m[39m
     [90m 80 |[39m     }
     [90m 81 |[39m   }
     [90m 82 |[39m[0m

      at warn (api/src/game-engine.js:79:15)
      at loadWorld (tests/game-engine.test.js:33:17)
      at freshSession (tests/game-engine.test.js:38:19)
      at Object.sessionWithPlayer (tests/game-engine.test.js:208:21)

  console.warn
    [world-validation] Room "room-isolated" is an orphan ΓÇö no exits or puzzles connect to it.

    [0m [90m 77 |[39m   [36mif[39m (validation[33m.[39mwarnings[33m.[39mlength [33m>[39m [35m0[39m) {
     [90m 78 |[39m     [36mfor[39m ([36mconst[39m warning [36mof[39m validation[33m.[39mwarnings) {
    [31m[1m>[22m[39m[90m 79 |[39m       console[33m.[39mwarn([32m`[world-validation] ${warning}`[39m)[33m;[39m
     [90m    |[39m               [31m[1m^[22m[39m
     [90m 80 |[39m     }
     [90m 81 |[39m   }
     [90m 82 |[39m[0m

      at warn (api/src/game-engine.js:79:15)
      at loadWorld (tests/communication.test.js:21:17)
      at freshSession (tests/communication.test.js:26:17)
      at Object.sessionWithPlayers (tests/communication.test.js:379:19)

  console.warn
    [world-validation] Room "room-isolated" is an orphan ΓÇö no exits or puzzles connect to it.

    [0m [90m 77 |[39m   [36mif[39m (validation[33m.[39mwarnings[33m.[39mlength [33m>[39m [35m0[39m) {
     [90m 78 |[39m     [36mfor[39m ([36mconst[39m warning [36mof[39m validation[33m.[39mwarnings) {
    [31m[1m>[22m[39m[90m 79 |[39m       console[33m.[39mwarn([32m`[world-validation] ${warning}`[39m)[33m;[39m
     [90m    |[39m               [31m[1m^[22m[39m
     [90m 80 |[39m     }
     [90m 81 |[39m   }
     [90m 82 |[39m[0m

      at warn (api/src/game-engine.js:79:15)
      at loadWorld (tests/game-engine.test.js:33:17)
      at freshSession (tests/game-engine.test.js:38:19)
      at Object.sessionWithPlayer (tests/game-engine.test.js:208:21)

  console.warn
    [world-validation] Room "room-hub" has no items and no hazards (empty room).

    [0m [90m 77 |[39m   [36mif[39m (validation[33m.[39mwarnings[33m.[39mlength [33m>[39m [35m0[39m) {
     [90m 78 |[39m     [36mfor[39m ([36mconst[39m warning [36mof[39m validation[33m.[39mwarnings) {
    [31m[1m>[22m[39m[90m 79 |[39m       console[33m.[39mwarn([32m`[world-validation] ${warning}`[39m)[33m;[39m
     [90m    |[39m               [31m[1m^[22m[39m
     [90m 80 |[39m     }
     [90m 81 |[39m   }
     [90m 82 |[39m[0m

      at warn (api/src/game-engine.js:79:15)
      at loadWorld (tests/communication.test.js:21:17)
      at freshSession (tests/communication.test.js:26:17)
      at Object.sessionWithPlayers (tests/communication.test.js:391:21)

  console.warn
    [world-validation] Room "room-hub" has no items and no hazards (empty room).

    [0m [90m 77 |[39m   [36mif[39m (validation[33m.[39mwarnings[33m.[39mlength [33m>[39m [35m0[39m) {
     [90m 78 |[39m     [36mfor[39m ([36mconst[39m warning [36mof[39m validation[33m.[39mwarnings) {
    [31m[1m>[22m[39m[90m 79 |[39m       console[33m.[39mwarn([32m`[world-validation] ${warning}`[39m)[33m;[39m
     [90m    |[39m               [31m[1m^[22m[39m
     [90m 80 |[39m     }
     [90m 81 |[39m   }
     [90m 82 |[39m[0m

      at warn (api/src/game-engine.js:79:15)
      at loadWorld (tests/game-engine.test.js:33:17)
      at freshSession (tests/game-engine.test.js:38:19)
      at Object.sessionWithPlayer (tests/game-engine.test.js:215:21)

  console.warn
    [world-validation] Room "room-hub-n" has no items and no hazards (empty room).

    [0m [90m 77 |[39m   [36mif[39m (validation[33m.[39mwarnings[33m.[39mlength [33m>[39m [35m0[39m) {
     [90m 78 |[39m     [36mfor[39m ([36mconst[39m warning [36mof[39m validation[33m.[39mwarnings) {
    [31m[1m>[22m[39m[90m 79 |[39m       console[33m.[39mwarn([32m`[world-validation] ${warning}`[39m)[33m;[39m
     [90m    |[39m               [31m[1m^[22m[39m
     [90m 80 |[39m     }
     [90m 81 |[39m   }
     [90m 82 |[39m[0m

      at warn (api/src/game-engine.js:79:15)
      at loadWorld (tests/communication.test.js:21:17)
      at freshSession (tests/communication.test.js:26:17)
      at Object.sessionWithPlayers (tests/communication.test.js:391:21)

  console.warn
    [world-validation] Room "room-hub-n" has no items and no hazards (empty room).

    [0m [90m 77 |[39m   [36mif[39m (validation[33m.[39mwarnings[33m.[39mlength [33m>[39m [35m0[39m) {
     [90m 78 |[39m     [36mfor[39m ([36mconst[39m warning [36mof[39m validation[33m.[39mwarnings) {
    [31m[1m>[22m[39m[90m 79 |[39m       console[33m.[39mwarn([32m`[world-validation] ${warning}`[39m)[33m;[39m
     [90m    |[39m               [31m[1m^[22m[39m
     [90m 80 |[39m     }
     [90m 81 |[39m   }
     [90m 82 |[39m[0m

      at warn (api/src/game-engine.js:79:15)
      at loadWorld (tests/game-engine.test.js:33:17)
      at freshSession (tests/game-engine.test.js:38:19)
      at Object.sessionWithPlayer (tests/game-engine.test.js:215:21)

  console.warn
    [world-validation] Room "room-hub-e" has no items and no hazards (empty room).

    [0m [90m 77 |[39m   [36mif[39m (validation[33m.[39mwarnings[33m.[39mlength [33m>[39m [35m0[39m) {
     [90m 78 |[39m     [36mfor[39m ([36mconst[39m warning [36mof[39m validation[33m.[39mwarnings) {
    [31m[1m>[22m[39m[90m 79 |[39m       console[33m.[39mwarn([32m`[world-validation] ${warning}`[39m)[33m;[39m
     [90m    |[39m               [31m[1m^[22m[39m
     [90m 80 |[39m     }
     [90m 81 |[39m   }
     [90m 82 |[39m[0m

      at warn (api/src/game-engine.js:79:15)
      at loadWorld (tests/communication.test.js:21:17)
      at freshSession (tests/communication.test.js:26:17)
      at Object.sessionWithPlayers (tests/communication.test.js:391:21)

  console.warn
    [world-validation] Room "room-hub-e" has no items and no hazards (empty room).

    [0m [90m 77 |[39m   [36mif[39m (validation[33m.[39mwarnings[33m.[39mlength [33m>[39m [35m0[39m) {
     [90m 78 |[39m     [36mfor[39m ([36mconst[39m warning [36mof[39m validation[33m.[39mwarnings) {
    [31m[1m>[22m[39m[90m 79 |[39m       console[33m.[39mwarn([32m`[world-validation] ${warning}`[39m)[33m;[39m
     [90m    |[39m               [31m[1m^[22m[39m
     [90m 80 |[39m     }
     [90m 81 |[39m   }
     [90m 82 |[39m[0m

      at warn (api/src/game-engine.js:79:15)
      at loadWorld (tests/game-engine.test.js:33:17)
      at freshSession (tests/game-engine.test.js:38:19)
      at Object.sessionWithPlayer (tests/game-engine.test.js:215:21)

  console.warn
    [world-validation] Room "room-hub-w" has no items and no hazards (empty room).

    [0m [90m 77 |[39m   [36mif[39m (validation[33m.[39mwarnings[33m.[39mlength [33m>[39m [35m0[39m) {
     [90m 78 |[39m     [36mfor[39m ([36mconst[39m warning [36mof[39m validation[33m.[39mwarnings) {
    [31m[1m>[22m[39m[90m 79 |[39m       console[33m.[39mwarn([32m`[world-validation] ${warning}`[39m)[33m;[39m
     [90m    |[39m               [31m[1m^[22m[39m
     [90m 80 |[39m     }
     [90m 81 |[39m   }
     [90m 82 |[39m[0m

      at warn (api/src/game-engine.js:79:15)
      at loadWorld (tests/communication.test.js:21:17)
      at freshSession (tests/communication.test.js:26:17)
      at Object.sessionWithPlayers (tests/communication.test.js:391:21)

  console.warn
    [world-validation] Room "room-hub-w" has no items and no hazards (empty room).

    [0m [90m 77 |[39m   [36mif[39m (validation[33m.[39mwarnings[33m.[39mlength [33m>[39m [35m0[39m) {
     [90m 78 |[39m     [36mfor[39m ([36mconst[39m warning [36mof[39m validation[33m.[39mwarnings) {
    [31m[1m>[22m[39m[90m 79 |[39m       console[33m.[39mwarn([32m`[world-validation] ${warning}`[39m)[33m;[39m
     [90m    |[39m               [31m[1m^[22m[39m
     [90m 80 |[39m     }
     [90m 81 |[39m   }
     [90m 82 |[39m[0m

      at warn (api/src/game-engine.js:79:15)
      at loadWorld (tests/game-engine.test.js:33:17)
      at freshSession (tests/game-engine.test.js:38:19)
      at Object.sessionWithPlayer (tests/game-engine.test.js:215:21)

  console.warn
    [world-validation] Room "room-isolated" has no items and no hazards (empty room).

    [0m [90m 77 |[39m   [36mif[39m (validation[33m.[39mwarnings[33m.[39mlength [33m>[39m [35m0[39m) {
     [90m 78 |[39m     [36mfor[39m ([36mconst[39m warning [36mof[39m validation[33m.[39mwarnings) {
    [31m[1m>[22m[39m[90m 79 |[39m       console[33m.[39mwarn([32m`[world-validation] ${warning}`[39m)[33m;[39m
     [90m    |[39m               [31m[1m^[22m[39m
     [90m 80 |[39m     }
     [90m 81 |[39m   }
     [90m 82 |[39m[0m

      at warn (api/src/game-engine.js:79:15)
      at loadWorld (tests/communication.test.js:21:17)
      at freshSession (tests/communication.test.js:26:17)
      at Object.sessionWithPlayers (tests/communication.test.js:391:21)

  console.warn
    [world-validation] Room "room-isolated" has no items and no hazards (empty room).

    [0m [90m 77 |[39m   [36mif[39m (validation[33m.[39mwarnings[33m.[39mlength [33m>[39m [35m0[39m) {
     [90m 78 |[39m     [36mfor[39m ([36mconst[39m warning [36mof[39m validation[33m.[39mwarnings) {
    [31m[1m>[22m[39m[90m 79 |[39m       console[33m.[39mwarn([32m`[world-validation] ${warning}`[39m)[33m;[39m
     [90m    |[39m               [31m[1m^[22m[39m
     [90m 80 |[39m     }
     [90m 81 |[39m   }
     [90m 82 |[39m[0m

      at warn (api/src/game-engine.js:79:15)
      at loadWorld (tests/game-engine.test.js:33:17)
      at freshSession (tests/game-engine.test.js:38:19)
      at Object.sessionWithPlayer (tests/game-engine.test.js:215:21)

  console.warn
    [world-validation] Room "room-isolated" is an orphan ΓÇö no exits or puzzles connect to it.

    [0m [90m 77 |[39m   [36mif[39m (validation[33m.[39mwarnings[33m.[39mlength [33m>[39m [35m0[39m) {
     [90m 78 |[39m     [36mfor[39m ([36mconst[39m warning [36mof[39m validation[33m.[39mwarnings) {
    [31m[1m>[22m[39m[90m 79 |[39m       console[33m.[39mwarn([32m`[world-validation] ${warning}`[39m)[33m;[39m
     [90m    |[39m               [31m[1m^[22m[39m
     [90m 80 |[39m     }
     [90m 81 |[39m   }
     [90m 82 |[39m[0m

      at warn (api/src/game-engine.js:79:15)
      at loadWorld (tests/communication.test.js:21:17)
      at freshSession (tests/communication.test.js:26:17)
      at Object.sessionWithPlayers (tests/communication.test.js:391:21)

  console.warn
    [world-validation] Room "room-isolated" is an orphan ΓÇö no exits or puzzles connect to it.

    [0m [90m 77 |[39m   [36mif[39m (validation[33m.[39mwarnings[33m.[39mlength [33m>[39m [35m0[39m) {
     [90m 78 |[39m     [36mfor[39m ([36mconst[39m warning [36mof[39m validation[33m.[39mwarnings) {
    [31m[1m>[22m[39m[90m 79 |[39m       console[33m.[39mwarn([32m`[world-validation] ${warning}`[39m)[33m;[39m
     [90m    |[39m               [31m[1m^[22m[39m
     [90m 80 |[39m     }
     [90m 81 |[39m   }
     [90m 82 |[39m[0m

      at warn (api/src/game-engine.js:79:15)
      at loadWorld (tests/game-engine.test.js:33:17)
      at freshSession (tests/game-engine.test.js:38:19)
      at Object.sessionWithPlayer (tests/game-engine.test.js:215:21)

  console.warn
    [world-validation] Room "room-hub" has no items and no hazards (empty room).

    [0m [90m 77 |[39m   [36mif[39m (validation[33m.[39mwarnings[33m.[39mlength [33m>[39m [35m0[39m) {
     [90m 78 |[39m     [36mfor[39m ([36mconst[39m warning [36mof[39m validation[33m.[39mwarnings) {
    [31m[1m>[22m[39m[90m 79 |[39m       console[33m.[39mwarn([32m`[world-validation] ${warning}`[39m)[33m;[39m
     [90m    |[39m               [31m[1m^[22m[39m
     [90m 80 |[39m     }
     [90m 81 |[39m   }
     [90m 82 |[39m[0m

      at warn (api/src/game-engine.js:79:15)
      at loadWorld (tests/communication.test.js:21:17)
      at freshSession (tests/communication.test.js:26:17)
      at Object.sessionWithPlayers (tests/communication.test.js:399:21)

  console.warn
    [world-validation] Room "room-hub" has no items and no hazards (empty room).

    [0m [90m 77 |[39m   [36mif[39m (validation[33m.[39mwarnings[33m.[39mlength [33m>[39m [35m0[39m) {
     [90m 78 |[39m     [36mfor[39m ([36mconst[39m warning [36mof[39m validation[33m.[39mwarnings) {
    [31m[1m>[22m[39m[90m 79 |[39m       console[33m.[39mwarn([32m`[world-validation] ${warning}`[39m)[33m;[39m
     [90m    |[39m               [31m[1m^[22m[39m
     [90m 80 |[39m     }
     [90m 81 |[39m   }
     [90m 82 |[39m[0m

      at warn (api/src/game-engine.js:79:15)
      at loadWorld (tests/game-engine.test.js:33:17)
      at freshSession (tests/game-engine.test.js:43:17)
      at Object.sessionWithPlayers (tests/game-engine.test.js:223:21)

  console.warn
    [world-validation] Room "room-hub-n" has no items and no hazards (empty room).

    [0m [90m 77 |[39m   [36mif[39m (validation[33m.[39mwarnings[33m.[39mlength [33m>[39m [35m0[39m) {
     [90m 78 |[39m     [36mfor[39m ([36mconst[39m warning [36mof[39m validation[33m.[39mwarnings) {
    [31m[1m>[22m[39m[90m 79 |[39m       console[33m.[39mwarn([32m`[world-validation] ${warning}`[39m)[33m;[39m
     [90m    |[39m               [31m[1m^[22m[39m
     [90m 80 |[39m     }
     [90m 81 |[39m   }
     [90m 82 |[39m[0m

      at warn (api/src/game-engine.js:79:15)
      at loadWorld (tests/communication.test.js:21:17)
      at freshSession (tests/communication.test.js:26:17)
      at Object.sessionWithPlayers (tests/communication.test.js:399:21)

  console.warn
    [world-validation] Room "room-hub-n" has no items and no hazards (empty room).

    [0m [90m 77 |[39m   [36mif[39m (validation[33m.[39mwarnings[33m.[39mlength [33m>[39m [35m0[39m) {
     [90m 78 |[39m     [36mfor[39m ([36mconst[39m warning [36mof[39m validation[33m.[39mwarnings) {
    [31m[1m>[22m[39m[90m 79 |[39m       console[33m.[39mwarn([32m`[world-validation] ${warning}`[39m)[33m;[39m
     [90m    |[39m               [31m[1m^[22m[39m
     [90m 80 |[39m     }
     [90m 81 |[39m   }
     [90m 82 |[39m[0m

      at warn (api/src/game-engine.js:79:15)
      at loadWorld (tests/game-engine.test.js:33:17)
      at freshSession (tests/game-engine.test.js:43:17)
      at Object.sessionWithPlayers (tests/game-engine.test.js:223:21)

  console.warn
    [world-validation] Room "room-hub-e" has no items and no hazards (empty room).

    [0m [90m 77 |[39m   [36mif[39m (validation[33m.[39mwarnings[33m.[39mlength [33m>[39m [35m0[39m) {
     [90m 78 |[39m     [36mfor[39m ([36mconst[39m warning [36mof[39m validation[33m.[39mwarnings) {
    [31m[1m>[22m[39m[90m 79 |[39m       console[33m.[39mwarn([32m`[world-validation] ${warning}`[39m)[33m;[39m
     [90m    |[39m               [31m[1m^[22m[39m
     [90m 80 |[39m     }
     [90m 81 |[39m   }
     [90m 82 |[39m[0m

      at warn (api/src/game-engine.js:79:15)
      at loadWorld (tests/communication.test.js:21:17)
      at freshSession (tests/communication.test.js:26:17)
      at Object.sessionWithPlayers (tests/communication.test.js:399:21)

  console.warn
    [world-validation] Room "room-hub-e" has no items and no hazards (empty room).

    [0m [90m 77 |[39m   [36mif[39m (validation[33m.[39mwarnings[33m.[39mlength [33m>[39m [35m0[39m) {
     [90m 78 |[39m     [36mfor[39m ([36mconst[39m warning [36mof[39m validation[33m.[39mwarnings) {
    [31m[1m>[22m[39m[90m 79 |[39m       console[33m.[39mwarn([32m`[world-validation] ${warning}`[39m)[33m;[39m
     [90m    |[39m               [31m[1m^[22m[39m
     [90m 80 |[39m     }
     [90m 81 |[39m   }
     [90m 82 |[39m[0m

      at warn (api/src/game-engine.js:79:15)
      at loadWorld (tests/game-engine.test.js:33:17)
      at freshSession (tests/game-engine.test.js:43:17)
      at Object.sessionWithPlayers (tests/game-engine.test.js:223:21)

  console.warn
    [world-validation] Room "room-hub-w" has no items and no hazards (empty room).

    [0m [90m 77 |[39m   [36mif[39m (validation[33m.[39mwarnings[33m.[39mlength [33m>[39m [35m0[39m) {
     [90m 78 |[39m     [36mfor[39m ([36mconst[39m warning [36mof[39m validation[33m.[39mwarnings) {
    [31m[1m>[22m[39m[90m 79 |[39m       console[33m.[39mwarn([32m`[world-validation] ${warning}`[39m)[33m;[39m
     [90m    |[39m               [31m[1m^[22m[39m
     [90m 80 |[39m     }
     [90m 81 |[39m   }
     [90m 82 |[39m[0m

      at warn (api/src/game-engine.js:79:15)
      at loadWorld (tests/communication.test.js:21:17)
      at freshSession (tests/communication.test.js:26:17)
      at Object.sessionWithPlayers (tests/communication.test.js:399:21)

  console.warn
    [world-validation] Room "room-hub-w" has no items and no hazards (empty room).

    [0m [90m 77 |[39m   [36mif[39m (validation[33m.[39mwarnings[33m.[39mlength [33m>[39m [35m0[39m) {
     [90m 78 |[39m     [36mfor[39m ([36mconst[39m warning [36mof[39m validation[33m.[39mwarnings) {
    [31m[1m>[22m[39m[90m 79 |[39m       console[33m.[39mwarn([32m`[world-validation] ${warning}`[39m)[33m;[39m
     [90m    |[39m               [31m[1m^[22m[39m
     [90m 80 |[39m     }
     [90m 81 |[39m   }
     [90m 82 |[39m[0m

      at warn (api/src/game-engine.js:79:15)
      at loadWorld (tests/game-engine.test.js:33:17)
      at freshSession (tests/game-engine.test.js:43:17)
      at Object.sessionWithPlayers (tests/game-engine.test.js:223:21)

  console.warn
    [world-validation] Room "room-isolated" has no items and no hazards (empty room).

    [0m [90m 77 |[39m   [36mif[39m (validation[33m.[39mwarnings[33m.[39mlength [33m>[39m [35m0[39m) {
     [90m 78 |[39m     [36mfor[39m ([36mconst[39m warning [36mof[39m validation[33m.[39mwarnings) {
    [31m[1m>[22m[39m[90m 79 |[39m       console[33m.[39mwarn([32m`[world-validation] ${warning}`[39m)[33m;[39m
     [90m    |[39m               [31m[1m^[22m[39m
     [90m 80 |[39m     }
     [90m 81 |[39m   }
     [90m 82 |[39m[0m

      at warn (api/src/game-engine.js:79:15)
      at loadWorld (tests/communication.test.js:21:17)
      at freshSession (tests/communication.test.js:26:17)
      at Object.sessionWithPlayers (tests/communication.test.js:399:21)

  console.warn
    [world-validation] Room "room-isolated" has no items and no hazards (empty room).

    [0m [90m 77 |[39m   [36mif[39m (validation[33m.[39mwarnings[33m.[39mlength [33m>[39m [35m0[39m) {
     [90m 78 |[39m     [36mfor[39m ([36mconst[39m warning [36mof[39m validation[33m.[39mwarnings) {
    [31m[1m>[22m[39m[90m 79 |[39m       console[33m.[39mwarn([32m`[world-validation] ${warning}`[39m)[33m;[39m
     [90m    |[39m               [31m[1m^[22m[39m
     [90m 80 |[39m     }
     [90m 81 |[39m   }
     [90m 82 |[39m[0m

      at warn (api/src/game-engine.js:79:15)
      at loadWorld (tests/game-engine.test.js:33:17)
      at freshSession (tests/game-engine.test.js:43:17)
      at Object.sessionWithPlayers (tests/game-engine.test.js:223:21)

  console.warn
    [world-validation] Room "room-isolated" is an orphan ΓÇö no exits or puzzles connect to it.

    [0m [90m 77 |[39m   [36mif[39m (validation[33m.[39mwarnings[33m.[39mlength [33m>[39m [35m0[39m) {
     [90m 78 |[39m     [36mfor[39m ([36mconst[39m warning [36mof[39m validation[33m.[39mwarnings) {
    [31m[1m>[22m[39m[90m 79 |[39m       console[33m.[39mwarn([32m`[world-validation] ${warning}`[39m)[33m;[39m
     [90m    |[39m               [31m[1m^[22m[39m
     [90m 80 |[39m     }
     [90m 81 |[39m   }
     [90m 82 |[39m[0m

      at warn (api/src/game-engine.js:79:15)
      at loadWorld (tests/communication.test.js:21:17)
      at freshSession (tests/communication.test.js:26:17)
      at Object.sessionWithPlayers (tests/communication.test.js:399:21)

  console.warn
    [world-validation] Room "room-isolated" is an orphan ΓÇö no exits or puzzles connect to it.

    [0m [90m 77 |[39m   [36mif[39m (validation[33m.[39mwarnings[33m.[39mlength [33m>[39m [35m0[39m) {
     [90m 78 |[39m     [36mfor[39m ([36mconst[39m warning [36mof[39m validation[33m.[39mwarnings) {
    [31m[1m>[22m[39m[90m 79 |[39m       console[33m.[39mwarn([32m`[world-validation] ${warning}`[39m)[33m;[39m
     [90m    |[39m               [31m[1m^[22m[39m
     [90m 80 |[39m     }
     [90m 81 |[39m   }
     [90m 82 |[39m[0m

      at warn (api/src/game-engine.js:79:15)
      at loadWorld (tests/game-engine.test.js:33:17)
      at freshSession (tests/game-engine.test.js:43:17)
      at Object.sessionWithPlayers (tests/game-engine.test.js:223:21)

  console.warn
    [world-validation] Room "room-hub" has no items and no hazards (empty room).

    [0m [90m 77 |[39m   [36mif[39m (validation[33m.[39mwarnings[33m.[39mlength [33m>[39m [35m0[39m) {
     [90m 78 |[39m     [36mfor[39m ([36mconst[39m warning [36mof[39m validation[33m.[39mwarnings) {
    [31m[1m>[22m[39m[90m 79 |[39m       console[33m.[39mwarn([32m`[world-validation] ${warning}`[39m)[33m;[39m
     [90m    |[39m               [31m[1m^[22m[39m
     [90m 80 |[39m     }
     [90m 81 |[39m   }
     [90m 82 |[39m[0m

      at warn (api/src/game-engine.js:79:15)
      at loadWorld (tests/communication.test.js:21:17)
      at freshSession (tests/communication.test.js:26:17)
      at Object.sessionWithPlayers (tests/communication.test.js:409:19)

  console.warn
    [world-validation] Room "room-hub" has no items and no hazards (empty room).

    [0m [90m 77 |[39m   [36mif[39m (validation[33m.[39mwarnings[33m.[39mlength [33m>[39m [35m0[39m) {
     [90m 78 |[39m     [36mfor[39m ([36mconst[39m warning [36mof[39m validation[33m.[39mwarnings) {
    [31m[1m>[22m[39m[90m 79 |[39m       console[33m.[39mwarn([32m`[world-validation] ${warning}`[39m)[33m;[39m
     [90m    |[39m               [31m[1m^[22m[39m
     [90m 80 |[39m     }
     [90m 81 |[39m   }
     [90m 82 |[39m[0m

      at warn (api/src/game-engine.js:79:15)
      at loadWorld (tests/game-engine.test.js:33:17)
      at freshSession (tests/game-engine.test.js:43:17)
      at Object.sessionWithPlayers (tests/game-engine.test.js:233:19)

  console.warn
    [world-validation] Room "room-hub-n" has no items and no hazards (empty room).

    [0m [90m 77 |[39m   [36mif[39m (validation[33m.[39mwarnings[33m.[39mlength [33m>[39m [35m0[39m) {
     [90m 78 |[39m     [36mfor[39m ([36mconst[39m warning [36mof[39m validation[33m.[39mwarnings) {
    [31m[1m>[22m[39m[90m 79 |[39m       console[33m.[39mwarn([32m`[world-validation] ${warning}`[39m)[33m;[39m
     [90m    |[39m               [31m[1m^[22m[39m
     [90m 80 |[39m     }
     [90m 81 |[39m   }
     [90m 82 |[39m[0m

      at warn (api/src/game-engine.js:79:15)
      at loadWorld (tests/communication.test.js:21:17)
      at freshSession (tests/communication.test.js:26:17)
      at Object.sessionWithPlayers (tests/communication.test.js:409:19)

  console.warn
    [world-validation] Room "room-hub-n" has no items and no hazards (empty room).

    [0m [90m 77 |[39m   [36mif[39m (validation[33m.[39mwarnings[33m.[39mlength [33m>[39m [35m0[39m) {
     [90m 78 |[39m     [36mfor[39m ([36mconst[39m warning [36mof[39m validation[33m.[39mwarnings) {
    [31m[1m>[22m[39m[90m 79 |[39m       console[33m.[39mwarn([32m`[world-validation] ${warning}`[39m)[33m;[39m
     [90m    |[39m               [31m[1m^[22m[39m
     [90m 80 |[39m     }
     [90m 81 |[39m   }
     [90m 82 |[39m[0m

      at warn (api/src/game-engine.js:79:15)
      at loadWorld (tests/game-engine.test.js:33:17)
      at freshSession (tests/game-engine.test.js:43:17)
      at Object.sessionWithPlayers (tests/game-engine.test.js:233:19)

  console.warn
    [world-validation] Room "room-hub-e" has no items and no hazards (empty room).

    [0m [90m 77 |[39m   [36mif[39m (validation[33m.[39mwarnings[33m.[39mlength [33m>[39m [35m0[39m) {
     [90m 78 |[39m     [36mfor[39m ([36mconst[39m warning [36mof[39m validation[33m.[39mwarnings) {
    [31m[1m>[22m[39m[90m 79 |[39m       console[33m.[39mwarn([32m`[world-validation] ${warning}`[39m)[33m;[39m
     [90m    |[39m               [31m[1m^[22m[39m
     [90m 80 |[39m     }
     [90m 81 |[39m   }
     [90m 82 |[39m[0m

      at warn (api/src/game-engine.js:79:15)
      at loadWorld (tests/communication.test.js:21:17)
      at freshSession (tests/communication.test.js:26:17)
      at Object.sessionWithPlayers (tests/communication.test.js:409:19)

  console.warn
    [world-validation] Room "room-hub-e" has no items and no hazards (empty room).

    [0m [90m 77 |[39m   [36mif[39m (validation[33m.[39mwarnings[33m.[39mlength [33m>[39m [35m0[39m) {
     [90m 78 |[39m     [36mfor[39m ([36mconst[39m warning [36mof[39m validation[33m.[39mwarnings) {
    [31m[1m>[22m[39m[90m 79 |[39m       console[33m.[39mwarn([32m`[world-validation] ${warning}`[39m)[33m;[39m
     [90m    |[39m               [31m[1m^[22m[39m
     [90m 80 |[39m     }
     [90m 81 |[39m   }
     [90m 82 |[39m[0m

      at warn (api/src/game-engine.js:79:15)
      at loadWorld (tests/game-engine.test.js:33:17)
      at freshSession (tests/game-engine.test.js:43:17)
      at Object.sessionWithPlayers (tests/game-engine.test.js:233:19)

  console.warn
    [world-validation] Room "room-hub-w" has no items and no hazards (empty room).

    [0m [90m 77 |[39m   [36mif[39m (validation[33m.[39mwarnings[33m.[39mlength [33m>[39m [35m0[39m) {
     [90m 78 |[39m     [36mfor[39m ([36mconst[39m warning [36mof[39m validation[33m.[39mwarnings) {
    [31m[1m>[22m[39m[90m 79 |[39m       console[33m.[39mwarn([32m`[world-validation] ${warning}`[39m)[33m;[39m
     [90m    |[39m               [31m[1m^[22m[39m
     [90m 80 |[39m     }
     [90m 81 |[39m   }
     [90m 82 |[39m[0m

      at warn (api/src/game-engine.js:79:15)
      at loadWorld (tests/communication.test.js:21:17)
      at freshSession (tests/communication.test.js:26:17)
      at Object.sessionWithPlayers (tests/communication.test.js:409:19)

  console.warn
    [world-validation] Room "room-isolated" has no items and no hazards (empty room).

    [0m [90m 77 |[39m   [36mif[39m (validation[33m.[39mwarnings[33m.[39mlength [33m>[39m [35m0[39m) {
     [90m 78 |[39m     [36mfor[39m ([36mconst[39m warning [36mof[39m validation[33m.[39mwarnings) {
    [31m[1m>[22m[39m[90m 79 |[39m       console[33m.[39mwarn([32m`[world-validation] ${warning}`[39m)[33m;[39m
     [90m    |[39m               [31m[1m^[22m[39m
     [90m 80 |[39m     }
     [90m 81 |[39m   }
     [90m 82 |[39m[0m

      at warn (api/src/game-engine.js:79:15)
      at loadWorld (tests/communication.test.js:21:17)
      at freshSession (tests/communication.test.js:26:17)
      at Object.sessionWithPlayers (tests/communication.test.js:409:19)

  console.warn
    [world-validation] Room "room-hub-w" has no items and no hazards (empty room).

    [0m [90m 77 |[39m   [36mif[39m (validation[33m.[39mwarnings[33m.[39mlength [33m>[39m [35m0[39m) {
     [90m 78 |[39m     [36mfor[39m ([36mconst[39m warning [36mof[39m validation[33m.[39mwarnings) {
    [31m[1m>[22m[39m[90m 79 |[39m       console[33m.[39mwarn([32m`[world-validation] ${warning}`[39m)[33m;[39m
     [90m    |[39m               [31m[1m^[22m[39m
     [90m 80 |[39m     }
     [90m 81 |[39m   }
     [90m 82 |[39m[0m

      at warn (api/src/game-engine.js:79:15)
      at loadWorld (tests/game-engine.test.js:33:17)
      at freshSession (tests/game-engine.test.js:43:17)
      at Object.sessionWithPlayers (tests/game-engine.test.js:233:19)

  console.warn
    [world-validation] Room "room-isolated" is an orphan ΓÇö no exits or puzzles connect to it.

    [0m [90m 77 |[39m   [36mif[39m (validation[33m.[39mwarnings[33m.[39mlength [33m>[39m [35m0[39m) {
     [90m 78 |[39m     [36mfor[39m ([36mconst[39m warning [36mof[39m validation[33m.[39mwarnings) {
    [31m[1m>[22m[39m[90m 79 |[39m       console[33m.[39mwarn([32m`[world-validation] ${warning}`[39m)[33m;[39m
     [90m    |[39m               [31m[1m^[22m[39m
     [90m 80 |[39m     }
     [90m 81 |[39m   }
     [90m 82 |[39m[0m

      at warn (api/src/game-engine.js:79:15)
      at loadWorld (tests/communication.test.js:21:17)
      at freshSession (tests/communication.test.js:26:17)
      at Object.sessionWithPlayers (tests/communication.test.js:409:19)

  console.warn
    [world-validation] Room "room-isolated" has no items and no hazards (empty room).

    [0m [90m 77 |[39m   [36mif[39m (validation[33m.[39mwarnings[33m.[39mlength [33m>[39m [35m0[39m) {
     [90m 78 |[39m     [36mfor[39m ([36mconst[39m warning [36mof[39m validation[33m.[39mwarnings) {
    [31m[1m>[22m[39m[90m 79 |[39m       console[33m.[39mwarn([32m`[world-validation] ${warning}`[39m)[33m;[39m
     [90m    |[39m               [31m[1m^[22m[39m
     [90m 80 |[39m     }
     [90m 81 |[39m   }
     [90m 82 |[39m[0m

      at warn (api/src/game-engine.js:79:15)
      at loadWorld (tests/game-engine.test.js:33:17)
      at freshSession (tests/game-engine.test.js:43:17)
      at Object.sessionWithPlayers (tests/game-engine.test.js:233:19)

  console.warn
    [world-validation] Room "room-hub" has no items and no hazards (empty room).

    [0m [90m 77 |[39m   [36mif[39m (validation[33m.[39mwarnings[33m.[39mlength [33m>[39m [35m0[39m) {
     [90m 78 |[39m     [36mfor[39m ([36mconst[39m warning [36mof[39m validation[33m.[39mwarnings) {
    [31m[1m>[22m[39m[90m 79 |[39m       console[33m.[39mwarn([32m`[world-validation] ${warning}`[39m)[33m;[39m
     [90m    |[39m               [31m[1m^[22m[39m
     [90m 80 |[39m     }
     [90m 81 |[39m   }
     [90m 82 |[39m[0m

      at warn (api/src/game-engine.js:79:15)
      at loadWorld (tests/communication.test.js:21:17)
      at freshSession (tests/communication.test.js:26:17)
      at Object.sessionWithPlayers (tests/communication.test.js:418:19)

  console.warn
    [world-validation] Room "room-isolated" is an orphan ΓÇö no exits or puzzles connect to it.

    [0m [90m 77 |[39m   [36mif[39m (validation[33m.[39mwarnings[33m.[39mlength [33m>[39m [35m0[39m) {
     [90m 78 |[39m     [36mfor[39m ([36mconst[39m warning [36mof[39m validation[33m.[39mwarnings) {
    [31m[1m>[22m[39m[90m 79 |[39m       console[33m.[39mwarn([32m`[world-validation] ${warning}`[39m)[33m;[39m
     [90m    |[39m               [31m[1m^[22m[39m
     [90m 80 |[39m     }
     [90m 81 |[39m   }
     [90m 82 |[39m[0m

      at warn (api/src/game-engine.js:79:15)
      at loadWorld (tests/game-engine.test.js:33:17)
      at freshSession (tests/game-engine.test.js:43:17)
      at Object.sessionWithPlayers (tests/game-engine.test.js:233:19)

  console.warn
    [world-validation] Room "room-hub-n" has no items and no hazards (empty room).

    [0m [90m 77 |[39m   [36mif[39m (validation[33m.[39mwarnings[33m.[39mlength [33m>[39m [35m0[39m) {
     [90m 78 |[39m     [36mfor[39m ([36mconst[39m warning [36mof[39m validation[33m.[39mwarnings) {
    [31m[1m>[22m[39m[90m 79 |[39m       console[33m.[39mwarn([32m`[world-validation] ${warning}`[39m)[33m;[39m
     [90m    |[39m               [31m[1m^[22m[39m
     [90m 80 |[39m     }
     [90m 81 |[39m   }
     [90m 82 |[39m[0m

      at warn (api/src/game-engine.js:79:15)
      at loadWorld (tests/communication.test.js:21:17)
      at freshSession (tests/communication.test.js:26:17)
      at Object.sessionWithPlayers (tests/communication.test.js:418:19)

  console.warn
    [world-validation] Room "room-hub" has no items and no hazards (empty room).

    [0m [90m 77 |[39m   [36mif[39m (validation[33m.[39mwarnings[33m.[39mlength [33m>[39m [35m0[39m) {
     [90m 78 |[39m     [36mfor[39m ([36mconst[39m warning [36mof[39m validation[33m.[39mwarnings) {
    [31m[1m>[22m[39m[90m 79 |[39m       console[33m.[39mwarn([32m`[world-validation] ${warning}`[39m)[33m;[39m
     [90m    |[39m               [31m[1m^[22m[39m
     [90m 80 |[39m     }
     [90m 81 |[39m   }
     [90m 82 |[39m[0m

      at warn (api/src/game-engine.js:79:15)
      at loadWorld (tests/game-engine.test.js:33:17)
      at freshSession (tests/game-engine.test.js:38:19)
      at Object.sessionWithPlayer (tests/game-engine.test.js:247:21)

  console.warn
    [world-validation] Room "room-hub-e" has no items and no hazards (empty room).

    [0m [90m 77 |[39m   [36mif[39m (validation[33m.[39mwarnings[33m.[39mlength [33m>[39m [35m0[39m) {
     [90m 78 |[39m     [36mfor[39m ([36mconst[39m warning [36mof[39m validation[33m.[39mwarnings) {
    [31m[1m>[22m[39m[90m 79 |[39m       console[33m.[39mwarn([32m`[world-validation] ${warning}`[39m)[33m;[39m
     [90m    |[39m               [31m[1m^[22m[39m
     [90m 80 |[39m     }
     [90m 81 |[39m   }
     [90m 82 |[39m[0m

      at warn (api/src/game-engine.js:79:15)
      at loadWorld (tests/communication.test.js:21:17)
      at freshSession (tests/communication.test.js:26:17)
      at Object.sessionWithPlayers (tests/communication.test.js:418:19)

  console.warn
    [world-validation] Room "room-hub-w" has no items and no hazards (empty room).

    [0m [90m 77 |[39m   [36mif[39m (validation[33m.[39mwarnings[33m.[39mlength [33m>[39m [35m0[39m) {
     [90m 78 |[39m     [36mfor[39m ([36mconst[39m warning [36mof[39m validation[33m.[39mwarnings) {
    [31m[1m>[22m[39m[90m 79 |[39m       console[33m.[39mwarn([32m`[world-validation] ${warning}`[39m)[33m;[39m
     [90m    |[39m               [31m[1m^[22m[39m
     [90m 80 |[39m     }
     [90m 81 |[39m   }
     [90m 82 |[39m[0m

      at warn (api/src/game-engine.js:79:15)
      at loadWorld (tests/communication.test.js:21:17)
      at freshSession (tests/communication.test.js:26:17)
      at Object.sessionWithPlayers (tests/communication.test.js:418:19)

  console.warn
    [world-validation] Room "room-hub-n" has no items and no hazards (empty room).

    [0m [90m 77 |[39m   [36mif[39m (validation[33m.[39mwarnings[33m.[39mlength [33m>[39m [35m0[39m) {
     [90m 78 |[39m     [36mfor[39m ([36mconst[39m warning [36mof[39m validation[33m.[39mwarnings) {
    [31m[1m>[22m[39m[90m 79 |[39m       console[33m.[39mwarn([32m`[world-validation] ${warning}`[39m)[33m;[39m
     [90m    |[39m               [31m[1m^[22m[39m
     [90m 80 |[39m     }
     [90m 81 |[39m   }
     [90m 82 |[39m[0m

      at warn (api/src/game-engine.js:79:15)
      at loadWorld (tests/game-engine.test.js:33:17)
      at freshSession (tests/game-engine.test.js:38:19)
      at Object.sessionWithPlayer (tests/game-engine.test.js:247:21)

  console.warn
    [world-validation] Room "room-isolated" has no items and no hazards (empty room).

    [0m [90m 77 |[39m   [36mif[39m (validation[33m.[39mwarnings[33m.[39mlength [33m>[39m [35m0[39m) {
     [90m 78 |[39m     [36mfor[39m ([36mconst[39m warning [36mof[39m validation[33m.[39mwarnings) {
    [31m[1m>[22m[39m[90m 79 |[39m       console[33m.[39mwarn([32m`[world-validation] ${warning}`[39m)[33m;[39m
     [90m    |[39m               [31m[1m^[22m[39m
     [90m 80 |[39m     }
     [90m 81 |[39m   }
     [90m 82 |[39m[0m

      at warn (api/src/game-engine.js:79:15)
      at loadWorld (tests/communication.test.js:21:17)
      at freshSession (tests/communication.test.js:26:17)
      at Object.sessionWithPlayers (tests/communication.test.js:418:19)

  console.warn
    [world-validation] Room "room-hub-e" has no items and no hazards (empty room).

    [0m [90m 77 |[39m   [36mif[39m (validation[33m.[39mwarnings[33m.[39mlength [33m>[39m [35m0[39m) {
     [90m 78 |[39m     [36mfor[39m ([36mconst[39m warning [36mof[39m validation[33m.[39mwarnings) {
    [31m[1m>[22m[39m[90m 79 |[39m       console[33m.[39mwarn([32m`[world-validation] ${warning}`[39m)[33m;[39m
     [90m    |[39m               [31m[1m^[22m[39m
     [90m 80 |[39m     }
     [90m 81 |[39m   }
     [90m 82 |[39m[0m

      at warn (api/src/game-engine.js:79:15)
      at loadWorld (tests/game-engine.test.js:33:17)
      at freshSession (tests/game-engine.test.js:38:19)
      at Object.sessionWithPlayer (tests/game-engine.test.js:247:21)

  console.warn
    [world-validation] Room "room-isolated" is an orphan ΓÇö no exits or puzzles connect to it.

    [0m [90m 77 |[39m   [36mif[39m (validation[33m.[39mwarnings[33m.[39mlength [33m>[39m [35m0[39m) {
     [90m 78 |[39m     [36mfor[39m ([36mconst[39m warning [36mof[39m validation[33m.[39mwarnings) {
    [31m[1m>[22m[39m[90m 79 |[39m       console[33m.[39mwarn([32m`[world-validation] ${warning}`[39m)[33m;[39m
     [90m    |[39m               [31m[1m^[22m[39m
     [90m 80 |[39m     }
     [90m 81 |[39m   }
     [90m 82 |[39m[0m

      at warn (api/src/game-engine.js:79:15)
      at loadWorld (tests/communication.test.js:21:17)
      at freshSession (tests/communication.test.js:26:17)
      at Object.sessionWithPlayers (tests/communication.test.js:418:19)

  console.warn
    [world-validation] Room "room-hub-w" has no items and no hazards (empty room).

    [0m [90m 77 |[39m   [36mif[39m (validation[33m.[39mwarnings[33m.[39mlength [33m>[39m [35m0[39m) {
     [90m 78 |[39m     [36mfor[39m ([36mconst[39m warning [36mof[39m validation[33m.[39mwarnings) {
    [31m[1m>[22m[39m[90m 79 |[39m       console[33m.[39mwarn([32m`[world-validation] ${warning}`[39m)[33m;[39m
     [90m    |[39m               [31m[1m^[22m[39m
     [90m 80 |[39m     }
     [90m 81 |[39m   }
     [90m 82 |[39m[0m

      at warn (api/src/game-engine.js:79:15)
      at loadWorld (tests/game-engine.test.js:33:17)
      at freshSession (tests/game-engine.test.js:38:19)
      at Object.sessionWithPlayer (tests/game-engine.test.js:247:21)

  console.warn
    [world-validation] Room "room-isolated" has no items and no hazards (empty room).

    [0m [90m 77 |[39m   [36mif[39m (validation[33m.[39mwarnings[33m.[39mlength [33m>[39m [35m0[39m) {
     [90m 78 |[39m     [36mfor[39m ([36mconst[39m warning [36mof[39m validation[33m.[39mwarnings) {
    [31m[1m>[22m[39m[90m 79 |[39m       console[33m.[39mwarn([32m`[world-validation] ${warning}`[39m)[33m;[39m
     [90m    |[39m               [31m[1m^[22m[39m
     [90m 80 |[39m     }
     [90m 81 |[39m   }
     [90m 82 |[39m[0m

      at warn (api/src/game-engine.js:79:15)
      at loadWorld (tests/game-engine.test.js:33:17)
      at freshSession (tests/game-engine.test.js:38:19)
      at Object.sessionWithPlayer (tests/game-engine.test.js:247:21)

  console.warn
    [world-validation] Room "room-hub" has no items and no hazards (empty room).

    [0m [90m 77 |[39m   [36mif[39m (validation[33m.[39mwarnings[33m.[39mlength [33m>[39m [35m0[39m) {
     [90m 78 |[39m     [36mfor[39m ([36mconst[39m warning [36mof[39m validation[33m.[39mwarnings) {
    [31m[1m>[22m[39m[90m 79 |[39m       console[33m.[39mwarn([32m`[world-validation] ${warning}`[39m)[33m;[39m
     [90m    |[39m               [31m[1m^[22m[39m
     [90m 80 |[39m     }
     [90m 81 |[39m   }
     [90m 82 |[39m[0m

      at warn (api/src/game-engine.js:79:15)
      at loadWorld (tests/communication.test.js:21:17)
      at freshSession (tests/communication.test.js:26:17)
      at Object.sessionWithPlayers (tests/communication.test.js:427:19)

  console.warn
    [world-validation] Room "room-isolated" is an orphan ΓÇö no exits or puzzles connect to it.

    [0m [90m 77 |[39m   [36mif[39m (validation[33m.[39mwarnings[33m.[39mlength [33m>[39m [35m0[39m) {
     [90m 78 |[39m     [36mfor[39m ([36mconst[39m warning [36mof[39m validation[33m.[39mwarnings) {
    [31m[1m>[22m[39m[90m 79 |[39m       console[33m.[39mwarn([32m`[world-validation] ${warning}`[39m)[33m;[39m
     [90m    |[39m               [31m[1m^[22m[39m
     [90m 80 |[39m     }
     [90m 81 |[39m   }
     [90m 82 |[39m[0m

      at warn (api/src/game-engine.js:79:15)
      at loadWorld (tests/game-engine.test.js:33:17)
      at freshSession (tests/game-engine.test.js:38:19)
      at Object.sessionWithPlayer (tests/game-engine.test.js:247:21)

  console.warn
    [world-validation] Room "room-hub-n" has no items and no hazards (empty room).

    [0m [90m 77 |[39m   [36mif[39m (validation[33m.[39mwarnings[33m.[39mlength [33m>[39m [35m0[39m) {
     [90m 78 |[39m     [36mfor[39m ([36mconst[39m warning [36mof[39m validation[33m.[39mwarnings) {
    [31m[1m>[22m[39m[90m 79 |[39m       console[33m.[39mwarn([32m`[world-validation] ${warning}`[39m)[33m;[39m
     [90m    |[39m               [31m[1m^[22m[39m
     [90m 80 |[39m     }
     [90m 81 |[39m   }
     [90m 82 |[39m[0m

      at warn (api/src/game-engine.js:79:15)
      at loadWorld (tests/communication.test.js:21:17)
      at freshSession (tests/communication.test.js:26:17)
      at Object.sessionWithPlayers (tests/communication.test.js:427:19)

  console.warn
    [world-validation] Room "room-hub" has no items and no hazards (empty room).

    [0m [90m 77 |[39m   [36mif[39m (validation[33m.[39mwarnings[33m.[39mlength [33m>[39m [35m0[39m) {
     [90m 78 |[39m     [36mfor[39m ([36mconst[39m warning [36mof[39m validation[33m.[39mwarnings) {
    [31m[1m>[22m[39m[90m 79 |[39m       console[33m.[39mwarn([32m`[world-validation] ${warning}`[39m)[33m;[39m
     [90m    |[39m               [31m[1m^[22m[39m
     [90m 80 |[39m     }
     [90m 81 |[39m   }
     [90m 82 |[39m[0m

      at warn (api/src/game-engine.js:79:15)
      at loadWorld (tests/game-engine.test.js:33:17)
      at freshSession (tests/game-engine.test.js:38:19)
      at Object.sessionWithPlayer (tests/game-engine.test.js:253:19)

  console.warn
    [world-validation] Room "room-hub-e" has no items and no hazards (empty room).

    [0m [90m 77 |[39m   [36mif[39m (validation[33m.[39mwarnings[33m.[39mlength [33m>[39m [35m0[39m) {
     [90m 78 |[39m     [36mfor[39m ([36mconst[39m warning [36mof[39m validation[33m.[39mwarnings) {
    [31m[1m>[22m[39m[90m 79 |[39m       console[33m.[39mwarn([32m`[world-validation] ${warning}`[39m)[33m;[39m
     [90m    |[39m               [31m[1m^[22m[39m
     [90m 80 |[39m     }
     [90m 81 |[39m   }
     [90m 82 |[39m[0m

      at warn (api/src/game-engine.js:79:15)
      at loadWorld (tests/communication.test.js:21:17)
      at freshSession (tests/communication.test.js:26:17)
      at Object.sessionWithPlayers (tests/communication.test.js:427:19)

  console.warn
    [world-validation] Room "room-hub-n" has no items and no hazards (empty room).

    [0m [90m 77 |[39m   [36mif[39m (validation[33m.[39mwarnings[33m.[39mlength [33m>[39m [35m0[39m) {
     [90m 78 |[39m     [36mfor[39m ([36mconst[39m warning [36mof[39m validation[33m.[39mwarnings) {
    [31m[1m>[22m[39m[90m 79 |[39m       console[33m.[39mwarn([32m`[world-validation] ${warning}`[39m)[33m;[39m
     [90m    |[39m               [31m[1m^[22m[39m
     [90m 80 |[39m     }
     [90m 81 |[39m   }
     [90m 82 |[39m[0m

      at warn (api/src/game-engine.js:79:15)
      at loadWorld (tests/game-engine.test.js:33:17)
      at freshSession (tests/game-engine.test.js:38:19)
      at Object.sessionWithPlayer (tests/game-engine.test.js:253:19)

  console.warn
    [world-validation] Room "room-hub-w" has no items and no hazards (empty room).

    [0m [90m 77 |[39m   [36mif[39m (validation[33m.[39mwarnings[33m.[39mlength [33m>[39m [35m0[39m) {
     [90m 78 |[39m     [36mfor[39m ([36mconst[39m warning [36mof[39m validation[33m.[39mwarnings) {
    [31m[1m>[22m[39m[90m 79 |[39m       console[33m.[39mwarn([32m`[world-validation] ${warning}`[39m)[33m;[39m
     [90m    |[39m               [31m[1m^[22m[39m
     [90m 80 |[39m     }
     [90m 81 |[39m   }
     [90m 82 |[39m[0m

      at warn (api/src/game-engine.js:79:15)
      at loadWorld (tests/communication.test.js:21:17)
      at freshSession (tests/communication.test.js:26:17)
      at Object.sessionWithPlayers (tests/communication.test.js:427:19)

  console.warn
    [world-validation] Room "room-hub-e" has no items and no hazards (empty room).

    [0m [90m 77 |[39m   [36mif[39m (validation[33m.[39mwarnings[33m.[39mlength [33m>[39m [35m0[39m) {
     [90m 78 |[39m     [36mfor[39m ([36mconst[39m warning [36mof[39m validation[33m.[39mwarnings) {
    [31m[1m>[22m[39m[90m 79 |[39m       console[33m.[39mwarn([32m`[world-validation] ${warning}`[39m)[33m;[39m
     [90m    |[39m               [31m[1m^[22m[39m
     [90m 80 |[39m     }
     [90m 81 |[39m   }
     [90m 82 |[39m[0m

      at warn (api/src/game-engine.js:79:15)
      at loadWorld (tests/game-engine.test.js:33:17)
      at freshSession (tests/game-engine.test.js:38:19)
      at Object.sessionWithPlayer (tests/game-engine.test.js:253:19)

  console.warn
    [world-validation] Room "room-isolated" has no items and no hazards (empty room).

    [0m [90m 77 |[39m   [36mif[39m (validation[33m.[39mwarnings[33m.[39mlength [33m>[39m [35m0[39m) {
     [90m 78 |[39m     [36mfor[39m ([36mconst[39m warning [36mof[39m validation[33m.[39mwarnings) {
    [31m[1m>[22m[39m[90m 79 |[39m       console[33m.[39mwarn([32m`[world-validation] ${warning}`[39m)[33m;[39m
     [90m    |[39m               [31m[1m^[22m[39m
     [90m 80 |[39m     }
     [90m 81 |[39m   }
     [90m 82 |[39m[0m

      at warn (api/src/game-engine.js:79:15)
      at loadWorld (tests/communication.test.js:21:17)
      at freshSession (tests/communication.test.js:26:17)
      at Object.sessionWithPlayers (tests/communication.test.js:427:19)

  console.warn
    [world-validation] Room "room-isolated" is an orphan ΓÇö no exits or puzzles connect to it.

    [0m [90m 77 |[39m   [36mif[39m (validation[33m.[39mwarnings[33m.[39mlength [33m>[39m [35m0[39m) {
     [90m 78 |[39m     [36mfor[39m ([36mconst[39m warning [36mof[39m validation[33m.[39mwarnings) {
    [31m[1m>[22m[39m[90m 79 |[39m       console[33m.[39mwarn([32m`[world-validation] ${warning}`[39m)[33m;[39m
     [90m    |[39m               [31m[1m^[22m[39m
     [90m 80 |[39m     }
     [90m 81 |[39m   }
     [90m 82 |[39m[0m

      at warn (api/src/game-engine.js:79:15)
      at loadWorld (tests/communication.test.js:21:17)
      at freshSession (tests/communication.test.js:26:17)
      at Object.sessionWithPlayers (tests/communication.test.js:427:19)

  console.warn
    [world-validation] Room "room-hub-w" has no items and no hazards (empty room).

    [0m [90m 77 |[39m   [36mif[39m (validation[33m.[39mwarnings[33m.[39mlength [33m>[39m [35m0[39m) {
     [90m 78 |[39m     [36mfor[39m ([36mconst[39m warning [36mof[39m validation[33m.[39mwarnings) {
    [31m[1m>[22m[39m[90m 79 |[39m       console[33m.[39mwarn([32m`[world-validation] ${warning}`[39m)[33m;[39m
     [90m    |[39m               [31m[1m^[22m[39m
     [90m 80 |[39m     }
     [90m 81 |[39m   }
     [90m 82 |[39m[0m

      at warn (api/src/game-engine.js:79:15)
      at loadWorld (tests/game-engine.test.js:33:17)
      at freshSession (tests/game-engine.test.js:38:19)
      at Object.sessionWithPlayer (tests/game-engine.test.js:253:19)

PASS tests/communication.test.js
  Command Parser ΓÇö say
    ΓêÜ parses "say hello" ΓåÆ verb=say, noun="hello" (11 ms)
    ΓêÜ captures full phrase: "say hello world"
    ΓêÜ case insensitive: "SAY hello" (1 ms)
    ΓêÜ "Say Hello World" mixed case (1 ms)
    ΓêÜ "say" with no argument returns say verb with no noun
    ΓêÜ "say" preserves raw text (1 ms)
    ΓêÜ "say" with extra whitespace
    ΓêÜ "say" with special characters (1 ms)
  Command Parser ΓÇö yell
    ΓêÜ parses "yell help me" ΓåÆ verb=yell, noun="help me"
    ΓêÜ captures full phrase: "yell is anyone there"
    ΓêÜ case insensitive: "YELL fire" (1 ms)
    ΓêÜ "yell" with no argument returns yell verb with no noun
    ΓêÜ "yell" preserves raw text
  Game Engine ΓÇö say command
    ΓêÜ other player in SAME room receives "PlayerName says: <text>" (130 ms)
    ΓêÜ saying player gets confirmation of what they said (39 ms)
    ΓêÜ player in OTHER room receives NOTHING (39 ms)
    ΓêÜ multiple players in room ALL get the message (35 ms)
    ΓêÜ only one other player in room ΓÇö they get the message (33 ms)
    ΓêÜ no other players in room ΓÇö saying player still gets feedback (36 ms)
    ΓêÜ say with no text ΓåÆ error feedback (38 ms)
    ΓêÜ say with special characters works (34 ms)
    ΓêÜ say with very long text does not break (36 ms)
    ΓêÜ player who just joined can say immediately (33 ms)
    ΓêÜ say does not leak to non-same-room players when mixed rooms (33 ms)
  Game Engine ΓÇö yell command
    ΓêÜ same room: other players receive the yelled text (34 ms)
    ΓêÜ same room: yeller gets "players look annoyed" feedback (33 ms)
    ΓêÜ adjacent room: players hear the yelled text (34 ms)
    ΓêÜ adjacent room: players told which direction it came from (34 ms)
    ΓêÜ direction accuracy: room-c player hears yell from room-a as "from the west" (35 ms)
    ΓêÜ non-adjacent room (2+ away): players hear "muffled yelling" (33 ms)
    ΓêÜ non-adjacent room: general direction indicated (34 ms)
    ΓêÜ yell in room-a reaches both room-b AND room-c players (33 ms)
    ΓêÜ hub room with 3+ exits: yell reaches all adjacent rooms (33 ms)
    ΓêÜ room with no exits: yell works for same-room players (33 ms)
    ΓêÜ yelling with no text ΓåÆ error (33 ms)
    ΓêÜ no other players anywhere ΓåÆ yeller gets appropriate feedback (33 ms)
    ΓêÜ very long yell text does not break (34 ms)
    ΓêÜ player who just joined can yell immediately (34 ms)
    ΓêÜ yell does not modify game state (no side effects) (35 ms)

  console.warn
    [world-validation] Room "room-isolated" has no items and no hazards (empty room).

    [0m [90m 77 |[39m   [36mif[39m (validation[33m.[39mwarnings[33m.[39mlength [33m>[39m [35m0[39m) {
     [90m 78 |[39m     [36mfor[39m ([36mconst[39m warning [36mof[39m validation[33m.[39mwarnings) {
    [31m[1m>[22m[39m[90m 79 |[39m       console[33m.[39mwarn([32m`[world-validation] ${warning}`[39m)[33m;[39m
     [90m    |[39m               [31m[1m^[22m[39m
     [90m 80 |[39m     }
     [90m 81 |[39m   }
     [90m 82 |[39m[0m

      at warn (api/src/game-engine.js:79:15)
      at loadWorld (tests/game-engine.test.js:33:17)
      at freshSession (tests/game-engine.test.js:38:19)
      at Object.sessionWithPlayer (tests/game-engine.test.js:253:19)

  console.warn
    [world-validation] Room "room-isolated" is an orphan ΓÇö no exits or puzzles connect to it.

    [0m [90m 77 |[39m   [36mif[39m (validation[33m.[39mwarnings[33m.[39mlength [33m>[39m [35m0[39m) {
     [90m 78 |[39m     [36mfor[39m ([36mconst[39m warning [36mof[39m validation[33m.[39mwarnings) {
    [31m[1m>[22m[39m[90m 79 |[39m       console[33m.[39mwarn([32m`[world-validation] ${warning}`[39m)[33m;[39m
     [90m    |[39m               [31m[1m^[22m[39m
     [90m 80 |[39m     }
     [90m 81 |[39m   }
     [90m 82 |[39m[0m

      at warn (api/src/game-engine.js:79:15)
      at loadWorld (tests/game-engine.test.js:33:17)
      at freshSession (tests/game-engine.test.js:38:19)
      at Object.sessionWithPlayer (tests/game-engine.test.js:253:19)

  console.warn
    [world-validation] Room "room-hub" has no items and no hazards (empty room).

    [0m [90m 77 |[39m   [36mif[39m (validation[33m.[39mwarnings[33m.[39mlength [33m>[39m [35m0[39m) {
     [90m 78 |[39m     [36mfor[39m ([36mconst[39m warning [36mof[39m validation[33m.[39mwarnings) {
    [31m[1m>[22m[39m[90m 79 |[39m       console[33m.[39mwarn([32m`[world-validation] ${warning}`[39m)[33m;[39m
     [90m    |[39m               [31m[1m^[22m[39m
     [90m 80 |[39m     }
     [90m 81 |[39m   }
     [90m 82 |[39m[0m

      at warn (api/src/game-engine.js:79:15)
      at loadWorld (tests/game-engine.test.js:33:17)
      at freshSession (tests/game-engine.test.js:38:19)
      at Object.sessionWithPlayer (tests/game-engine.test.js:267:21)

  console.warn
    [world-validation] Room "room-hub-n" has no items and no hazards (empty room).

    [0m [90m 77 |[39m   [36mif[39m (validation[33m.[39mwarnings[33m.[39mlength [33m>[39m [35m0[39m) {
     [90m 78 |[39m     [36mfor[39m ([36mconst[39m warning [36mof[39m validation[33m.[39mwarnings) {
    [31m[1m>[22m[39m[90m 79 |[39m       console[33m.[39mwarn([32m`[world-validation] ${warning}`[39m)[33m;[39m
     [90m    |[39m               [31m[1m^[22m[39m
     [90m 80 |[39m     }
     [90m 81 |[39m   }
     [90m 82 |[39m[0m

      at warn (api/src/game-engine.js:79:15)
      at loadWorld (tests/game-engine.test.js:33:17)
      at freshSession (tests/game-engine.test.js:38:19)
      at Object.sessionWithPlayer (tests/game-engine.test.js:267:21)

  console.warn
    [world-validation] Room "room-hub-e" has no items and no hazards (empty room).

    [0m [90m 77 |[39m   [36mif[39m (validation[33m.[39mwarnings[33m.[39mlength [33m>[39m [35m0[39m) {
     [90m 78 |[39m     [36mfor[39m ([36mconst[39m warning [36mof[39m validation[33m.[39mwarnings) {
    [31m[1m>[22m[39m[90m 79 |[39m       console[33m.[39mwarn([32m`[world-validation] ${warning}`[39m)[33m;[39m
     [90m    |[39m               [31m[1m^[22m[39m
     [90m 80 |[39m     }
     [90m 81 |[39m   }
     [90m 82 |[39m[0m

      at warn (api/src/game-engine.js:79:15)
      at loadWorld (tests/game-engine.test.js:33:17)
      at freshSession (tests/game-engine.test.js:38:19)
      at Object.sessionWithPlayer (tests/game-engine.test.js:267:21)

  console.warn
    [world-validation] Room "room-hub-w" has no items and no hazards (empty room).

    [0m [90m 77 |[39m   [36mif[39m (validation[33m.[39mwarnings[33m.[39mlength [33m>[39m [35m0[39m) {
     [90m 78 |[39m     [36mfor[39m ([36mconst[39m warning [36mof[39m validation[33m.[39mwarnings) {
    [31m[1m>[22m[39m[90m 79 |[39m       console[33m.[39mwarn([32m`[world-validation] ${warning}`[39m)[33m;[39m
     [90m    |[39m               [31m[1m^[22m[39m
     [90m 80 |[39m     }
     [90m 81 |[39m   }
     [90m 82 |[39m[0m

      at warn (api/src/game-engine.js:79:15)
      at loadWorld (tests/game-engine.test.js:33:17)
      at freshSession (tests/game-engine.test.js:38:19)
      at Object.sessionWithPlayer (tests/game-engine.test.js:267:21)

  console.warn
    [world-validation] Room "room-isolated" has no items and no hazards (empty room).

    [0m [90m 77 |[39m   [36mif[39m (validation[33m.[39mwarnings[33m.[39mlength [33m>[39m [35m0[39m) {
     [90m 78 |[39m     [36mfor[39m ([36mconst[39m warning [36mof[39m validation[33m.[39mwarnings) {
    [31m[1m>[22m[39m[90m 79 |[39m       console[33m.[39mwarn([32m`[world-validation] ${warning}`[39m)[33m;[39m
     [90m    |[39m               [31m[1m^[22m[39m
     [90m 80 |[39m     }
     [90m 81 |[39m   }
     [90m 82 |[39m[0m

      at warn (api/src/game-engine.js:79:15)
      at loadWorld (tests/game-engine.test.js:33:17)
      at freshSession (tests/game-engine.test.js:38:19)
      at Object.sessionWithPlayer (tests/game-engine.test.js:267:21)

  console.warn
    [world-validation] Room "room-isolated" is an orphan ΓÇö no exits or puzzles connect to it.

    [0m [90m 77 |[39m   [36mif[39m (validation[33m.[39mwarnings[33m.[39mlength [33m>[39m [35m0[39m) {
     [90m 78 |[39m     [36mfor[39m ([36mconst[39m warning [36mof[39m validation[33m.[39mwarnings) {
    [31m[1m>[22m[39m[90m 79 |[39m       console[33m.[39mwarn([32m`[world-validation] ${warning}`[39m)[33m;[39m
     [90m    |[39m               [31m[1m^[22m[39m
     [90m 80 |[39m     }
     [90m 81 |[39m   }
     [90m 82 |[39m[0m

      at warn (api/src/game-engine.js:79:15)
      at loadWorld (tests/game-engine.test.js:33:17)
      at freshSession (tests/game-engine.test.js:38:19)
      at Object.sessionWithPlayer (tests/game-engine.test.js:267:21)

  console.warn
    [world-validation] Room "room-hub" has no items and no hazards (empty room).

    [0m [90m 77 |[39m   [36mif[39m (validation[33m.[39mwarnings[33m.[39mlength [33m>[39m [35m0[39m) {
     [90m 78 |[39m     [36mfor[39m ([36mconst[39m warning [36mof[39m validation[33m.[39mwarnings) {
    [31m[1m>[22m[39m[90m 79 |[39m       console[33m.[39mwarn([32m`[world-validation] ${warning}`[39m)[33m;[39m
     [90m    |[39m               [31m[1m^[22m[39m
     [90m 80 |[39m     }
     [90m 81 |[39m   }
     [90m 82 |[39m[0m

      at warn (api/src/game-engine.js:79:15)
      at loadWorld (tests/game-engine.test.js:33:17)
      at freshSession (tests/game-engine.test.js:38:19)
      at Object.sessionWithPlayer (tests/game-engine.test.js:276:21)

  console.warn
    [world-validation] Room "room-hub-n" has no items and no hazards (empty room).

    [0m [90m 77 |[39m   [36mif[39m (validation[33m.[39mwarnings[33m.[39mlength [33m>[39m [35m0[39m) {
     [90m 78 |[39m     [36mfor[39m ([36mconst[39m warning [36mof[39m validation[33m.[39mwarnings) {
    [31m[1m>[22m[39m[90m 79 |[39m       console[33m.[39mwarn([32m`[world-validation] ${warning}`[39m)[33m;[39m
     [90m    |[39m               [31m[1m^[22m[39m
     [90m 80 |[39m     }
     [90m 81 |[39m   }
     [90m 82 |[39m[0m

      at warn (api/src/game-engine.js:79:15)
      at loadWorld (tests/game-engine.test.js:33:17)
      at freshSession (tests/game-engine.test.js:38:19)
      at Object.sessionWithPlayer (tests/game-engine.test.js:276:21)

  console.warn
    [world-validation] Room "room-hub-e" has no items and no hazards (empty room).

    [0m [90m 77 |[39m   [36mif[39m (validation[33m.[39mwarnings[33m.[39mlength [33m>[39m [35m0[39m) {
     [90m 78 |[39m     [36mfor[39m ([36mconst[39m warning [36mof[39m validation[33m.[39mwarnings) {
    [31m[1m>[22m[39m[90m 79 |[39m       console[33m.[39mwarn([32m`[world-validation] ${warning}`[39m)[33m;[39m
     [90m    |[39m               [31m[1m^[22m[39m
     [90m 80 |[39m     }
     [90m 81 |[39m   }
     [90m 82 |[39m[0m

      at warn (api/src/game-engine.js:79:15)
      at loadWorld (tests/game-engine.test.js:33:17)
      at freshSession (tests/game-engine.test.js:38:19)
      at Object.sessionWithPlayer (tests/game-engine.test.js:276:21)

  console.warn
    [world-validation] Room "room-hub-w" has no items and no hazards (empty room).

    [0m [90m 77 |[39m   [36mif[39m (validation[33m.[39mwarnings[33m.[39mlength [33m>[39m [35m0[39m) {
     [90m 78 |[39m     [36mfor[39m ([36mconst[39m warning [36mof[39m validation[33m.[39mwarnings) {
    [31m[1m>[22m[39m[90m 79 |[39m       console[33m.[39mwarn([32m`[world-validation] ${warning}`[39m)[33m;[39m
     [90m    |[39m               [31m[1m^[22m[39m
     [90m 80 |[39m     }
     [90m 81 |[39m   }
     [90m 82 |[39m[0m

      at warn (api/src/game-engine.js:79:15)
      at loadWorld (tests/game-engine.test.js:33:17)
      at freshSession (tests/game-engine.test.js:38:19)
      at Object.sessionWithPlayer (tests/game-engine.test.js:276:21)

  console.warn
    [world-validation] Room "room-isolated" has no items and no hazards (empty room).

    [0m [90m 77 |[39m   [36mif[39m (validation[33m.[39mwarnings[33m.[39mlength [33m>[39m [35m0[39m) {
     [90m 78 |[39m     [36mfor[39m ([36mconst[39m warning [36mof[39m validation[33m.[39mwarnings) {
    [31m[1m>[22m[39m[90m 79 |[39m       console[33m.[39mwarn([32m`[world-validation] ${warning}`[39m)[33m;[39m
     [90m    |[39m               [31m[1m^[22m[39m
     [90m 80 |[39m     }
     [90m 81 |[39m   }
     [90m 82 |[39m[0m

      at warn (api/src/game-engine.js:79:15)
      at loadWorld (tests/game-engine.test.js:33:17)
      at freshSession (tests/game-engine.test.js:38:19)
      at Object.sessionWithPlayer (tests/game-engine.test.js:276:21)

  console.warn
    [world-validation] Room "room-isolated" is an orphan ΓÇö no exits or puzzles connect to it.

    [0m [90m 77 |[39m   [36mif[39m (validation[33m.[39mwarnings[33m.[39mlength [33m>[39m [35m0[39m) {
     [90m 78 |[39m     [36mfor[39m ([36mconst[39m warning [36mof[39m validation[33m.[39mwarnings) {
    [31m[1m>[22m[39m[90m 79 |[39m       console[33m.[39mwarn([32m`[world-validation] ${warning}`[39m)[33m;[39m
     [90m    |[39m               [31m[1m^[22m[39m
     [90m 80 |[39m     }
     [90m 81 |[39m   }
     [90m 82 |[39m[0m

      at warn (api/src/game-engine.js:79:15)
      at loadWorld (tests/game-engine.test.js:33:17)
      at freshSession (tests/game-engine.test.js:38:19)
      at Object.sessionWithPlayer (tests/game-engine.test.js:276:21)

  console.warn
    [world-validation] Room "room-hub" has no items and no hazards (empty room).

    [0m [90m 77 |[39m   [36mif[39m (validation[33m.[39mwarnings[33m.[39mlength [33m>[39m [35m0[39m) {
     [90m 78 |[39m     [36mfor[39m ([36mconst[39m warning [36mof[39m validation[33m.[39mwarnings) {
    [31m[1m>[22m[39m[90m 79 |[39m       console[33m.[39mwarn([32m`[world-validation] ${warning}`[39m)[33m;[39m
     [90m    |[39m               [31m[1m^[22m[39m
     [90m 80 |[39m     }
     [90m 81 |[39m   }
     [90m 82 |[39m[0m

      at warn (api/src/game-engine.js:79:15)
      at loadWorld (tests/game-engine.test.js:33:17)
      at freshSession (tests/game-engine.test.js:38:19)
      at Object.sessionWithPlayer (tests/game-engine.test.js:282:19)

  console.warn
    [world-validation] Room "room-hub-n" has no items and no hazards (empty room).

    [0m [90m 77 |[39m   [36mif[39m (validation[33m.[39mwarnings[33m.[39mlength [33m>[39m [35m0[39m) {
     [90m 78 |[39m     [36mfor[39m ([36mconst[39m warning [36mof[39m validation[33m.[39mwarnings) {
    [31m[1m>[22m[39m[90m 79 |[39m       console[33m.[39mwarn([32m`[world-validation] ${warning}`[39m)[33m;[39m
     [90m    |[39m               [31m[1m^[22m[39m
     [90m 80 |[39m     }
     [90m 81 |[39m   }
     [90m 82 |[39m[0m

      at warn (api/src/game-engine.js:79:15)
      at loadWorld (tests/game-engine.test.js:33:17)
      at freshSession (tests/game-engine.test.js:38:19)
      at Object.sessionWithPlayer (tests/game-engine.test.js:282:19)

  console.warn
    [world-validation] Room "room-hub-e" has no items and no hazards (empty room).

    [0m [90m 77 |[39m   [36mif[39m (validation[33m.[39mwarnings[33m.[39mlength [33m>[39m [35m0[39m) {
     [90m 78 |[39m     [36mfor[39m ([36mconst[39m warning [36mof[39m validation[33m.[39mwarnings) {
    [31m[1m>[22m[39m[90m 79 |[39m       console[33m.[39mwarn([32m`[world-validation] ${warning}`[39m)[33m;[39m
     [90m    |[39m               [31m[1m^[22m[39m
     [90m 80 |[39m     }
     [90m 81 |[39m   }
     [90m 82 |[39m[0m

      at warn (api/src/game-engine.js:79:15)
      at loadWorld (tests/game-engine.test.js:33:17)
      at freshSession (tests/game-engine.test.js:38:19)
      at Object.sessionWithPlayer (tests/game-engine.test.js:282:19)

  console.warn
    [world-validation] Room "room-hub-w" has no items and no hazards (empty room).

    [0m [90m 77 |[39m   [36mif[39m (validation[33m.[39mwarnings[33m.[39mlength [33m>[39m [35m0[39m) {
     [90m 78 |[39m     [36mfor[39m ([36mconst[39m warning [36mof[39m validation[33m.[39mwarnings) {
    [31m[1m>[22m[39m[90m 79 |[39m       console[33m.[39mwarn([32m`[world-validation] ${warning}`[39m)[33m;[39m
     [90m    |[39m               [31m[1m^[22m[39m
     [90m 80 |[39m     }
     [90m 81 |[39m   }
     [90m 82 |[39m[0m

      at warn (api/src/game-engine.js:79:15)
      at loadWorld (tests/game-engine.test.js:33:17)
      at freshSession (tests/game-engine.test.js:38:19)
      at Object.sessionWithPlayer (tests/game-engine.test.js:282:19)

  console.warn
    [world-validation] Room "room-isolated" has no items and no hazards (empty room).

    [0m [90m 77 |[39m   [36mif[39m (validation[33m.[39mwarnings[33m.[39mlength [33m>[39m [35m0[39m) {
     [90m 78 |[39m     [36mfor[39m ([36mconst[39m warning [36mof[39m validation[33m.[39mwarnings) {
    [31m[1m>[22m[39m[90m 79 |[39m       console[33m.[39mwarn([32m`[world-validation] ${warning}`[39m)[33m;[39m
     [90m    |[39m               [31m[1m^[22m[39m
     [90m 80 |[39m     }
     [90m 81 |[39m   }
     [90m 82 |[39m[0m

      at warn (api/src/game-engine.js:79:15)
      at loadWorld (tests/game-engine.test.js:33:17)
      at freshSession (tests/game-engine.test.js:38:19)
      at Object.sessionWithPlayer (tests/game-engine.test.js:282:19)

  console.warn
    [world-validation] Room "room-isolated" is an orphan ΓÇö no exits or puzzles connect to it.

    [0m [90m 77 |[39m   [36mif[39m (validation[33m.[39mwarnings[33m.[39mlength [33m>[39m [35m0[39m) {
     [90m 78 |[39m     [36mfor[39m ([36mconst[39m warning [36mof[39m validation[33m.[39mwarnings) {
    [31m[1m>[22m[39m[90m 79 |[39m       console[33m.[39mwarn([32m`[world-validation] ${warning}`[39m)[33m;[39m
     [90m    |[39m               [31m[1m^[22m[39m
     [90m 80 |[39m     }
     [90m 81 |[39m   }
     [90m 82 |[39m[0m

      at warn (api/src/game-engine.js:79:15)
      at loadWorld (tests/game-engine.test.js:33:17)
      at freshSession (tests/game-engine.test.js:38:19)
      at Object.sessionWithPlayer (tests/game-engine.test.js:282:19)

  console.warn
    [world-validation] Room "room-hub" has no items and no hazards (empty room).

    [0m [90m 77 |[39m   [36mif[39m (validation[33m.[39mwarnings[33m.[39mlength [33m>[39m [35m0[39m) {
     [90m 78 |[39m     [36mfor[39m ([36mconst[39m warning [36mof[39m validation[33m.[39mwarnings) {
    [31m[1m>[22m[39m[90m 79 |[39m       console[33m.[39mwarn([32m`[world-validation] ${warning}`[39m)[33m;[39m
     [90m    |[39m               [31m[1m^[22m[39m
     [90m 80 |[39m     }
     [90m 81 |[39m   }
     [90m 82 |[39m[0m

      at warn (api/src/game-engine.js:79:15)
      at loadWorld (tests/game-engine.test.js:33:17)
      at freshSession (tests/game-engine.test.js:38:19)
      at Object.sessionWithPlayer (tests/game-engine.test.js:290:21)

  console.warn
    [world-validation] Room "room-hub-n" has no items and no hazards (empty room).

    [0m [90m 77 |[39m   [36mif[39m (validation[33m.[39mwarnings[33m.[39mlength [33m>[39m [35m0[39m) {
     [90m 78 |[39m     [36mfor[39m ([36mconst[39m warning [36mof[39m validation[33m.[39mwarnings) {
    [31m[1m>[22m[39m[90m 79 |[39m       console[33m.[39mwarn([32m`[world-validation] ${warning}`[39m)[33m;[39m
     [90m    |[39m               [31m[1m^[22m[39m
     [90m 80 |[39m     }
     [90m 81 |[39m   }
     [90m 82 |[39m[0m

      at warn (api/src/game-engine.js:79:15)
      at loadWorld (tests/game-engine.test.js:33:17)
      at freshSession (tests/game-engine.test.js:38:19)
      at Object.sessionWithPlayer (tests/game-engine.test.js:290:21)

  console.warn
    [world-validation] Room "room-hub-e" has no items and no hazards (empty room).

    [0m [90m 77 |[39m   [36mif[39m (validation[33m.[39mwarnings[33m.[39mlength [33m>[39m [35m0[39m) {
     [90m 78 |[39m     [36mfor[39m ([36mconst[39m warning [36mof[39m validation[33m.[39mwarnings) {
    [31m[1m>[22m[39m[90m 79 |[39m       console[33m.[39mwarn([32m`[world-validation] ${warning}`[39m)[33m;[39m
     [90m    |[39m               [31m[1m^[22m[39m
     [90m 80 |[39m     }
     [90m 81 |[39m   }
     [90m 82 |[39m[0m

      at warn (api/src/game-engine.js:79:15)
      at loadWorld (tests/game-engine.test.js:33:17)
      at freshSession (tests/game-engine.test.js:38:19)
      at Object.sessionWithPlayer (tests/game-engine.test.js:290:21)

  console.warn
    [world-validation] Room "room-hub-w" has no items and no hazards (empty room).

    [0m [90m 77 |[39m   [36mif[39m (validation[33m.[39mwarnings[33m.[39mlength [33m>[39m [35m0[39m) {
     [90m 78 |[39m     [36mfor[39m ([36mconst[39m warning [36mof[39m validation[33m.[39mwarnings) {
    [31m[1m>[22m[39m[90m 79 |[39m       console[33m.[39mwarn([32m`[world-validation] ${warning}`[39m)[33m;[39m
     [90m    |[39m               [31m[1m^[22m[39m
     [90m 80 |[39m     }
     [90m 81 |[39m   }
     [90m 82 |[39m[0m

      at warn (api/src/game-engine.js:79:15)
      at loadWorld (tests/game-engine.test.js:33:17)
      at freshSession (tests/game-engine.test.js:38:19)
      at Object.sessionWithPlayer (tests/game-engine.test.js:290:21)

  console.warn
    [world-validation] Room "room-isolated" has no items and no hazards (empty room).

    [0m [90m 77 |[39m   [36mif[39m (validation[33m.[39mwarnings[33m.[39mlength [33m>[39m [35m0[39m) {
     [90m 78 |[39m     [36mfor[39m ([36mconst[39m warning [36mof[39m validation[33m.[39mwarnings) {
    [31m[1m>[22m[39m[90m 79 |[39m       console[33m.[39mwarn([32m`[world-validation] ${warning}`[39m)[33m;[39m
     [90m    |[39m               [31m[1m^[22m[39m
     [90m 80 |[39m     }
     [90m 81 |[39m   }
     [90m 82 |[39m[0m

      at warn (api/src/game-engine.js:79:15)
      at loadWorld (tests/game-engine.test.js:33:17)
      at freshSession (tests/game-engine.test.js:38:19)
      at Object.sessionWithPlayer (tests/game-engine.test.js:290:21)

  console.warn
    [world-validation] Room "room-isolated" is an orphan ΓÇö no exits or puzzles connect to it.

    [0m [90m 77 |[39m   [36mif[39m (validation[33m.[39mwarnings[33m.[39mlength [33m>[39m [35m0[39m) {
     [90m 78 |[39m     [36mfor[39m ([36mconst[39m warning [36mof[39m validation[33m.[39mwarnings) {
    [31m[1m>[22m[39m[90m 79 |[39m       console[33m.[39mwarn([32m`[world-validation] ${warning}`[39m)[33m;[39m
     [90m    |[39m               [31m[1m^[22m[39m
     [90m 80 |[39m     }
     [90m 81 |[39m   }
     [90m 82 |[39m[0m

      at warn (api/src/game-engine.js:79:15)
      at loadWorld (tests/game-engine.test.js:33:17)
      at freshSession (tests/game-engine.test.js:38:19)
      at Object.sessionWithPlayer (tests/game-engine.test.js:290:21)

  console.warn
    [world-validation] Room "room-hub" has no items and no hazards (empty room).

    [0m [90m 77 |[39m   [36mif[39m (validation[33m.[39mwarnings[33m.[39mlength [33m>[39m [35m0[39m) {
     [90m 78 |[39m     [36mfor[39m ([36mconst[39m warning [36mof[39m validation[33m.[39mwarnings) {
    [31m[1m>[22m[39m[90m 79 |[39m       console[33m.[39mwarn([32m`[world-validation] ${warning}`[39m)[33m;[39m
     [90m    |[39m               [31m[1m^[22m[39m
     [90m 80 |[39m     }
     [90m 81 |[39m   }
     [90m 82 |[39m[0m

      at warn (api/src/game-engine.js:79:15)
      at loadWorld (tests/game-engine.test.js:33:17)
      at freshSession (tests/game-engine.test.js:38:19)
      at Object.sessionWithPlayer (tests/game-engine.test.js:297:21)

  console.warn
    [world-validation] Room "room-hub-n" has no items and no hazards (empty room).

    [0m [90m 77 |[39m   [36mif[39m (validation[33m.[39mwarnings[33m.[39mlength [33m>[39m [35m0[39m) {
     [90m 78 |[39m     [36mfor[39m ([36mconst[39m warning [36mof[39m validation[33m.[39mwarnings) {
    [31m[1m>[22m[39m[90m 79 |[39m       console[33m.[39mwarn([32m`[world-validation] ${warning}`[39m)[33m;[39m
     [90m    |[39m               [31m[1m^[22m[39m
     [90m 80 |[39m     }
     [90m 81 |[39m   }
     [90m 82 |[39m[0m

      at warn (api/src/game-engine.js:79:15)
      at loadWorld (tests/game-engine.test.js:33:17)
      at freshSession (tests/game-engine.test.js:38:19)
      at Object.sessionWithPlayer (tests/game-engine.test.js:297:21)

  console.warn
    [world-validation] Room "room-hub-e" has no items and no hazards (empty room).

    [0m [90m 77 |[39m   [36mif[39m (validation[33m.[39mwarnings[33m.[39mlength [33m>[39m [35m0[39m) {
     [90m 78 |[39m     [36mfor[39m ([36mconst[39m warning [36mof[39m validation[33m.[39mwarnings) {
    [31m[1m>[22m[39m[90m 79 |[39m       console[33m.[39mwarn([32m`[world-validation] ${warning}`[39m)[33m;[39m
     [90m    |[39m               [31m[1m^[22m[39m
     [90m 80 |[39m     }
     [90m 81 |[39m   }
     [90m 82 |[39m[0m

      at warn (api/src/game-engine.js:79:15)
      at loadWorld (tests/game-engine.test.js:33:17)
      at freshSession (tests/game-engine.test.js:38:19)
      at Object.sessionWithPlayer (tests/game-engine.test.js:297:21)

  console.warn
    [world-validation] Room "room-hub-w" has no items and no hazards (empty room).

    [0m [90m 77 |[39m   [36mif[39m (validation[33m.[39mwarnings[33m.[39mlength [33m>[39m [35m0[39m) {
     [90m 78 |[39m     [36mfor[39m ([36mconst[39m warning [36mof[39m validation[33m.[39mwarnings) {
    [31m[1m>[22m[39m[90m 79 |[39m       console[33m.[39mwarn([32m`[world-validation] ${warning}`[39m)[33m;[39m
     [90m    |[39m               [31m[1m^[22m[39m
     [90m 80 |[39m     }
     [90m 81 |[39m   }
     [90m 82 |[39m[0m

      at warn (api/src/game-engine.js:79:15)
      at loadWorld (tests/game-engine.test.js:33:17)
      at freshSession (tests/game-engine.test.js:38:19)
      at Object.sessionWithPlayer (tests/game-engine.test.js:297:21)

  console.warn
    [world-validation] Room "room-isolated" has no items and no hazards (empty room).

    [0m [90m 77 |[39m   [36mif[39m (validation[33m.[39mwarnings[33m.[39mlength [33m>[39m [35m0[39m) {
     [90m 78 |[39m     [36mfor[39m ([36mconst[39m warning [36mof[39m validation[33m.[39mwarnings) {
    [31m[1m>[22m[39m[90m 79 |[39m       console[33m.[39mwarn([32m`[world-validation] ${warning}`[39m)[33m;[39m
     [90m    |[39m               [31m[1m^[22m[39m
     [90m 80 |[39m     }
     [90m 81 |[39m   }
     [90m 82 |[39m[0m

      at warn (api/src/game-engine.js:79:15)
      at loadWorld (tests/game-engine.test.js:33:17)
      at freshSession (tests/game-engine.test.js:38:19)
      at Object.sessionWithPlayer (tests/game-engine.test.js:297:21)

  console.warn
    [world-validation] Room "room-isolated" is an orphan ΓÇö no exits or puzzles connect to it.

    [0m [90m 77 |[39m   [36mif[39m (validation[33m.[39mwarnings[33m.[39mlength [33m>[39m [35m0[39m) {
     [90m 78 |[39m     [36mfor[39m ([36mconst[39m warning [36mof[39m validation[33m.[39mwarnings) {
    [31m[1m>[22m[39m[90m 79 |[39m       console[33m.[39mwarn([32m`[world-validation] ${warning}`[39m)[33m;[39m
     [90m    |[39m               [31m[1m^[22m[39m
     [90m 80 |[39m     }
     [90m 81 |[39m   }
     [90m 82 |[39m[0m

      at warn (api/src/game-engine.js:79:15)
      at loadWorld (tests/game-engine.test.js:33:17)
      at freshSession (tests/game-engine.test.js:38:19)
      at Object.sessionWithPlayer (tests/game-engine.test.js:297:21)

  console.warn
    [world-validation] Room "room-hub" has no items and no hazards (empty room).

    [0m [90m 77 |[39m   [36mif[39m (validation[33m.[39mwarnings[33m.[39mlength [33m>[39m [35m0[39m) {
     [90m 78 |[39m     [36mfor[39m ([36mconst[39m warning [36mof[39m validation[33m.[39mwarnings) {
    [31m[1m>[22m[39m[90m 79 |[39m       console[33m.[39mwarn([32m`[world-validation] ${warning}`[39m)[33m;[39m
     [90m    |[39m               [31m[1m^[22m[39m
     [90m 80 |[39m     }
     [90m 81 |[39m   }
     [90m 82 |[39m[0m

      at warn (api/src/game-engine.js:79:15)
      at loadWorld (tests/game-engine.test.js:33:17)
      at freshSession (tests/game-engine.test.js:38:19)
      at Object.sessionWithPlayer (tests/game-engine.test.js:304:19)

  console.warn
    [world-validation] Room "room-hub-n" has no items and no hazards (empty room).

    [0m [90m 77 |[39m   [36mif[39m (validation[33m.[39mwarnings[33m.[39mlength [33m>[39m [35m0[39m) {
     [90m 78 |[39m     [36mfor[39m ([36mconst[39m warning [36mof[39m validation[33m.[39mwarnings) {
    [31m[1m>[22m[39m[90m 79 |[39m       console[33m.[39mwarn([32m`[world-validation] ${warning}`[39m)[33m;[39m
     [90m    |[39m               [31m[1m^[22m[39m
     [90m 80 |[39m     }
     [90m 81 |[39m   }
     [90m 82 |[39m[0m

      at warn (api/src/game-engine.js:79:15)
      at loadWorld (tests/game-engine.test.js:33:17)
      at freshSession (tests/game-engine.test.js:38:19)
      at Object.sessionWithPlayer (tests/game-engine.test.js:304:19)

  console.warn
    [world-validation] Room "room-hub-e" has no items and no hazards (empty room).

    [0m [90m 77 |[39m   [36mif[39m (validation[33m.[39mwarnings[33m.[39mlength [33m>[39m [35m0[39m) {
     [90m 78 |[39m     [36mfor[39m ([36mconst[39m warning [36mof[39m validation[33m.[39mwarnings) {
    [31m[1m>[22m[39m[90m 79 |[39m       console[33m.[39mwarn([32m`[world-validation] ${warning}`[39m)[33m;[39m
     [90m    |[39m               [31m[1m^[22m[39m
     [90m 80 |[39m     }
     [90m 81 |[39m   }
     [90m 82 |[39m[0m

      at warn (api/src/game-engine.js:79:15)
      at loadWorld (tests/game-engine.test.js:33:17)
      at freshSession (tests/game-engine.test.js:38:19)
      at Object.sessionWithPlayer (tests/game-engine.test.js:304:19)

  console.warn
    [world-validation] Room "room-hub-w" has no items and no hazards (empty room).

    [0m [90m 77 |[39m   [36mif[39m (validation[33m.[39mwarnings[33m.[39mlength [33m>[39m [35m0[39m) {
     [90m 78 |[39m     [36mfor[39m ([36mconst[39m warning [36mof[39m validation[33m.[39mwarnings) {
    [31m[1m>[22m[39m[90m 79 |[39m       console[33m.[39mwarn([32m`[world-validation] ${warning}`[39m)[33m;[39m
     [90m    |[39m               [31m[1m^[22m[39m
     [90m 80 |[39m     }
     [90m 81 |[39m   }
     [90m 82 |[39m[0m

      at warn (api/src/game-engine.js:79:15)
      at loadWorld (tests/game-engine.test.js:33:17)
      at freshSession (tests/game-engine.test.js:38:19)
      at Object.sessionWithPlayer (tests/game-engine.test.js:304:19)

  console.warn
    [world-validation] Room "room-isolated" has no items and no hazards (empty room).

    [0m [90m 77 |[39m   [36mif[39m (validation[33m.[39mwarnings[33m.[39mlength [33m>[39m [35m0[39m) {
     [90m 78 |[39m     [36mfor[39m ([36mconst[39m warning [36mof[39m validation[33m.[39mwarnings) {
    [31m[1m>[22m[39m[90m 79 |[39m       console[33m.[39mwarn([32m`[world-validation] ${warning}`[39m)[33m;[39m
     [90m    |[39m               [31m[1m^[22m[39m
     [90m 80 |[39m     }
     [90m 81 |[39m   }
     [90m 82 |[39m[0m

      at warn (api/src/game-engine.js:79:15)
      at loadWorld (tests/game-engine.test.js:33:17)
      at freshSession (tests/game-engine.test.js:38:19)
      at Object.sessionWithPlayer (tests/game-engine.test.js:304:19)

  console.warn
    [world-validation] Room "room-isolated" is an orphan ΓÇö no exits or puzzles connect to it.

    [0m [90m 77 |[39m   [36mif[39m (validation[33m.[39mwarnings[33m.[39mlength [33m>[39m [35m0[39m) {
     [90m 78 |[39m     [36mfor[39m ([36mconst[39m warning [36mof[39m validation[33m.[39mwarnings) {
    [31m[1m>[22m[39m[90m 79 |[39m       console[33m.[39mwarn([32m`[world-validation] ${warning}`[39m)[33m;[39m
     [90m    |[39m               [31m[1m^[22m[39m
     [90m 80 |[39m     }
     [90m 81 |[39m   }
     [90m 82 |[39m[0m

      at warn (api/src/game-engine.js:79:15)
      at loadWorld (tests/game-engine.test.js:33:17)
      at freshSession (tests/game-engine.test.js:38:19)
      at Object.sessionWithPlayer (tests/game-engine.test.js:304:19)

  console.warn
    [world-validation] Room "room-hub" has no items and no hazards (empty room).

    [0m [90m 77 |[39m   [36mif[39m (validation[33m.[39mwarnings[33m.[39mlength [33m>[39m [35m0[39m) {
     [90m 78 |[39m     [36mfor[39m ([36mconst[39m warning [36mof[39m validation[33m.[39mwarnings) {
    [31m[1m>[22m[39m[90m 79 |[39m       console[33m.[39mwarn([32m`[world-validation] ${warning}`[39m)[33m;[39m
     [90m    |[39m               [31m[1m^[22m[39m
     [90m 80 |[39m     }
     [90m 81 |[39m   }
     [90m 82 |[39m[0m

      at warn (api/src/game-engine.js:79:15)
      at loadWorld (tests/game-engine.test.js:33:17)
      at freshSession (tests/game-engine.test.js:38:19)
      at Object.sessionWithPlayer (tests/game-engine.test.js:316:21)

  console.warn
    [world-validation] Room "room-hub-n" has no items and no hazards (empty room).

    [0m [90m 77 |[39m   [36mif[39m (validation[33m.[39mwarnings[33m.[39mlength [33m>[39m [35m0[39m) {
     [90m 78 |[39m     [36mfor[39m ([36mconst[39m warning [36mof[39m validation[33m.[39mwarnings) {
    [31m[1m>[22m[39m[90m 79 |[39m       console[33m.[39mwarn([32m`[world-validation] ${warning}`[39m)[33m;[39m
     [90m    |[39m               [31m[1m^[22m[39m
     [90m 80 |[39m     }
     [90m 81 |[39m   }
     [90m 82 |[39m[0m

      at warn (api/src/game-engine.js:79:15)
      at loadWorld (tests/game-engine.test.js:33:17)
      at freshSession (tests/game-engine.test.js:38:19)
      at Object.sessionWithPlayer (tests/game-engine.test.js:316:21)

  console.warn
    [world-validation] Room "room-hub-e" has no items and no hazards (empty room).

    [0m [90m 77 |[39m   [36mif[39m (validation[33m.[39mwarnings[33m.[39mlength [33m>[39m [35m0[39m) {
     [90m 78 |[39m     [36mfor[39m ([36mconst[39m warning [36mof[39m validation[33m.[39mwarnings) {
    [31m[1m>[22m[39m[90m 79 |[39m       console[33m.[39mwarn([32m`[world-validation] ${warning}`[39m)[33m;[39m
     [90m    |[39m               [31m[1m^[22m[39m
     [90m 80 |[39m     }
     [90m 81 |[39m   }
     [90m 82 |[39m[0m

      at warn (api/src/game-engine.js:79:15)
      at loadWorld (tests/game-engine.test.js:33:17)
      at freshSession (tests/game-engine.test.js:38:19)
      at Object.sessionWithPlayer (tests/game-engine.test.js:316:21)

  console.warn
    [world-validation] Room "room-hub-w" has no items and no hazards (empty room).

    [0m [90m 77 |[39m   [36mif[39m (validation[33m.[39mwarnings[33m.[39mlength [33m>[39m [35m0[39m) {
     [90m 78 |[39m     [36mfor[39m ([36mconst[39m warning [36mof[39m validation[33m.[39mwarnings) {
    [31m[1m>[22m[39m[90m 79 |[39m       console[33m.[39mwarn([32m`[world-validation] ${warning}`[39m)[33m;[39m
     [90m    |[39m               [31m[1m^[22m[39m
     [90m 80 |[39m     }
     [90m 81 |[39m   }
     [90m 82 |[39m[0m

      at warn (api/src/game-engine.js:79:15)
      at loadWorld (tests/game-engine.test.js:33:17)
      at freshSession (tests/game-engine.test.js:38:19)
      at Object.sessionWithPlayer (tests/game-engine.test.js:316:21)

  console.warn
    [world-validation] Room "room-isolated" has no items and no hazards (empty room).

    [0m [90m 77 |[39m   [36mif[39m (validation[33m.[39mwarnings[33m.[39mlength [33m>[39m [35m0[39m) {
     [90m 78 |[39m     [36mfor[39m ([36mconst[39m warning [36mof[39m validation[33m.[39mwarnings) {
    [31m[1m>[22m[39m[90m 79 |[39m       console[33m.[39mwarn([32m`[world-validation] ${warning}`[39m)[33m;[39m
     [90m    |[39m               [31m[1m^[22m[39m
     [90m 80 |[39m     }
     [90m 81 |[39m   }
     [90m 82 |[39m[0m

      at warn (api/src/game-engine.js:79:15)
      at loadWorld (tests/game-engine.test.js:33:17)
      at freshSession (tests/game-engine.test.js:38:19)
      at Object.sessionWithPlayer (tests/game-engine.test.js:316:21)

  console.warn
    [world-validation] Room "room-isolated" is an orphan ΓÇö no exits or puzzles connect to it.

    [0m [90m 77 |[39m   [36mif[39m (validation[33m.[39mwarnings[33m.[39mlength [33m>[39m [35m0[39m) {
     [90m 78 |[39m     [36mfor[39m ([36mconst[39m warning [36mof[39m validation[33m.[39mwarnings) {
    [31m[1m>[22m[39m[90m 79 |[39m       console[33m.[39mwarn([32m`[world-validation] ${warning}`[39m)[33m;[39m
     [90m    |[39m               [31m[1m^[22m[39m
     [90m 80 |[39m     }
     [90m 81 |[39m   }
     [90m 82 |[39m[0m

      at warn (api/src/game-engine.js:79:15)
      at loadWorld (tests/game-engine.test.js:33:17)
      at freshSession (tests/game-engine.test.js:38:19)
      at Object.sessionWithPlayer (tests/game-engine.test.js:316:21)

  console.warn
    [world-validation] Room "room-hub" has no items and no hazards (empty room).

    [0m [90m 77 |[39m   [36mif[39m (validation[33m.[39mwarnings[33m.[39mlength [33m>[39m [35m0[39m) {
     [90m 78 |[39m     [36mfor[39m ([36mconst[39m warning [36mof[39m validation[33m.[39mwarnings) {
    [31m[1m>[22m[39m[90m 79 |[39m       console[33m.[39mwarn([32m`[world-validation] ${warning}`[39m)[33m;[39m
     [90m    |[39m               [31m[1m^[22m[39m
     [90m 80 |[39m     }
     [90m 81 |[39m   }
     [90m 82 |[39m[0m

      at warn (api/src/game-engine.js:79:15)
      at loadWorld (tests/game-engine.test.js:33:17)
      at freshSession (tests/game-engine.test.js:38:19)
      at Object.sessionWithPlayer (tests/game-engine.test.js:325:21)

  console.warn
    [world-validation] Room "room-hub-n" has no items and no hazards (empty room).

    [0m [90m 77 |[39m   [36mif[39m (validation[33m.[39mwarnings[33m.[39mlength [33m>[39m [35m0[39m) {
     [90m 78 |[39m     [36mfor[39m ([36mconst[39m warning [36mof[39m validation[33m.[39mwarnings) {
    [31m[1m>[22m[39m[90m 79 |[39m       console[33m.[39mwarn([32m`[world-validation] ${warning}`[39m)[33m;[39m
     [90m    |[39m               [31m[1m^[22m[39m
     [90m 80 |[39m     }
     [90m 81 |[39m   }
     [90m 82 |[39m[0m

      at warn (api/src/game-engine.js:79:15)
      at loadWorld (tests/game-engine.test.js:33:17)
      at freshSession (tests/game-engine.test.js:38:19)
      at Object.sessionWithPlayer (tests/game-engine.test.js:325:21)

  console.warn
    [world-validation] Room "room-hub-e" has no items and no hazards (empty room).

    [0m [90m 77 |[39m   [36mif[39m (validation[33m.[39mwarnings[33m.[39mlength [33m>[39m [35m0[39m) {
     [90m 78 |[39m     [36mfor[39m ([36mconst[39m warning [36mof[39m validation[33m.[39mwarnings) {
    [31m[1m>[22m[39m[90m 79 |[39m       console[33m.[39mwarn([32m`[world-validation] ${warning}`[39m)[33m;[39m
     [90m    |[39m               [31m[1m^[22m[39m
     [90m 80 |[39m     }
     [90m 81 |[39m   }
     [90m 82 |[39m[0m

      at warn (api/src/game-engine.js:79:15)
      at loadWorld (tests/game-engine.test.js:33:17)
      at freshSession (tests/game-engine.test.js:38:19)
      at Object.sessionWithPlayer (tests/game-engine.test.js:325:21)

  console.warn
    [world-validation] Room "room-hub-w" has no items and no hazards (empty room).

    [0m [90m 77 |[39m   [36mif[39m (validation[33m.[39mwarnings[33m.[39mlength [33m>[39m [35m0[39m) {
     [90m 78 |[39m     [36mfor[39m ([36mconst[39m warning [36mof[39m validation[33m.[39mwarnings) {
    [31m[1m>[22m[39m[90m 79 |[39m       console[33m.[39mwarn([32m`[world-validation] ${warning}`[39m)[33m;[39m
     [90m    |[39m               [31m[1m^[22m[39m
     [90m 80 |[39m     }
     [90m 81 |[39m   }
     [90m 82 |[39m[0m

      at warn (api/src/game-engine.js:79:15)
      at loadWorld (tests/game-engine.test.js:33:17)
      at freshSession (tests/game-engine.test.js:38:19)
      at Object.sessionWithPlayer (tests/game-engine.test.js:325:21)

  console.warn
    [world-validation] Room "room-isolated" has no items and no hazards (empty room).

    [0m [90m 77 |[39m   [36mif[39m (validation[33m.[39mwarnings[33m.[39mlength [33m>[39m [35m0[39m) {
     [90m 78 |[39m     [36mfor[39m ([36mconst[39m warning [36mof[39m validation[33m.[39mwarnings) {
    [31m[1m>[22m[39m[90m 79 |[39m       console[33m.[39mwarn([32m`[world-validation] ${warning}`[39m)[33m;[39m
     [90m    |[39m               [31m[1m^[22m[39m
     [90m 80 |[39m     }
     [90m 81 |[39m   }
     [90m 82 |[39m[0m

      at warn (api/src/game-engine.js:79:15)
      at loadWorld (tests/game-engine.test.js:33:17)
      at freshSession (tests/game-engine.test.js:38:19)
      at Object.sessionWithPlayer (tests/game-engine.test.js:325:21)

  console.warn
    [world-validation] Room "room-isolated" is an orphan ΓÇö no exits or puzzles connect to it.

    [0m [90m 77 |[39m   [36mif[39m (validation[33m.[39mwarnings[33m.[39mlength [33m>[39m [35m0[39m) {
     [90m 78 |[39m     [36mfor[39m ([36mconst[39m warning [36mof[39m validation[33m.[39mwarnings) {
    [31m[1m>[22m[39m[90m 79 |[39m       console[33m.[39mwarn([32m`[world-validation] ${warning}`[39m)[33m;[39m
     [90m    |[39m               [31m[1m^[22m[39m
     [90m 80 |[39m     }
     [90m 81 |[39m   }
     [90m 82 |[39m[0m

      at warn (api/src/game-engine.js:79:15)
      at loadWorld (tests/game-engine.test.js:33:17)
      at freshSession (tests/game-engine.test.js:38:19)
      at Object.sessionWithPlayer (tests/game-engine.test.js:325:21)

  console.warn
    [world-validation] Room "room-hub" has no items and no hazards (empty room).

    [0m [90m 77 |[39m   [36mif[39m (validation[33m.[39mwarnings[33m.[39mlength [33m>[39m [35m0[39m) {
     [90m 78 |[39m     [36mfor[39m ([36mconst[39m warning [36mof[39m validation[33m.[39mwarnings) {
    [31m[1m>[22m[39m[90m 79 |[39m       console[33m.[39mwarn([32m`[world-validation] ${warning}`[39m)[33m;[39m
     [90m    |[39m               [31m[1m^[22m[39m
     [90m 80 |[39m     }
     [90m 81 |[39m   }
     [90m 82 |[39m[0m

      at warn (api/src/game-engine.js:79:15)
      at loadWorld (tests/game-engine.test.js:33:17)
      at freshSession (tests/game-engine.test.js:38:19)
      at Object.sessionWithPlayer (tests/game-engine.test.js:332:21)

  console.warn
    [world-validation] Room "room-hub-n" has no items and no hazards (empty room).

    [0m [90m 77 |[39m   [36mif[39m (validation[33m.[39mwarnings[33m.[39mlength [33m>[39m [35m0[39m) {
     [90m 78 |[39m     [36mfor[39m ([36mconst[39m warning [36mof[39m validation[33m.[39mwarnings) {
    [31m[1m>[22m[39m[90m 79 |[39m       console[33m.[39mwarn([32m`[world-validation] ${warning}`[39m)[33m;[39m
     [90m    |[39m               [31m[1m^[22m[39m
     [90m 80 |[39m     }
     [90m 81 |[39m   }
     [90m 82 |[39m[0m

      at warn (api/src/game-engine.js:79:15)
      at loadWorld (tests/game-engine.test.js:33:17)
      at freshSession (tests/game-engine.test.js:38:19)
      at Object.sessionWithPlayer (tests/game-engine.test.js:332:21)

  console.warn
    [world-validation] Room "room-hub-e" has no items and no hazards (empty room).

    [0m [90m 77 |[39m   [36mif[39m (validation[33m.[39mwarnings[33m.[39mlength [33m>[39m [35m0[39m) {
     [90m 78 |[39m     [36mfor[39m ([36mconst[39m warning [36mof[39m validation[33m.[39mwarnings) {
    [31m[1m>[22m[39m[90m 79 |[39m       console[33m.[39mwarn([32m`[world-validation] ${warning}`[39m)[33m;[39m
     [90m    |[39m               [31m[1m^[22m[39m
     [90m 80 |[39m     }
     [90m 81 |[39m   }
     [90m 82 |[39m[0m

      at warn (api/src/game-engine.js:79:15)
      at loadWorld (tests/game-engine.test.js:33:17)
      at freshSession (tests/game-engine.test.js:38:19)
      at Object.sessionWithPlayer (tests/game-engine.test.js:332:21)

  console.warn
    [world-validation] Room "room-hub-w" has no items and no hazards (empty room).

    [0m [90m 77 |[39m   [36mif[39m (validation[33m.[39mwarnings[33m.[39mlength [33m>[39m [35m0[39m) {
     [90m 78 |[39m     [36mfor[39m ([36mconst[39m warning [36mof[39m validation[33m.[39mwarnings) {
    [31m[1m>[22m[39m[90m 79 |[39m       console[33m.[39mwarn([32m`[world-validation] ${warning}`[39m)[33m;[39m
     [90m    |[39m               [31m[1m^[22m[39m
     [90m 80 |[39m     }
     [90m 81 |[39m   }
     [90m 82 |[39m[0m

      at warn (api/src/game-engine.js:79:15)
      at loadWorld (tests/game-engine.test.js:33:17)
      at freshSession (tests/game-engine.test.js:38:19)
      at Object.sessionWithPlayer (tests/game-engine.test.js:332:21)

  console.warn
    [world-validation] Room "room-isolated" has no items and no hazards (empty room).

    [0m [90m 77 |[39m   [36mif[39m (validation[33m.[39mwarnings[33m.[39mlength [33m>[39m [35m0[39m) {
     [90m 78 |[39m     [36mfor[39m ([36mconst[39m warning [36mof[39m validation[33m.[39mwarnings) {
    [31m[1m>[22m[39m[90m 79 |[39m       console[33m.[39mwarn([32m`[world-validation] ${warning}`[39m)[33m;[39m
     [90m    |[39m               [31m[1m^[22m[39m
     [90m 80 |[39m     }
     [90m 81 |[39m   }
     [90m 82 |[39m[0m

      at warn (api/src/game-engine.js:79:15)
      at loadWorld (tests/game-engine.test.js:33:17)
      at freshSession (tests/game-engine.test.js:38:19)
      at Object.sessionWithPlayer (tests/game-engine.test.js:332:21)

  console.warn
    [world-validation] Room "room-isolated" is an orphan ΓÇö no exits or puzzles connect to it.

    [0m [90m 77 |[39m   [36mif[39m (validation[33m.[39mwarnings[33m.[39mlength [33m>[39m [35m0[39m) {
     [90m 78 |[39m     [36mfor[39m ([36mconst[39m warning [36mof[39m validation[33m.[39mwarnings) {
    [31m[1m>[22m[39m[90m 79 |[39m       console[33m.[39mwarn([32m`[world-validation] ${warning}`[39m)[33m;[39m
     [90m    |[39m               [31m[1m^[22m[39m
     [90m 80 |[39m     }
     [90m 81 |[39m   }
     [90m 82 |[39m[0m

      at warn (api/src/game-engine.js:79:15)
      at loadWorld (tests/game-engine.test.js:33:17)
      at freshSession (tests/game-engine.test.js:38:19)
      at Object.sessionWithPlayer (tests/game-engine.test.js:332:21)

  console.warn
    [world-validation] Room "room-hub" has no items and no hazards (empty room).

    [0m [90m 77 |[39m   [36mif[39m (validation[33m.[39mwarnings[33m.[39mlength [33m>[39m [35m0[39m) {
     [90m 78 |[39m     [36mfor[39m ([36mconst[39m warning [36mof[39m validation[33m.[39mwarnings) {
    [31m[1m>[22m[39m[90m 79 |[39m       console[33m.[39mwarn([32m`[world-validation] ${warning}`[39m)[33m;[39m
     [90m    |[39m               [31m[1m^[22m[39m
     [90m 80 |[39m     }
     [90m 81 |[39m   }
     [90m 82 |[39m[0m

      at warn (api/src/game-engine.js:79:15)
      at loadWorld (tests/game-engine.test.js:33:17)
      at freshSession (tests/game-engine.test.js:43:17)
      at Object.sessionWithPlayers (tests/game-engine.test.js:339:21)

  console.warn
    [world-validation] Room "room-hub-n" has no items and no hazards (empty room).

    [0m [90m 77 |[39m   [36mif[39m (validation[33m.[39mwarnings[33m.[39mlength [33m>[39m [35m0[39m) {
     [90m 78 |[39m     [36mfor[39m ([36mconst[39m warning [36mof[39m validation[33m.[39mwarnings) {
    [31m[1m>[22m[39m[90m 79 |[39m       console[33m.[39mwarn([32m`[world-validation] ${warning}`[39m)[33m;[39m
     [90m    |[39m               [31m[1m^[22m[39m
     [90m 80 |[39m     }
     [90m 81 |[39m   }
     [90m 82 |[39m[0m

      at warn (api/src/game-engine.js:79:15)
      at loadWorld (tests/game-engine.test.js:33:17)
      at freshSession (tests/game-engine.test.js:43:17)
      at Object.sessionWithPlayers (tests/game-engine.test.js:339:21)

  console.warn
    [world-validation] Room "room-hub-e" has no items and no hazards (empty room).

    [0m [90m 77 |[39m   [36mif[39m (validation[33m.[39mwarnings[33m.[39mlength [33m>[39m [35m0[39m) {
     [90m 78 |[39m     [36mfor[39m ([36mconst[39m warning [36mof[39m validation[33m.[39mwarnings) {
    [31m[1m>[22m[39m[90m 79 |[39m       console[33m.[39mwarn([32m`[world-validation] ${warning}`[39m)[33m;[39m
     [90m    |[39m               [31m[1m^[22m[39m
     [90m 80 |[39m     }
     [90m 81 |[39m   }
     [90m 82 |[39m[0m

      at warn (api/src/game-engine.js:79:15)
      at loadWorld (tests/game-engine.test.js:33:17)
      at freshSession (tests/game-engine.test.js:43:17)
      at Object.sessionWithPlayers (tests/game-engine.test.js:339:21)

  console.warn
    [world-validation] Room "room-hub-w" has no items and no hazards (empty room).

    [0m [90m 77 |[39m   [36mif[39m (validation[33m.[39mwarnings[33m.[39mlength [33m>[39m [35m0[39m) {
     [90m 78 |[39m     [36mfor[39m ([36mconst[39m warning [36mof[39m validation[33m.[39mwarnings) {
    [31m[1m>[22m[39m[90m 79 |[39m       console[33m.[39mwarn([32m`[world-validation] ${warning}`[39m)[33m;[39m
     [90m    |[39m               [31m[1m^[22m[39m
     [90m 80 |[39m     }
     [90m 81 |[39m   }
     [90m 82 |[39m[0m

      at warn (api/src/game-engine.js:79:15)
      at loadWorld (tests/game-engine.test.js:33:17)
      at freshSession (tests/game-engine.test.js:43:17)
      at Object.sessionWithPlayers (tests/game-engine.test.js:339:21)

  console.warn
    [world-validation] Room "room-isolated" has no items and no hazards (empty room).

    [0m [90m 77 |[39m   [36mif[39m (validation[33m.[39mwarnings[33m.[39mlength [33m>[39m [35m0[39m) {
     [90m 78 |[39m     [36mfor[39m ([36mconst[39m warning [36mof[39m validation[33m.[39mwarnings) {
    [31m[1m>[22m[39m[90m 79 |[39m       console[33m.[39mwarn([32m`[world-validation] ${warning}`[39m)[33m;[39m
     [90m    |[39m               [31m[1m^[22m[39m
     [90m 80 |[39m     }
     [90m 81 |[39m   }
     [90m 82 |[39m[0m

      at warn (api/src/game-engine.js:79:15)
      at loadWorld (tests/game-engine.test.js:33:17)
      at freshSession (tests/game-engine.test.js:43:17)
      at Object.sessionWithPlayers (tests/game-engine.test.js:339:21)

  console.warn
    [world-validation] Room "room-isolated" is an orphan ΓÇö no exits or puzzles connect to it.

    [0m [90m 77 |[39m   [36mif[39m (validation[33m.[39mwarnings[33m.[39mlength [33m>[39m [35m0[39m) {
     [90m 78 |[39m     [36mfor[39m ([36mconst[39m warning [36mof[39m validation[33m.[39mwarnings) {
    [31m[1m>[22m[39m[90m 79 |[39m       console[33m.[39mwarn([32m`[world-validation] ${warning}`[39m)[33m;[39m
     [90m    |[39m               [31m[1m^[22m[39m
     [90m 80 |[39m     }
     [90m 81 |[39m   }
     [90m 82 |[39m[0m

      at warn (api/src/game-engine.js:79:15)
      at loadWorld (tests/game-engine.test.js:33:17)
      at freshSession (tests/game-engine.test.js:43:17)
      at Object.sessionWithPlayers (tests/game-engine.test.js:339:21)

  console.warn
    [world-validation] Room "room-hub" has no items and no hazards (empty room).

    [0m [90m 77 |[39m   [36mif[39m (validation[33m.[39mwarnings[33m.[39mlength [33m>[39m [35m0[39m) {
     [90m 78 |[39m     [36mfor[39m ([36mconst[39m warning [36mof[39m validation[33m.[39mwarnings) {
    [31m[1m>[22m[39m[90m 79 |[39m       console[33m.[39mwarn([32m`[world-validation] ${warning}`[39m)[33m;[39m
     [90m    |[39m               [31m[1m^[22m[39m
     [90m 80 |[39m     }
     [90m 81 |[39m   }
     [90m 82 |[39m[0m

      at warn (api/src/game-engine.js:79:15)
      at loadWorld (tests/game-engine.test.js:33:17)
      at freshSession (tests/game-engine.test.js:38:19)
      at sessionWithPlayer (tests/game-engine.test.js:353:19)
      at Object.setupPuzzleSession (tests/game-engine.test.js:360:19)

  console.warn
    [world-validation] Room "room-hub-n" has no items and no hazards (empty room).

    [0m [90m 77 |[39m   [36mif[39m (validation[33m.[39mwarnings[33m.[39mlength [33m>[39m [35m0[39m) {
     [90m 78 |[39m     [36mfor[39m ([36mconst[39m warning [36mof[39m validation[33m.[39mwarnings) {
    [31m[1m>[22m[39m[90m 79 |[39m       console[33m.[39mwarn([32m`[world-validation] ${warning}`[39m)[33m;[39m
     [90m    |[39m               [31m[1m^[22m[39m
     [90m 80 |[39m     }
     [90m 81 |[39m   }
     [90m 82 |[39m[0m

      at warn (api/src/game-engine.js:79:15)
      at loadWorld (tests/game-engine.test.js:33:17)
      at freshSession (tests/game-engine.test.js:38:19)
      at sessionWithPlayer (tests/game-engine.test.js:353:19)
      at Object.setupPuzzleSession (tests/game-engine.test.js:360:19)

  console.warn
    [world-validation] Room "room-hub-e" has no items and no hazards (empty room).

    [0m [90m 77 |[39m   [36mif[39m (validation[33m.[39mwarnings[33m.[39mlength [33m>[39m [35m0[39m) {
     [90m 78 |[39m     [36mfor[39m ([36mconst[39m warning [36mof[39m validation[33m.[39mwarnings) {
    [31m[1m>[22m[39m[90m 79 |[39m       console[33m.[39mwarn([32m`[world-validation] ${warning}`[39m)[33m;[39m
     [90m    |[39m               [31m[1m^[22m[39m
     [90m 80 |[39m     }
     [90m 81 |[39m   }
     [90m 82 |[39m[0m

      at warn (api/src/game-engine.js:79:15)
      at loadWorld (tests/game-engine.test.js:33:17)
      at freshSession (tests/game-engine.test.js:38:19)
      at sessionWithPlayer (tests/game-engine.test.js:353:19)
      at Object.setupPuzzleSession (tests/game-engine.test.js:360:19)

  console.warn
    [world-validation] Room "room-hub-w" has no items and no hazards (empty room).

    [0m [90m 77 |[39m   [36mif[39m (validation[33m.[39mwarnings[33m.[39mlength [33m>[39m [35m0[39m) {
     [90m 78 |[39m     [36mfor[39m ([36mconst[39m warning [36mof[39m validation[33m.[39mwarnings) {
    [31m[1m>[22m[39m[90m 79 |[39m       console[33m.[39mwarn([32m`[world-validation] ${warning}`[39m)[33m;[39m
     [90m    |[39m               [31m[1m^[22m[39m
     [90m 80 |[39m     }
     [90m 81 |[39m   }
     [90m 82 |[39m[0m

      at warn (api/src/game-engine.js:79:15)
      at loadWorld (tests/game-engine.test.js:33:17)
      at freshSession (tests/game-engine.test.js:38:19)
      at sessionWithPlayer (tests/game-engine.test.js:353:19)
      at Object.setupPuzzleSession (tests/game-engine.test.js:360:19)

  console.warn
    [world-validation] Room "room-isolated" has no items and no hazards (empty room).

    [0m [90m 77 |[39m   [36mif[39m (validation[33m.[39mwarnings[33m.[39mlength [33m>[39m [35m0[39m) {
     [90m 78 |[39m     [36mfor[39m ([36mconst[39m warning [36mof[39m validation[33m.[39mwarnings) {
    [31m[1m>[22m[39m[90m 79 |[39m       console[33m.[39mwarn([32m`[world-validation] ${warning}`[39m)[33m;[39m
     [90m    |[39m               [31m[1m^[22m[39m
     [90m 80 |[39m     }
     [90m 81 |[39m   }
     [90m 82 |[39m[0m

      at warn (api/src/game-engine.js:79:15)
      at loadWorld (tests/game-engine.test.js:33:17)
      at freshSession (tests/game-engine.test.js:38:19)
      at sessionWithPlayer (tests/game-engine.test.js:353:19)
      at Object.setupPuzzleSession (tests/game-engine.test.js:360:19)

  console.warn
    [world-validation] Room "room-isolated" is an orphan ΓÇö no exits or puzzles connect to it.

    [0m [90m 77 |[39m   [36mif[39m (validation[33m.[39mwarnings[33m.[39mlength [33m>[39m [35m0[39m) {
     [90m 78 |[39m     [36mfor[39m ([36mconst[39m warning [36mof[39m validation[33m.[39mwarnings) {
    [31m[1m>[22m[39m[90m 79 |[39m       console[33m.[39mwarn([32m`[world-validation] ${warning}`[39m)[33m;[39m
     [90m    |[39m               [31m[1m^[22m[39m
     [90m 80 |[39m     }
     [90m 81 |[39m   }
     [90m 82 |[39m[0m

      at warn (api/src/game-engine.js:79:15)
      at loadWorld (tests/game-engine.test.js:33:17)
      at freshSession (tests/game-engine.test.js:38:19)
      at sessionWithPlayer (tests/game-engine.test.js:353:19)
      at Object.setupPuzzleSession (tests/game-engine.test.js:360:19)

  console.warn
    [world-validation] Room "room-hub" has no items and no hazards (empty room).

    [0m [90m 77 |[39m   [36mif[39m (validation[33m.[39mwarnings[33m.[39mlength [33m>[39m [35m0[39m) {
     [90m 78 |[39m     [36mfor[39m ([36mconst[39m warning [36mof[39m validation[33m.[39mwarnings) {
    [31m[1m>[22m[39m[90m 79 |[39m       console[33m.[39mwarn([32m`[world-validation] ${warning}`[39m)[33m;[39m
     [90m    |[39m               [31m[1m^[22m[39m
     [90m 80 |[39m     }
     [90m 81 |[39m   }
     [90m 82 |[39m[0m

      at warn (api/src/game-engine.js:79:15)
      at loadWorld (tests/game-engine.test.js:33:17)
      at freshSession (tests/game-engine.test.js:38:19)
      at sessionWithPlayer (tests/game-engine.test.js:353:19)
      at Object.setupPuzzleSession (tests/game-engine.test.js:370:19)

  console.warn
    [world-validation] Room "room-hub-n" has no items and no hazards (empty room).

    [0m [90m 77 |[39m   [36mif[39m (validation[33m.[39mwarnings[33m.[39mlength [33m>[39m [35m0[39m) {
     [90m 78 |[39m     [36mfor[39m ([36mconst[39m warning [36mof[39m validation[33m.[39mwarnings) {
    [31m[1m>[22m[39m[90m 79 |[39m       console[33m.[39mwarn([32m`[world-validation] ${warning}`[39m)[33m;[39m
     [90m    |[39m               [31m[1m^[22m[39m
     [90m 80 |[39m     }
     [90m 81 |[39m   }
     [90m 82 |[39m[0m

      at warn (api/src/game-engine.js:79:15)
      at loadWorld (tests/game-engine.test.js:33:17)
      at freshSession (tests/game-engine.test.js:38:19)
      at sessionWithPlayer (tests/game-engine.test.js:353:19)
      at Object.setupPuzzleSession (tests/game-engine.test.js:370:19)

  console.warn
    [world-validation] Room "room-hub-e" has no items and no hazards (empty room).

    [0m [90m 77 |[39m   [36mif[39m (validation[33m.[39mwarnings[33m.[39mlength [33m>[39m [35m0[39m) {
     [90m 78 |[39m     [36mfor[39m ([36mconst[39m warning [36mof[39m validation[33m.[39mwarnings) {
    [31m[1m>[22m[39m[90m 79 |[39m       console[33m.[39mwarn([32m`[world-validation] ${warning}`[39m)[33m;[39m
     [90m    |[39m               [31m[1m^[22m[39m
     [90m 80 |[39m     }
     [90m 81 |[39m   }
     [90m 82 |[39m[0m

      at warn (api/src/game-engine.js:79:15)
      at loadWorld (tests/game-engine.test.js:33:17)
      at freshSession (tests/game-engine.test.js:38:19)
      at sessionWithPlayer (tests/game-engine.test.js:353:19)
      at Object.setupPuzzleSession (tests/game-engine.test.js:370:19)

  console.warn
    [world-validation] Room "room-hub-w" has no items and no hazards (empty room).

    [0m [90m 77 |[39m   [36mif[39m (validation[33m.[39mwarnings[33m.[39mlength [33m>[39m [35m0[39m) {
     [90m 78 |[39m     [36mfor[39m ([36mconst[39m warning [36mof[39m validation[33m.[39mwarnings) {
    [31m[1m>[22m[39m[90m 79 |[39m       console[33m.[39mwarn([32m`[world-validation] ${warning}`[39m)[33m;[39m
     [90m    |[39m               [31m[1m^[22m[39m
     [90m 80 |[39m     }
     [90m 81 |[39m   }
     [90m 82 |[39m[0m

      at warn (api/src/game-engine.js:79:15)
      at loadWorld (tests/game-engine.test.js:33:17)
      at freshSession (tests/game-engine.test.js:38:19)
      at sessionWithPlayer (tests/game-engine.test.js:353:19)
      at Object.setupPuzzleSession (tests/game-engine.test.js:370:19)

  console.warn
    [world-validation] Room "room-isolated" has no items and no hazards (empty room).

    [0m [90m 77 |[39m   [36mif[39m (validation[33m.[39mwarnings[33m.[39mlength [33m>[39m [35m0[39m) {
     [90m 78 |[39m     [36mfor[39m ([36mconst[39m warning [36mof[39m validation[33m.[39mwarnings) {
    [31m[1m>[22m[39m[90m 79 |[39m       console[33m.[39mwarn([32m`[world-validation] ${warning}`[39m)[33m;[39m
     [90m    |[39m               [31m[1m^[22m[39m
     [90m 80 |[39m     }
     [90m 81 |[39m   }
     [90m 82 |[39m[0m

      at warn (api/src/game-engine.js:79:15)
      at loadWorld (tests/game-engine.test.js:33:17)
      at freshSession (tests/game-engine.test.js:38:19)
      at sessionWithPlayer (tests/game-engine.test.js:353:19)
      at Object.setupPuzzleSession (tests/game-engine.test.js:370:19)

  console.warn
    [world-validation] Room "room-isolated" is an orphan ΓÇö no exits or puzzles connect to it.

    [0m [90m 77 |[39m   [36mif[39m (validation[33m.[39mwarnings[33m.[39mlength [33m>[39m [35m0[39m) {
     [90m 78 |[39m     [36mfor[39m ([36mconst[39m warning [36mof[39m validation[33m.[39mwarnings) {
    [31m[1m>[22m[39m[90m 79 |[39m       console[33m.[39mwarn([32m`[world-validation] ${warning}`[39m)[33m;[39m
     [90m    |[39m               [31m[1m^[22m[39m
     [90m 80 |[39m     }
     [90m 81 |[39m   }
     [90m 82 |[39m[0m

      at warn (api/src/game-engine.js:79:15)
      at loadWorld (tests/game-engine.test.js:33:17)
      at freshSession (tests/game-engine.test.js:38:19)
      at sessionWithPlayer (tests/game-engine.test.js:353:19)
      at Object.setupPuzzleSession (tests/game-engine.test.js:370:19)

  console.warn
    [world-validation] Room "room-hub" has no items and no hazards (empty room).

    [0m [90m 77 |[39m   [36mif[39m (validation[33m.[39mwarnings[33m.[39mlength [33m>[39m [35m0[39m) {
     [90m 78 |[39m     [36mfor[39m ([36mconst[39m warning [36mof[39m validation[33m.[39mwarnings) {
    [31m[1m>[22m[39m[90m 79 |[39m       console[33m.[39mwarn([32m`[world-validation] ${warning}`[39m)[33m;[39m
     [90m    |[39m               [31m[1m^[22m[39m
     [90m 80 |[39m     }
     [90m 81 |[39m   }
     [90m 82 |[39m[0m

      at warn (api/src/game-engine.js:79:15)
      at loadWorld (tests/game-engine.test.js:33:17)
      at freshSession (tests/game-engine.test.js:38:19)
      at sessionWithPlayer (tests/game-engine.test.js:353:19)
      at Object.setupPuzzleSession (tests/game-engine.test.js:376:19)

  console.warn
    [world-validation] Room "room-hub-n" has no items and no hazards (empty room).

    [0m [90m 77 |[39m   [36mif[39m (validation[33m.[39mwarnings[33m.[39mlength [33m>[39m [35m0[39m) {
     [90m 78 |[39m     [36mfor[39m ([36mconst[39m warning [36mof[39m validation[33m.[39mwarnings) {
    [31m[1m>[22m[39m[90m 79 |[39m       console[33m.[39mwarn([32m`[world-validation] ${warning}`[39m)[33m;[39m
     [90m    |[39m               [31m[1m^[22m[39m
     [90m 80 |[39m     }
     [90m 81 |[39m   }
     [90m 82 |[39m[0m

      at warn (api/src/game-engine.js:79:15)
      at loadWorld (tests/game-engine.test.js:33:17)
      at freshSession (tests/game-engine.test.js:38:19)
      at sessionWithPlayer (tests/game-engine.test.js:353:19)
      at Object.setupPuzzleSession (tests/game-engine.test.js:376:19)

  console.warn
    [world-validation] Room "room-hub-e" has no items and no hazards (empty room).

    [0m [90m 77 |[39m   [36mif[39m (validation[33m.[39mwarnings[33m.[39mlength [33m>[39m [35m0[39m) {
     [90m 78 |[39m     [36mfor[39m ([36mconst[39m warning [36mof[39m validation[33m.[39mwarnings) {
    [31m[1m>[22m[39m[90m 79 |[39m       console[33m.[39mwarn([32m`[world-validation] ${warning}`[39m)[33m;[39m
     [90m    |[39m               [31m[1m^[22m[39m
     [90m 80 |[39m     }
     [90m 81 |[39m   }
     [90m 82 |[39m[0m

      at warn (api/src/game-engine.js:79:15)
      at loadWorld (tests/game-engine.test.js:33:17)
      at freshSession (tests/game-engine.test.js:38:19)
      at sessionWithPlayer (tests/game-engine.test.js:353:19)
      at Object.setupPuzzleSession (tests/game-engine.test.js:376:19)

  console.warn
    [world-validation] Room "room-hub-w" has no items and no hazards (empty room).

    [0m [90m 77 |[39m   [36mif[39m (validation[33m.[39mwarnings[33m.[39mlength [33m>[39m [35m0[39m) {
     [90m 78 |[39m     [36mfor[39m ([36mconst[39m warning [36mof[39m validation[33m.[39mwarnings) {
    [31m[1m>[22m[39m[90m 79 |[39m       console[33m.[39mwarn([32m`[world-validation] ${warning}`[39m)[33m;[39m
     [90m    |[39m               [31m[1m^[22m[39m
     [90m 80 |[39m     }
     [90m 81 |[39m   }
     [90m 82 |[39m[0m

      at warn (api/src/game-engine.js:79:15)
      at loadWorld (tests/game-engine.test.js:33:17)
      at freshSession (tests/game-engine.test.js:38:19)
      at sessionWithPlayer (tests/game-engine.test.js:353:19)
      at Object.setupPuzzleSession (tests/game-engine.test.js:376:19)

  console.warn
    [world-validation] Room "room-isolated" has no items and no hazards (empty room).

    [0m [90m 77 |[39m   [36mif[39m (validation[33m.[39mwarnings[33m.[39mlength [33m>[39m [35m0[39m) {
     [90m 78 |[39m     [36mfor[39m ([36mconst[39m warning [36mof[39m validation[33m.[39mwarnings) {
    [31m[1m>[22m[39m[90m 79 |[39m       console[33m.[39mwarn([32m`[world-validation] ${warning}`[39m)[33m;[39m
     [90m    |[39m               [31m[1m^[22m[39m
     [90m 80 |[39m     }
     [90m 81 |[39m   }
     [90m 82 |[39m[0m

      at warn (api/src/game-engine.js:79:15)
      at loadWorld (tests/game-engine.test.js:33:17)
      at freshSession (tests/game-engine.test.js:38:19)
      at sessionWithPlayer (tests/game-engine.test.js:353:19)
      at Object.setupPuzzleSession (tests/game-engine.test.js:376:19)

  console.warn
    [world-validation] Room "room-isolated" is an orphan ΓÇö no exits or puzzles connect to it.

    [0m [90m 77 |[39m   [36mif[39m (validation[33m.[39mwarnings[33m.[39mlength [33m>[39m [35m0[39m) {
     [90m 78 |[39m     [36mfor[39m ([36mconst[39m warning [36mof[39m validation[33m.[39mwarnings) {
    [31m[1m>[22m[39m[90m 79 |[39m       console[33m.[39mwarn([32m`[world-validation] ${warning}`[39m)[33m;[39m
     [90m    |[39m               [31m[1m^[22m[39m
     [90m 80 |[39m     }
     [90m 81 |[39m   }
     [90m 82 |[39m[0m

      at warn (api/src/game-engine.js:79:15)
      at loadWorld (tests/game-engine.test.js:33:17)
      at freshSession (tests/game-engine.test.js:38:19)
      at sessionWithPlayer (tests/game-engine.test.js:353:19)
      at Object.setupPuzzleSession (tests/game-engine.test.js:376:19)

  console.warn
    [world-validation] Room "room-hub" has no items and no hazards (empty room).

    [0m [90m 77 |[39m   [36mif[39m (validation[33m.[39mwarnings[33m.[39mlength [33m>[39m [35m0[39m) {
     [90m 78 |[39m     [36mfor[39m ([36mconst[39m warning [36mof[39m validation[33m.[39mwarnings) {
    [31m[1m>[22m[39m[90m 79 |[39m       console[33m.[39mwarn([32m`[world-validation] ${warning}`[39m)[33m;[39m
     [90m    |[39m               [31m[1m^[22m[39m
     [90m 80 |[39m     }
     [90m 81 |[39m   }
     [90m 82 |[39m[0m

      at warn (api/src/game-engine.js:79:15)
      at loadWorld (tests/game-engine.test.js:33:17)
      at freshSession (tests/game-engine.test.js:38:19)
      at Object.sessionWithPlayer (tests/game-engine.test.js:382:19)

  console.warn
    [world-validation] Room "room-hub-n" has no items and no hazards (empty room).

    [0m [90m 77 |[39m   [36mif[39m (validation[33m.[39mwarnings[33m.[39mlength [33m>[39m [35m0[39m) {
     [90m 78 |[39m     [36mfor[39m ([36mconst[39m warning [36mof[39m validation[33m.[39mwarnings) {
    [31m[1m>[22m[39m[90m 79 |[39m       console[33m.[39mwarn([32m`[world-validation] ${warning}`[39m)[33m;[39m
     [90m    |[39m               [31m[1m^[22m[39m
     [90m 80 |[39m     }
     [90m 81 |[39m   }
     [90m 82 |[39m[0m

      at warn (api/src/game-engine.js:79:15)
      at loadWorld (tests/game-engine.test.js:33:17)
      at freshSession (tests/game-engine.test.js:38:19)
      at Object.sessionWithPlayer (tests/game-engine.test.js:382:19)

  console.warn
    [world-validation] Room "room-hub-e" has no items and no hazards (empty room).

    [0m [90m 77 |[39m   [36mif[39m (validation[33m.[39mwarnings[33m.[39mlength [33m>[39m [35m0[39m) {
     [90m 78 |[39m     [36mfor[39m ([36mconst[39m warning [36mof[39m validation[33m.[39mwarnings) {
    [31m[1m>[22m[39m[90m 79 |[39m       console[33m.[39mwarn([32m`[world-validation] ${warning}`[39m)[33m;[39m
     [90m    |[39m               [31m[1m^[22m[39m
     [90m 80 |[39m     }
     [90m 81 |[39m   }
     [90m 82 |[39m[0m

      at warn (api/src/game-engine.js:79:15)
      at loadWorld (tests/game-engine.test.js:33:17)
      at freshSession (tests/game-engine.test.js:38:19)
      at Object.sessionWithPlayer (tests/game-engine.test.js:382:19)

  console.warn
    [world-validation] Room "room-hub-w" has no items and no hazards (empty room).

    [0m [90m 77 |[39m   [36mif[39m (validation[33m.[39mwarnings[33m.[39mlength [33m>[39m [35m0[39m) {
     [90m 78 |[39m     [36mfor[39m ([36mconst[39m warning [36mof[39m validation[33m.[39mwarnings) {
    [31m[1m>[22m[39m[90m 79 |[39m       console[33m.[39mwarn([32m`[world-validation] ${warning}`[39m)[33m;[39m
     [90m    |[39m               [31m[1m^[22m[39m
     [90m 80 |[39m     }
     [90m 81 |[39m   }
     [90m 82 |[39m[0m

      at warn (api/src/game-engine.js:79:15)
      at loadWorld (tests/game-engine.test.js:33:17)
      at freshSession (tests/game-engine.test.js:38:19)
      at Object.sessionWithPlayer (tests/game-engine.test.js:382:19)

  console.warn
    [world-validation] Room "room-isolated" has no items and no hazards (empty room).

    [0m [90m 77 |[39m   [36mif[39m (validation[33m.[39mwarnings[33m.[39mlength [33m>[39m [35m0[39m) {
     [90m 78 |[39m     [36mfor[39m ([36mconst[39m warning [36mof[39m validation[33m.[39mwarnings) {
    [31m[1m>[22m[39m[90m 79 |[39m       console[33m.[39mwarn([32m`[world-validation] ${warning}`[39m)[33m;[39m
     [90m    |[39m               [31m[1m^[22m[39m
     [90m 80 |[39m     }
     [90m 81 |[39m   }
     [90m 82 |[39m[0m

      at warn (api/src/game-engine.js:79:15)
      at loadWorld (tests/game-engine.test.js:33:17)
      at freshSession (tests/game-engine.test.js:38:19)
      at Object.sessionWithPlayer (tests/game-engine.test.js:382:19)

  console.warn
    [world-validation] Room "room-isolated" is an orphan ΓÇö no exits or puzzles connect to it.

    [0m [90m 77 |[39m   [36mif[39m (validation[33m.[39mwarnings[33m.[39mlength [33m>[39m [35m0[39m) {
     [90m 78 |[39m     [36mfor[39m ([36mconst[39m warning [36mof[39m validation[33m.[39mwarnings) {
    [31m[1m>[22m[39m[90m 79 |[39m       console[33m.[39mwarn([32m`[world-validation] ${warning}`[39m)[33m;[39m
     [90m    |[39m               [31m[1m^[22m[39m
     [90m 80 |[39m     }
     [90m 81 |[39m   }
     [90m 82 |[39m[0m

      at warn (api/src/game-engine.js:79:15)
      at loadWorld (tests/game-engine.test.js:33:17)
      at freshSession (tests/game-engine.test.js:38:19)
      at Object.sessionWithPlayer (tests/game-engine.test.js:382:19)

  console.warn
    [world-validation] Room "room-hub" has no items and no hazards (empty room).

    [0m [90m 77 |[39m   [36mif[39m (validation[33m.[39mwarnings[33m.[39mlength [33m>[39m [35m0[39m) {
     [90m 78 |[39m     [36mfor[39m ([36mconst[39m warning [36mof[39m validation[33m.[39mwarnings) {
    [31m[1m>[22m[39m[90m 79 |[39m       console[33m.[39mwarn([32m`[world-validation] ${warning}`[39m)[33m;[39m
     [90m    |[39m               [31m[1m^[22m[39m
     [90m 80 |[39m     }
     [90m 81 |[39m   }
     [90m 82 |[39m[0m

      at warn (api/src/game-engine.js:79:15)
      at loadWorld (tests/game-engine.test.js:33:17)
      at freshSession (tests/game-engine.test.js:38:19)
      at sessionWithPlayer (tests/game-engine.test.js:353:19)
      at Object.setupPuzzleSession (tests/game-engine.test.js:390:19)

  console.warn
    [world-validation] Room "room-hub-n" has no items and no hazards (empty room).

    [0m [90m 77 |[39m   [36mif[39m (validation[33m.[39mwarnings[33m.[39mlength [33m>[39m [35m0[39m) {
     [90m 78 |[39m     [36mfor[39m ([36mconst[39m warning [36mof[39m validation[33m.[39mwarnings) {
    [31m[1m>[22m[39m[90m 79 |[39m       console[33m.[39mwarn([32m`[world-validation] ${warning}`[39m)[33m;[39m
     [90m    |[39m               [31m[1m^[22m[39m
     [90m 80 |[39m     }
     [90m 81 |[39m   }
     [90m 82 |[39m[0m

      at warn (api/src/game-engine.js:79:15)
      at loadWorld (tests/game-engine.test.js:33:17)
      at freshSession (tests/game-engine.test.js:38:19)
      at sessionWithPlayer (tests/game-engine.test.js:353:19)
      at Object.setupPuzzleSession (tests/game-engine.test.js:390:19)

  console.warn
    [world-validation] Room "room-hub-e" has no items and no hazards (empty room).

    [0m [90m 77 |[39m   [36mif[39m (validation[33m.[39mwarnings[33m.[39mlength [33m>[39m [35m0[39m) {
     [90m 78 |[39m     [36mfor[39m ([36mconst[39m warning [36mof[39m validation[33m.[39mwarnings) {
    [31m[1m>[22m[39m[90m 79 |[39m       console[33m.[39mwarn([32m`[world-validation] ${warning}`[39m)[33m;[39m
     [90m    |[39m               [31m[1m^[22m[39m
     [90m 80 |[39m     }
     [90m 81 |[39m   }
     [90m 82 |[39m[0m

      at warn (api/src/game-engine.js:79:15)
      at loadWorld (tests/game-engine.test.js:33:17)
      at freshSession (tests/game-engine.test.js:38:19)
      at sessionWithPlayer (tests/game-engine.test.js:353:19)
      at Object.setupPuzzleSession (tests/game-engine.test.js:390:19)

  console.warn
    [world-validation] Room "room-hub-w" has no items and no hazards (empty room).

    [0m [90m 77 |[39m   [36mif[39m (validation[33m.[39mwarnings[33m.[39mlength [33m>[39m [35m0[39m) {
     [90m 78 |[39m     [36mfor[39m ([36mconst[39m warning [36mof[39m validation[33m.[39mwarnings) {
    [31m[1m>[22m[39m[90m 79 |[39m       console[33m.[39mwarn([32m`[world-validation] ${warning}`[39m)[33m;[39m
     [90m    |[39m               [31m[1m^[22m[39m
     [90m 80 |[39m     }
     [90m 81 |[39m   }
     [90m 82 |[39m[0m

      at warn (api/src/game-engine.js:79:15)
      at loadWorld (tests/game-engine.test.js:33:17)
      at freshSession (tests/game-engine.test.js:38:19)
      at sessionWithPlayer (tests/game-engine.test.js:353:19)
      at Object.setupPuzzleSession (tests/game-engine.test.js:390:19)

  console.warn
    [world-validation] Room "room-isolated" has no items and no hazards (empty room).

    [0m [90m 77 |[39m   [36mif[39m (validation[33m.[39mwarnings[33m.[39mlength [33m>[39m [35m0[39m) {
     [90m 78 |[39m     [36mfor[39m ([36mconst[39m warning [36mof[39m validation[33m.[39mwarnings) {
    [31m[1m>[22m[39m[90m 79 |[39m       console[33m.[39mwarn([32m`[world-validation] ${warning}`[39m)[33m;[39m
     [90m    |[39m               [31m[1m^[22m[39m
     [90m 80 |[39m     }
     [90m 81 |[39m   }
     [90m 82 |[39m[0m

      at warn (api/src/game-engine.js:79:15)
      at loadWorld (tests/game-engine.test.js:33:17)
      at freshSession (tests/game-engine.test.js:38:19)
      at sessionWithPlayer (tests/game-engine.test.js:353:19)
      at Object.setupPuzzleSession (tests/game-engine.test.js:390:19)

  console.warn
    [world-validation] Room "room-isolated" is an orphan ΓÇö no exits or puzzles connect to it.

    [0m [90m 77 |[39m   [36mif[39m (validation[33m.[39mwarnings[33m.[39mlength [33m>[39m [35m0[39m) {
     [90m 78 |[39m     [36mfor[39m ([36mconst[39m warning [36mof[39m validation[33m.[39mwarnings) {
    [31m[1m>[22m[39m[90m 79 |[39m       console[33m.[39mwarn([32m`[world-validation] ${warning}`[39m)[33m;[39m
     [90m    |[39m               [31m[1m^[22m[39m
     [90m 80 |[39m     }
     [90m 81 |[39m   }
     [90m 82 |[39m[0m

      at warn (api/src/game-engine.js:79:15)
      at loadWorld (tests/game-engine.test.js:33:17)
      at freshSession (tests/game-engine.test.js:38:19)
      at sessionWithPlayer (tests/game-engine.test.js:353:19)
      at Object.setupPuzzleSession (tests/game-engine.test.js:390:19)

  console.warn
    [world-validation] Room "room-hub" has no items and no hazards (empty room).

    [0m [90m 77 |[39m   [36mif[39m (validation[33m.[39mwarnings[33m.[39mlength [33m>[39m [35m0[39m) {
     [90m 78 |[39m     [36mfor[39m ([36mconst[39m warning [36mof[39m validation[33m.[39mwarnings) {
    [31m[1m>[22m[39m[90m 79 |[39m       console[33m.[39mwarn([32m`[world-validation] ${warning}`[39m)[33m;[39m
     [90m    |[39m               [31m[1m^[22m[39m
     [90m 80 |[39m     }
     [90m 81 |[39m   }
     [90m 82 |[39m[0m

      at warn (api/src/game-engine.js:79:15)
      at loadWorld (tests/game-engine.test.js:33:17)
      at freshSession (tests/game-engine.test.js:43:17)
      at Object.sessionWithPlayers (tests/game-engine.test.js:399:19)

  console.warn
    [world-validation] Room "room-hub-n" has no items and no hazards (empty room).

    [0m [90m 77 |[39m   [36mif[39m (validation[33m.[39mwarnings[33m.[39mlength [33m>[39m [35m0[39m) {
     [90m 78 |[39m     [36mfor[39m ([36mconst[39m warning [36mof[39m validation[33m.[39mwarnings) {
    [31m[1m>[22m[39m[90m 79 |[39m       console[33m.[39mwarn([32m`[world-validation] ${warning}`[39m)[33m;[39m
     [90m    |[39m               [31m[1m^[22m[39m
     [90m 80 |[39m     }
     [90m 81 |[39m   }
     [90m 82 |[39m[0m

      at warn (api/src/game-engine.js:79:15)
      at loadWorld (tests/game-engine.test.js:33:17)
      at freshSession (tests/game-engine.test.js:43:17)
      at Object.sessionWithPlayers (tests/game-engine.test.js:399:19)

  console.warn
    [world-validation] Room "room-hub-e" has no items and no hazards (empty room).

    [0m [90m 77 |[39m   [36mif[39m (validation[33m.[39mwarnings[33m.[39mlength [33m>[39m [35m0[39m) {
     [90m 78 |[39m     [36mfor[39m ([36mconst[39m warning [36mof[39m validation[33m.[39mwarnings) {
    [31m[1m>[22m[39m[90m 79 |[39m       console[33m.[39mwarn([32m`[world-validation] ${warning}`[39m)[33m;[39m
     [90m    |[39m               [31m[1m^[22m[39m
     [90m 80 |[39m     }
     [90m 81 |[39m   }
     [90m 82 |[39m[0m

      at warn (api/src/game-engine.js:79:15)
      at loadWorld (tests/game-engine.test.js:33:17)
      at freshSession (tests/game-engine.test.js:43:17)
      at Object.sessionWithPlayers (tests/game-engine.test.js:399:19)

  console.warn
    [world-validation] Room "room-hub-w" has no items and no hazards (empty room).

    [0m [90m 77 |[39m   [36mif[39m (validation[33m.[39mwarnings[33m.[39mlength [33m>[39m [35m0[39m) {
     [90m 78 |[39m     [36mfor[39m ([36mconst[39m warning [36mof[39m validation[33m.[39mwarnings) {
    [31m[1m>[22m[39m[90m 79 |[39m       console[33m.[39mwarn([32m`[world-validation] ${warning}`[39m)[33m;[39m
     [90m    |[39m               [31m[1m^[22m[39m
     [90m 80 |[39m     }
     [90m 81 |[39m   }
     [90m 82 |[39m[0m

      at warn (api/src/game-engine.js:79:15)
      at loadWorld (tests/game-engine.test.js:33:17)
      at freshSession (tests/game-engine.test.js:43:17)
      at Object.sessionWithPlayers (tests/game-engine.test.js:399:19)

  console.warn
    [world-validation] Room "room-isolated" has no items and no hazards (empty room).

    [0m [90m 77 |[39m   [36mif[39m (validation[33m.[39mwarnings[33m.[39mlength [33m>[39m [35m0[39m) {
     [90m 78 |[39m     [36mfor[39m ([36mconst[39m warning [36mof[39m validation[33m.[39mwarnings) {
    [31m[1m>[22m[39m[90m 79 |[39m       console[33m.[39mwarn([32m`[world-validation] ${warning}`[39m)[33m;[39m
     [90m    |[39m               [31m[1m^[22m[39m
     [90m 80 |[39m     }
     [90m 81 |[39m   }
     [90m 82 |[39m[0m

      at warn (api/src/game-engine.js:79:15)
      at loadWorld (tests/game-engine.test.js:33:17)
      at freshSession (tests/game-engine.test.js:43:17)
      at Object.sessionWithPlayers (tests/game-engine.test.js:399:19)

  console.warn
    [world-validation] Room "room-isolated" is an orphan ΓÇö no exits or puzzles connect to it.

    [0m [90m 77 |[39m   [36mif[39m (validation[33m.[39mwarnings[33m.[39mlength [33m>[39m [35m0[39m) {
     [90m 78 |[39m     [36mfor[39m ([36mconst[39m warning [36mof[39m validation[33m.[39mwarnings) {
    [31m[1m>[22m[39m[90m 79 |[39m       console[33m.[39mwarn([32m`[world-validation] ${warning}`[39m)[33m;[39m
     [90m    |[39m               [31m[1m^[22m[39m
     [90m 80 |[39m     }
     [90m 81 |[39m   }
     [90m 82 |[39m[0m

      at warn (api/src/game-engine.js:79:15)
      at loadWorld (tests/game-engine.test.js:33:17)
      at freshSession (tests/game-engine.test.js:43:17)
      at Object.sessionWithPlayers (tests/game-engine.test.js:399:19)

  console.warn
    [world-validation] Room "room-hub" has no items and no hazards (empty room).

    [0m [90m 77 |[39m   [36mif[39m (validation[33m.[39mwarnings[33m.[39mlength [33m>[39m [35m0[39m) {
     [90m 78 |[39m     [36mfor[39m ([36mconst[39m warning [36mof[39m validation[33m.[39mwarnings) {
    [31m[1m>[22m[39m[90m 79 |[39m       console[33m.[39mwarn([32m`[world-validation] ${warning}`[39m)[33m;[39m
     [90m    |[39m               [31m[1m^[22m[39m
     [90m 80 |[39m     }
     [90m 81 |[39m   }
     [90m 82 |[39m[0m

      at warn (api/src/game-engine.js:79:15)
      at loadWorld (tests/game-engine.test.js:33:17)
      at freshSession (tests/game-engine.test.js:43:17)
      at Object.sessionWithPlayers (tests/game-engine.test.js:416:19)

  console.warn
    [world-validation] Room "room-hub-n" has no items and no hazards (empty room).

    [0m [90m 77 |[39m   [36mif[39m (validation[33m.[39mwarnings[33m.[39mlength [33m>[39m [35m0[39m) {
     [90m 78 |[39m     [36mfor[39m ([36mconst[39m warning [36mof[39m validation[33m.[39mwarnings) {
    [31m[1m>[22m[39m[90m 79 |[39m       console[33m.[39mwarn([32m`[world-validation] ${warning}`[39m)[33m;[39m
     [90m    |[39m               [31m[1m^[22m[39m
     [90m 80 |[39m     }
     [90m 81 |[39m   }
     [90m 82 |[39m[0m

      at warn (api/src/game-engine.js:79:15)
      at loadWorld (tests/game-engine.test.js:33:17)
      at freshSession (tests/game-engine.test.js:43:17)
      at Object.sessionWithPlayers (tests/game-engine.test.js:416:19)

  console.warn
    [world-validation] Room "room-hub-e" has no items and no hazards (empty room).

    [0m [90m 77 |[39m   [36mif[39m (validation[33m.[39mwarnings[33m.[39mlength [33m>[39m [35m0[39m) {
     [90m 78 |[39m     [36mfor[39m ([36mconst[39m warning [36mof[39m validation[33m.[39mwarnings) {
    [31m[1m>[22m[39m[90m 79 |[39m       console[33m.[39mwarn([32m`[world-validation] ${warning}`[39m)[33m;[39m
     [90m    |[39m               [31m[1m^[22m[39m
     [90m 80 |[39m     }
     [90m 81 |[39m   }
     [90m 82 |[39m[0m

      at warn (api/src/game-engine.js:79:15)
      at loadWorld (tests/game-engine.test.js:33:17)
      at freshSession (tests/game-engine.test.js:43:17)
      at Object.sessionWithPlayers (tests/game-engine.test.js:416:19)

  console.warn
    [world-validation] Room "room-hub-w" has no items and no hazards (empty room).

    [0m [90m 77 |[39m   [36mif[39m (validation[33m.[39mwarnings[33m.[39mlength [33m>[39m [35m0[39m) {
     [90m 78 |[39m     [36mfor[39m ([36mconst[39m warning [36mof[39m validation[33m.[39mwarnings) {
    [31m[1m>[22m[39m[90m 79 |[39m       console[33m.[39mwarn([32m`[world-validation] ${warning}`[39m)[33m;[39m
     [90m    |[39m               [31m[1m^[22m[39m
     [90m 80 |[39m     }
     [90m 81 |[39m   }
     [90m 82 |[39m[0m

      at warn (api/src/game-engine.js:79:15)
      at loadWorld (tests/game-engine.test.js:33:17)
      at freshSession (tests/game-engine.test.js:43:17)
      at Object.sessionWithPlayers (tests/game-engine.test.js:416:19)

  console.warn
    [world-validation] Room "room-isolated" has no items and no hazards (empty room).

    [0m [90m 77 |[39m   [36mif[39m (validation[33m.[39mwarnings[33m.[39mlength [33m>[39m [35m0[39m) {
     [90m 78 |[39m     [36mfor[39m ([36mconst[39m warning [36mof[39m validation[33m.[39mwarnings) {
    [31m[1m>[22m[39m[90m 79 |[39m       console[33m.[39mwarn([32m`[world-validation] ${warning}`[39m)[33m;[39m
     [90m    |[39m               [31m[1m^[22m[39m
     [90m 80 |[39m     }
     [90m 81 |[39m   }
     [90m 82 |[39m[0m

      at warn (api/src/game-engine.js:79:15)
      at loadWorld (tests/game-engine.test.js:33:17)
      at freshSession (tests/game-engine.test.js:43:17)
      at Object.sessionWithPlayers (tests/game-engine.test.js:416:19)

  console.warn
    [world-validation] Room "room-isolated" is an orphan ΓÇö no exits or puzzles connect to it.

    [0m [90m 77 |[39m   [36mif[39m (validation[33m.[39mwarnings[33m.[39mlength [33m>[39m [35m0[39m) {
     [90m 78 |[39m     [36mfor[39m ([36mconst[39m warning [36mof[39m validation[33m.[39mwarnings) {
    [31m[1m>[22m[39m[90m 79 |[39m       console[33m.[39mwarn([32m`[world-validation] ${warning}`[39m)[33m;[39m
     [90m    |[39m               [31m[1m^[22m[39m
     [90m 80 |[39m     }
     [90m 81 |[39m   }
     [90m 82 |[39m[0m

      at warn (api/src/game-engine.js:79:15)
      at loadWorld (tests/game-engine.test.js:33:17)
      at freshSession (tests/game-engine.test.js:43:17)
      at Object.sessionWithPlayers (tests/game-engine.test.js:416:19)

  console.warn
    [world-validation] Room "room-hub" has no items and no hazards (empty room).

    [0m [90m 77 |[39m   [36mif[39m (validation[33m.[39mwarnings[33m.[39mlength [33m>[39m [35m0[39m) {
     [90m 78 |[39m     [36mfor[39m ([36mconst[39m warning [36mof[39m validation[33m.[39mwarnings) {
    [31m[1m>[22m[39m[90m 79 |[39m       console[33m.[39mwarn([32m`[world-validation] ${warning}`[39m)[33m;[39m
     [90m    |[39m               [31m[1m^[22m[39m
     [90m 80 |[39m     }
     [90m 81 |[39m   }
     [90m 82 |[39m[0m

      at warn (api/src/game-engine.js:79:15)
      at loadWorld (tests/game-engine.test.js:33:17)
      at freshSession (tests/game-engine.test.js:43:17)
      at Object.sessionWithPlayers (tests/game-engine.test.js:432:19)

  console.warn
    [world-validation] Room "room-hub-n" has no items and no hazards (empty room).

    [0m [90m 77 |[39m   [36mif[39m (validation[33m.[39mwarnings[33m.[39mlength [33m>[39m [35m0[39m) {
     [90m 78 |[39m     [36mfor[39m ([36mconst[39m warning [36mof[39m validation[33m.[39mwarnings) {
    [31m[1m>[22m[39m[90m 79 |[39m       console[33m.[39mwarn([32m`[world-validation] ${warning}`[39m)[33m;[39m
     [90m    |[39m               [31m[1m^[22m[39m
     [90m 80 |[39m     }
     [90m 81 |[39m   }
     [90m 82 |[39m[0m

      at warn (api/src/game-engine.js:79:15)
      at loadWorld (tests/game-engine.test.js:33:17)
      at freshSession (tests/game-engine.test.js:43:17)
      at Object.sessionWithPlayers (tests/game-engine.test.js:432:19)

  console.warn
    [world-validation] Room "room-hub-e" has no items and no hazards (empty room).

    [0m [90m 77 |[39m   [36mif[39m (validation[33m.[39mwarnings[33m.[39mlength [33m>[39m [35m0[39m) {
     [90m 78 |[39m     [36mfor[39m ([36mconst[39m warning [36mof[39m validation[33m.[39mwarnings) {
    [31m[1m>[22m[39m[90m 79 |[39m       console[33m.[39mwarn([32m`[world-validation] ${warning}`[39m)[33m;[39m
     [90m    |[39m               [31m[1m^[22m[39m
     [90m 80 |[39m     }
     [90m 81 |[39m   }
     [90m 82 |[39m[0m

      at warn (api/src/game-engine.js:79:15)
      at loadWorld (tests/game-engine.test.js:33:17)
      at freshSession (tests/game-engine.test.js:43:17)
      at Object.sessionWithPlayers (tests/game-engine.test.js:432:19)

  console.warn
    [world-validation] Room "room-hub-w" has no items and no hazards (empty room).

    [0m [90m 77 |[39m   [36mif[39m (validation[33m.[39mwarnings[33m.[39mlength [33m>[39m [35m0[39m) {
     [90m 78 |[39m     [36mfor[39m ([36mconst[39m warning [36mof[39m validation[33m.[39mwarnings) {
    [31m[1m>[22m[39m[90m 79 |[39m       console[33m.[39mwarn([32m`[world-validation] ${warning}`[39m)[33m;[39m
     [90m    |[39m               [31m[1m^[22m[39m
     [90m 80 |[39m     }
     [90m 81 |[39m   }
     [90m 82 |[39m[0m

      at warn (api/src/game-engine.js:79:15)
      at loadWorld (tests/game-engine.test.js:33:17)
      at freshSession (tests/game-engine.test.js:43:17)
      at Object.sessionWithPlayers (tests/game-engine.test.js:432:19)

  console.warn
    [world-validation] Room "room-isolated" has no items and no hazards (empty room).

    [0m [90m 77 |[39m   [36mif[39m (validation[33m.[39mwarnings[33m.[39mlength [33m>[39m [35m0[39m) {
     [90m 78 |[39m     [36mfor[39m ([36mconst[39m warning [36mof[39m validation[33m.[39mwarnings) {
    [31m[1m>[22m[39m[90m 79 |[39m       console[33m.[39mwarn([32m`[world-validation] ${warning}`[39m)[33m;[39m
     [90m    |[39m               [31m[1m^[22m[39m
     [90m 80 |[39m     }
     [90m 81 |[39m   }
     [90m 82 |[39m[0m

      at warn (api/src/game-engine.js:79:15)
      at loadWorld (tests/game-engine.test.js:33:17)
      at freshSession (tests/game-engine.test.js:43:17)
      at Object.sessionWithPlayers (tests/game-engine.test.js:432:19)

  console.warn
    [world-validation] Room "room-isolated" is an orphan ΓÇö no exits or puzzles connect to it.

    [0m [90m 77 |[39m   [36mif[39m (validation[33m.[39mwarnings[33m.[39mlength [33m>[39m [35m0[39m) {
     [90m 78 |[39m     [36mfor[39m ([36mconst[39m warning [36mof[39m validation[33m.[39mwarnings) {
    [31m[1m>[22m[39m[90m 79 |[39m       console[33m.[39mwarn([32m`[world-validation] ${warning}`[39m)[33m;[39m
     [90m    |[39m               [31m[1m^[22m[39m
     [90m 80 |[39m     }
     [90m 81 |[39m   }
     [90m 82 |[39m[0m

      at warn (api/src/game-engine.js:79:15)
      at loadWorld (tests/game-engine.test.js:33:17)
      at freshSession (tests/game-engine.test.js:43:17)
      at Object.sessionWithPlayers (tests/game-engine.test.js:432:19)

  console.warn
    [world-validation] Room "room-hub" has no items and no hazards (empty room).

    [0m [90m 77 |[39m   [36mif[39m (validation[33m.[39mwarnings[33m.[39mlength [33m>[39m [35m0[39m) {
     [90m 78 |[39m     [36mfor[39m ([36mconst[39m warning [36mof[39m validation[33m.[39mwarnings) {
    [31m[1m>[22m[39m[90m 79 |[39m       console[33m.[39mwarn([32m`[world-validation] ${warning}`[39m)[33m;[39m
     [90m    |[39m               [31m[1m^[22m[39m
     [90m 80 |[39m     }
     [90m 81 |[39m   }
     [90m 82 |[39m[0m

      at warn (api/src/game-engine.js:79:15)
      at loadWorld (tests/game-engine.test.js:33:17)
      at freshSession (tests/game-engine.test.js:43:17)
      at Object.sessionWithPlayers (tests/game-engine.test.js:442:19)

  console.warn
    [world-validation] Room "room-hub-n" has no items and no hazards (empty room).

    [0m [90m 77 |[39m   [36mif[39m (validation[33m.[39mwarnings[33m.[39mlength [33m>[39m [35m0[39m) {
     [90m 78 |[39m     [36mfor[39m ([36mconst[39m warning [36mof[39m validation[33m.[39mwarnings) {
    [31m[1m>[22m[39m[90m 79 |[39m       console[33m.[39mwarn([32m`[world-validation] ${warning}`[39m)[33m;[39m
     [90m    |[39m               [31m[1m^[22m[39m
     [90m 80 |[39m     }
     [90m 81 |[39m   }
     [90m 82 |[39m[0m

      at warn (api/src/game-engine.js:79:15)
      at loadWorld (tests/game-engine.test.js:33:17)
      at freshSession (tests/game-engine.test.js:43:17)
      at Object.sessionWithPlayers (tests/game-engine.test.js:442:19)

  console.warn
    [world-validation] Room "room-hub-e" has no items and no hazards (empty room).

    [0m [90m 77 |[39m   [36mif[39m (validation[33m.[39mwarnings[33m.[39mlength [33m>[39m [35m0[39m) {
     [90m 78 |[39m     [36mfor[39m ([36mconst[39m warning [36mof[39m validation[33m.[39mwarnings) {
    [31m[1m>[22m[39m[90m 79 |[39m       console[33m.[39mwarn([32m`[world-validation] ${warning}`[39m)[33m;[39m
     [90m    |[39m               [31m[1m^[22m[39m
     [90m 80 |[39m     }
     [90m 81 |[39m   }
     [90m 82 |[39m[0m

      at warn (api/src/game-engine.js:79:15)
      at loadWorld (tests/game-engine.test.js:33:17)
      at freshSession (tests/game-engine.test.js:43:17)
      at Object.sessionWithPlayers (tests/game-engine.test.js:442:19)

  console.warn
    [world-validation] Room "room-hub-w" has no items and no hazards (empty room).

    [0m [90m 77 |[39m   [36mif[39m (validation[33m.[39mwarnings[33m.[39mlength [33m>[39m [35m0[39m) {
     [90m 78 |[39m     [36mfor[39m ([36mconst[39m warning [36mof[39m validation[33m.[39mwarnings) {
    [31m[1m>[22m[39m[90m 79 |[39m       console[33m.[39mwarn([32m`[world-validation] ${warning}`[39m)[33m;[39m
     [90m    |[39m               [31m[1m^[22m[39m
     [90m 80 |[39m     }
     [90m 81 |[39m   }
     [90m 82 |[39m[0m

      at warn (api/src/game-engine.js:79:15)
      at loadWorld (tests/game-engine.test.js:33:17)
      at freshSession (tests/game-engine.test.js:43:17)
      at Object.sessionWithPlayers (tests/game-engine.test.js:442:19)

  console.warn
    [world-validation] Room "room-isolated" has no items and no hazards (empty room).

    [0m [90m 77 |[39m   [36mif[39m (validation[33m.[39mwarnings[33m.[39mlength [33m>[39m [35m0[39m) {
     [90m 78 |[39m     [36mfor[39m ([36mconst[39m warning [36mof[39m validation[33m.[39mwarnings) {
    [31m[1m>[22m[39m[90m 79 |[39m       console[33m.[39mwarn([32m`[world-validation] ${warning}`[39m)[33m;[39m
     [90m    |[39m               [31m[1m^[22m[39m
     [90m 80 |[39m     }
     [90m 81 |[39m   }
     [90m 82 |[39m[0m

      at warn (api/src/game-engine.js:79:15)
      at loadWorld (tests/game-engine.test.js:33:17)
      at freshSession (tests/game-engine.test.js:43:17)
      at Object.sessionWithPlayers (tests/game-engine.test.js:442:19)

  console.warn
    [world-validation] Room "room-isolated" is an orphan ΓÇö no exits or puzzles connect to it.

    [0m [90m 77 |[39m   [36mif[39m (validation[33m.[39mwarnings[33m.[39mlength [33m>[39m [35m0[39m) {
     [90m 78 |[39m     [36mfor[39m ([36mconst[39m warning [36mof[39m validation[33m.[39mwarnings) {
    [31m[1m>[22m[39m[90m 79 |[39m       console[33m.[39mwarn([32m`[world-validation] ${warning}`[39m)[33m;[39m
     [90m    |[39m               [31m[1m^[22m[39m
     [90m 80 |[39m     }
     [90m 81 |[39m   }
     [90m 82 |[39m[0m

      at warn (api/src/game-engine.js:79:15)
      at loadWorld (tests/game-engine.test.js:33:17)
      at freshSession (tests/game-engine.test.js:43:17)
      at Object.sessionWithPlayers (tests/game-engine.test.js:442:19)

  console.warn
    [world-validation] Room "room-hub" has no items and no hazards (empty room).

    [0m [90m 77 |[39m   [36mif[39m (validation[33m.[39mwarnings[33m.[39mlength [33m>[39m [35m0[39m) {
     [90m 78 |[39m     [36mfor[39m ([36mconst[39m warning [36mof[39m validation[33m.[39mwarnings) {
    [31m[1m>[22m[39m[90m 79 |[39m       console[33m.[39mwarn([32m`[world-validation] ${warning}`[39m)[33m;[39m
     [90m    |[39m               [31m[1m^[22m[39m
     [90m 80 |[39m     }
     [90m 81 |[39m   }
     [90m 82 |[39m[0m

      at warn (api/src/game-engine.js:79:15)
      at loadWorld (tests/game-engine.test.js:33:17)
      at freshSession (tests/game-engine.test.js:43:17)
      at Object.sessionWithPlayers (tests/game-engine.test.js:451:21)

  console.warn
    [world-validation] Room "room-hub-n" has no items and no hazards (empty room).

    [0m [90m 77 |[39m   [36mif[39m (validation[33m.[39mwarnings[33m.[39mlength [33m>[39m [35m0[39m) {
     [90m 78 |[39m     [36mfor[39m ([36mconst[39m warning [36mof[39m validation[33m.[39mwarnings) {
    [31m[1m>[22m[39m[90m 79 |[39m       console[33m.[39mwarn([32m`[world-validation] ${warning}`[39m)[33m;[39m
     [90m    |[39m               [31m[1m^[22m[39m
     [90m 80 |[39m     }
     [90m 81 |[39m   }
     [90m 82 |[39m[0m

      at warn (api/src/game-engine.js:79:15)
      at loadWorld (tests/game-engine.test.js:33:17)
      at freshSession (tests/game-engine.test.js:43:17)
      at Object.sessionWithPlayers (tests/game-engine.test.js:451:21)

  console.warn
    [world-validation] Room "room-hub-e" has no items and no hazards (empty room).

    [0m [90m 77 |[39m   [36mif[39m (validation[33m.[39mwarnings[33m.[39mlength [33m>[39m [35m0[39m) {
     [90m 78 |[39m     [36mfor[39m ([36mconst[39m warning [36mof[39m validation[33m.[39mwarnings) {
    [31m[1m>[22m[39m[90m 79 |[39m       console[33m.[39mwarn([32m`[world-validation] ${warning}`[39m)[33m;[39m
     [90m    |[39m               [31m[1m^[22m[39m
     [90m 80 |[39m     }
     [90m 81 |[39m   }
     [90m 82 |[39m[0m

      at warn (api/src/game-engine.js:79:15)
      at loadWorld (tests/game-engine.test.js:33:17)
      at freshSession (tests/game-engine.test.js:43:17)
      at Object.sessionWithPlayers (tests/game-engine.test.js:451:21)

  console.warn
    [world-validation] Room "room-hub-w" has no items and no hazards (empty room).

    [0m [90m 77 |[39m   [36mif[39m (validation[33m.[39mwarnings[33m.[39mlength [33m>[39m [35m0[39m) {
     [90m 78 |[39m     [36mfor[39m ([36mconst[39m warning [36mof[39m validation[33m.[39mwarnings) {
    [31m[1m>[22m[39m[90m 79 |[39m       console[33m.[39mwarn([32m`[world-validation] ${warning}`[39m)[33m;[39m
     [90m    |[39m               [31m[1m^[22m[39m
     [90m 80 |[39m     }
     [90m 81 |[39m   }
     [90m 82 |[39m[0m

      at warn (api/src/game-engine.js:79:15)
      at loadWorld (tests/game-engine.test.js:33:17)
      at freshSession (tests/game-engine.test.js:43:17)
      at Object.sessionWithPlayers (tests/game-engine.test.js:451:21)

  console.warn
    [world-validation] Room "room-isolated" has no items and no hazards (empty room).

    [0m [90m 77 |[39m   [36mif[39m (validation[33m.[39mwarnings[33m.[39mlength [33m>[39m [35m0[39m) {
     [90m 78 |[39m     [36mfor[39m ([36mconst[39m warning [36mof[39m validation[33m.[39mwarnings) {
    [31m[1m>[22m[39m[90m 79 |[39m       console[33m.[39mwarn([32m`[world-validation] ${warning}`[39m)[33m;[39m
     [90m    |[39m               [31m[1m^[22m[39m
     [90m 80 |[39m     }
     [90m 81 |[39m   }
     [90m 82 |[39m[0m

      at warn (api/src/game-engine.js:79:15)
      at loadWorld (tests/game-engine.test.js:33:17)
      at freshSession (tests/game-engine.test.js:43:17)
      at Object.sessionWithPlayers (tests/game-engine.test.js:451:21)

  console.warn
    [world-validation] Room "room-isolated" is an orphan ΓÇö no exits or puzzles connect to it.

    [0m [90m 77 |[39m   [36mif[39m (validation[33m.[39mwarnings[33m.[39mlength [33m>[39m [35m0[39m) {
     [90m 78 |[39m     [36mfor[39m ([36mconst[39m warning [36mof[39m validation[33m.[39mwarnings) {
    [31m[1m>[22m[39m[90m 79 |[39m       console[33m.[39mwarn([32m`[world-validation] ${warning}`[39m)[33m;[39m
     [90m    |[39m               [31m[1m^[22m[39m
     [90m 80 |[39m     }
     [90m 81 |[39m   }
     [90m 82 |[39m[0m

      at warn (api/src/game-engine.js:79:15)
      at loadWorld (tests/game-engine.test.js:33:17)
      at freshSession (tests/game-engine.test.js:43:17)
      at Object.sessionWithPlayers (tests/game-engine.test.js:451:21)

  console.warn
    [world-validation] Room "room-hub" has no items and no hazards (empty room).

    [0m [90m 77 |[39m   [36mif[39m (validation[33m.[39mwarnings[33m.[39mlength [33m>[39m [35m0[39m) {
     [90m 78 |[39m     [36mfor[39m ([36mconst[39m warning [36mof[39m validation[33m.[39mwarnings) {
    [31m[1m>[22m[39m[90m 79 |[39m       console[33m.[39mwarn([32m`[world-validation] ${warning}`[39m)[33m;[39m
     [90m    |[39m               [31m[1m^[22m[39m
     [90m 80 |[39m     }
     [90m 81 |[39m   }
     [90m 82 |[39m[0m

      at warn (api/src/game-engine.js:79:15)
      at loadWorld (tests/game-engine.test.js:33:17)
      at freshSession (tests/game-engine.test.js:38:19)
      at Object.sessionWithPlayer (tests/game-engine.test.js:458:21)

  console.warn
    [world-validation] Room "room-hub-n" has no items and no hazards (empty room).

    [0m [90m 77 |[39m   [36mif[39m (validation[33m.[39mwarnings[33m.[39mlength [33m>[39m [35m0[39m) {
     [90m 78 |[39m     [36mfor[39m ([36mconst[39m warning [36mof[39m validation[33m.[39mwarnings) {
    [31m[1m>[22m[39m[90m 79 |[39m       console[33m.[39mwarn([32m`[world-validation] ${warning}`[39m)[33m;[39m
     [90m    |[39m               [31m[1m^[22m[39m
     [90m 80 |[39m     }
     [90m 81 |[39m   }
     [90m 82 |[39m[0m

      at warn (api/src/game-engine.js:79:15)
      at loadWorld (tests/game-engine.test.js:33:17)
      at freshSession (tests/game-engine.test.js:38:19)
      at Object.sessionWithPlayer (tests/game-engine.test.js:458:21)

  console.warn
    [world-validation] Room "room-hub-e" has no items and no hazards (empty room).

    [0m [90m 77 |[39m   [36mif[39m (validation[33m.[39mwarnings[33m.[39mlength [33m>[39m [35m0[39m) {
     [90m 78 |[39m     [36mfor[39m ([36mconst[39m warning [36mof[39m validation[33m.[39mwarnings) {
    [31m[1m>[22m[39m[90m 79 |[39m       console[33m.[39mwarn([32m`[world-validation] ${warning}`[39m)[33m;[39m
     [90m    |[39m               [31m[1m^[22m[39m
     [90m 80 |[39m     }
     [90m 81 |[39m   }
     [90m 82 |[39m[0m

      at warn (api/src/game-engine.js:79:15)
      at loadWorld (tests/game-engine.test.js:33:17)
      at freshSession (tests/game-engine.test.js:38:19)
      at Object.sessionWithPlayer (tests/game-engine.test.js:458:21)

  console.warn
    [world-validation] Room "room-hub-w" has no items and no hazards (empty room).

    [0m [90m 77 |[39m   [36mif[39m (validation[33m.[39mwarnings[33m.[39mlength [33m>[39m [35m0[39m) {
     [90m 78 |[39m     [36mfor[39m ([36mconst[39m warning [36mof[39m validation[33m.[39mwarnings) {
    [31m[1m>[22m[39m[90m 79 |[39m       console[33m.[39mwarn([32m`[world-validation] ${warning}`[39m)[33m;[39m
     [90m    |[39m               [31m[1m^[22m[39m
     [90m 80 |[39m     }
     [90m 81 |[39m   }
     [90m 82 |[39m[0m

      at warn (api/src/game-engine.js:79:15)
      at loadWorld (tests/game-engine.test.js:33:17)
      at freshSession (tests/game-engine.test.js:38:19)
      at Object.sessionWithPlayer (tests/game-engine.test.js:458:21)

  console.warn
    [world-validation] Room "room-isolated" has no items and no hazards (empty room).

    [0m [90m 77 |[39m   [36mif[39m (validation[33m.[39mwarnings[33m.[39mlength [33m>[39m [35m0[39m) {
     [90m 78 |[39m     [36mfor[39m ([36mconst[39m warning [36mof[39m validation[33m.[39mwarnings) {
    [31m[1m>[22m[39m[90m 79 |[39m       console[33m.[39mwarn([32m`[world-validation] ${warning}`[39m)[33m;[39m
     [90m    |[39m               [31m[1m^[22m[39m
     [90m 80 |[39m     }
     [90m 81 |[39m   }
     [90m 82 |[39m[0m

      at warn (api/src/game-engine.js:79:15)
      at loadWorld (tests/game-engine.test.js:33:17)
      at freshSession (tests/game-engine.test.js:38:19)
      at Object.sessionWithPlayer (tests/game-engine.test.js:458:21)

  console.warn
    [world-validation] Room "room-isolated" is an orphan ΓÇö no exits or puzzles connect to it.

    [0m [90m 77 |[39m   [36mif[39m (validation[33m.[39mwarnings[33m.[39mlength [33m>[39m [35m0[39m) {
     [90m 78 |[39m     [36mfor[39m ([36mconst[39m warning [36mof[39m validation[33m.[39mwarnings) {
    [31m[1m>[22m[39m[90m 79 |[39m       console[33m.[39mwarn([32m`[world-validation] ${warning}`[39m)[33m;[39m
     [90m    |[39m               [31m[1m^[22m[39m
     [90m 80 |[39m     }
     [90m 81 |[39m   }
     [90m 82 |[39m[0m

      at warn (api/src/game-engine.js:79:15)
      at loadWorld (tests/game-engine.test.js:33:17)
      at freshSession (tests/game-engine.test.js:38:19)
      at Object.sessionWithPlayer (tests/game-engine.test.js:458:21)

  console.warn
    [world-validation] Room "room-hub" has no items and no hazards (empty room).

    [0m [90m 77 |[39m   [36mif[39m (validation[33m.[39mwarnings[33m.[39mlength [33m>[39m [35m0[39m) {
     [90m 78 |[39m     [36mfor[39m ([36mconst[39m warning [36mof[39m validation[33m.[39mwarnings) {
    [31m[1m>[22m[39m[90m 79 |[39m       console[33m.[39mwarn([32m`[world-validation] ${warning}`[39m)[33m;[39m
     [90m    |[39m               [31m[1m^[22m[39m
     [90m 80 |[39m     }
     [90m 81 |[39m   }
     [90m 82 |[39m[0m

      at warn (api/src/game-engine.js:79:15)
      at loadWorld (tests/game-engine.test.js:33:17)
      at freshSession (tests/game-engine.test.js:38:19)
      at Object.sessionWithPlayer (tests/game-engine.test.js:465:19)

  console.warn
    [world-validation] Room "room-hub-n" has no items and no hazards (empty room).

    [0m [90m 77 |[39m   [36mif[39m (validation[33m.[39mwarnings[33m.[39mlength [33m>[39m [35m0[39m) {
     [90m 78 |[39m     [36mfor[39m ([36mconst[39m warning [36mof[39m validation[33m.[39mwarnings) {
    [31m[1m>[22m[39m[90m 79 |[39m       console[33m.[39mwarn([32m`[world-validation] ${warning}`[39m)[33m;[39m
     [90m    |[39m               [31m[1m^[22m[39m
     [90m 80 |[39m     }
     [90m 81 |[39m   }
     [90m 82 |[39m[0m

      at warn (api/src/game-engine.js:79:15)
      at loadWorld (tests/game-engine.test.js:33:17)
      at freshSession (tests/game-engine.test.js:38:19)
      at Object.sessionWithPlayer (tests/game-engine.test.js:465:19)

  console.warn
    [world-validation] Room "room-hub-e" has no items and no hazards (empty room).

    [0m [90m 77 |[39m   [36mif[39m (validation[33m.[39mwarnings[33m.[39mlength [33m>[39m [35m0[39m) {
     [90m 78 |[39m     [36mfor[39m ([36mconst[39m warning [36mof[39m validation[33m.[39mwarnings) {
    [31m[1m>[22m[39m[90m 79 |[39m       console[33m.[39mwarn([32m`[world-validation] ${warning}`[39m)[33m;[39m
     [90m    |[39m               [31m[1m^[22m[39m
     [90m 80 |[39m     }
     [90m 81 |[39m   }
     [90m 82 |[39m[0m

      at warn (api/src/game-engine.js:79:15)
      at loadWorld (tests/game-engine.test.js:33:17)
      at freshSession (tests/game-engine.test.js:38:19)
      at Object.sessionWithPlayer (tests/game-engine.test.js:465:19)

  console.warn
    [world-validation] Room "room-hub-w" has no items and no hazards (empty room).

    [0m [90m 77 |[39m   [36mif[39m (validation[33m.[39mwarnings[33m.[39mlength [33m>[39m [35m0[39m) {
     [90m 78 |[39m     [36mfor[39m ([36mconst[39m warning [36mof[39m validation[33m.[39mwarnings) {
    [31m[1m>[22m[39m[90m 79 |[39m       console[33m.[39mwarn([32m`[world-validation] ${warning}`[39m)[33m;[39m
     [90m    |[39m               [31m[1m^[22m[39m
     [90m 80 |[39m     }
     [90m 81 |[39m   }
     [90m 82 |[39m[0m

      at warn (api/src/game-engine.js:79:15)
      at loadWorld (tests/game-engine.test.js:33:17)
      at freshSession (tests/game-engine.test.js:38:19)
      at Object.sessionWithPlayer (tests/game-engine.test.js:465:19)

  console.warn
    [world-validation] Room "room-isolated" has no items and no hazards (empty room).

    [0m [90m 77 |[39m   [36mif[39m (validation[33m.[39mwarnings[33m.[39mlength [33m>[39m [35m0[39m) {
     [90m 78 |[39m     [36mfor[39m ([36mconst[39m warning [36mof[39m validation[33m.[39mwarnings) {
    [31m[1m>[22m[39m[90m 79 |[39m       console[33m.[39mwarn([32m`[world-validation] ${warning}`[39m)[33m;[39m
     [90m    |[39m               [31m[1m^[22m[39m
     [90m 80 |[39m     }
     [90m 81 |[39m   }
     [90m 82 |[39m[0m

      at warn (api/src/game-engine.js:79:15)
      at loadWorld (tests/game-engine.test.js:33:17)
      at freshSession (tests/game-engine.test.js:38:19)
      at Object.sessionWithPlayer (tests/game-engine.test.js:465:19)

  console.warn
    [world-validation] Room "room-isolated" is an orphan ΓÇö no exits or puzzles connect to it.

    [0m [90m 77 |[39m   [36mif[39m (validation[33m.[39mwarnings[33m.[39mlength [33m>[39m [35m0[39m) {
     [90m 78 |[39m     [36mfor[39m ([36mconst[39m warning [36mof[39m validation[33m.[39mwarnings) {
    [31m[1m>[22m[39m[90m 79 |[39m       console[33m.[39mwarn([32m`[world-validation] ${warning}`[39m)[33m;[39m
     [90m    |[39m               [31m[1m^[22m[39m
     [90m 80 |[39m     }
     [90m 81 |[39m   }
     [90m 82 |[39m[0m

      at warn (api/src/game-engine.js:79:15)
      at loadWorld (tests/game-engine.test.js:33:17)
      at freshSession (tests/game-engine.test.js:38:19)
      at Object.sessionWithPlayer (tests/game-engine.test.js:465:19)

  console.warn
    [world-validation] Room "room-hub" has no items and no hazards (empty room).

    [0m [90m 77 |[39m   [36mif[39m (validation[33m.[39mwarnings[33m.[39mlength [33m>[39m [35m0[39m) {
     [90m 78 |[39m     [36mfor[39m ([36mconst[39m warning [36mof[39m validation[33m.[39mwarnings) {
    [31m[1m>[22m[39m[90m 79 |[39m       console[33m.[39mwarn([32m`[world-validation] ${warning}`[39m)[33m;[39m
     [90m    |[39m               [31m[1m^[22m[39m
     [90m 80 |[39m     }
     [90m 81 |[39m   }
     [90m 82 |[39m[0m

      at warn (api/src/game-engine.js:79:15)
      at loadWorld (tests/game-engine.test.js:33:17)
      at freshSession (tests/game-engine.test.js:43:17)
      at Object.sessionWithPlayers (tests/game-engine.test.js:479:21)

  console.warn
    [world-validation] Room "room-hub-n" has no items and no hazards (empty room).

    [0m [90m 77 |[39m   [36mif[39m (validation[33m.[39mwarnings[33m.[39mlength [33m>[39m [35m0[39m) {
     [90m 78 |[39m     [36mfor[39m ([36mconst[39m warning [36mof[39m validation[33m.[39mwarnings) {
    [31m[1m>[22m[39m[90m 79 |[39m       console[33m.[39mwarn([32m`[world-validation] ${warning}`[39m)[33m;[39m
     [90m    |[39m               [31m[1m^[22m[39m
     [90m 80 |[39m     }
     [90m 81 |[39m   }
     [90m 82 |[39m[0m

      at warn (api/src/game-engine.js:79:15)
      at loadWorld (tests/game-engine.test.js:33:17)
      at freshSession (tests/game-engine.test.js:43:17)
      at Object.sessionWithPlayers (tests/game-engine.test.js:479:21)

  console.warn
    [world-validation] Room "room-hub-e" has no items and no hazards (empty room).

    [0m [90m 77 |[39m   [36mif[39m (validation[33m.[39mwarnings[33m.[39mlength [33m>[39m [35m0[39m) {
     [90m 78 |[39m     [36mfor[39m ([36mconst[39m warning [36mof[39m validation[33m.[39mwarnings) {
    [31m[1m>[22m[39m[90m 79 |[39m       console[33m.[39mwarn([32m`[world-validation] ${warning}`[39m)[33m;[39m
     [90m    |[39m               [31m[1m^[22m[39m
     [90m 80 |[39m     }
     [90m 81 |[39m   }
     [90m 82 |[39m[0m

      at warn (api/src/game-engine.js:79:15)
      at loadWorld (tests/game-engine.test.js:33:17)
      at freshSession (tests/game-engine.test.js:43:17)
      at Object.sessionWithPlayers (tests/game-engine.test.js:479:21)

  console.warn
    [world-validation] Room "room-hub-w" has no items and no hazards (empty room).

    [0m [90m 77 |[39m   [36mif[39m (validation[33m.[39mwarnings[33m.[39mlength [33m>[39m [35m0[39m) {
     [90m 78 |[39m     [36mfor[39m ([36mconst[39m warning [36mof[39m validation[33m.[39mwarnings) {
    [31m[1m>[22m[39m[90m 79 |[39m       console[33m.[39mwarn([32m`[world-validation] ${warning}`[39m)[33m;[39m
     [90m    |[39m               [31m[1m^[22m[39m
     [90m 80 |[39m     }
     [90m 81 |[39m   }
     [90m 82 |[39m[0m

      at warn (api/src/game-engine.js:79:15)
      at loadWorld (tests/game-engine.test.js:33:17)
      at freshSession (tests/game-engine.test.js:43:17)
      at Object.sessionWithPlayers (tests/game-engine.test.js:479:21)

  console.warn
    [world-validation] Room "room-isolated" has no items and no hazards (empty room).

    [0m [90m 77 |[39m   [36mif[39m (validation[33m.[39mwarnings[33m.[39mlength [33m>[39m [35m0[39m) {
     [90m 78 |[39m     [36mfor[39m ([36mconst[39m warning [36mof[39m validation[33m.[39mwarnings) {
    [31m[1m>[22m[39m[90m 79 |[39m       console[33m.[39mwarn([32m`[world-validation] ${warning}`[39m)[33m;[39m
     [90m    |[39m               [31m[1m^[22m[39m
     [90m 80 |[39m     }
     [90m 81 |[39m   }
     [90m 82 |[39m[0m

      at warn (api/src/game-engine.js:79:15)
      at loadWorld (tests/game-engine.test.js:33:17)
      at freshSession (tests/game-engine.test.js:43:17)
      at Object.sessionWithPlayers (tests/game-engine.test.js:479:21)

  console.warn
    [world-validation] Room "room-isolated" is an orphan ΓÇö no exits or puzzles connect to it.

    [0m [90m 77 |[39m   [36mif[39m (validation[33m.[39mwarnings[33m.[39mlength [33m>[39m [35m0[39m) {
     [90m 78 |[39m     [36mfor[39m ([36mconst[39m warning [36mof[39m validation[33m.[39mwarnings) {
    [31m[1m>[22m[39m[90m 79 |[39m       console[33m.[39mwarn([32m`[world-validation] ${warning}`[39m)[33m;[39m
     [90m    |[39m               [31m[1m^[22m[39m
     [90m 80 |[39m     }
     [90m 81 |[39m   }
     [90m 82 |[39m[0m

      at warn (api/src/game-engine.js:79:15)
      at loadWorld (tests/game-engine.test.js:33:17)
      at freshSession (tests/game-engine.test.js:43:17)
      at Object.sessionWithPlayers (tests/game-engine.test.js:479:21)

  console.warn
    [world-validation] Room "room-hub" has no items and no hazards (empty room).

    [0m [90m 77 |[39m   [36mif[39m (validation[33m.[39mwarnings[33m.[39mlength [33m>[39m [35m0[39m) {
     [90m 78 |[39m     [36mfor[39m ([36mconst[39m warning [36mof[39m validation[33m.[39mwarnings) {
    [31m[1m>[22m[39m[90m 79 |[39m       console[33m.[39mwarn([32m`[world-validation] ${warning}`[39m)[33m;[39m
     [90m    |[39m               [31m[1m^[22m[39m
     [90m 80 |[39m     }
     [90m 81 |[39m   }
     [90m 82 |[39m[0m

      at warn (api/src/game-engine.js:79:15)
      at loadWorld (tests/game-engine.test.js:33:17)
      at freshSession (tests/game-engine.test.js:43:17)
      at Object.sessionWithPlayers (tests/game-engine.test.js:485:21)

  console.warn
    [world-validation] Room "room-hub-n" has no items and no hazards (empty room).

    [0m [90m 77 |[39m   [36mif[39m (validation[33m.[39mwarnings[33m.[39mlength [33m>[39m [35m0[39m) {
     [90m 78 |[39m     [36mfor[39m ([36mconst[39m warning [36mof[39m validation[33m.[39mwarnings) {
    [31m[1m>[22m[39m[90m 79 |[39m       console[33m.[39mwarn([32m`[world-validation] ${warning}`[39m)[33m;[39m
     [90m    |[39m               [31m[1m^[22m[39m
     [90m 80 |[39m     }
     [90m 81 |[39m   }
     [90m 82 |[39m[0m

      at warn (api/src/game-engine.js:79:15)
      at loadWorld (tests/game-engine.test.js:33:17)
      at freshSession (tests/game-engine.test.js:43:17)
      at Object.sessionWithPlayers (tests/game-engine.test.js:485:21)

  console.warn
    [world-validation] Room "room-hub-e" has no items and no hazards (empty room).

    [0m [90m 77 |[39m   [36mif[39m (validation[33m.[39mwarnings[33m.[39mlength [33m>[39m [35m0[39m) {
     [90m 78 |[39m     [36mfor[39m ([36mconst[39m warning [36mof[39m validation[33m.[39mwarnings) {
    [31m[1m>[22m[39m[90m 79 |[39m       console[33m.[39mwarn([32m`[world-validation] ${warning}`[39m)[33m;[39m
     [90m    |[39m               [31m[1m^[22m[39m
     [90m 80 |[39m     }
     [90m 81 |[39m   }
     [90m 82 |[39m[0m

      at warn (api/src/game-engine.js:79:15)
      at loadWorld (tests/game-engine.test.js:33:17)
      at freshSession (tests/game-engine.test.js:43:17)
      at Object.sessionWithPlayers (tests/game-engine.test.js:485:21)

  console.warn
    [world-validation] Room "room-hub-w" has no items and no hazards (empty room).

    [0m [90m 77 |[39m   [36mif[39m (validation[33m.[39mwarnings[33m.[39mlength [33m>[39m [35m0[39m) {
     [90m 78 |[39m     [36mfor[39m ([36mconst[39m warning [36mof[39m validation[33m.[39mwarnings) {
    [31m[1m>[22m[39m[90m 79 |[39m       console[33m.[39mwarn([32m`[world-validation] ${warning}`[39m)[33m;[39m
     [90m    |[39m               [31m[1m^[22m[39m
     [90m 80 |[39m     }
     [90m 81 |[39m   }
     [90m 82 |[39m[0m

      at warn (api/src/game-engine.js:79:15)
      at loadWorld (tests/game-engine.test.js:33:17)
      at freshSession (tests/game-engine.test.js:43:17)
      at Object.sessionWithPlayers (tests/game-engine.test.js:485:21)

  console.warn
    [world-validation] Room "room-isolated" has no items and no hazards (empty room).

    [0m [90m 77 |[39m   [36mif[39m (validation[33m.[39mwarnings[33m.[39mlength [33m>[39m [35m0[39m) {
     [90m 78 |[39m     [36mfor[39m ([36mconst[39m warning [36mof[39m validation[33m.[39mwarnings) {
    [31m[1m>[22m[39m[90m 79 |[39m       console[33m.[39mwarn([32m`[world-validation] ${warning}`[39m)[33m;[39m
     [90m    |[39m               [31m[1m^[22m[39m
     [90m 80 |[39m     }
     [90m 81 |[39m   }
     [90m 82 |[39m[0m

      at warn (api/src/game-engine.js:79:15)
      at loadWorld (tests/game-engine.test.js:33:17)
      at freshSession (tests/game-engine.test.js:43:17)
      at Object.sessionWithPlayers (tests/game-engine.test.js:485:21)

  console.warn
    [world-validation] Room "room-isolated" is an orphan ΓÇö no exits or puzzles connect to it.

    [0m [90m 77 |[39m   [36mif[39m (validation[33m.[39mwarnings[33m.[39mlength [33m>[39m [35m0[39m) {
     [90m 78 |[39m     [36mfor[39m ([36mconst[39m warning [36mof[39m validation[33m.[39mwarnings) {
    [31m[1m>[22m[39m[90m 79 |[39m       console[33m.[39mwarn([32m`[world-validation] ${warning}`[39m)[33m;[39m
     [90m    |[39m               [31m[1m^[22m[39m
     [90m 80 |[39m     }
     [90m 81 |[39m   }
     [90m 82 |[39m[0m

      at warn (api/src/game-engine.js:79:15)
      at loadWorld (tests/game-engine.test.js:33:17)
      at freshSession (tests/game-engine.test.js:43:17)
      at Object.sessionWithPlayers (tests/game-engine.test.js:485:21)

  console.warn
    [world-validation] Room "room-hub" has no items and no hazards (empty room).

    [0m [90m 77 |[39m   [36mif[39m (validation[33m.[39mwarnings[33m.[39mlength [33m>[39m [35m0[39m) {
     [90m 78 |[39m     [36mfor[39m ([36mconst[39m warning [36mof[39m validation[33m.[39mwarnings) {
    [31m[1m>[22m[39m[90m 79 |[39m       console[33m.[39mwarn([32m`[world-validation] ${warning}`[39m)[33m;[39m
     [90m    |[39m               [31m[1m^[22m[39m
     [90m 80 |[39m     }
     [90m 81 |[39m   }
     [90m 82 |[39m[0m

      at warn (api/src/game-engine.js:79:15)
      at loadWorld (tests/game-engine.test.js:33:17)
      at Object.freshSession (tests/game-engine.test.js:492:19)

  console.warn
    [world-validation] Room "room-hub-n" has no items and no hazards (empty room).

    [0m [90m 77 |[39m   [36mif[39m (validation[33m.[39mwarnings[33m.[39mlength [33m>[39m [35m0[39m) {
     [90m 78 |[39m     [36mfor[39m ([36mconst[39m warning [36mof[39m validation[33m.[39mwarnings) {
    [31m[1m>[22m[39m[90m 79 |[39m       console[33m.[39mwarn([32m`[world-validation] ${warning}`[39m)[33m;[39m
     [90m    |[39m               [31m[1m^[22m[39m
     [90m 80 |[39m     }
     [90m 81 |[39m   }
     [90m 82 |[39m[0m

      at warn (api/src/game-engine.js:79:15)
      at loadWorld (tests/game-engine.test.js:33:17)
      at Object.freshSession (tests/game-engine.test.js:492:19)

  console.warn
    [world-validation] Room "room-hub-e" has no items and no hazards (empty room).

    [0m [90m 77 |[39m   [36mif[39m (validation[33m.[39mwarnings[33m.[39mlength [33m>[39m [35m0[39m) {
     [90m 78 |[39m     [36mfor[39m ([36mconst[39m warning [36mof[39m validation[33m.[39mwarnings) {
    [31m[1m>[22m[39m[90m 79 |[39m       console[33m.[39mwarn([32m`[world-validation] ${warning}`[39m)[33m;[39m
     [90m    |[39m               [31m[1m^[22m[39m
     [90m 80 |[39m     }
     [90m 81 |[39m   }
     [90m 82 |[39m[0m

      at warn (api/src/game-engine.js:79:15)
      at loadWorld (tests/game-engine.test.js:33:17)
      at Object.freshSession (tests/game-engine.test.js:492:19)

  console.warn
    [world-validation] Room "room-hub-w" has no items and no hazards (empty room).

    [0m [90m 77 |[39m   [36mif[39m (validation[33m.[39mwarnings[33m.[39mlength [33m>[39m [35m0[39m) {
     [90m 78 |[39m     [36mfor[39m ([36mconst[39m warning [36mof[39m validation[33m.[39mwarnings) {
    [31m[1m>[22m[39m[90m 79 |[39m       console[33m.[39mwarn([32m`[world-validation] ${warning}`[39m)[33m;[39m
     [90m    |[39m               [31m[1m^[22m[39m
     [90m 80 |[39m     }
     [90m 81 |[39m   }
     [90m 82 |[39m[0m

      at warn (api/src/game-engine.js:79:15)
      at loadWorld (tests/game-engine.test.js:33:17)
      at Object.freshSession (tests/game-engine.test.js:492:19)

  console.warn
    [world-validation] Room "room-isolated" has no items and no hazards (empty room).

    [0m [90m 77 |[39m   [36mif[39m (validation[33m.[39mwarnings[33m.[39mlength [33m>[39m [35m0[39m) {
     [90m 78 |[39m     [36mfor[39m ([36mconst[39m warning [36mof[39m validation[33m.[39mwarnings) {
    [31m[1m>[22m[39m[90m 79 |[39m       console[33m.[39mwarn([32m`[world-validation] ${warning}`[39m)[33m;[39m
     [90m    |[39m               [31m[1m^[22m[39m
     [90m 80 |[39m     }
     [90m 81 |[39m   }
     [90m 82 |[39m[0m

      at warn (api/src/game-engine.js:79:15)
      at loadWorld (tests/game-engine.test.js:33:17)
      at Object.freshSession (tests/game-engine.test.js:492:19)

  console.warn
    [world-validation] Room "room-isolated" is an orphan ΓÇö no exits or puzzles connect to it.

    [0m [90m 77 |[39m   [36mif[39m (validation[33m.[39mwarnings[33m.[39mlength [33m>[39m [35m0[39m) {
     [90m 78 |[39m     [36mfor[39m ([36mconst[39m warning [36mof[39m validation[33m.[39mwarnings) {
    [31m[1m>[22m[39m[90m 79 |[39m       console[33m.[39mwarn([32m`[world-validation] ${warning}`[39m)[33m;[39m
     [90m    |[39m               [31m[1m^[22m[39m
     [90m 80 |[39m     }
     [90m 81 |[39m   }
     [90m 82 |[39m[0m

      at warn (api/src/game-engine.js:79:15)
      at loadWorld (tests/game-engine.test.js:33:17)
      at Object.freshSession (tests/game-engine.test.js:492:19)

  console.warn
    [world-validation] Room "room-hub" has no items and no hazards (empty room).

    [0m [90m 77 |[39m   [36mif[39m (validation[33m.[39mwarnings[33m.[39mlength [33m>[39m [35m0[39m) {
     [90m 78 |[39m     [36mfor[39m ([36mconst[39m warning [36mof[39m validation[33m.[39mwarnings) {
    [31m[1m>[22m[39m[90m 79 |[39m       console[33m.[39mwarn([32m`[world-validation] ${warning}`[39m)[33m;[39m
     [90m    |[39m               [31m[1m^[22m[39m
     [90m 80 |[39m     }
     [90m 81 |[39m   }
     [90m 82 |[39m[0m

      at warn (api/src/game-engine.js:79:15)
      at loadWorld (tests/game-engine.test.js:33:17)
      at freshSession (tests/game-engine.test.js:43:17)
      at Object.sessionWithPlayers (tests/game-engine.test.js:503:19)

  console.warn
    [world-validation] Room "room-hub-n" has no items and no hazards (empty room).

    [0m [90m 77 |[39m   [36mif[39m (validation[33m.[39mwarnings[33m.[39mlength [33m>[39m [35m0[39m) {
     [90m 78 |[39m     [36mfor[39m ([36mconst[39m warning [36mof[39m validation[33m.[39mwarnings) {
    [31m[1m>[22m[39m[90m 79 |[39m       console[33m.[39mwarn([32m`[world-validation] ${warning}`[39m)[33m;[39m
     [90m    |[39m               [31m[1m^[22m[39m
     [90m 80 |[39m     }
     [90m 81 |[39m   }
     [90m 82 |[39m[0m

      at warn (api/src/game-engine.js:79:15)
      at loadWorld (tests/game-engine.test.js:33:17)
      at freshSession (tests/game-engine.test.js:43:17)
      at Object.sessionWithPlayers (tests/game-engine.test.js:503:19)

  console.warn
    [world-validation] Room "room-hub-e" has no items and no hazards (empty room).

    [0m [90m 77 |[39m   [36mif[39m (validation[33m.[39mwarnings[33m.[39mlength [33m>[39m [35m0[39m) {
     [90m 78 |[39m     [36mfor[39m ([36mconst[39m warning [36mof[39m validation[33m.[39mwarnings) {
    [31m[1m>[22m[39m[90m 79 |[39m       console[33m.[39mwarn([32m`[world-validation] ${warning}`[39m)[33m;[39m
     [90m    |[39m               [31m[1m^[22m[39m
     [90m 80 |[39m     }
     [90m 81 |[39m   }
     [90m 82 |[39m[0m

      at warn (api/src/game-engine.js:79:15)
      at loadWorld (tests/game-engine.test.js:33:17)
      at freshSession (tests/game-engine.test.js:43:17)
      at Object.sessionWithPlayers (tests/game-engine.test.js:503:19)

  console.warn
    [world-validation] Room "room-hub-w" has no items and no hazards (empty room).

    [0m [90m 77 |[39m   [36mif[39m (validation[33m.[39mwarnings[33m.[39mlength [33m>[39m [35m0[39m) {
     [90m 78 |[39m     [36mfor[39m ([36mconst[39m warning [36mof[39m validation[33m.[39mwarnings) {
    [31m[1m>[22m[39m[90m 79 |[39m       console[33m.[39mwarn([32m`[world-validation] ${warning}`[39m)[33m;[39m
     [90m    |[39m               [31m[1m^[22m[39m
     [90m 80 |[39m     }
     [90m 81 |[39m   }
     [90m 82 |[39m[0m

      at warn (api/src/game-engine.js:79:15)
      at loadWorld (tests/game-engine.test.js:33:17)
      at freshSession (tests/game-engine.test.js:43:17)
      at Object.sessionWithPlayers (tests/game-engine.test.js:503:19)

  console.warn
    [world-validation] Room "room-isolated" has no items and no hazards (empty room).

    [0m [90m 77 |[39m   [36mif[39m (validation[33m.[39mwarnings[33m.[39mlength [33m>[39m [35m0[39m) {
     [90m 78 |[39m     [36mfor[39m ([36mconst[39m warning [36mof[39m validation[33m.[39mwarnings) {
    [31m[1m>[22m[39m[90m 79 |[39m       console[33m.[39mwarn([32m`[world-validation] ${warning}`[39m)[33m;[39m
     [90m    |[39m               [31m[1m^[22m[39m
     [90m 80 |[39m     }
     [90m 81 |[39m   }
     [90m 82 |[39m[0m

      at warn (api/src/game-engine.js:79:15)
      at loadWorld (tests/game-engine.test.js:33:17)
      at freshSession (tests/game-engine.test.js:43:17)
      at Object.sessionWithPlayers (tests/game-engine.test.js:503:19)

  console.warn
    [world-validation] Room "room-isolated" is an orphan ΓÇö no exits or puzzles connect to it.

    [0m [90m 77 |[39m   [36mif[39m (validation[33m.[39mwarnings[33m.[39mlength [33m>[39m [35m0[39m) {
     [90m 78 |[39m     [36mfor[39m ([36mconst[39m warning [36mof[39m validation[33m.[39mwarnings) {
    [31m[1m>[22m[39m[90m 79 |[39m       console[33m.[39mwarn([32m`[world-validation] ${warning}`[39m)[33m;[39m
     [90m    |[39m               [31m[1m^[22m[39m
     [90m 80 |[39m     }
     [90m 81 |[39m   }
     [90m 82 |[39m[0m

      at warn (api/src/game-engine.js:79:15)
      at loadWorld (tests/game-engine.test.js:33:17)
      at freshSession (tests/game-engine.test.js:43:17)
      at Object.sessionWithPlayers (tests/game-engine.test.js:503:19)

  console.warn
    [world-validation] Room "room-hub" has no items and no hazards (empty room).

    [0m [90m 77 |[39m   [36mif[39m (validation[33m.[39mwarnings[33m.[39mlength [33m>[39m [35m0[39m) {
     [90m 78 |[39m     [36mfor[39m ([36mconst[39m warning [36mof[39m validation[33m.[39mwarnings) {
    [31m[1m>[22m[39m[90m 79 |[39m       console[33m.[39mwarn([32m`[world-validation] ${warning}`[39m)[33m;[39m
     [90m    |[39m               [31m[1m^[22m[39m
     [90m 80 |[39m     }
     [90m 81 |[39m   }
     [90m 82 |[39m[0m

      at warn (api/src/game-engine.js:79:15)
      at loadWorld (tests/game-engine.test.js:33:17)
      at freshSession (tests/game-engine.test.js:43:17)
      at Object.sessionWithPlayers (tests/game-engine.test.js:511:19)

  console.warn
    [world-validation] Room "room-hub-n" has no items and no hazards (empty room).

    [0m [90m 77 |[39m   [36mif[39m (validation[33m.[39mwarnings[33m.[39mlength [33m>[39m [35m0[39m) {
     [90m 78 |[39m     [36mfor[39m ([36mconst[39m warning [36mof[39m validation[33m.[39mwarnings) {
    [31m[1m>[22m[39m[90m 79 |[39m       console[33m.[39mwarn([32m`[world-validation] ${warning}`[39m)[33m;[39m
     [90m    |[39m               [31m[1m^[22m[39m
     [90m 80 |[39m     }
     [90m 81 |[39m   }
     [90m 82 |[39m[0m

      at warn (api/src/game-engine.js:79:15)
      at loadWorld (tests/game-engine.test.js:33:17)
      at freshSession (tests/game-engine.test.js:43:17)
      at Object.sessionWithPlayers (tests/game-engine.test.js:511:19)

  console.warn
    [world-validation] Room "room-hub-e" has no items and no hazards (empty room).

    [0m [90m 77 |[39m   [36mif[39m (validation[33m.[39mwarnings[33m.[39mlength [33m>[39m [35m0[39m) {
     [90m 78 |[39m     [36mfor[39m ([36mconst[39m warning [36mof[39m validation[33m.[39mwarnings) {
    [31m[1m>[22m[39m[90m 79 |[39m       console[33m.[39mwarn([32m`[world-validation] ${warning}`[39m)[33m;[39m
     [90m    |[39m               [31m[1m^[22m[39m
     [90m 80 |[39m     }
     [90m 81 |[39m   }
     [90m 82 |[39m[0m

      at warn (api/src/game-engine.js:79:15)
      at loadWorld (tests/game-engine.test.js:33:17)
      at freshSession (tests/game-engine.test.js:43:17)
      at Object.sessionWithPlayers (tests/game-engine.test.js:511:19)

  console.warn
    [world-validation] Room "room-hub-w" has no items and no hazards (empty room).

    [0m [90m 77 |[39m   [36mif[39m (validation[33m.[39mwarnings[33m.[39mlength [33m>[39m [35m0[39m) {
     [90m 78 |[39m     [36mfor[39m ([36mconst[39m warning [36mof[39m validation[33m.[39mwarnings) {
    [31m[1m>[22m[39m[90m 79 |[39m       console[33m.[39mwarn([32m`[world-validation] ${warning}`[39m)[33m;[39m
     [90m    |[39m               [31m[1m^[22m[39m
     [90m 80 |[39m     }
     [90m 81 |[39m   }
     [90m 82 |[39m[0m

      at warn (api/src/game-engine.js:79:15)
      at loadWorld (tests/game-engine.test.js:33:17)
      at freshSession (tests/game-engine.test.js:43:17)
      at Object.sessionWithPlayers (tests/game-engine.test.js:511:19)

  console.warn
    [world-validation] Room "room-isolated" has no items and no hazards (empty room).

    [0m [90m 77 |[39m   [36mif[39m (validation[33m.[39mwarnings[33m.[39mlength [33m>[39m [35m0[39m) {
     [90m 78 |[39m     [36mfor[39m ([36mconst[39m warning [36mof[39m validation[33m.[39mwarnings) {
    [31m[1m>[22m[39m[90m 79 |[39m       console[33m.[39mwarn([32m`[world-validation] ${warning}`[39m)[33m;[39m
     [90m    |[39m               [31m[1m^[22m[39m
     [90m 80 |[39m     }
     [90m 81 |[39m   }
     [90m 82 |[39m[0m

      at warn (api/src/game-engine.js:79:15)
      at loadWorld (tests/game-engine.test.js:33:17)
      at freshSession (tests/game-engine.test.js:43:17)
      at Object.sessionWithPlayers (tests/game-engine.test.js:511:19)

  console.warn
    [world-validation] Room "room-isolated" is an orphan ΓÇö no exits or puzzles connect to it.

    [0m [90m 77 |[39m   [36mif[39m (validation[33m.[39mwarnings[33m.[39mlength [33m>[39m [35m0[39m) {
     [90m 78 |[39m     [36mfor[39m ([36mconst[39m warning [36mof[39m validation[33m.[39mwarnings) {
    [31m[1m>[22m[39m[90m 79 |[39m       console[33m.[39mwarn([32m`[world-validation] ${warning}`[39m)[33m;[39m
     [90m    |[39m               [31m[1m^[22m[39m
     [90m 80 |[39m     }
     [90m 81 |[39m   }
     [90m 82 |[39m[0m

      at warn (api/src/game-engine.js:79:15)
      at loadWorld (tests/game-engine.test.js:33:17)
      at freshSession (tests/game-engine.test.js:43:17)
      at Object.sessionWithPlayers (tests/game-engine.test.js:511:19)

  console.warn
    [world-validation] Room "room-hub" has no items and no hazards (empty room).

    [0m [90m 77 |[39m   [36mif[39m (validation[33m.[39mwarnings[33m.[39mlength [33m>[39m [35m0[39m) {
     [90m 78 |[39m     [36mfor[39m ([36mconst[39m warning [36mof[39m validation[33m.[39mwarnings) {
    [31m[1m>[22m[39m[90m 79 |[39m       console[33m.[39mwarn([32m`[world-validation] ${warning}`[39m)[33m;[39m
     [90m    |[39m               [31m[1m^[22m[39m
     [90m 80 |[39m     }
     [90m 81 |[39m   }
     [90m 82 |[39m[0m

      at warn (api/src/game-engine.js:79:15)
      at loadWorld (tests/game-engine.test.js:33:17)
      at freshSession (tests/game-engine.test.js:43:17)
      at Object.sessionWithPlayers (tests/game-engine.test.js:518:19)

  console.warn
    [world-validation] Room "room-hub-n" has no items and no hazards (empty room).

    [0m [90m 77 |[39m   [36mif[39m (validation[33m.[39mwarnings[33m.[39mlength [33m>[39m [35m0[39m) {
     [90m 78 |[39m     [36mfor[39m ([36mconst[39m warning [36mof[39m validation[33m.[39mwarnings) {
    [31m[1m>[22m[39m[90m 79 |[39m       console[33m.[39mwarn([32m`[world-validation] ${warning}`[39m)[33m;[39m
     [90m    |[39m               [31m[1m^[22m[39m
     [90m 80 |[39m     }
     [90m 81 |[39m   }
     [90m 82 |[39m[0m

      at warn (api/src/game-engine.js:79:15)
      at loadWorld (tests/game-engine.test.js:33:17)
      at freshSession (tests/game-engine.test.js:43:17)
      at Object.sessionWithPlayers (tests/game-engine.test.js:518:19)

  console.warn
    [world-validation] Room "room-hub-e" has no items and no hazards (empty room).

    [0m [90m 77 |[39m   [36mif[39m (validation[33m.[39mwarnings[33m.[39mlength [33m>[39m [35m0[39m) {
     [90m 78 |[39m     [36mfor[39m ([36mconst[39m warning [36mof[39m validation[33m.[39mwarnings) {
    [31m[1m>[22m[39m[90m 79 |[39m       console[33m.[39mwarn([32m`[world-validation] ${warning}`[39m)[33m;[39m
     [90m    |[39m               [31m[1m^[22m[39m
     [90m 80 |[39m     }
     [90m 81 |[39m   }
     [90m 82 |[39m[0m

      at warn (api/src/game-engine.js:79:15)
      at loadWorld (tests/game-engine.test.js:33:17)
      at freshSession (tests/game-engine.test.js:43:17)
      at Object.sessionWithPlayers (tests/game-engine.test.js:518:19)

  console.warn
    [world-validation] Room "room-hub-w" has no items and no hazards (empty room).

    [0m [90m 77 |[39m   [36mif[39m (validation[33m.[39mwarnings[33m.[39mlength [33m>[39m [35m0[39m) {
     [90m 78 |[39m     [36mfor[39m ([36mconst[39m warning [36mof[39m validation[33m.[39mwarnings) {
    [31m[1m>[22m[39m[90m 79 |[39m       console[33m.[39mwarn([32m`[world-validation] ${warning}`[39m)[33m;[39m
     [90m    |[39m               [31m[1m^[22m[39m
     [90m 80 |[39m     }
     [90m 81 |[39m   }
     [90m 82 |[39m[0m

      at warn (api/src/game-engine.js:79:15)
      at loadWorld (tests/game-engine.test.js:33:17)
      at freshSession (tests/game-engine.test.js:43:17)
      at Object.sessionWithPlayers (tests/game-engine.test.js:518:19)

  console.warn
    [world-validation] Room "room-isolated" has no items and no hazards (empty room).

    [0m [90m 77 |[39m   [36mif[39m (validation[33m.[39mwarnings[33m.[39mlength [33m>[39m [35m0[39m) {
     [90m 78 |[39m     [36mfor[39m ([36mconst[39m warning [36mof[39m validation[33m.[39mwarnings) {
    [31m[1m>[22m[39m[90m 79 |[39m       console[33m.[39mwarn([32m`[world-validation] ${warning}`[39m)[33m;[39m
     [90m    |[39m               [31m[1m^[22m[39m
     [90m 80 |[39m     }
     [90m 81 |[39m   }
     [90m 82 |[39m[0m

      at warn (api/src/game-engine.js:79:15)
      at loadWorld (tests/game-engine.test.js:33:17)
      at freshSession (tests/game-engine.test.js:43:17)
      at Object.sessionWithPlayers (tests/game-engine.test.js:518:19)

  console.warn
    [world-validation] Room "room-isolated" is an orphan ΓÇö no exits or puzzles connect to it.

    [0m [90m 77 |[39m   [36mif[39m (validation[33m.[39mwarnings[33m.[39mlength [33m>[39m [35m0[39m) {
     [90m 78 |[39m     [36mfor[39m ([36mconst[39m warning [36mof[39m validation[33m.[39mwarnings) {
    [31m[1m>[22m[39m[90m 79 |[39m       console[33m.[39mwarn([32m`[world-validation] ${warning}`[39m)[33m;[39m
     [90m    |[39m               [31m[1m^[22m[39m
     [90m 80 |[39m     }
     [90m 81 |[39m   }
     [90m 82 |[39m[0m

      at warn (api/src/game-engine.js:79:15)
      at loadWorld (tests/game-engine.test.js:33:17)
      at freshSession (tests/game-engine.test.js:43:17)
      at Object.sessionWithPlayers (tests/game-engine.test.js:518:19)

  console.warn
    [world-validation] Room "room-hub" has no items and no hazards (empty room).

    [0m [90m 77 |[39m   [36mif[39m (validation[33m.[39mwarnings[33m.[39mlength [33m>[39m [35m0[39m) {
     [90m 78 |[39m     [36mfor[39m ([36mconst[39m warning [36mof[39m validation[33m.[39mwarnings) {
    [31m[1m>[22m[39m[90m 79 |[39m       console[33m.[39mwarn([32m`[world-validation] ${warning}`[39m)[33m;[39m
     [90m    |[39m               [31m[1m^[22m[39m
     [90m 80 |[39m     }
     [90m 81 |[39m   }
     [90m 82 |[39m[0m

      at warn (api/src/game-engine.js:79:15)
      at loadWorld (tests/game-engine.test.js:33:17)
      at freshSession (tests/game-engine.test.js:38:19)
      at Object.sessionWithPlayer (tests/game-engine.test.js:536:21)

  console.warn
    [world-validation] Room "room-hub-n" has no items and no hazards (empty room).

    [0m [90m 77 |[39m   [36mif[39m (validation[33m.[39mwarnings[33m.[39mlength [33m>[39m [35m0[39m) {
     [90m 78 |[39m     [36mfor[39m ([36mconst[39m warning [36mof[39m validation[33m.[39mwarnings) {
    [31m[1m>[22m[39m[90m 79 |[39m       console[33m.[39mwarn([32m`[world-validation] ${warning}`[39m)[33m;[39m
     [90m    |[39m               [31m[1m^[22m[39m
     [90m 80 |[39m     }
     [90m 81 |[39m   }
     [90m 82 |[39m[0m

      at warn (api/src/game-engine.js:79:15)
      at loadWorld (tests/game-engine.test.js:33:17)
      at freshSession (tests/game-engine.test.js:38:19)
      at Object.sessionWithPlayer (tests/game-engine.test.js:536:21)

  console.warn
    [world-validation] Room "room-hub-e" has no items and no hazards (empty room).

    [0m [90m 77 |[39m   [36mif[39m (validation[33m.[39mwarnings[33m.[39mlength [33m>[39m [35m0[39m) {
     [90m 78 |[39m     [36mfor[39m ([36mconst[39m warning [36mof[39m validation[33m.[39mwarnings) {
    [31m[1m>[22m[39m[90m 79 |[39m       console[33m.[39mwarn([32m`[world-validation] ${warning}`[39m)[33m;[39m
     [90m    |[39m               [31m[1m^[22m[39m
     [90m 80 |[39m     }
     [90m 81 |[39m   }
     [90m 82 |[39m[0m

      at warn (api/src/game-engine.js:79:15)
      at loadWorld (tests/game-engine.test.js:33:17)
      at freshSession (tests/game-engine.test.js:38:19)
      at Object.sessionWithPlayer (tests/game-engine.test.js:536:21)

  console.warn
    [world-validation] Room "room-hub-w" has no items and no hazards (empty room).

    [0m [90m 77 |[39m   [36mif[39m (validation[33m.[39mwarnings[33m.[39mlength [33m>[39m [35m0[39m) {
     [90m 78 |[39m     [36mfor[39m ([36mconst[39m warning [36mof[39m validation[33m.[39mwarnings) {
    [31m[1m>[22m[39m[90m 79 |[39m       console[33m.[39mwarn([32m`[world-validation] ${warning}`[39m)[33m;[39m
     [90m    |[39m               [31m[1m^[22m[39m
     [90m 80 |[39m     }
     [90m 81 |[39m   }
     [90m 82 |[39m[0m

      at warn (api/src/game-engine.js:79:15)
      at loadWorld (tests/game-engine.test.js:33:17)
      at freshSession (tests/game-engine.test.js:38:19)
      at Object.sessionWithPlayer (tests/game-engine.test.js:536:21)

  console.warn
    [world-validation] Room "room-isolated" has no items and no hazards (empty room).

    [0m [90m 77 |[39m   [36mif[39m (validation[33m.[39mwarnings[33m.[39mlength [33m>[39m [35m0[39m) {
     [90m 78 |[39m     [36mfor[39m ([36mconst[39m warning [36mof[39m validation[33m.[39mwarnings) {
    [31m[1m>[22m[39m[90m 79 |[39m       console[33m.[39mwarn([32m`[world-validation] ${warning}`[39m)[33m;[39m
     [90m    |[39m               [31m[1m^[22m[39m
     [90m 80 |[39m     }
     [90m 81 |[39m   }
     [90m 82 |[39m[0m

      at warn (api/src/game-engine.js:79:15)
      at loadWorld (tests/game-engine.test.js:33:17)
      at freshSession (tests/game-engine.test.js:38:19)
      at Object.sessionWithPlayer (tests/game-engine.test.js:536:21)

  console.warn
    [world-validation] Room "room-isolated" is an orphan ΓÇö no exits or puzzles connect to it.

    [0m [90m 77 |[39m   [36mif[39m (validation[33m.[39mwarnings[33m.[39mlength [33m>[39m [35m0[39m) {
     [90m 78 |[39m     [36mfor[39m ([36mconst[39m warning [36mof[39m validation[33m.[39mwarnings) {
    [31m[1m>[22m[39m[90m 79 |[39m       console[33m.[39mwarn([32m`[world-validation] ${warning}`[39m)[33m;[39m
     [90m    |[39m               [31m[1m^[22m[39m
     [90m 80 |[39m     }
     [90m 81 |[39m   }
     [90m 82 |[39m[0m

      at warn (api/src/game-engine.js:79:15)
      at loadWorld (tests/game-engine.test.js:33:17)
      at freshSession (tests/game-engine.test.js:38:19)
      at Object.sessionWithPlayer (tests/game-engine.test.js:536:21)

  console.warn
    [world-validation] Room "room-hub" has no items and no hazards (empty room).

    [0m [90m 77 |[39m   [36mif[39m (validation[33m.[39mwarnings[33m.[39mlength [33m>[39m [35m0[39m) {
     [90m 78 |[39m     [36mfor[39m ([36mconst[39m warning [36mof[39m validation[33m.[39mwarnings) {
    [31m[1m>[22m[39m[90m 79 |[39m       console[33m.[39mwarn([32m`[world-validation] ${warning}`[39m)[33m;[39m
     [90m    |[39m               [31m[1m^[22m[39m
     [90m 80 |[39m     }
     [90m 81 |[39m   }
     [90m 82 |[39m[0m

      at warn (api/src/game-engine.js:79:15)
      at loadWorld (tests/game-engine.test.js:33:17)
      at freshSession (tests/game-engine.test.js:38:19)
      at Object.sessionWithPlayer (tests/game-engine.test.js:548:19)

  console.warn
    [world-validation] Room "room-hub-n" has no items and no hazards (empty room).

    [0m [90m 77 |[39m   [36mif[39m (validation[33m.[39mwarnings[33m.[39mlength [33m>[39m [35m0[39m) {
     [90m 78 |[39m     [36mfor[39m ([36mconst[39m warning [36mof[39m validation[33m.[39mwarnings) {
    [31m[1m>[22m[39m[90m 79 |[39m       console[33m.[39mwarn([32m`[world-validation] ${warning}`[39m)[33m;[39m
     [90m    |[39m               [31m[1m^[22m[39m
     [90m 80 |[39m     }
     [90m 81 |[39m   }
     [90m 82 |[39m[0m

      at warn (api/src/game-engine.js:79:15)
      at loadWorld (tests/game-engine.test.js:33:17)
      at freshSession (tests/game-engine.test.js:38:19)
      at Object.sessionWithPlayer (tests/game-engine.test.js:548:19)

  console.warn
    [world-validation] Room "room-hub-e" has no items and no hazards (empty room).

    [0m [90m 77 |[39m   [36mif[39m (validation[33m.[39mwarnings[33m.[39mlength [33m>[39m [35m0[39m) {
     [90m 78 |[39m     [36mfor[39m ([36mconst[39m warning [36mof[39m validation[33m.[39mwarnings) {
    [31m[1m>[22m[39m[90m 79 |[39m       console[33m.[39mwarn([32m`[world-validation] ${warning}`[39m)[33m;[39m
     [90m    |[39m               [31m[1m^[22m[39m
     [90m 80 |[39m     }
     [90m 81 |[39m   }
     [90m 82 |[39m[0m

      at warn (api/src/game-engine.js:79:15)
      at loadWorld (tests/game-engine.test.js:33:17)
      at freshSession (tests/game-engine.test.js:38:19)
      at Object.sessionWithPlayer (tests/game-engine.test.js:548:19)

  console.warn
    [world-validation] Room "room-hub-w" has no items and no hazards (empty room).

    [0m [90m 77 |[39m   [36mif[39m (validation[33m.[39mwarnings[33m.[39mlength [33m>[39m [35m0[39m) {
     [90m 78 |[39m     [36mfor[39m ([36mconst[39m warning [36mof[39m validation[33m.[39mwarnings) {
    [31m[1m>[22m[39m[90m 79 |[39m       console[33m.[39mwarn([32m`[world-validation] ${warning}`[39m)[33m;[39m
     [90m    |[39m               [31m[1m^[22m[39m
     [90m 80 |[39m     }
     [90m 81 |[39m   }
     [90m 82 |[39m[0m

      at warn (api/src/game-engine.js:79:15)
      at loadWorld (tests/game-engine.test.js:33:17)
      at freshSession (tests/game-engine.test.js:38:19)
      at Object.sessionWithPlayer (tests/game-engine.test.js:548:19)

  console.warn
    [world-validation] Room "room-isolated" has no items and no hazards (empty room).

    [0m [90m 77 |[39m   [36mif[39m (validation[33m.[39mwarnings[33m.[39mlength [33m>[39m [35m0[39m) {
     [90m 78 |[39m     [36mfor[39m ([36mconst[39m warning [36mof[39m validation[33m.[39mwarnings) {
    [31m[1m>[22m[39m[90m 79 |[39m       console[33m.[39mwarn([32m`[world-validation] ${warning}`[39m)[33m;[39m
     [90m    |[39m               [31m[1m^[22m[39m
     [90m 80 |[39m     }
     [90m 81 |[39m   }
     [90m 82 |[39m[0m

      at warn (api/src/game-engine.js:79:15)
      at loadWorld (tests/game-engine.test.js:33:17)
      at freshSession (tests/game-engine.test.js:38:19)
      at Object.sessionWithPlayer (tests/game-engine.test.js:548:19)

  console.warn
    [world-validation] Room "room-isolated" is an orphan ΓÇö no exits or puzzles connect to it.

    [0m [90m 77 |[39m   [36mif[39m (validation[33m.[39mwarnings[33m.[39mlength [33m>[39m [35m0[39m) {
     [90m 78 |[39m     [36mfor[39m ([36mconst[39m warning [36mof[39m validation[33m.[39mwarnings) {
    [31m[1m>[22m[39m[90m 79 |[39m       console[33m.[39mwarn([32m`[world-validation] ${warning}`[39m)[33m;[39m
     [90m    |[39m               [31m[1m^[22m[39m
     [90m 80 |[39m     }
     [90m 81 |[39m   }
     [90m 82 |[39m[0m

      at warn (api/src/game-engine.js:79:15)
      at loadWorld (tests/game-engine.test.js:33:17)
      at freshSession (tests/game-engine.test.js:38:19)
      at Object.sessionWithPlayer (tests/game-engine.test.js:548:19)

  console.warn
    [world-validation] Room "room-hub" has no items and no hazards (empty room).

    [0m [90m 77 |[39m   [36mif[39m (validation[33m.[39mwarnings[33m.[39mlength [33m>[39m [35m0[39m) {
     [90m 78 |[39m     [36mfor[39m ([36mconst[39m warning [36mof[39m validation[33m.[39mwarnings) {
    [31m[1m>[22m[39m[90m 79 |[39m       console[33m.[39mwarn([32m`[world-validation] ${warning}`[39m)[33m;[39m
     [90m    |[39m               [31m[1m^[22m[39m
     [90m 80 |[39m     }
     [90m 81 |[39m   }
     [90m 82 |[39m[0m

      at warn (api/src/game-engine.js:79:15)
      at loadWorld (tests/game-engine.test.js:33:17)
      at freshSession (tests/game-engine.test.js:38:19)
      at Object.sessionWithPlayer (tests/game-engine.test.js:555:19)

  console.warn
    [world-validation] Room "room-hub-n" has no items and no hazards (empty room).

    [0m [90m 77 |[39m   [36mif[39m (validation[33m.[39mwarnings[33m.[39mlength [33m>[39m [35m0[39m) {
     [90m 78 |[39m     [36mfor[39m ([36mconst[39m warning [36mof[39m validation[33m.[39mwarnings) {
    [31m[1m>[22m[39m[90m 79 |[39m       console[33m.[39mwarn([32m`[world-validation] ${warning}`[39m)[33m;[39m
     [90m    |[39m               [31m[1m^[22m[39m
     [90m 80 |[39m     }
     [90m 81 |[39m   }
     [90m 82 |[39m[0m

      at warn (api/src/game-engine.js:79:15)
      at loadWorld (tests/game-engine.test.js:33:17)
      at freshSession (tests/game-engine.test.js:38:19)
      at Object.sessionWithPlayer (tests/game-engine.test.js:555:19)

  console.warn
    [world-validation] Room "room-hub-e" has no items and no hazards (empty room).

    [0m [90m 77 |[39m   [36mif[39m (validation[33m.[39mwarnings[33m.[39mlength [33m>[39m [35m0[39m) {
     [90m 78 |[39m     [36mfor[39m ([36mconst[39m warning [36mof[39m validation[33m.[39mwarnings) {
    [31m[1m>[22m[39m[90m 79 |[39m       console[33m.[39mwarn([32m`[world-validation] ${warning}`[39m)[33m;[39m
     [90m    |[39m               [31m[1m^[22m[39m
     [90m 80 |[39m     }
     [90m 81 |[39m   }
     [90m 82 |[39m[0m

      at warn (api/src/game-engine.js:79:15)
      at loadWorld (tests/game-engine.test.js:33:17)
      at freshSession (tests/game-engine.test.js:38:19)
      at Object.sessionWithPlayer (tests/game-engine.test.js:555:19)

  console.warn
    [world-validation] Room "room-hub-w" has no items and no hazards (empty room).

    [0m [90m 77 |[39m   [36mif[39m (validation[33m.[39mwarnings[33m.[39mlength [33m>[39m [35m0[39m) {
     [90m 78 |[39m     [36mfor[39m ([36mconst[39m warning [36mof[39m validation[33m.[39mwarnings) {
    [31m[1m>[22m[39m[90m 79 |[39m       console[33m.[39mwarn([32m`[world-validation] ${warning}`[39m)[33m;[39m
     [90m    |[39m               [31m[1m^[22m[39m
     [90m 80 |[39m     }
     [90m 81 |[39m   }
     [90m 82 |[39m[0m

      at warn (api/src/game-engine.js:79:15)
      at loadWorld (tests/game-engine.test.js:33:17)
      at freshSession (tests/game-engine.test.js:38:19)
      at Object.sessionWithPlayer (tests/game-engine.test.js:555:19)

  console.warn
    [world-validation] Room "room-isolated" has no items and no hazards (empty room).

    [0m [90m 77 |[39m   [36mif[39m (validation[33m.[39mwarnings[33m.[39mlength [33m>[39m [35m0[39m) {
     [90m 78 |[39m     [36mfor[39m ([36mconst[39m warning [36mof[39m validation[33m.[39mwarnings) {
    [31m[1m>[22m[39m[90m 79 |[39m       console[33m.[39mwarn([32m`[world-validation] ${warning}`[39m)[33m;[39m
     [90m    |[39m               [31m[1m^[22m[39m
     [90m 80 |[39m     }
     [90m 81 |[39m   }
     [90m 82 |[39m[0m

      at warn (api/src/game-engine.js:79:15)
      at loadWorld (tests/game-engine.test.js:33:17)
      at freshSession (tests/game-engine.test.js:38:19)
      at Object.sessionWithPlayer (tests/game-engine.test.js:555:19)

  console.warn
    [world-validation] Room "room-isolated" is an orphan ΓÇö no exits or puzzles connect to it.

    [0m [90m 77 |[39m   [36mif[39m (validation[33m.[39mwarnings[33m.[39mlength [33m>[39m [35m0[39m) {
     [90m 78 |[39m     [36mfor[39m ([36mconst[39m warning [36mof[39m validation[33m.[39mwarnings) {
    [31m[1m>[22m[39m[90m 79 |[39m       console[33m.[39mwarn([32m`[world-validation] ${warning}`[39m)[33m;[39m
     [90m    |[39m               [31m[1m^[22m[39m
     [90m 80 |[39m     }
     [90m 81 |[39m   }
     [90m 82 |[39m[0m

      at warn (api/src/game-engine.js:79:15)
      at loadWorld (tests/game-engine.test.js:33:17)
      at freshSession (tests/game-engine.test.js:38:19)
      at Object.sessionWithPlayer (tests/game-engine.test.js:555:19)

  console.warn
    [world-validation] Room "room-hub" has no items and no hazards (empty room).

    [0m [90m 77 |[39m   [36mif[39m (validation[33m.[39mwarnings[33m.[39mlength [33m>[39m [35m0[39m) {
     [90m 78 |[39m     [36mfor[39m ([36mconst[39m warning [36mof[39m validation[33m.[39mwarnings) {
    [31m[1m>[22m[39m[90m 79 |[39m       console[33m.[39mwarn([32m`[world-validation] ${warning}`[39m)[33m;[39m
     [90m    |[39m               [31m[1m^[22m[39m
     [90m 80 |[39m     }
     [90m 81 |[39m   }
     [90m 82 |[39m[0m

      at warn (api/src/game-engine.js:79:15)
      at loadWorld (tests/game-engine.test.js:33:17)
      at freshSession (tests/game-engine.test.js:38:19)
      at Object.sessionWithPlayer (tests/game-engine.test.js:564:19)

  console.warn
    [world-validation] Room "room-hub-n" has no items and no hazards (empty room).

    [0m [90m 77 |[39m   [36mif[39m (validation[33m.[39mwarnings[33m.[39mlength [33m>[39m [35m0[39m) {
     [90m 78 |[39m     [36mfor[39m ([36mconst[39m warning [36mof[39m validation[33m.[39mwarnings) {
    [31m[1m>[22m[39m[90m 79 |[39m       console[33m.[39mwarn([32m`[world-validation] ${warning}`[39m)[33m;[39m
     [90m    |[39m               [31m[1m^[22m[39m
     [90m 80 |[39m     }
     [90m 81 |[39m   }
     [90m 82 |[39m[0m

      at warn (api/src/game-engine.js:79:15)
      at loadWorld (tests/game-engine.test.js:33:17)
      at freshSession (tests/game-engine.test.js:38:19)
      at Object.sessionWithPlayer (tests/game-engine.test.js:564:19)

  console.warn
    [world-validation] Room "room-hub-e" has no items and no hazards (empty room).

    [0m [90m 77 |[39m   [36mif[39m (validation[33m.[39mwarnings[33m.[39mlength [33m>[39m [35m0[39m) {
     [90m 78 |[39m     [36mfor[39m ([36mconst[39m warning [36mof[39m validation[33m.[39mwarnings) {
    [31m[1m>[22m[39m[90m 79 |[39m       console[33m.[39mwarn([32m`[world-validation] ${warning}`[39m)[33m;[39m
     [90m    |[39m               [31m[1m^[22m[39m
     [90m 80 |[39m     }
     [90m 81 |[39m   }
     [90m 82 |[39m[0m

      at warn (api/src/game-engine.js:79:15)
      at loadWorld (tests/game-engine.test.js:33:17)
      at freshSession (tests/game-engine.test.js:38:19)
      at Object.sessionWithPlayer (tests/game-engine.test.js:564:19)

  console.warn
    [world-validation] Room "room-hub-w" has no items and no hazards (empty room).

    [0m [90m 77 |[39m   [36mif[39m (validation[33m.[39mwarnings[33m.[39mlength [33m>[39m [35m0[39m) {
     [90m 78 |[39m     [36mfor[39m ([36mconst[39m warning [36mof[39m validation[33m.[39mwarnings) {
    [31m[1m>[22m[39m[90m 79 |[39m       console[33m.[39mwarn([32m`[world-validation] ${warning}`[39m)[33m;[39m
     [90m    |[39m               [31m[1m^[22m[39m
     [90m 80 |[39m     }
     [90m 81 |[39m   }
     [90m 82 |[39m[0m

      at warn (api/src/game-engine.js:79:15)
      at loadWorld (tests/game-engine.test.js:33:17)
      at freshSession (tests/game-engine.test.js:38:19)
      at Object.sessionWithPlayer (tests/game-engine.test.js:564:19)

  console.warn
    [world-validation] Room "room-isolated" has no items and no hazards (empty room).

    [0m [90m 77 |[39m   [36mif[39m (validation[33m.[39mwarnings[33m.[39mlength [33m>[39m [35m0[39m) {
     [90m 78 |[39m     [36mfor[39m ([36mconst[39m warning [36mof[39m validation[33m.[39mwarnings) {
    [31m[1m>[22m[39m[90m 79 |[39m       console[33m.[39mwarn([32m`[world-validation] ${warning}`[39m)[33m;[39m
     [90m    |[39m               [31m[1m^[22m[39m
     [90m 80 |[39m     }
     [90m 81 |[39m   }
     [90m 82 |[39m[0m

      at warn (api/src/game-engine.js:79:15)
      at loadWorld (tests/game-engine.test.js:33:17)
      at freshSession (tests/game-engine.test.js:38:19)
      at Object.sessionWithPlayer (tests/game-engine.test.js:564:19)

  console.warn
    [world-validation] Room "room-isolated" is an orphan ΓÇö no exits or puzzles connect to it.

    [0m [90m 77 |[39m   [36mif[39m (validation[33m.[39mwarnings[33m.[39mlength [33m>[39m [35m0[39m) {
     [90m 78 |[39m     [36mfor[39m ([36mconst[39m warning [36mof[39m validation[33m.[39mwarnings) {
    [31m[1m>[22m[39m[90m 79 |[39m       console[33m.[39mwarn([32m`[world-validation] ${warning}`[39m)[33m;[39m
     [90m    |[39m               [31m[1m^[22m[39m
     [90m 80 |[39m     }
     [90m 81 |[39m   }
     [90m 82 |[39m[0m

      at warn (api/src/game-engine.js:79:15)
      at loadWorld (tests/game-engine.test.js:33:17)
      at freshSession (tests/game-engine.test.js:38:19)
      at Object.sessionWithPlayer (tests/game-engine.test.js:564:19)

  console.warn
    [world-validation] Room "room-hub" has no items and no hazards (empty room).

    [0m [90m 77 |[39m   [36mif[39m (validation[33m.[39mwarnings[33m.[39mlength [33m>[39m [35m0[39m) {
     [90m 78 |[39m     [36mfor[39m ([36mconst[39m warning [36mof[39m validation[33m.[39mwarnings) {
    [31m[1m>[22m[39m[90m 79 |[39m       console[33m.[39mwarn([32m`[world-validation] ${warning}`[39m)[33m;[39m
     [90m    |[39m               [31m[1m^[22m[39m
     [90m 80 |[39m     }
     [90m 81 |[39m   }
     [90m 82 |[39m[0m

      at warn (api/src/game-engine.js:79:15)
      at loadWorld (tests/game-engine.test.js:33:17)
      at freshSession (tests/game-engine.test.js:38:19)
      at Object.sessionWithPlayer (tests/game-engine.test.js:573:21)

  console.warn
    [world-validation] Room "room-hub-n" has no items and no hazards (empty room).

    [0m [90m 77 |[39m   [36mif[39m (validation[33m.[39mwarnings[33m.[39mlength [33m>[39m [35m0[39m) {
     [90m 78 |[39m     [36mfor[39m ([36mconst[39m warning [36mof[39m validation[33m.[39mwarnings) {
    [31m[1m>[22m[39m[90m 79 |[39m       console[33m.[39mwarn([32m`[world-validation] ${warning}`[39m)[33m;[39m
     [90m    |[39m               [31m[1m^[22m[39m
     [90m 80 |[39m     }
     [90m 81 |[39m   }
     [90m 82 |[39m[0m

      at warn (api/src/game-engine.js:79:15)
      at loadWorld (tests/game-engine.test.js:33:17)
      at freshSession (tests/game-engine.test.js:38:19)
      at Object.sessionWithPlayer (tests/game-engine.test.js:573:21)

  console.warn
    [world-validation] Room "room-hub-e" has no items and no hazards (empty room).

    [0m [90m 77 |[39m   [36mif[39m (validation[33m.[39mwarnings[33m.[39mlength [33m>[39m [35m0[39m) {
     [90m 78 |[39m     [36mfor[39m ([36mconst[39m warning [36mof[39m validation[33m.[39mwarnings) {
    [31m[1m>[22m[39m[90m 79 |[39m       console[33m.[39mwarn([32m`[world-validation] ${warning}`[39m)[33m;[39m
     [90m    |[39m               [31m[1m^[22m[39m
     [90m 80 |[39m     }
     [90m 81 |[39m   }
     [90m 82 |[39m[0m

      at warn (api/src/game-engine.js:79:15)
      at loadWorld (tests/game-engine.test.js:33:17)
      at freshSession (tests/game-engine.test.js:38:19)
      at Object.sessionWithPlayer (tests/game-engine.test.js:573:21)

  console.warn
    [world-validation] Room "room-hub-w" has no items and no hazards (empty room).

    [0m [90m 77 |[39m   [36mif[39m (validation[33m.[39mwarnings[33m.[39mlength [33m>[39m [35m0[39m) {
     [90m 78 |[39m     [36mfor[39m ([36mconst[39m warning [36mof[39m validation[33m.[39mwarnings) {
    [31m[1m>[22m[39m[90m 79 |[39m       console[33m.[39mwarn([32m`[world-validation] ${warning}`[39m)[33m;[39m
     [90m    |[39m               [31m[1m^[22m[39m
     [90m 80 |[39m     }
     [90m 81 |[39m   }
     [90m 82 |[39m[0m

      at warn (api/src/game-engine.js:79:15)
      at loadWorld (tests/game-engine.test.js:33:17)
      at freshSession (tests/game-engine.test.js:38:19)
      at Object.sessionWithPlayer (tests/game-engine.test.js:573:21)

  console.warn
    [world-validation] Room "room-isolated" has no items and no hazards (empty room).

    [0m [90m 77 |[39m   [36mif[39m (validation[33m.[39mwarnings[33m.[39mlength [33m>[39m [35m0[39m) {
     [90m 78 |[39m     [36mfor[39m ([36mconst[39m warning [36mof[39m validation[33m.[39mwarnings) {
    [31m[1m>[22m[39m[90m 79 |[39m       console[33m.[39mwarn([32m`[world-validation] ${warning}`[39m)[33m;[39m
     [90m    |[39m               [31m[1m^[22m[39m
     [90m 80 |[39m     }
     [90m 81 |[39m   }
     [90m 82 |[39m[0m

      at warn (api/src/game-engine.js:79:15)
      at loadWorld (tests/game-engine.test.js:33:17)
      at freshSession (tests/game-engine.test.js:38:19)
      at Object.sessionWithPlayer (tests/game-engine.test.js:573:21)

  console.warn
    [world-validation] Room "room-isolated" is an orphan ΓÇö no exits or puzzles connect to it.

    [0m [90m 77 |[39m   [36mif[39m (validation[33m.[39mwarnings[33m.[39mlength [33m>[39m [35m0[39m) {
     [90m 78 |[39m     [36mfor[39m ([36mconst[39m warning [36mof[39m validation[33m.[39mwarnings) {
    [31m[1m>[22m[39m[90m 79 |[39m       console[33m.[39mwarn([32m`[world-validation] ${warning}`[39m)[33m;[39m
     [90m    |[39m               [31m[1m^[22m[39m
     [90m 80 |[39m     }
     [90m 81 |[39m   }
     [90m 82 |[39m[0m

      at warn (api/src/game-engine.js:79:15)
      at loadWorld (tests/game-engine.test.js:33:17)
      at freshSession (tests/game-engine.test.js:38:19)
      at Object.sessionWithPlayer (tests/game-engine.test.js:573:21)

  console.warn
    [world-validation] Room "room-hub" has no items and no hazards (empty room).

    [0m [90m 77 |[39m   [36mif[39m (validation[33m.[39mwarnings[33m.[39mlength [33m>[39m [35m0[39m) {
     [90m 78 |[39m     [36mfor[39m ([36mconst[39m warning [36mof[39m validation[33m.[39mwarnings) {
    [31m[1m>[22m[39m[90m 79 |[39m       console[33m.[39mwarn([32m`[world-validation] ${warning}`[39m)[33m;[39m
     [90m    |[39m               [31m[1m^[22m[39m
     [90m 80 |[39m     }
     [90m 81 |[39m   }
     [90m 82 |[39m[0m

      at warn (api/src/game-engine.js:79:15)
      at loadWorld (tests/game-engine.test.js:33:17)
      at freshSession (tests/game-engine.test.js:38:19)
      at Object.sessionWithPlayer (tests/game-engine.test.js:583:21)

  console.warn
    [world-validation] Room "room-hub-n" has no items and no hazards (empty room).

    [0m [90m 77 |[39m   [36mif[39m (validation[33m.[39mwarnings[33m.[39mlength [33m>[39m [35m0[39m) {
     [90m 78 |[39m     [36mfor[39m ([36mconst[39m warning [36mof[39m validation[33m.[39mwarnings) {
    [31m[1m>[22m[39m[90m 79 |[39m       console[33m.[39mwarn([32m`[world-validation] ${warning}`[39m)[33m;[39m
     [90m    |[39m               [31m[1m^[22m[39m
     [90m 80 |[39m     }
     [90m 81 |[39m   }
     [90m 82 |[39m[0m

      at warn (api/src/game-engine.js:79:15)
      at loadWorld (tests/game-engine.test.js:33:17)
      at freshSession (tests/game-engine.test.js:38:19)
      at Object.sessionWithPlayer (tests/game-engine.test.js:583:21)

  console.warn
    [world-validation] Room "room-hub-e" has no items and no hazards (empty room).

    [0m [90m 77 |[39m   [36mif[39m (validation[33m.[39mwarnings[33m.[39mlength [33m>[39m [35m0[39m) {
     [90m 78 |[39m     [36mfor[39m ([36mconst[39m warning [36mof[39m validation[33m.[39mwarnings) {
    [31m[1m>[22m[39m[90m 79 |[39m       console[33m.[39mwarn([32m`[world-validation] ${warning}`[39m)[33m;[39m
     [90m    |[39m               [31m[1m^[22m[39m
     [90m 80 |[39m     }
     [90m 81 |[39m   }
     [90m 82 |[39m[0m

      at warn (api/src/game-engine.js:79:15)
      at loadWorld (tests/game-engine.test.js:33:17)
      at freshSession (tests/game-engine.test.js:38:19)
      at Object.sessionWithPlayer (tests/game-engine.test.js:583:21)

  console.warn
    [world-validation] Room "room-hub-w" has no items and no hazards (empty room).

    [0m [90m 77 |[39m   [36mif[39m (validation[33m.[39mwarnings[33m.[39mlength [33m>[39m [35m0[39m) {
     [90m 78 |[39m     [36mfor[39m ([36mconst[39m warning [36mof[39m validation[33m.[39mwarnings) {
    [31m[1m>[22m[39m[90m 79 |[39m       console[33m.[39mwarn([32m`[world-validation] ${warning}`[39m)[33m;[39m
     [90m    |[39m               [31m[1m^[22m[39m
     [90m 80 |[39m     }
     [90m 81 |[39m   }
     [90m 82 |[39m[0m

      at warn (api/src/game-engine.js:79:15)
      at loadWorld (tests/game-engine.test.js:33:17)
      at freshSession (tests/game-engine.test.js:38:19)
      at Object.sessionWithPlayer (tests/game-engine.test.js:583:21)

  console.warn
    [world-validation] Room "room-isolated" has no items and no hazards (empty room).

    [0m [90m 77 |[39m   [36mif[39m (validation[33m.[39mwarnings[33m.[39mlength [33m>[39m [35m0[39m) {
     [90m 78 |[39m     [36mfor[39m ([36mconst[39m warning [36mof[39m validation[33m.[39mwarnings) {
    [31m[1m>[22m[39m[90m 79 |[39m       console[33m.[39mwarn([32m`[world-validation] ${warning}`[39m)[33m;[39m
     [90m    |[39m               [31m[1m^[22m[39m
     [90m 80 |[39m     }
     [90m 81 |[39m   }
     [90m 82 |[39m[0m

      at warn (api/src/game-engine.js:79:15)
      at loadWorld (tests/game-engine.test.js:33:17)
      at freshSession (tests/game-engine.test.js:38:19)
      at Object.sessionWithPlayer (tests/game-engine.test.js:583:21)

  console.warn
    [world-validation] Room "room-isolated" is an orphan ΓÇö no exits or puzzles connect to it.

    [0m [90m 77 |[39m   [36mif[39m (validation[33m.[39mwarnings[33m.[39mlength [33m>[39m [35m0[39m) {
     [90m 78 |[39m     [36mfor[39m ([36mconst[39m warning [36mof[39m validation[33m.[39mwarnings) {
    [31m[1m>[22m[39m[90m 79 |[39m       console[33m.[39mwarn([32m`[world-validation] ${warning}`[39m)[33m;[39m
     [90m    |[39m               [31m[1m^[22m[39m
     [90m 80 |[39m     }
     [90m 81 |[39m   }
     [90m 82 |[39m[0m

      at warn (api/src/game-engine.js:79:15)
      at loadWorld (tests/game-engine.test.js:33:17)
      at freshSession (tests/game-engine.test.js:38:19)
      at Object.sessionWithPlayer (tests/game-engine.test.js:583:21)

  console.warn
    [world-validation] Room "room-hub" has no items and no hazards (empty room).

    [0m [90m 77 |[39m   [36mif[39m (validation[33m.[39mwarnings[33m.[39mlength [33m>[39m [35m0[39m) {
     [90m 78 |[39m     [36mfor[39m ([36mconst[39m warning [36mof[39m validation[33m.[39mwarnings) {
    [31m[1m>[22m[39m[90m 79 |[39m       console[33m.[39mwarn([32m`[world-validation] ${warning}`[39m)[33m;[39m
     [90m    |[39m               [31m[1m^[22m[39m
     [90m 80 |[39m     }
     [90m 81 |[39m   }
     [90m 82 |[39m[0m

      at warn (api/src/game-engine.js:79:15)
      at loadWorld (tests/game-engine.test.js:33:17)
      at Object.freshSession (tests/game-engine.test.js:589:21)

  console.warn
    [world-validation] Room "room-hub-n" has no items and no hazards (empty room).

    [0m [90m 77 |[39m   [36mif[39m (validation[33m.[39mwarnings[33m.[39mlength [33m>[39m [35m0[39m) {
     [90m 78 |[39m     [36mfor[39m ([36mconst[39m warning [36mof[39m validation[33m.[39mwarnings) {
    [31m[1m>[22m[39m[90m 79 |[39m       console[33m.[39mwarn([32m`[world-validation] ${warning}`[39m)[33m;[39m
     [90m    |[39m               [31m[1m^[22m[39m
     [90m 80 |[39m     }
     [90m 81 |[39m   }
     [90m 82 |[39m[0m

      at warn (api/src/game-engine.js:79:15)
      at loadWorld (tests/game-engine.test.js:33:17)
      at Object.freshSession (tests/game-engine.test.js:589:21)

  console.warn
    [world-validation] Room "room-hub-e" has no items and no hazards (empty room).

    [0m [90m 77 |[39m   [36mif[39m (validation[33m.[39mwarnings[33m.[39mlength [33m>[39m [35m0[39m) {
     [90m 78 |[39m     [36mfor[39m ([36mconst[39m warning [36mof[39m validation[33m.[39mwarnings) {
    [31m[1m>[22m[39m[90m 79 |[39m       console[33m.[39mwarn([32m`[world-validation] ${warning}`[39m)[33m;[39m
     [90m    |[39m               [31m[1m^[22m[39m
     [90m 80 |[39m     }
     [90m 81 |[39m   }
     [90m 82 |[39m[0m

      at warn (api/src/game-engine.js:79:15)
      at loadWorld (tests/game-engine.test.js:33:17)
      at Object.freshSession (tests/game-engine.test.js:589:21)

  console.warn
    [world-validation] Room "room-hub-w" has no items and no hazards (empty room).

    [0m [90m 77 |[39m   [36mif[39m (validation[33m.[39mwarnings[33m.[39mlength [33m>[39m [35m0[39m) {
     [90m 78 |[39m     [36mfor[39m ([36mconst[39m warning [36mof[39m validation[33m.[39mwarnings) {
    [31m[1m>[22m[39m[90m 79 |[39m       console[33m.[39mwarn([32m`[world-validation] ${warning}`[39m)[33m;[39m
     [90m    |[39m               [31m[1m^[22m[39m
     [90m 80 |[39m     }
     [90m 81 |[39m   }
     [90m 82 |[39m[0m

      at warn (api/src/game-engine.js:79:15)
      at loadWorld (tests/game-engine.test.js:33:17)
      at Object.freshSession (tests/game-engine.test.js:589:21)

  console.warn
    [world-validation] Room "room-isolated" has no items and no hazards (empty room).

    [0m [90m 77 |[39m   [36mif[39m (validation[33m.[39mwarnings[33m.[39mlength [33m>[39m [35m0[39m) {
     [90m 78 |[39m     [36mfor[39m ([36mconst[39m warning [36mof[39m validation[33m.[39mwarnings) {
    [31m[1m>[22m[39m[90m 79 |[39m       console[33m.[39mwarn([32m`[world-validation] ${warning}`[39m)[33m;[39m
     [90m    |[39m               [31m[1m^[22m[39m
     [90m 80 |[39m     }
     [90m 81 |[39m   }
     [90m 82 |[39m[0m

      at warn (api/src/game-engine.js:79:15)
      at loadWorld (tests/game-engine.test.js:33:17)
      at Object.freshSession (tests/game-engine.test.js:589:21)

  console.warn
    [world-validation] Room "room-isolated" is an orphan ΓÇö no exits or puzzles connect to it.

    [0m [90m 77 |[39m   [36mif[39m (validation[33m.[39mwarnings[33m.[39mlength [33m>[39m [35m0[39m) {
     [90m 78 |[39m     [36mfor[39m ([36mconst[39m warning [36mof[39m validation[33m.[39mwarnings) {
    [31m[1m>[22m[39m[90m 79 |[39m       console[33m.[39mwarn([32m`[world-validation] ${warning}`[39m)[33m;[39m
     [90m    |[39m               [31m[1m^[22m[39m
     [90m 80 |[39m     }
     [90m 81 |[39m   }
     [90m 82 |[39m[0m

      at warn (api/src/game-engine.js:79:15)
      at loadWorld (tests/game-engine.test.js:33:17)
      at Object.freshSession (tests/game-engine.test.js:589:21)

  console.warn
    [world-validation] Room "room-hub" has no items and no hazards (empty room).

    [0m [90m 77 |[39m   [36mif[39m (validation[33m.[39mwarnings[33m.[39mlength [33m>[39m [35m0[39m) {
     [90m 78 |[39m     [36mfor[39m ([36mconst[39m warning [36mof[39m validation[33m.[39mwarnings) {
    [31m[1m>[22m[39m[90m 79 |[39m       console[33m.[39mwarn([32m`[world-validation] ${warning}`[39m)[33m;[39m
     [90m    |[39m               [31m[1m^[22m[39m
     [90m 80 |[39m     }
     [90m 81 |[39m   }
     [90m 82 |[39m[0m

      at warn (api/src/game-engine.js:79:15)
      at loadWorld (tests/game-engine.test.js:33:17)
      at freshSession (tests/game-engine.test.js:38:19)
      at Object.sessionWithPlayer (tests/game-engine.test.js:594:21)

  console.warn
    [world-validation] Room "room-hub-n" has no items and no hazards (empty room).

    [0m [90m 77 |[39m   [36mif[39m (validation[33m.[39mwarnings[33m.[39mlength [33m>[39m [35m0[39m) {
     [90m 78 |[39m     [36mfor[39m ([36mconst[39m warning [36mof[39m validation[33m.[39mwarnings) {
    [31m[1m>[22m[39m[90m 79 |[39m       console[33m.[39mwarn([32m`[world-validation] ${warning}`[39m)[33m;[39m
     [90m    |[39m               [31m[1m^[22m[39m
     [90m 80 |[39m     }
     [90m 81 |[39m   }
     [90m 82 |[39m[0m

      at warn (api/src/game-engine.js:79:15)
      at loadWorld (tests/game-engine.test.js:33:17)
      at freshSession (tests/game-engine.test.js:38:19)
      at Object.sessionWithPlayer (tests/game-engine.test.js:594:21)

  console.warn
    [world-validation] Room "room-hub-e" has no items and no hazards (empty room).

    [0m [90m 77 |[39m   [36mif[39m (validation[33m.[39mwarnings[33m.[39mlength [33m>[39m [35m0[39m) {
     [90m 78 |[39m     [36mfor[39m ([36mconst[39m warning [36mof[39m validation[33m.[39mwarnings) {
    [31m[1m>[22m[39m[90m 79 |[39m       console[33m.[39mwarn([32m`[world-validation] ${warning}`[39m)[33m;[39m
     [90m    |[39m               [31m[1m^[22m[39m
     [90m 80 |[39m     }
     [90m 81 |[39m   }
     [90m 82 |[39m[0m

      at warn (api/src/game-engine.js:79:15)
      at loadWorld (tests/game-engine.test.js:33:17)
      at freshSession (tests/game-engine.test.js:38:19)
      at Object.sessionWithPlayer (tests/game-engine.test.js:594:21)

  console.warn
    [world-validation] Room "room-hub-w" has no items and no hazards (empty room).

    [0m [90m 77 |[39m   [36mif[39m (validation[33m.[39mwarnings[33m.[39mlength [33m>[39m [35m0[39m) {
     [90m 78 |[39m     [36mfor[39m ([36mconst[39m warning [36mof[39m validation[33m.[39mwarnings) {
    [31m[1m>[22m[39m[90m 79 |[39m       console[33m.[39mwarn([32m`[world-validation] ${warning}`[39m)[33m;[39m
     [90m    |[39m               [31m[1m^[22m[39m
     [90m 80 |[39m     }
     [90m 81 |[39m   }
     [90m 82 |[39m[0m

      at warn (api/src/game-engine.js:79:15)
      at loadWorld (tests/game-engine.test.js:33:17)
      at freshSession (tests/game-engine.test.js:38:19)
      at Object.sessionWithPlayer (tests/game-engine.test.js:594:21)

  console.warn
    [world-validation] Room "room-isolated" has no items and no hazards (empty room).

    [0m [90m 77 |[39m   [36mif[39m (validation[33m.[39mwarnings[33m.[39mlength [33m>[39m [35m0[39m) {
     [90m 78 |[39m     [36mfor[39m ([36mconst[39m warning [36mof[39m validation[33m.[39mwarnings) {
    [31m[1m>[22m[39m[90m 79 |[39m       console[33m.[39mwarn([32m`[world-validation] ${warning}`[39m)[33m;[39m
     [90m    |[39m               [31m[1m^[22m[39m
     [90m 80 |[39m     }
     [90m 81 |[39m   }
     [90m 82 |[39m[0m

      at warn (api/src/game-engine.js:79:15)
      at loadWorld (tests/game-engine.test.js:33:17)
      at freshSession (tests/game-engine.test.js:38:19)
      at Object.sessionWithPlayer (tests/game-engine.test.js:594:21)

  console.warn
    [world-validation] Room "room-isolated" is an orphan ΓÇö no exits or puzzles connect to it.

    [0m [90m 77 |[39m   [36mif[39m (validation[33m.[39mwarnings[33m.[39mlength [33m>[39m [35m0[39m) {
     [90m 78 |[39m     [36mfor[39m ([36mconst[39m warning [36mof[39m validation[33m.[39mwarnings) {
    [31m[1m>[22m[39m[90m 79 |[39m       console[33m.[39mwarn([32m`[world-validation] ${warning}`[39m)[33m;[39m
     [90m    |[39m               [31m[1m^[22m[39m
     [90m 80 |[39m     }
     [90m 81 |[39m   }
     [90m 82 |[39m[0m

      at warn (api/src/game-engine.js:79:15)
      at loadWorld (tests/game-engine.test.js:33:17)
      at freshSession (tests/game-engine.test.js:38:19)
      at Object.sessionWithPlayer (tests/game-engine.test.js:594:21)

  console.warn
    [world-validation] Room "room-hub" has no items and no hazards (empty room).

    [0m [90m 77 |[39m   [36mif[39m (validation[33m.[39mwarnings[33m.[39mlength [33m>[39m [35m0[39m) {
     [90m 78 |[39m     [36mfor[39m ([36mconst[39m warning [36mof[39m validation[33m.[39mwarnings) {
    [31m[1m>[22m[39m[90m 79 |[39m       console[33m.[39mwarn([32m`[world-validation] ${warning}`[39m)[33m;[39m
     [90m    |[39m               [31m[1m^[22m[39m
     [90m 80 |[39m     }
     [90m 81 |[39m   }
     [90m 82 |[39m[0m

      at warn (api/src/game-engine.js:79:15)
      at loadWorld (tests/game-engine.test.js:33:17)
      at freshSession (tests/game-engine.test.js:38:19)
      at Object.sessionWithPlayer (tests/game-engine.test.js:609:21)

  console.warn
    [world-validation] Room "room-hub-n" has no items and no hazards (empty room).

    [0m [90m 77 |[39m   [36mif[39m (validation[33m.[39mwarnings[33m.[39mlength [33m>[39m [35m0[39m) {
     [90m 78 |[39m     [36mfor[39m ([36mconst[39m warning [36mof[39m validation[33m.[39mwarnings) {
    [31m[1m>[22m[39m[90m 79 |[39m       console[33m.[39mwarn([32m`[world-validation] ${warning}`[39m)[33m;[39m
     [90m    |[39m               [31m[1m^[22m[39m
     [90m 80 |[39m     }
     [90m 81 |[39m   }
     [90m 82 |[39m[0m

      at warn (api/src/game-engine.js:79:15)
      at loadWorld (tests/game-engine.test.js:33:17)
      at freshSession (tests/game-engine.test.js:38:19)
      at Object.sessionWithPlayer (tests/game-engine.test.js:609:21)

  console.warn
    [world-validation] Room "room-hub-e" has no items and no hazards (empty room).

    [0m [90m 77 |[39m   [36mif[39m (validation[33m.[39mwarnings[33m.[39mlength [33m>[39m [35m0[39m) {
     [90m 78 |[39m     [36mfor[39m ([36mconst[39m warning [36mof[39m validation[33m.[39mwarnings) {
    [31m[1m>[22m[39m[90m 79 |[39m       console[33m.[39mwarn([32m`[world-validation] ${warning}`[39m)[33m;[39m
     [90m    |[39m               [31m[1m^[22m[39m
     [90m 80 |[39m     }
     [90m 81 |[39m   }
     [90m 82 |[39m[0m

      at warn (api/src/game-engine.js:79:15)
      at loadWorld (tests/game-engine.test.js:33:17)
      at freshSession (tests/game-engine.test.js:38:19)
      at Object.sessionWithPlayer (tests/game-engine.test.js:609:21)

  console.warn
    [world-validation] Room "room-hub-w" has no items and no hazards (empty room).

    [0m [90m 77 |[39m   [36mif[39m (validation[33m.[39mwarnings[33m.[39mlength [33m>[39m [35m0[39m) {
     [90m 78 |[39m     [36mfor[39m ([36mconst[39m warning [36mof[39m validation[33m.[39mwarnings) {
    [31m[1m>[22m[39m[90m 79 |[39m       console[33m.[39mwarn([32m`[world-validation] ${warning}`[39m)[33m;[39m
     [90m    |[39m               [31m[1m^[22m[39m
     [90m 80 |[39m     }
     [90m 81 |[39m   }
     [90m 82 |[39m[0m

      at warn (api/src/game-engine.js:79:15)
      at loadWorld (tests/game-engine.test.js:33:17)
      at freshSession (tests/game-engine.test.js:38:19)
      at Object.sessionWithPlayer (tests/game-engine.test.js:609:21)

  console.warn
    [world-validation] Room "room-isolated" has no items and no hazards (empty room).

    [0m [90m 77 |[39m   [36mif[39m (validation[33m.[39mwarnings[33m.[39mlength [33m>[39m [35m0[39m) {
     [90m 78 |[39m     [36mfor[39m ([36mconst[39m warning [36mof[39m validation[33m.[39mwarnings) {
    [31m[1m>[22m[39m[90m 79 |[39m       console[33m.[39mwarn([32m`[world-validation] ${warning}`[39m)[33m;[39m
     [90m    |[39m               [31m[1m^[22m[39m
     [90m 80 |[39m     }
     [90m 81 |[39m   }
     [90m 82 |[39m[0m

      at warn (api/src/game-engine.js:79:15)
      at loadWorld (tests/game-engine.test.js:33:17)
      at freshSession (tests/game-engine.test.js:38:19)
      at Object.sessionWithPlayer (tests/game-engine.test.js:609:21)

  console.warn
    [world-validation] Room "room-isolated" is an orphan ΓÇö no exits or puzzles connect to it.

    [0m [90m 77 |[39m   [36mif[39m (validation[33m.[39mwarnings[33m.[39mlength [33m>[39m [35m0[39m) {
     [90m 78 |[39m     [36mfor[39m ([36mconst[39m warning [36mof[39m validation[33m.[39mwarnings) {
    [31m[1m>[22m[39m[90m 79 |[39m       console[33m.[39mwarn([32m`[world-validation] ${warning}`[39m)[33m;[39m
     [90m    |[39m               [31m[1m^[22m[39m
     [90m 80 |[39m     }
     [90m 81 |[39m   }
     [90m 82 |[39m[0m

      at warn (api/src/game-engine.js:79:15)
      at loadWorld (tests/game-engine.test.js:33:17)
      at freshSession (tests/game-engine.test.js:38:19)
      at Object.sessionWithPlayer (tests/game-engine.test.js:609:21)

  console.warn
    [world-validation] Room "room-hub" has no items and no hazards (empty room).

    [0m [90m 77 |[39m   [36mif[39m (validation[33m.[39mwarnings[33m.[39mlength [33m>[39m [35m0[39m) {
     [90m 78 |[39m     [36mfor[39m ([36mconst[39m warning [36mof[39m validation[33m.[39mwarnings) {
    [31m[1m>[22m[39m[90m 79 |[39m       console[33m.[39mwarn([32m`[world-validation] ${warning}`[39m)[33m;[39m
     [90m    |[39m               [31m[1m^[22m[39m
     [90m 80 |[39m     }
     [90m 81 |[39m   }
     [90m 82 |[39m[0m

      at warn (api/src/game-engine.js:79:15)
      at loadWorld (tests/game-engine.test.js:33:17)
      at Object.freshSession (tests/game-engine.test.js:616:21)

  console.warn
    [world-validation] Room "room-hub-n" has no items and no hazards (empty room).

    [0m [90m 77 |[39m   [36mif[39m (validation[33m.[39mwarnings[33m.[39mlength [33m>[39m [35m0[39m) {
     [90m 78 |[39m     [36mfor[39m ([36mconst[39m warning [36mof[39m validation[33m.[39mwarnings) {
    [31m[1m>[22m[39m[90m 79 |[39m       console[33m.[39mwarn([32m`[world-validation] ${warning}`[39m)[33m;[39m
     [90m    |[39m               [31m[1m^[22m[39m
     [90m 80 |[39m     }
     [90m 81 |[39m   }
     [90m 82 |[39m[0m

      at warn (api/src/game-engine.js:79:15)
      at loadWorld (tests/game-engine.test.js:33:17)
      at Object.freshSession (tests/game-engine.test.js:616:21)

  console.warn
    [world-validation] Room "room-hub-e" has no items and no hazards (empty room).

    [0m [90m 77 |[39m   [36mif[39m (validation[33m.[39mwarnings[33m.[39mlength [33m>[39m [35m0[39m) {
     [90m 78 |[39m     [36mfor[39m ([36mconst[39m warning [36mof[39m validation[33m.[39mwarnings) {
    [31m[1m>[22m[39m[90m 79 |[39m       console[33m.[39mwarn([32m`[world-validation] ${warning}`[39m)[33m;[39m
     [90m    |[39m               [31m[1m^[22m[39m
     [90m 80 |[39m     }
     [90m 81 |[39m   }
     [90m 82 |[39m[0m

      at warn (api/src/game-engine.js:79:15)
      at loadWorld (tests/game-engine.test.js:33:17)
      at Object.freshSession (tests/game-engine.test.js:616:21)

  console.warn
    [world-validation] Room "room-hub-w" has no items and no hazards (empty room).

    [0m [90m 77 |[39m   [36mif[39m (validation[33m.[39mwarnings[33m.[39mlength [33m>[39m [35m0[39m) {
     [90m 78 |[39m     [36mfor[39m ([36mconst[39m warning [36mof[39m validation[33m.[39mwarnings) {
    [31m[1m>[22m[39m[90m 79 |[39m       console[33m.[39mwarn([32m`[world-validation] ${warning}`[39m)[33m;[39m
     [90m    |[39m               [31m[1m^[22m[39m
     [90m 80 |[39m     }
     [90m 81 |[39m   }
     [90m 82 |[39m[0m

      at warn (api/src/game-engine.js:79:15)
      at loadWorld (tests/game-engine.test.js:33:17)
      at Object.freshSession (tests/game-engine.test.js:616:21)

  console.warn
    [world-validation] Room "room-isolated" has no items and no hazards (empty room).

    [0m [90m 77 |[39m   [36mif[39m (validation[33m.[39mwarnings[33m.[39mlength [33m>[39m [35m0[39m) {
     [90m 78 |[39m     [36mfor[39m ([36mconst[39m warning [36mof[39m validation[33m.[39mwarnings) {
    [31m[1m>[22m[39m[90m 79 |[39m       console[33m.[39mwarn([32m`[world-validation] ${warning}`[39m)[33m;[39m
     [90m    |[39m               [31m[1m^[22m[39m
     [90m 80 |[39m     }
     [90m 81 |[39m   }
     [90m 82 |[39m[0m

      at warn (api/src/game-engine.js:79:15)
      at loadWorld (tests/game-engine.test.js:33:17)
      at Object.freshSession (tests/game-engine.test.js:616:21)

  console.warn
    [world-validation] Room "room-isolated" is an orphan ΓÇö no exits or puzzles connect to it.

    [0m [90m 77 |[39m   [36mif[39m (validation[33m.[39mwarnings[33m.[39mlength [33m>[39m [35m0[39m) {
     [90m 78 |[39m     [36mfor[39m ([36mconst[39m warning [36mof[39m validation[33m.[39mwarnings) {
    [31m[1m>[22m[39m[90m 79 |[39m       console[33m.[39mwarn([32m`[world-validation] ${warning}`[39m)[33m;[39m
     [90m    |[39m               [31m[1m^[22m[39m
     [90m 80 |[39m     }
     [90m 81 |[39m   }
     [90m 82 |[39m[0m

      at warn (api/src/game-engine.js:79:15)
      at loadWorld (tests/game-engine.test.js:33:17)
      at Object.freshSession (tests/game-engine.test.js:616:21)

  console.warn
    [world-validation] Room "room-hub" has no items and no hazards (empty room).

    [0m [90m 77 |[39m   [36mif[39m (validation[33m.[39mwarnings[33m.[39mlength [33m>[39m [35m0[39m) {
     [90m 78 |[39m     [36mfor[39m ([36mconst[39m warning [36mof[39m validation[33m.[39mwarnings) {
    [31m[1m>[22m[39m[90m 79 |[39m       console[33m.[39mwarn([32m`[world-validation] ${warning}`[39m)[33m;[39m
     [90m    |[39m               [31m[1m^[22m[39m
     [90m 80 |[39m     }
     [90m 81 |[39m   }
     [90m 82 |[39m[0m

      at warn (api/src/game-engine.js:79:15)
      at loadWorld (tests/game-engine.test.js:33:17)
      at freshSession (tests/game-engine.test.js:38:19)
      at Object.sessionWithPlayer (tests/game-engine.test.js:623:21)

  console.warn
    [world-validation] Room "room-hub-n" has no items and no hazards (empty room).

    [0m [90m 77 |[39m   [36mif[39m (validation[33m.[39mwarnings[33m.[39mlength [33m>[39m [35m0[39m) {
     [90m 78 |[39m     [36mfor[39m ([36mconst[39m warning [36mof[39m validation[33m.[39mwarnings) {
    [31m[1m>[22m[39m[90m 79 |[39m       console[33m.[39mwarn([32m`[world-validation] ${warning}`[39m)[33m;[39m
     [90m    |[39m               [31m[1m^[22m[39m
     [90m 80 |[39m     }
     [90m 81 |[39m   }
     [90m 82 |[39m[0m

      at warn (api/src/game-engine.js:79:15)
      at loadWorld (tests/game-engine.test.js:33:17)
      at freshSession (tests/game-engine.test.js:38:19)
      at Object.sessionWithPlayer (tests/game-engine.test.js:623:21)

  console.warn
    [world-validation] Room "room-hub-e" has no items and no hazards (empty room).

    [0m [90m 77 |[39m   [36mif[39m (validation[33m.[39mwarnings[33m.[39mlength [33m>[39m [35m0[39m) {
     [90m 78 |[39m     [36mfor[39m ([36mconst[39m warning [36mof[39m validation[33m.[39mwarnings) {
    [31m[1m>[22m[39m[90m 79 |[39m       console[33m.[39mwarn([32m`[world-validation] ${warning}`[39m)[33m;[39m
     [90m    |[39m               [31m[1m^[22m[39m
     [90m 80 |[39m     }
     [90m 81 |[39m   }
     [90m 82 |[39m[0m

      at warn (api/src/game-engine.js:79:15)
      at loadWorld (tests/game-engine.test.js:33:17)
      at freshSession (tests/game-engine.test.js:38:19)
      at Object.sessionWithPlayer (tests/game-engine.test.js:623:21)

  console.warn
    [world-validation] Room "room-hub-w" has no items and no hazards (empty room).

    [0m [90m 77 |[39m   [36mif[39m (validation[33m.[39mwarnings[33m.[39mlength [33m>[39m [35m0[39m) {
     [90m 78 |[39m     [36mfor[39m ([36mconst[39m warning [36mof[39m validation[33m.[39mwarnings) {
    [31m[1m>[22m[39m[90m 79 |[39m       console[33m.[39mwarn([32m`[world-validation] ${warning}`[39m)[33m;[39m
     [90m    |[39m               [31m[1m^[22m[39m
     [90m 80 |[39m     }
     [90m 81 |[39m   }
     [90m 82 |[39m[0m

      at warn (api/src/game-engine.js:79:15)
      at loadWorld (tests/game-engine.test.js:33:17)
      at freshSession (tests/game-engine.test.js:38:19)
      at Object.sessionWithPlayer (tests/game-engine.test.js:623:21)

  console.warn
    [world-validation] Room "room-isolated" has no items and no hazards (empty room).

    [0m [90m 77 |[39m   [36mif[39m (validation[33m.[39mwarnings[33m.[39mlength [33m>[39m [35m0[39m) {
     [90m 78 |[39m     [36mfor[39m ([36mconst[39m warning [36mof[39m validation[33m.[39mwarnings) {
    [31m[1m>[22m[39m[90m 79 |[39m       console[33m.[39mwarn([32m`[world-validation] ${warning}`[39m)[33m;[39m
     [90m    |[39m               [31m[1m^[22m[39m
     [90m 80 |[39m     }
     [90m 81 |[39m   }
     [90m 82 |[39m[0m

      at warn (api/src/game-engine.js:79:15)
      at loadWorld (tests/game-engine.test.js:33:17)
      at freshSession (tests/game-engine.test.js:38:19)
      at Object.sessionWithPlayer (tests/game-engine.test.js:623:21)

  console.warn
    [world-validation] Room "room-isolated" is an orphan ΓÇö no exits or puzzles connect to it.

    [0m [90m 77 |[39m   [36mif[39m (validation[33m.[39mwarnings[33m.[39mlength [33m>[39m [35m0[39m) {
     [90m 78 |[39m     [36mfor[39m ([36mconst[39m warning [36mof[39m validation[33m.[39mwarnings) {
    [31m[1m>[22m[39m[90m 79 |[39m       console[33m.[39mwarn([32m`[world-validation] ${warning}`[39m)[33m;[39m
     [90m    |[39m               [31m[1m^[22m[39m
     [90m 80 |[39m     }
     [90m 81 |[39m   }
     [90m 82 |[39m[0m

      at warn (api/src/game-engine.js:79:15)
      at loadWorld (tests/game-engine.test.js:33:17)
      at freshSession (tests/game-engine.test.js:38:19)
      at Object.sessionWithPlayer (tests/game-engine.test.js:623:21)

  console.warn
    [world-validation] Room "room-hub" has no items and no hazards (empty room).

    [0m [90m 77 |[39m   [36mif[39m (validation[33m.[39mwarnings[33m.[39mlength [33m>[39m [35m0[39m) {
     [90m 78 |[39m     [36mfor[39m ([36mconst[39m warning [36mof[39m validation[33m.[39mwarnings) {
    [31m[1m>[22m[39m[90m 79 |[39m       console[33m.[39mwarn([32m`[world-validation] ${warning}`[39m)[33m;[39m
     [90m    |[39m               [31m[1m^[22m[39m
     [90m 80 |[39m     }
     [90m 81 |[39m   }
     [90m 82 |[39m[0m

      at warn (api/src/game-engine.js:79:15)
      at loadWorld (tests/game-engine.test.js:33:17)
      at freshSession (tests/game-engine.test.js:43:17)
      at Object.sessionWithPlayers (tests/game-engine.test.js:632:21)

  console.warn
    [world-validation] Room "room-hub-n" has no items and no hazards (empty room).

    [0m [90m 77 |[39m   [36mif[39m (validation[33m.[39mwarnings[33m.[39mlength [33m>[39m [35m0[39m) {
     [90m 78 |[39m     [36mfor[39m ([36mconst[39m warning [36mof[39m validation[33m.[39mwarnings) {
    [31m[1m>[22m[39m[90m 79 |[39m       console[33m.[39mwarn([32m`[world-validation] ${warning}`[39m)[33m;[39m
     [90m    |[39m               [31m[1m^[22m[39m
     [90m 80 |[39m     }
     [90m 81 |[39m   }
     [90m 82 |[39m[0m

      at warn (api/src/game-engine.js:79:15)
      at loadWorld (tests/game-engine.test.js:33:17)
      at freshSession (tests/game-engine.test.js:43:17)
      at Object.sessionWithPlayers (tests/game-engine.test.js:632:21)

  console.warn
    [world-validation] Room "room-hub-e" has no items and no hazards (empty room).

    [0m [90m 77 |[39m   [36mif[39m (validation[33m.[39mwarnings[33m.[39mlength [33m>[39m [35m0[39m) {
     [90m 78 |[39m     [36mfor[39m ([36mconst[39m warning [36mof[39m validation[33m.[39mwarnings) {
    [31m[1m>[22m[39m[90m 79 |[39m       console[33m.[39mwarn([32m`[world-validation] ${warning}`[39m)[33m;[39m
     [90m    |[39m               [31m[1m^[22m[39m
     [90m 80 |[39m     }
     [90m 81 |[39m   }
     [90m 82 |[39m[0m

      at warn (api/src/game-engine.js:79:15)
      at loadWorld (tests/game-engine.test.js:33:17)
      at freshSession (tests/game-engine.test.js:43:17)
      at Object.sessionWithPlayers (tests/game-engine.test.js:632:21)

  console.warn
    [world-validation] Room "room-hub-w" has no items and no hazards (empty room).

    [0m [90m 77 |[39m   [36mif[39m (validation[33m.[39mwarnings[33m.[39mlength [33m>[39m [35m0[39m) {
     [90m 78 |[39m     [36mfor[39m ([36mconst[39m warning [36mof[39m validation[33m.[39mwarnings) {
    [31m[1m>[22m[39m[90m 79 |[39m       console[33m.[39mwarn([32m`[world-validation] ${warning}`[39m)[33m;[39m
     [90m    |[39m               [31m[1m^[22m[39m
     [90m 80 |[39m     }
     [90m 81 |[39m   }
     [90m 82 |[39m[0m

      at warn (api/src/game-engine.js:79:15)
      at loadWorld (tests/game-engine.test.js:33:17)
      at freshSession (tests/game-engine.test.js:43:17)
      at Object.sessionWithPlayers (tests/game-engine.test.js:632:21)

  console.warn
    [world-validation] Room "room-isolated" has no items and no hazards (empty room).

    [0m [90m 77 |[39m   [36mif[39m (validation[33m.[39mwarnings[33m.[39mlength [33m>[39m [35m0[39m) {
     [90m 78 |[39m     [36mfor[39m ([36mconst[39m warning [36mof[39m validation[33m.[39mwarnings) {
    [31m[1m>[22m[39m[90m 79 |[39m       console[33m.[39mwarn([32m`[world-validation] ${warning}`[39m)[33m;[39m
     [90m    |[39m               [31m[1m^[22m[39m
     [90m 80 |[39m     }
     [90m 81 |[39m   }
     [90m 82 |[39m[0m

      at warn (api/src/game-engine.js:79:15)
      at loadWorld (tests/game-engine.test.js:33:17)
      at freshSession (tests/game-engine.test.js:43:17)
      at Object.sessionWithPlayers (tests/game-engine.test.js:632:21)

  console.warn
    [world-validation] Room "room-isolated" is an orphan ΓÇö no exits or puzzles connect to it.

    [0m [90m 77 |[39m   [36mif[39m (validation[33m.[39mwarnings[33m.[39mlength [33m>[39m [35m0[39m) {
     [90m 78 |[39m     [36mfor[39m ([36mconst[39m warning [36mof[39m validation[33m.[39mwarnings) {
    [31m[1m>[22m[39m[90m 79 |[39m       console[33m.[39mwarn([32m`[world-validation] ${warning}`[39m)[33m;[39m
     [90m    |[39m               [31m[1m^[22m[39m
     [90m 80 |[39m     }
     [90m 81 |[39m   }
     [90m 82 |[39m[0m

      at warn (api/src/game-engine.js:79:15)
      at loadWorld (tests/game-engine.test.js:33:17)
      at freshSession (tests/game-engine.test.js:43:17)
      at Object.sessionWithPlayers (tests/game-engine.test.js:632:21)

  console.warn
    [world-validation] Room "room-hub" has no items and no hazards (empty room).

    [0m [90m 77 |[39m   [36mif[39m (validation[33m.[39mwarnings[33m.[39mlength [33m>[39m [35m0[39m) {
     [90m 78 |[39m     [36mfor[39m ([36mconst[39m warning [36mof[39m validation[33m.[39mwarnings) {
    [31m[1m>[22m[39m[90m 79 |[39m       console[33m.[39mwarn([32m`[world-validation] ${warning}`[39m)[33m;[39m
     [90m    |[39m               [31m[1m^[22m[39m
     [90m 80 |[39m     }
     [90m 81 |[39m   }
     [90m 82 |[39m[0m

      at warn (api/src/game-engine.js:79:15)
      at loadWorld (tests/game-engine.test.js:33:17)
      at freshSession (tests/game-engine.test.js:38:19)
      at Object.sessionWithPlayer (tests/game-engine.test.js:647:19)

  console.warn
    [world-validation] Room "room-hub-n" has no items and no hazards (empty room).

    [0m [90m 77 |[39m   [36mif[39m (validation[33m.[39mwarnings[33m.[39mlength [33m>[39m [35m0[39m) {
     [90m 78 |[39m     [36mfor[39m ([36mconst[39m warning [36mof[39m validation[33m.[39mwarnings) {
    [31m[1m>[22m[39m[90m 79 |[39m       console[33m.[39mwarn([32m`[world-validation] ${warning}`[39m)[33m;[39m
     [90m    |[39m               [31m[1m^[22m[39m
     [90m 80 |[39m     }
     [90m 81 |[39m   }
     [90m 82 |[39m[0m

      at warn (api/src/game-engine.js:79:15)
      at loadWorld (tests/game-engine.test.js:33:17)
      at freshSession (tests/game-engine.test.js:38:19)
      at Object.sessionWithPlayer (tests/game-engine.test.js:647:19)

  console.warn
    [world-validation] Room "room-hub-e" has no items and no hazards (empty room).

    [0m [90m 77 |[39m   [36mif[39m (validation[33m.[39mwarnings[33m.[39mlength [33m>[39m [35m0[39m) {
     [90m 78 |[39m     [36mfor[39m ([36mconst[39m warning [36mof[39m validation[33m.[39mwarnings) {
    [31m[1m>[22m[39m[90m 79 |[39m       console[33m.[39mwarn([32m`[world-validation] ${warning}`[39m)[33m;[39m
     [90m    |[39m               [31m[1m^[22m[39m
     [90m 80 |[39m     }
     [90m 81 |[39m   }
     [90m 82 |[39m[0m

      at warn (api/src/game-engine.js:79:15)
      at loadWorld (tests/game-engine.test.js:33:17)
      at freshSession (tests/game-engine.test.js:38:19)
      at Object.sessionWithPlayer (tests/game-engine.test.js:647:19)

  console.warn
    [world-validation] Room "room-hub-w" has no items and no hazards (empty room).

    [0m [90m 77 |[39m   [36mif[39m (validation[33m.[39mwarnings[33m.[39mlength [33m>[39m [35m0[39m) {
     [90m 78 |[39m     [36mfor[39m ([36mconst[39m warning [36mof[39m validation[33m.[39mwarnings) {
    [31m[1m>[22m[39m[90m 79 |[39m       console[33m.[39mwarn([32m`[world-validation] ${warning}`[39m)[33m;[39m
     [90m    |[39m               [31m[1m^[22m[39m
     [90m 80 |[39m     }
     [90m 81 |[39m   }
     [90m 82 |[39m[0m

      at warn (api/src/game-engine.js:79:15)
      at loadWorld (tests/game-engine.test.js:33:17)
      at freshSession (tests/game-engine.test.js:38:19)
      at Object.sessionWithPlayer (tests/game-engine.test.js:647:19)

  console.warn
    [world-validation] Room "room-isolated" has no items and no hazards (empty room).

    [0m [90m 77 |[39m   [36mif[39m (validation[33m.[39mwarnings[33m.[39mlength [33m>[39m [35m0[39m) {
     [90m 78 |[39m     [36mfor[39m ([36mconst[39m warning [36mof[39m validation[33m.[39mwarnings) {
    [31m[1m>[22m[39m[90m 79 |[39m       console[33m.[39mwarn([32m`[world-validation] ${warning}`[39m)[33m;[39m
     [90m    |[39m               [31m[1m^[22m[39m
     [90m 80 |[39m     }
     [90m 81 |[39m   }
     [90m 82 |[39m[0m

      at warn (api/src/game-engine.js:79:15)
      at loadWorld (tests/game-engine.test.js:33:17)
      at freshSession (tests/game-engine.test.js:38:19)
      at Object.sessionWithPlayer (tests/game-engine.test.js:647:19)

  console.warn
    [world-validation] Room "room-isolated" is an orphan ΓÇö no exits or puzzles connect to it.

    [0m [90m 77 |[39m   [36mif[39m (validation[33m.[39mwarnings[33m.[39mlength [33m>[39m [35m0[39m) {
     [90m 78 |[39m     [36mfor[39m ([36mconst[39m warning [36mof[39m validation[33m.[39mwarnings) {
    [31m[1m>[22m[39m[90m 79 |[39m       console[33m.[39mwarn([32m`[world-validation] ${warning}`[39m)[33m;[39m
     [90m    |[39m               [31m[1m^[22m[39m
     [90m 80 |[39m     }
     [90m 81 |[39m   }
     [90m 82 |[39m[0m

      at warn (api/src/game-engine.js:79:15)
      at loadWorld (tests/game-engine.test.js:33:17)
      at freshSession (tests/game-engine.test.js:38:19)
      at Object.sessionWithPlayer (tests/game-engine.test.js:647:19)

  console.warn
    [world-validation] Room "room-hub" has no items and no hazards (empty room).

    [0m [90m 77 |[39m   [36mif[39m (validation[33m.[39mwarnings[33m.[39mlength [33m>[39m [35m0[39m) {
     [90m 78 |[39m     [36mfor[39m ([36mconst[39m warning [36mof[39m validation[33m.[39mwarnings) {
    [31m[1m>[22m[39m[90m 79 |[39m       console[33m.[39mwarn([32m`[world-validation] ${warning}`[39m)[33m;[39m
     [90m    |[39m               [31m[1m^[22m[39m
     [90m 80 |[39m     }
     [90m 81 |[39m   }
     [90m 82 |[39m[0m

      at warn (api/src/game-engine.js:79:15)
      at loadWorld (tests/game-engine.test.js:33:17)
      at freshSession (tests/game-engine.test.js:38:19)
      at Object.sessionWithPlayer (tests/game-engine.test.js:656:19)

  console.warn
    [world-validation] Room "room-hub-n" has no items and no hazards (empty room).

    [0m [90m 77 |[39m   [36mif[39m (validation[33m.[39mwarnings[33m.[39mlength [33m>[39m [35m0[39m) {
     [90m 78 |[39m     [36mfor[39m ([36mconst[39m warning [36mof[39m validation[33m.[39mwarnings) {
    [31m[1m>[22m[39m[90m 79 |[39m       console[33m.[39mwarn([32m`[world-validation] ${warning}`[39m)[33m;[39m
     [90m    |[39m               [31m[1m^[22m[39m
     [90m 80 |[39m     }
     [90m 81 |[39m   }
     [90m 82 |[39m[0m

      at warn (api/src/game-engine.js:79:15)
      at loadWorld (tests/game-engine.test.js:33:17)
      at freshSession (tests/game-engine.test.js:38:19)
      at Object.sessionWithPlayer (tests/game-engine.test.js:656:19)

  console.warn
    [world-validation] Room "room-hub-e" has no items and no hazards (empty room).

    [0m [90m 77 |[39m   [36mif[39m (validation[33m.[39mwarnings[33m.[39mlength [33m>[39m [35m0[39m) {
     [90m 78 |[39m     [36mfor[39m ([36mconst[39m warning [36mof[39m validation[33m.[39mwarnings) {
    [31m[1m>[22m[39m[90m 79 |[39m       console[33m.[39mwarn([32m`[world-validation] ${warning}`[39m)[33m;[39m
     [90m    |[39m               [31m[1m^[22m[39m
     [90m 80 |[39m     }
     [90m 81 |[39m   }
     [90m 82 |[39m[0m

      at warn (api/src/game-engine.js:79:15)
      at loadWorld (tests/game-engine.test.js:33:17)
      at freshSession (tests/game-engine.test.js:38:19)
      at Object.sessionWithPlayer (tests/game-engine.test.js:656:19)

  console.warn
    [world-validation] Room "room-hub-w" has no items and no hazards (empty room).

    [0m [90m 77 |[39m   [36mif[39m (validation[33m.[39mwarnings[33m.[39mlength [33m>[39m [35m0[39m) {
     [90m 78 |[39m     [36mfor[39m ([36mconst[39m warning [36mof[39m validation[33m.[39mwarnings) {
    [31m[1m>[22m[39m[90m 79 |[39m       console[33m.[39mwarn([32m`[world-validation] ${warning}`[39m)[33m;[39m
     [90m    |[39m               [31m[1m^[22m[39m
     [90m 80 |[39m     }
     [90m 81 |[39m   }
     [90m 82 |[39m[0m

      at warn (api/src/game-engine.js:79:15)
      at loadWorld (tests/game-engine.test.js:33:17)
      at freshSession (tests/game-engine.test.js:38:19)
      at Object.sessionWithPlayer (tests/game-engine.test.js:656:19)

  console.warn
    [world-validation] Room "room-isolated" has no items and no hazards (empty room).

    [0m [90m 77 |[39m   [36mif[39m (validation[33m.[39mwarnings[33m.[39mlength [33m>[39m [35m0[39m) {
     [90m 78 |[39m     [36mfor[39m ([36mconst[39m warning [36mof[39m validation[33m.[39mwarnings) {
    [31m[1m>[22m[39m[90m 79 |[39m       console[33m.[39mwarn([32m`[world-validation] ${warning}`[39m)[33m;[39m
     [90m    |[39m               [31m[1m^[22m[39m
     [90m 80 |[39m     }
     [90m 81 |[39m   }
     [90m 82 |[39m[0m

      at warn (api/src/game-engine.js:79:15)
      at loadWorld (tests/game-engine.test.js:33:17)
      at freshSession (tests/game-engine.test.js:38:19)
      at Object.sessionWithPlayer (tests/game-engine.test.js:656:19)

  console.warn
    [world-validation] Room "room-isolated" is an orphan ΓÇö no exits or puzzles connect to it.

    [0m [90m 77 |[39m   [36mif[39m (validation[33m.[39mwarnings[33m.[39mlength [33m>[39m [35m0[39m) {
     [90m 78 |[39m     [36mfor[39m ([36mconst[39m warning [36mof[39m validation[33m.[39mwarnings) {
    [31m[1m>[22m[39m[90m 79 |[39m       console[33m.[39mwarn([32m`[world-validation] ${warning}`[39m)[33m;[39m
     [90m    |[39m               [31m[1m^[22m[39m
     [90m 80 |[39m     }
     [90m 81 |[39m   }
     [90m 82 |[39m[0m

      at warn (api/src/game-engine.js:79:15)
      at loadWorld (tests/game-engine.test.js:33:17)
      at freshSession (tests/game-engine.test.js:38:19)
      at Object.sessionWithPlayer (tests/game-engine.test.js:656:19)

  console.warn
    [world-validation] Room "room-hub" has no items and no hazards (empty room).

    [0m [90m 77 |[39m   [36mif[39m (validation[33m.[39mwarnings[33m.[39mlength [33m>[39m [35m0[39m) {
     [90m 78 |[39m     [36mfor[39m ([36mconst[39m warning [36mof[39m validation[33m.[39mwarnings) {
    [31m[1m>[22m[39m[90m 79 |[39m       console[33m.[39mwarn([32m`[world-validation] ${warning}`[39m)[33m;[39m
     [90m    |[39m               [31m[1m^[22m[39m
     [90m 80 |[39m     }
     [90m 81 |[39m   }
     [90m 82 |[39m[0m

      at warn (api/src/game-engine.js:79:15)
      at loadWorld (tests/game-engine.test.js:33:17)
      at freshSession (tests/game-engine.test.js:38:19)
      at Object.sessionWithPlayer (tests/game-engine.test.js:671:19)

  console.warn
    [world-validation] Room "room-hub-n" has no items and no hazards (empty room).

    [0m [90m 77 |[39m   [36mif[39m (validation[33m.[39mwarnings[33m.[39mlength [33m>[39m [35m0[39m) {
     [90m 78 |[39m     [36mfor[39m ([36mconst[39m warning [36mof[39m validation[33m.[39mwarnings) {
    [31m[1m>[22m[39m[90m 79 |[39m       console[33m.[39mwarn([32m`[world-validation] ${warning}`[39m)[33m;[39m
     [90m    |[39m               [31m[1m^[22m[39m
     [90m 80 |[39m     }
     [90m 81 |[39m   }
     [90m 82 |[39m[0m

      at warn (api/src/game-engine.js:79:15)
      at loadWorld (tests/game-engine.test.js:33:17)
      at freshSession (tests/game-engine.test.js:38:19)
      at Object.sessionWithPlayer (tests/game-engine.test.js:671:19)

  console.warn
    [world-validation] Room "room-hub-e" has no items and no hazards (empty room).

    [0m [90m 77 |[39m   [36mif[39m (validation[33m.[39mwarnings[33m.[39mlength [33m>[39m [35m0[39m) {
     [90m 78 |[39m     [36mfor[39m ([36mconst[39m warning [36mof[39m validation[33m.[39mwarnings) {
    [31m[1m>[22m[39m[90m 79 |[39m       console[33m.[39mwarn([32m`[world-validation] ${warning}`[39m)[33m;[39m
     [90m    |[39m               [31m[1m^[22m[39m
     [90m 80 |[39m     }
     [90m 81 |[39m   }
     [90m 82 |[39m[0m

      at warn (api/src/game-engine.js:79:15)
      at loadWorld (tests/game-engine.test.js:33:17)
      at freshSession (tests/game-engine.test.js:38:19)
      at Object.sessionWithPlayer (tests/game-engine.test.js:671:19)

  console.warn
    [world-validation] Room "room-hub-w" has no items and no hazards (empty room).

    [0m [90m 77 |[39m   [36mif[39m (validation[33m.[39mwarnings[33m.[39mlength [33m>[39m [35m0[39m) {
     [90m 78 |[39m     [36mfor[39m ([36mconst[39m warning [36mof[39m validation[33m.[39mwarnings) {
    [31m[1m>[22m[39m[90m 79 |[39m       console[33m.[39mwarn([32m`[world-validation] ${warning}`[39m)[33m;[39m
     [90m    |[39m               [31m[1m^[22m[39m
     [90m 80 |[39m     }
     [90m 81 |[39m   }
     [90m 82 |[39m[0m

      at warn (api/src/game-engine.js:79:15)
      at loadWorld (tests/game-engine.test.js:33:17)
      at freshSession (tests/game-engine.test.js:38:19)
      at Object.sessionWithPlayer (tests/game-engine.test.js:671:19)

  console.warn
    [world-validation] Room "room-isolated" has no items and no hazards (empty room).

    [0m [90m 77 |[39m   [36mif[39m (validation[33m.[39mwarnings[33m.[39mlength [33m>[39m [35m0[39m) {
     [90m 78 |[39m     [36mfor[39m ([36mconst[39m warning [36mof[39m validation[33m.[39mwarnings) {
    [31m[1m>[22m[39m[90m 79 |[39m       console[33m.[39mwarn([32m`[world-validation] ${warning}`[39m)[33m;[39m
     [90m    |[39m               [31m[1m^[22m[39m
     [90m 80 |[39m     }
     [90m 81 |[39m   }
     [90m 82 |[39m[0m

      at warn (api/src/game-engine.js:79:15)
      at loadWorld (tests/game-engine.test.js:33:17)
      at freshSession (tests/game-engine.test.js:38:19)
      at Object.sessionWithPlayer (tests/game-engine.test.js:671:19)

  console.warn
    [world-validation] Room "room-isolated" is an orphan ΓÇö no exits or puzzles connect to it.

    [0m [90m 77 |[39m   [36mif[39m (validation[33m.[39mwarnings[33m.[39mlength [33m>[39m [35m0[39m) {
     [90m 78 |[39m     [36mfor[39m ([36mconst[39m warning [36mof[39m validation[33m.[39mwarnings) {
    [31m[1m>[22m[39m[90m 79 |[39m       console[33m.[39mwarn([32m`[world-validation] ${warning}`[39m)[33m;[39m
     [90m    |[39m               [31m[1m^[22m[39m
     [90m 80 |[39m     }
     [90m 81 |[39m   }
     [90m 82 |[39m[0m

      at warn (api/src/game-engine.js:79:15)
      at loadWorld (tests/game-engine.test.js:33:17)
      at freshSession (tests/game-engine.test.js:38:19)
      at Object.sessionWithPlayer (tests/game-engine.test.js:671:19)

  console.warn
    [world-validation] Room "room-hub" has no items and no hazards (empty room).

    [0m [90m 77 |[39m   [36mif[39m (validation[33m.[39mwarnings[33m.[39mlength [33m>[39m [35m0[39m) {
     [90m 78 |[39m     [36mfor[39m ([36mconst[39m warning [36mof[39m validation[33m.[39mwarnings) {
    [31m[1m>[22m[39m[90m 79 |[39m       console[33m.[39mwarn([32m`[world-validation] ${warning}`[39m)[33m;[39m
     [90m    |[39m               [31m[1m^[22m[39m
     [90m 80 |[39m     }
     [90m 81 |[39m   }
     [90m 82 |[39m[0m

      at warn (api/src/game-engine.js:79:15)
      at loadWorld (tests/game-engine.test.js:33:17)
      at Object.freshSession (tests/game-engine.test.js:681:21)

  console.warn
    [world-validation] Room "room-hub-n" has no items and no hazards (empty room).

    [0m [90m 77 |[39m   [36mif[39m (validation[33m.[39mwarnings[33m.[39mlength [33m>[39m [35m0[39m) {
     [90m 78 |[39m     [36mfor[39m ([36mconst[39m warning [36mof[39m validation[33m.[39mwarnings) {
    [31m[1m>[22m[39m[90m 79 |[39m       console[33m.[39mwarn([32m`[world-validation] ${warning}`[39m)[33m;[39m
     [90m    |[39m               [31m[1m^[22m[39m
     [90m 80 |[39m     }
     [90m 81 |[39m   }
     [90m 82 |[39m[0m

      at warn (api/src/game-engine.js:79:15)
      at loadWorld (tests/game-engine.test.js:33:17)
      at Object.freshSession (tests/game-engine.test.js:681:21)

  console.warn
    [world-validation] Room "room-hub-e" has no items and no hazards (empty room).

    [0m [90m 77 |[39m   [36mif[39m (validation[33m.[39mwarnings[33m.[39mlength [33m>[39m [35m0[39m) {
     [90m 78 |[39m     [36mfor[39m ([36mconst[39m warning [36mof[39m validation[33m.[39mwarnings) {
    [31m[1m>[22m[39m[90m 79 |[39m       console[33m.[39mwarn([32m`[world-validation] ${warning}`[39m)[33m;[39m
     [90m    |[39m               [31m[1m^[22m[39m
     [90m 80 |[39m     }
     [90m 81 |[39m   }
     [90m 82 |[39m[0m

      at warn (api/src/game-engine.js:79:15)
      at loadWorld (tests/game-engine.test.js:33:17)
      at Object.freshSession (tests/game-engine.test.js:681:21)

  console.warn
    [world-validation] Room "room-hub-w" has no items and no hazards (empty room).

    [0m [90m 77 |[39m   [36mif[39m (validation[33m.[39mwarnings[33m.[39mlength [33m>[39m [35m0[39m) {
     [90m 78 |[39m     [36mfor[39m ([36mconst[39m warning [36mof[39m validation[33m.[39mwarnings) {
    [31m[1m>[22m[39m[90m 79 |[39m       console[33m.[39mwarn([32m`[world-validation] ${warning}`[39m)[33m;[39m
     [90m    |[39m               [31m[1m^[22m[39m
     [90m 80 |[39m     }
     [90m 81 |[39m   }
     [90m 82 |[39m[0m

      at warn (api/src/game-engine.js:79:15)
      at loadWorld (tests/game-engine.test.js:33:17)
      at Object.freshSession (tests/game-engine.test.js:681:21)

  console.warn
    [world-validation] Room "room-isolated" has no items and no hazards (empty room).

    [0m [90m 77 |[39m   [36mif[39m (validation[33m.[39mwarnings[33m.[39mlength [33m>[39m [35m0[39m) {
     [90m 78 |[39m     [36mfor[39m ([36mconst[39m warning [36mof[39m validation[33m.[39mwarnings) {
    [31m[1m>[22m[39m[90m 79 |[39m       console[33m.[39mwarn([32m`[world-validation] ${warning}`[39m)[33m;[39m
     [90m    |[39m               [31m[1m^[22m[39m
     [90m 80 |[39m     }
     [90m 81 |[39m   }
     [90m 82 |[39m[0m

      at warn (api/src/game-engine.js:79:15)
      at loadWorld (tests/game-engine.test.js:33:17)
      at Object.freshSession (tests/game-engine.test.js:681:21)

  console.warn
    [world-validation] Room "room-isolated" is an orphan ΓÇö no exits or puzzles connect to it.

    [0m [90m 77 |[39m   [36mif[39m (validation[33m.[39mwarnings[33m.[39mlength [33m>[39m [35m0[39m) {
     [90m 78 |[39m     [36mfor[39m ([36mconst[39m warning [36mof[39m validation[33m.[39mwarnings) {
    [31m[1m>[22m[39m[90m 79 |[39m       console[33m.[39mwarn([32m`[world-validation] ${warning}`[39m)[33m;[39m
     [90m    |[39m               [31m[1m^[22m[39m
     [90m 80 |[39m     }
     [90m 81 |[39m   }
     [90m 82 |[39m[0m

      at warn (api/src/game-engine.js:79:15)
      at loadWorld (tests/game-engine.test.js:33:17)
      at Object.freshSession (tests/game-engine.test.js:681:21)

  console.warn
    [world-validation] Room "room-hub" has no items and no hazards (empty room).

    [0m [90m 77 |[39m   [36mif[39m (validation[33m.[39mwarnings[33m.[39mlength [33m>[39m [35m0[39m) {
     [90m 78 |[39m     [36mfor[39m ([36mconst[39m warning [36mof[39m validation[33m.[39mwarnings) {
    [31m[1m>[22m[39m[90m 79 |[39m       console[33m.[39mwarn([32m`[world-validation] ${warning}`[39m)[33m;[39m
     [90m    |[39m               [31m[1m^[22m[39m
     [90m 80 |[39m     }
     [90m 81 |[39m   }
     [90m 82 |[39m[0m

      at warn (api/src/game-engine.js:79:15)
      at loadWorld (tests/game-engine.test.js:33:17)
      at freshSession (tests/game-engine.test.js:43:17)
      at Object.sessionWithPlayers (tests/game-engine.test.js:687:19)

  console.warn
    [world-validation] Room "room-hub-n" has no items and no hazards (empty room).

    [0m [90m 77 |[39m   [36mif[39m (validation[33m.[39mwarnings[33m.[39mlength [33m>[39m [35m0[39m) {
     [90m 78 |[39m     [36mfor[39m ([36mconst[39m warning [36mof[39m validation[33m.[39mwarnings) {
    [31m[1m>[22m[39m[90m 79 |[39m       console[33m.[39mwarn([32m`[world-validation] ${warning}`[39m)[33m;[39m
     [90m    |[39m               [31m[1m^[22m[39m
     [90m 80 |[39m     }
     [90m 81 |[39m   }
     [90m 82 |[39m[0m

      at warn (api/src/game-engine.js:79:15)
      at loadWorld (tests/game-engine.test.js:33:17)
      at freshSession (tests/game-engine.test.js:43:17)
      at Object.sessionWithPlayers (tests/game-engine.test.js:687:19)

  console.warn
    [world-validation] Room "room-hub-e" has no items and no hazards (empty room).

    [0m [90m 77 |[39m   [36mif[39m (validation[33m.[39mwarnings[33m.[39mlength [33m>[39m [35m0[39m) {
     [90m 78 |[39m     [36mfor[39m ([36mconst[39m warning [36mof[39m validation[33m.[39mwarnings) {
    [31m[1m>[22m[39m[90m 79 |[39m       console[33m.[39mwarn([32m`[world-validation] ${warning}`[39m)[33m;[39m
     [90m    |[39m               [31m[1m^[22m[39m
     [90m 80 |[39m     }
     [90m 81 |[39m   }
     [90m 82 |[39m[0m

      at warn (api/src/game-engine.js:79:15)
      at loadWorld (tests/game-engine.test.js:33:17)
      at freshSession (tests/game-engine.test.js:43:17)
      at Object.sessionWithPlayers (tests/game-engine.test.js:687:19)

  console.warn
    [world-validation] Room "room-hub-w" has no items and no hazards (empty room).

    [0m [90m 77 |[39m   [36mif[39m (validation[33m.[39mwarnings[33m.[39mlength [33m>[39m [35m0[39m) {
     [90m 78 |[39m     [36mfor[39m ([36mconst[39m warning [36mof[39m validation[33m.[39mwarnings) {
    [31m[1m>[22m[39m[90m 79 |[39m       console[33m.[39mwarn([32m`[world-validation] ${warning}`[39m)[33m;[39m
     [90m    |[39m               [31m[1m^[22m[39m
     [90m 80 |[39m     }
     [90m 81 |[39m   }
     [90m 82 |[39m[0m

      at warn (api/src/game-engine.js:79:15)
      at loadWorld (tests/game-engine.test.js:33:17)
      at freshSession (tests/game-engine.test.js:43:17)
      at Object.sessionWithPlayers (tests/game-engine.test.js:687:19)

  console.warn
    [world-validation] Room "room-isolated" has no items and no hazards (empty room).

    [0m [90m 77 |[39m   [36mif[39m (validation[33m.[39mwarnings[33m.[39mlength [33m>[39m [35m0[39m) {
     [90m 78 |[39m     [36mfor[39m ([36mconst[39m warning [36mof[39m validation[33m.[39mwarnings) {
    [31m[1m>[22m[39m[90m 79 |[39m       console[33m.[39mwarn([32m`[world-validation] ${warning}`[39m)[33m;[39m
     [90m    |[39m               [31m[1m^[22m[39m
     [90m 80 |[39m     }
     [90m 81 |[39m   }
     [90m 82 |[39m[0m

      at warn (api/src/game-engine.js:79:15)
      at loadWorld (tests/game-engine.test.js:33:17)
      at freshSession (tests/game-engine.test.js:43:17)
      at Object.sessionWithPlayers (tests/game-engine.test.js:687:19)

  console.warn
    [world-validation] Room "room-isolated" is an orphan ΓÇö no exits or puzzles connect to it.

    [0m [90m 77 |[39m   [36mif[39m (validation[33m.[39mwarnings[33m.[39mlength [33m>[39m [35m0[39m) {
     [90m 78 |[39m     [36mfor[39m ([36mconst[39m warning [36mof[39m validation[33m.[39mwarnings) {
    [31m[1m>[22m[39m[90m 79 |[39m       console[33m.[39mwarn([32m`[world-validation] ${warning}`[39m)[33m;[39m
     [90m    |[39m               [31m[1m^[22m[39m
     [90m 80 |[39m     }
     [90m 81 |[39m   }
     [90m 82 |[39m[0m

      at warn (api/src/game-engine.js:79:15)
      at loadWorld (tests/game-engine.test.js:33:17)
      at freshSession (tests/game-engine.test.js:43:17)
      at Object.sessionWithPlayers (tests/game-engine.test.js:687:19)

  console.warn
    [world-validation] Room "room-hub" has no items and no hazards (empty room).

    [0m [90m 77 |[39m   [36mif[39m (validation[33m.[39mwarnings[33m.[39mlength [33m>[39m [35m0[39m) {
     [90m 78 |[39m     [36mfor[39m ([36mconst[39m warning [36mof[39m validation[33m.[39mwarnings) {
    [31m[1m>[22m[39m[90m 79 |[39m       console[33m.[39mwarn([32m`[world-validation] ${warning}`[39m)[33m;[39m
     [90m    |[39m               [31m[1m^[22m[39m
     [90m 80 |[39m     }
     [90m 81 |[39m   }
     [90m 82 |[39m[0m

      at warn (api/src/game-engine.js:79:15)
      at loadWorld (tests/game-engine.test.js:33:17)
      at freshSession (tests/game-engine.test.js:43:17)
      at Object.sessionWithPlayers (tests/game-engine.test.js:694:19)

  console.warn
    [world-validation] Room "room-hub-n" has no items and no hazards (empty room).

    [0m [90m 77 |[39m   [36mif[39m (validation[33m.[39mwarnings[33m.[39mlength [33m>[39m [35m0[39m) {
     [90m 78 |[39m     [36mfor[39m ([36mconst[39m warning [36mof[39m validation[33m.[39mwarnings) {
    [31m[1m>[22m[39m[90m 79 |[39m       console[33m.[39mwarn([32m`[world-validation] ${warning}`[39m)[33m;[39m
     [90m    |[39m               [31m[1m^[22m[39m
     [90m 80 |[39m     }
     [90m 81 |[39m   }
     [90m 82 |[39m[0m

      at warn (api/src/game-engine.js:79:15)
      at loadWorld (tests/game-engine.test.js:33:17)
      at freshSession (tests/game-engine.test.js:43:17)
      at Object.sessionWithPlayers (tests/game-engine.test.js:694:19)

  console.warn
    [world-validation] Room "room-hub-e" has no items and no hazards (empty room).

    [0m [90m 77 |[39m   [36mif[39m (validation[33m.[39mwarnings[33m.[39mlength [33m>[39m [35m0[39m) {
     [90m 78 |[39m     [36mfor[39m ([36mconst[39m warning [36mof[39m validation[33m.[39mwarnings) {
    [31m[1m>[22m[39m[90m 79 |[39m       console[33m.[39mwarn([32m`[world-validation] ${warning}`[39m)[33m;[39m
     [90m    |[39m               [31m[1m^[22m[39m
     [90m 80 |[39m     }
     [90m 81 |[39m   }
     [90m 82 |[39m[0m

      at warn (api/src/game-engine.js:79:15)
      at loadWorld (tests/game-engine.test.js:33:17)
      at freshSession (tests/game-engine.test.js:43:17)
      at Object.sessionWithPlayers (tests/game-engine.test.js:694:19)

  console.warn
    [world-validation] Room "room-hub-w" has no items and no hazards (empty room).

    [0m [90m 77 |[39m   [36mif[39m (validation[33m.[39mwarnings[33m.[39mlength [33m>[39m [35m0[39m) {
     [90m 78 |[39m     [36mfor[39m ([36mconst[39m warning [36mof[39m validation[33m.[39mwarnings) {
    [31m[1m>[22m[39m[90m 79 |[39m       console[33m.[39mwarn([32m`[world-validation] ${warning}`[39m)[33m;[39m
     [90m    |[39m               [31m[1m^[22m[39m
     [90m 80 |[39m     }
     [90m 81 |[39m   }
     [90m 82 |[39m[0m

      at warn (api/src/game-engine.js:79:15)
      at loadWorld (tests/game-engine.test.js:33:17)
      at freshSession (tests/game-engine.test.js:43:17)
      at Object.sessionWithPlayers (tests/game-engine.test.js:694:19)

  console.warn
    [world-validation] Room "room-isolated" has no items and no hazards (empty room).

    [0m [90m 77 |[39m   [36mif[39m (validation[33m.[39mwarnings[33m.[39mlength [33m>[39m [35m0[39m) {
     [90m 78 |[39m     [36mfor[39m ([36mconst[39m warning [36mof[39m validation[33m.[39mwarnings) {
    [31m[1m>[22m[39m[90m 79 |[39m       console[33m.[39mwarn([32m`[world-validation] ${warning}`[39m)[33m;[39m
     [90m    |[39m               [31m[1m^[22m[39m
     [90m 80 |[39m     }
     [90m 81 |[39m   }
     [90m 82 |[39m[0m

      at warn (api/src/game-engine.js:79:15)
      at loadWorld (tests/game-engine.test.js:33:17)
      at freshSession (tests/game-engine.test.js:43:17)
      at Object.sessionWithPlayers (tests/game-engine.test.js:694:19)

  console.warn
    [world-validation] Room "room-isolated" is an orphan ΓÇö no exits or puzzles connect to it.

    [0m [90m 77 |[39m   [36mif[39m (validation[33m.[39mwarnings[33m.[39mlength [33m>[39m [35m0[39m) {
     [90m 78 |[39m     [36mfor[39m ([36mconst[39m warning [36mof[39m validation[33m.[39mwarnings) {
    [31m[1m>[22m[39m[90m 79 |[39m       console[33m.[39mwarn([32m`[world-validation] ${warning}`[39m)[33m;[39m
     [90m    |[39m               [31m[1m^[22m[39m
     [90m 80 |[39m     }
     [90m 81 |[39m   }
     [90m 82 |[39m[0m

      at warn (api/src/game-engine.js:79:15)
      at loadWorld (tests/game-engine.test.js:33:17)
      at freshSession (tests/game-engine.test.js:43:17)
      at Object.sessionWithPlayers (tests/game-engine.test.js:694:19)

  console.warn
    [world-validation] Room "room-hub" has no items and no hazards (empty room).

    [0m [90m 77 |[39m   [36mif[39m (validation[33m.[39mwarnings[33m.[39mlength [33m>[39m [35m0[39m) {
     [90m 78 |[39m     [36mfor[39m ([36mconst[39m warning [36mof[39m validation[33m.[39mwarnings) {
    [31m[1m>[22m[39m[90m 79 |[39m       console[33m.[39mwarn([32m`[world-validation] ${warning}`[39m)[33m;[39m
     [90m    |[39m               [31m[1m^[22m[39m
     [90m 80 |[39m     }
     [90m 81 |[39m   }
     [90m 82 |[39m[0m

      at warn (api/src/game-engine.js:79:15)
      at loadWorld (tests/game-engine.test.js:33:17)
      at freshSession (tests/game-engine.test.js:43:17)
      at Object.sessionWithPlayers (tests/game-engine.test.js:701:19)

  console.warn
    [world-validation] Room "room-hub-n" has no items and no hazards (empty room).

    [0m [90m 77 |[39m   [36mif[39m (validation[33m.[39mwarnings[33m.[39mlength [33m>[39m [35m0[39m) {
     [90m 78 |[39m     [36mfor[39m ([36mconst[39m warning [36mof[39m validation[33m.[39mwarnings) {
    [31m[1m>[22m[39m[90m 79 |[39m       console[33m.[39mwarn([32m`[world-validation] ${warning}`[39m)[33m;[39m
     [90m    |[39m               [31m[1m^[22m[39m
     [90m 80 |[39m     }
     [90m 81 |[39m   }
     [90m 82 |[39m[0m

      at warn (api/src/game-engine.js:79:15)
      at loadWorld (tests/game-engine.test.js:33:17)
      at freshSession (tests/game-engine.test.js:43:17)
      at Object.sessionWithPlayers (tests/game-engine.test.js:701:19)

  console.warn
    [world-validation] Room "room-hub-e" has no items and no hazards (empty room).

    [0m [90m 77 |[39m   [36mif[39m (validation[33m.[39mwarnings[33m.[39mlength [33m>[39m [35m0[39m) {
     [90m 78 |[39m     [36mfor[39m ([36mconst[39m warning [36mof[39m validation[33m.[39mwarnings) {
    [31m[1m>[22m[39m[90m 79 |[39m       console[33m.[39mwarn([32m`[world-validation] ${warning}`[39m)[33m;[39m
     [90m    |[39m               [31m[1m^[22m[39m
     [90m 80 |[39m     }
     [90m 81 |[39m   }
     [90m 82 |[39m[0m

      at warn (api/src/game-engine.js:79:15)
      at loadWorld (tests/game-engine.test.js:33:17)
      at freshSession (tests/game-engine.test.js:43:17)
      at Object.sessionWithPlayers (tests/game-engine.test.js:701:19)

  console.warn
    [world-validation] Room "room-hub-w" has no items and no hazards (empty room).

    [0m [90m 77 |[39m   [36mif[39m (validation[33m.[39mwarnings[33m.[39mlength [33m>[39m [35m0[39m) {
     [90m 78 |[39m     [36mfor[39m ([36mconst[39m warning [36mof[39m validation[33m.[39mwarnings) {
    [31m[1m>[22m[39m[90m 79 |[39m       console[33m.[39mwarn([32m`[world-validation] ${warning}`[39m)[33m;[39m
     [90m    |[39m               [31m[1m^[22m[39m
     [90m 80 |[39m     }
     [90m 81 |[39m   }
     [90m 82 |[39m[0m

      at warn (api/src/game-engine.js:79:15)
      at loadWorld (tests/game-engine.test.js:33:17)
      at freshSession (tests/game-engine.test.js:43:17)
      at Object.sessionWithPlayers (tests/game-engine.test.js:701:19)

  console.warn
    [world-validation] Room "room-isolated" has no items and no hazards (empty room).

    [0m [90m 77 |[39m   [36mif[39m (validation[33m.[39mwarnings[33m.[39mlength [33m>[39m [35m0[39m) {
     [90m 78 |[39m     [36mfor[39m ([36mconst[39m warning [36mof[39m validation[33m.[39mwarnings) {
    [31m[1m>[22m[39m[90m 79 |[39m       console[33m.[39mwarn([32m`[world-validation] ${warning}`[39m)[33m;[39m
     [90m    |[39m               [31m[1m^[22m[39m
     [90m 80 |[39m     }
     [90m 81 |[39m   }
     [90m 82 |[39m[0m

      at warn (api/src/game-engine.js:79:15)
      at loadWorld (tests/game-engine.test.js:33:17)
      at freshSession (tests/game-engine.test.js:43:17)
      at Object.sessionWithPlayers (tests/game-engine.test.js:701:19)

  console.warn
    [world-validation] Room "room-isolated" is an orphan ΓÇö no exits or puzzles connect to it.

    [0m [90m 77 |[39m   [36mif[39m (validation[33m.[39mwarnings[33m.[39mlength [33m>[39m [35m0[39m) {
     [90m 78 |[39m     [36mfor[39m ([36mconst[39m warning [36mof[39m validation[33m.[39mwarnings) {
    [31m[1m>[22m[39m[90m 79 |[39m       console[33m.[39mwarn([32m`[world-validation] ${warning}`[39m)[33m;[39m
     [90m    |[39m               [31m[1m^[22m[39m
     [90m 80 |[39m     }
     [90m 81 |[39m   }
     [90m 82 |[39m[0m

      at warn (api/src/game-engine.js:79:15)
      at loadWorld (tests/game-engine.test.js:33:17)
      at freshSession (tests/game-engine.test.js:43:17)
      at Object.sessionWithPlayers (tests/game-engine.test.js:701:19)

  console.warn
    [world-validation] Room "room-hub" has no items and no hazards (empty room).

    [0m [90m 77 |[39m   [36mif[39m (validation[33m.[39mwarnings[33m.[39mlength [33m>[39m [35m0[39m) {
     [90m 78 |[39m     [36mfor[39m ([36mconst[39m warning [36mof[39m validation[33m.[39mwarnings) {
    [31m[1m>[22m[39m[90m 79 |[39m       console[33m.[39mwarn([32m`[world-validation] ${warning}`[39m)[33m;[39m
     [90m    |[39m               [31m[1m^[22m[39m
     [90m 80 |[39m     }
     [90m 81 |[39m   }
     [90m 82 |[39m[0m

      at warn (api/src/game-engine.js:79:15)
      at loadWorld (tests/game-engine.test.js:33:17)
      at freshSession (tests/game-engine.test.js:43:17)
      at Object.sessionWithPlayers (tests/game-engine.test.js:709:19)

  console.warn
    [world-validation] Room "room-hub-n" has no items and no hazards (empty room).

    [0m [90m 77 |[39m   [36mif[39m (validation[33m.[39mwarnings[33m.[39mlength [33m>[39m [35m0[39m) {
     [90m 78 |[39m     [36mfor[39m ([36mconst[39m warning [36mof[39m validation[33m.[39mwarnings) {
    [31m[1m>[22m[39m[90m 79 |[39m       console[33m.[39mwarn([32m`[world-validation] ${warning}`[39m)[33m;[39m
     [90m    |[39m               [31m[1m^[22m[39m
     [90m 80 |[39m     }
     [90m 81 |[39m   }
     [90m 82 |[39m[0m

      at warn (api/src/game-engine.js:79:15)
      at loadWorld (tests/game-engine.test.js:33:17)
      at freshSession (tests/game-engine.test.js:43:17)
      at Object.sessionWithPlayers (tests/game-engine.test.js:709:19)

  console.warn
    [world-validation] Room "room-hub-e" has no items and no hazards (empty room).

    [0m [90m 77 |[39m   [36mif[39m (validation[33m.[39mwarnings[33m.[39mlength [33m>[39m [35m0[39m) {
     [90m 78 |[39m     [36mfor[39m ([36mconst[39m warning [36mof[39m validation[33m.[39mwarnings) {
    [31m[1m>[22m[39m[90m 79 |[39m       console[33m.[39mwarn([32m`[world-validation] ${warning}`[39m)[33m;[39m
     [90m    |[39m               [31m[1m^[22m[39m
     [90m 80 |[39m     }
     [90m 81 |[39m   }
     [90m 82 |[39m[0m

      at warn (api/src/game-engine.js:79:15)
      at loadWorld (tests/game-engine.test.js:33:17)
      at freshSession (tests/game-engine.test.js:43:17)
      at Object.sessionWithPlayers (tests/game-engine.test.js:709:19)

  console.warn
    [world-validation] Room "room-hub-w" has no items and no hazards (empty room).

    [0m [90m 77 |[39m   [36mif[39m (validation[33m.[39mwarnings[33m.[39mlength [33m>[39m [35m0[39m) {
     [90m 78 |[39m     [36mfor[39m ([36mconst[39m warning [36mof[39m validation[33m.[39mwarnings) {
    [31m[1m>[22m[39m[90m 79 |[39m       console[33m.[39mwarn([32m`[world-validation] ${warning}`[39m)[33m;[39m
     [90m    |[39m               [31m[1m^[22m[39m
     [90m 80 |[39m     }
     [90m 81 |[39m   }
     [90m 82 |[39m[0m

      at warn (api/src/game-engine.js:79:15)
      at loadWorld (tests/game-engine.test.js:33:17)
      at freshSession (tests/game-engine.test.js:43:17)
      at Object.sessionWithPlayers (tests/game-engine.test.js:709:19)

  console.warn
    [world-validation] Room "room-isolated" has no items and no hazards (empty room).

    [0m [90m 77 |[39m   [36mif[39m (validation[33m.[39mwarnings[33m.[39mlength [33m>[39m [35m0[39m) {
     [90m 78 |[39m     [36mfor[39m ([36mconst[39m warning [36mof[39m validation[33m.[39mwarnings) {
    [31m[1m>[22m[39m[90m 79 |[39m       console[33m.[39mwarn([32m`[world-validation] ${warning}`[39m)[33m;[39m
     [90m    |[39m               [31m[1m^[22m[39m
     [90m 80 |[39m     }
     [90m 81 |[39m   }
     [90m 82 |[39m[0m

      at warn (api/src/game-engine.js:79:15)
      at loadWorld (tests/game-engine.test.js:33:17)
      at freshSession (tests/game-engine.test.js:43:17)
      at Object.sessionWithPlayers (tests/game-engine.test.js:709:19)

  console.warn
    [world-validation] Room "room-isolated" is an orphan ΓÇö no exits or puzzles connect to it.

    [0m [90m 77 |[39m   [36mif[39m (validation[33m.[39mwarnings[33m.[39mlength [33m>[39m [35m0[39m) {
     [90m 78 |[39m     [36mfor[39m ([36mconst[39m warning [36mof[39m validation[33m.[39mwarnings) {
    [31m[1m>[22m[39m[90m 79 |[39m       console[33m.[39mwarn([32m`[world-validation] ${warning}`[39m)[33m;[39m
     [90m    |[39m               [31m[1m^[22m[39m
     [90m 80 |[39m     }
     [90m 81 |[39m   }
     [90m 82 |[39m[0m

      at warn (api/src/game-engine.js:79:15)
      at loadWorld (tests/game-engine.test.js:33:17)
      at freshSession (tests/game-engine.test.js:43:17)
      at Object.sessionWithPlayers (tests/game-engine.test.js:709:19)

  console.warn
    [world-validation] Room "room-hub" has no items and no hazards (empty room).

    [0m [90m 77 |[39m   [36mif[39m (validation[33m.[39mwarnings[33m.[39mlength [33m>[39m [35m0[39m) {
     [90m 78 |[39m     [36mfor[39m ([36mconst[39m warning [36mof[39m validation[33m.[39mwarnings) {
    [31m[1m>[22m[39m[90m 79 |[39m       console[33m.[39mwarn([32m`[world-validation] ${warning}`[39m)[33m;[39m
     [90m    |[39m               [31m[1m^[22m[39m
     [90m 80 |[39m     }
     [90m 81 |[39m   }
     [90m 82 |[39m[0m

      at warn (api/src/game-engine.js:79:15)
      at loadWorld (tests/game-engine.test.js:33:17)
      at freshSession (tests/game-engine.test.js:38:19)
      at Object.sessionWithPlayer (tests/game-engine.test.js:717:19)

  console.warn
    [world-validation] Room "room-hub-n" has no items and no hazards (empty room).

    [0m [90m 77 |[39m   [36mif[39m (validation[33m.[39mwarnings[33m.[39mlength [33m>[39m [35m0[39m) {
     [90m 78 |[39m     [36mfor[39m ([36mconst[39m warning [36mof[39m validation[33m.[39mwarnings) {
    [31m[1m>[22m[39m[90m 79 |[39m       console[33m.[39mwarn([32m`[world-validation] ${warning}`[39m)[33m;[39m
     [90m    |[39m               [31m[1m^[22m[39m
     [90m 80 |[39m     }
     [90m 81 |[39m   }
     [90m 82 |[39m[0m

      at warn (api/src/game-engine.js:79:15)
      at loadWorld (tests/game-engine.test.js:33:17)
      at freshSession (tests/game-engine.test.js:38:19)
      at Object.sessionWithPlayer (tests/game-engine.test.js:717:19)

  console.warn
    [world-validation] Room "room-hub-e" has no items and no hazards (empty room).

    [0m [90m 77 |[39m   [36mif[39m (validation[33m.[39mwarnings[33m.[39mlength [33m>[39m [35m0[39m) {
     [90m 78 |[39m     [36mfor[39m ([36mconst[39m warning [36mof[39m validation[33m.[39mwarnings) {
    [31m[1m>[22m[39m[90m 79 |[39m       console[33m.[39mwarn([32m`[world-validation] ${warning}`[39m)[33m;[39m
     [90m    |[39m               [31m[1m^[22m[39m
     [90m 80 |[39m     }
     [90m 81 |[39m   }
     [90m 82 |[39m[0m

      at warn (api/src/game-engine.js:79:15)
      at loadWorld (tests/game-engine.test.js:33:17)
      at freshSession (tests/game-engine.test.js:38:19)
      at Object.sessionWithPlayer (tests/game-engine.test.js:717:19)

  console.warn
    [world-validation] Room "room-hub-w" has no items and no hazards (empty room).

    [0m [90m 77 |[39m   [36mif[39m (validation[33m.[39mwarnings[33m.[39mlength [33m>[39m [35m0[39m) {
     [90m 78 |[39m     [36mfor[39m ([36mconst[39m warning [36mof[39m validation[33m.[39mwarnings) {
    [31m[1m>[22m[39m[90m 79 |[39m       console[33m.[39mwarn([32m`[world-validation] ${warning}`[39m)[33m;[39m
     [90m    |[39m               [31m[1m^[22m[39m
     [90m 80 |[39m     }
     [90m 81 |[39m   }
     [90m 82 |[39m[0m

      at warn (api/src/game-engine.js:79:15)
      at loadWorld (tests/game-engine.test.js:33:17)
      at freshSession (tests/game-engine.test.js:38:19)
      at Object.sessionWithPlayer (tests/game-engine.test.js:717:19)

  console.warn
    [world-validation] Room "room-isolated" has no items and no hazards (empty room).

    [0m [90m 77 |[39m   [36mif[39m (validation[33m.[39mwarnings[33m.[39mlength [33m>[39m [35m0[39m) {
     [90m 78 |[39m     [36mfor[39m ([36mconst[39m warning [36mof[39m validation[33m.[39mwarnings) {
    [31m[1m>[22m[39m[90m 79 |[39m       console[33m.[39mwarn([32m`[world-validation] ${warning}`[39m)[33m;[39m
     [90m    |[39m               [31m[1m^[22m[39m
     [90m 80 |[39m     }
     [90m 81 |[39m   }
     [90m 82 |[39m[0m

      at warn (api/src/game-engine.js:79:15)
      at loadWorld (tests/game-engine.test.js:33:17)
      at freshSession (tests/game-engine.test.js:38:19)
      at Object.sessionWithPlayer (tests/game-engine.test.js:717:19)

  console.warn
    [world-validation] Room "room-isolated" is an orphan ΓÇö no exits or puzzles connect to it.

    [0m [90m 77 |[39m   [36mif[39m (validation[33m.[39mwarnings[33m.[39mlength [33m>[39m [35m0[39m) {
     [90m 78 |[39m     [36mfor[39m ([36mconst[39m warning [36mof[39m validation[33m.[39mwarnings) {
    [31m[1m>[22m[39m[90m 79 |[39m       console[33m.[39mwarn([32m`[world-validation] ${warning}`[39m)[33m;[39m
     [90m    |[39m               [31m[1m^[22m[39m
     [90m 80 |[39m     }
     [90m 81 |[39m   }
     [90m 82 |[39m[0m

      at warn (api/src/game-engine.js:79:15)
      at loadWorld (tests/game-engine.test.js:33:17)
      at freshSession (tests/game-engine.test.js:38:19)
      at Object.sessionWithPlayer (tests/game-engine.test.js:717:19)

  console.warn
    [world-validation] Room "room-hub" has no items and no hazards (empty room).

    [0m [90m 77 |[39m   [36mif[39m (validation[33m.[39mwarnings[33m.[39mlength [33m>[39m [35m0[39m) {
     [90m 78 |[39m     [36mfor[39m ([36mconst[39m warning [36mof[39m validation[33m.[39mwarnings) {
    [31m[1m>[22m[39m[90m 79 |[39m       console[33m.[39mwarn([32m`[world-validation] ${warning}`[39m)[33m;[39m
     [90m    |[39m               [31m[1m^[22m[39m
     [90m 80 |[39m     }
     [90m 81 |[39m   }
     [90m 82 |[39m[0m

      at warn (api/src/game-engine.js:79:15)
      at loadWorld (tests/game-engine.test.js:33:17)
      at freshSession (tests/game-engine.test.js:38:19)
      at Object.sessionWithPlayer (tests/game-engine.test.js:726:19)

  console.warn
    [world-validation] Room "room-hub-n" has no items and no hazards (empty room).

    [0m [90m 77 |[39m   [36mif[39m (validation[33m.[39mwarnings[33m.[39mlength [33m>[39m [35m0[39m) {
     [90m 78 |[39m     [36mfor[39m ([36mconst[39m warning [36mof[39m validation[33m.[39mwarnings) {
    [31m[1m>[22m[39m[90m 79 |[39m       console[33m.[39mwarn([32m`[world-validation] ${warning}`[39m)[33m;[39m
     [90m    |[39m               [31m[1m^[22m[39m
     [90m 80 |[39m     }
     [90m 81 |[39m   }
     [90m 82 |[39m[0m

      at warn (api/src/game-engine.js:79:15)
      at loadWorld (tests/game-engine.test.js:33:17)
      at freshSession (tests/game-engine.test.js:38:19)
      at Object.sessionWithPlayer (tests/game-engine.test.js:726:19)

  console.warn
    [world-validation] Room "room-hub-e" has no items and no hazards (empty room).

    [0m [90m 77 |[39m   [36mif[39m (validation[33m.[39mwarnings[33m.[39mlength [33m>[39m [35m0[39m) {
     [90m 78 |[39m     [36mfor[39m ([36mconst[39m warning [36mof[39m validation[33m.[39mwarnings) {
    [31m[1m>[22m[39m[90m 79 |[39m       console[33m.[39mwarn([32m`[world-validation] ${warning}`[39m)[33m;[39m
     [90m    |[39m               [31m[1m^[22m[39m
     [90m 80 |[39m     }
     [90m 81 |[39m   }
     [90m 82 |[39m[0m

      at warn (api/src/game-engine.js:79:15)
      at loadWorld (tests/game-engine.test.js:33:17)
      at freshSession (tests/game-engine.test.js:38:19)
      at Object.sessionWithPlayer (tests/game-engine.test.js:726:19)

  console.warn
    [world-validation] Room "room-hub-w" has no items and no hazards (empty room).

    [0m [90m 77 |[39m   [36mif[39m (validation[33m.[39mwarnings[33m.[39mlength [33m>[39m [35m0[39m) {
     [90m 78 |[39m     [36mfor[39m ([36mconst[39m warning [36mof[39m validation[33m.[39mwarnings) {
    [31m[1m>[22m[39m[90m 79 |[39m       console[33m.[39mwarn([32m`[world-validation] ${warning}`[39m)[33m;[39m
     [90m    |[39m               [31m[1m^[22m[39m
     [90m 80 |[39m     }
     [90m 81 |[39m   }
     [90m 82 |[39m[0m

      at warn (api/src/game-engine.js:79:15)
      at loadWorld (tests/game-engine.test.js:33:17)
      at freshSession (tests/game-engine.test.js:38:19)
      at Object.sessionWithPlayer (tests/game-engine.test.js:726:19)

  console.warn
    [world-validation] Room "room-isolated" has no items and no hazards (empty room).

    [0m [90m 77 |[39m   [36mif[39m (validation[33m.[39mwarnings[33m.[39mlength [33m>[39m [35m0[39m) {
     [90m 78 |[39m     [36mfor[39m ([36mconst[39m warning [36mof[39m validation[33m.[39mwarnings) {
    [31m[1m>[22m[39m[90m 79 |[39m       console[33m.[39mwarn([32m`[world-validation] ${warning}`[39m)[33m;[39m
     [90m    |[39m               [31m[1m^[22m[39m
     [90m 80 |[39m     }
     [90m 81 |[39m   }
     [90m 82 |[39m[0m

      at warn (api/src/game-engine.js:79:15)
      at loadWorld (tests/game-engine.test.js:33:17)
      at freshSession (tests/game-engine.test.js:38:19)
      at Object.sessionWithPlayer (tests/game-engine.test.js:726:19)

  console.warn
    [world-validation] Room "room-isolated" is an orphan ΓÇö no exits or puzzles connect to it.

    [0m [90m 77 |[39m   [36mif[39m (validation[33m.[39mwarnings[33m.[39mlength [33m>[39m [35m0[39m) {
     [90m 78 |[39m     [36mfor[39m ([36mconst[39m warning [36mof[39m validation[33m.[39mwarnings) {
    [31m[1m>[22m[39m[90m 79 |[39m       console[33m.[39mwarn([32m`[world-validation] ${warning}`[39m)[33m;[39m
     [90m    |[39m               [31m[1m^[22m[39m
     [90m 80 |[39m     }
     [90m 81 |[39m   }
     [90m 82 |[39m[0m

      at warn (api/src/game-engine.js:79:15)
      at loadWorld (tests/game-engine.test.js:33:17)
      at freshSession (tests/game-engine.test.js:38:19)
      at Object.sessionWithPlayer (tests/game-engine.test.js:726:19)

  console.warn
    [world-validation] Room "room-hub" has no items and no hazards (empty room).

    [0m [90m 77 |[39m   [36mif[39m (validation[33m.[39mwarnings[33m.[39mlength [33m>[39m [35m0[39m) {
     [90m 78 |[39m     [36mfor[39m ([36mconst[39m warning [36mof[39m validation[33m.[39mwarnings) {
    [31m[1m>[22m[39m[90m 79 |[39m       console[33m.[39mwarn([32m`[world-validation] ${warning}`[39m)[33m;[39m
     [90m    |[39m               [31m[1m^[22m[39m
     [90m 80 |[39m     }
     [90m 81 |[39m   }
     [90m 82 |[39m[0m

      at warn (api/src/game-engine.js:79:15)
      at loadWorld (tests/game-engine.test.js:33:17)
      at freshSession (tests/game-engine.test.js:38:19)
      at Object.sessionWithPlayer (tests/game-engine.test.js:734:19)

  console.warn
    [world-validation] Room "room-hub-n" has no items and no hazards (empty room).

    [0m [90m 77 |[39m   [36mif[39m (validation[33m.[39mwarnings[33m.[39mlength [33m>[39m [35m0[39m) {
     [90m 78 |[39m     [36mfor[39m ([36mconst[39m warning [36mof[39m validation[33m.[39mwarnings) {
    [31m[1m>[22m[39m[90m 79 |[39m       console[33m.[39mwarn([32m`[world-validation] ${warning}`[39m)[33m;[39m
     [90m    |[39m               [31m[1m^[22m[39m
     [90m 80 |[39m     }
     [90m 81 |[39m   }
     [90m 82 |[39m[0m

      at warn (api/src/game-engine.js:79:15)
      at loadWorld (tests/game-engine.test.js:33:17)
      at freshSession (tests/game-engine.test.js:38:19)
      at Object.sessionWithPlayer (tests/game-engine.test.js:734:19)

  console.warn
    [world-validation] Room "room-hub-e" has no items and no hazards (empty room).

    [0m [90m 77 |[39m   [36mif[39m (validation[33m.[39mwarnings[33m.[39mlength [33m>[39m [35m0[39m) {
     [90m 78 |[39m     [36mfor[39m ([36mconst[39m warning [36mof[39m validation[33m.[39mwarnings) {
    [31m[1m>[22m[39m[90m 79 |[39m       console[33m.[39mwarn([32m`[world-validation] ${warning}`[39m)[33m;[39m
     [90m    |[39m               [31m[1m^[22m[39m
     [90m 80 |[39m     }
     [90m 81 |[39m   }
     [90m 82 |[39m[0m

      at warn (api/src/game-engine.js:79:15)
      at loadWorld (tests/game-engine.test.js:33:17)
      at freshSession (tests/game-engine.test.js:38:19)
      at Object.sessionWithPlayer (tests/game-engine.test.js:734:19)

  console.warn
    [world-validation] Room "room-hub-w" has no items and no hazards (empty room).

    [0m [90m 77 |[39m   [36mif[39m (validation[33m.[39mwarnings[33m.[39mlength [33m>[39m [35m0[39m) {
     [90m 78 |[39m     [36mfor[39m ([36mconst[39m warning [36mof[39m validation[33m.[39mwarnings) {
    [31m[1m>[22m[39m[90m 79 |[39m       console[33m.[39mwarn([32m`[world-validation] ${warning}`[39m)[33m;[39m
     [90m    |[39m               [31m[1m^[22m[39m
     [90m 80 |[39m     }
     [90m 81 |[39m   }
     [90m 82 |[39m[0m

      at warn (api/src/game-engine.js:79:15)
      at loadWorld (tests/game-engine.test.js:33:17)
      at freshSession (tests/game-engine.test.js:38:19)
      at Object.sessionWithPlayer (tests/game-engine.test.js:734:19)

  console.warn
    [world-validation] Room "room-isolated" has no items and no hazards (empty room).

    [0m [90m 77 |[39m   [36mif[39m (validation[33m.[39mwarnings[33m.[39mlength [33m>[39m [35m0[39m) {
     [90m 78 |[39m     [36mfor[39m ([36mconst[39m warning [36mof[39m validation[33m.[39mwarnings) {
    [31m[1m>[22m[39m[90m 79 |[39m       console[33m.[39mwarn([32m`[world-validation] ${warning}`[39m)[33m;[39m
     [90m    |[39m               [31m[1m^[22m[39m
     [90m 80 |[39m     }
     [90m 81 |[39m   }
     [90m 82 |[39m[0m

      at warn (api/src/game-engine.js:79:15)
      at loadWorld (tests/game-engine.test.js:33:17)
      at freshSession (tests/game-engine.test.js:38:19)
      at Object.sessionWithPlayer (tests/game-engine.test.js:734:19)

  console.warn
    [world-validation] Room "room-isolated" is an orphan ΓÇö no exits or puzzles connect to it.

    [0m [90m 77 |[39m   [36mif[39m (validation[33m.[39mwarnings[33m.[39mlength [33m>[39m [35m0[39m) {
     [90m 78 |[39m     [36mfor[39m ([36mconst[39m warning [36mof[39m validation[33m.[39mwarnings) {
    [31m[1m>[22m[39m[90m 79 |[39m       console[33m.[39mwarn([32m`[world-validation] ${warning}`[39m)[33m;[39m
     [90m    |[39m               [31m[1m^[22m[39m
     [90m 80 |[39m     }
     [90m 81 |[39m   }
     [90m 82 |[39m[0m

      at warn (api/src/game-engine.js:79:15)
      at loadWorld (tests/game-engine.test.js:33:17)
      at freshSession (tests/game-engine.test.js:38:19)
      at Object.sessionWithPlayer (tests/game-engine.test.js:734:19)

  console.warn
    [world-validation] Room "room-hub" has no items and no hazards (empty room).

    [0m [90m 77 |[39m   [36mif[39m (validation[33m.[39mwarnings[33m.[39mlength [33m>[39m [35m0[39m) {
     [90m 78 |[39m     [36mfor[39m ([36mconst[39m warning [36mof[39m validation[33m.[39mwarnings) {
    [31m[1m>[22m[39m[90m 79 |[39m       console[33m.[39mwarn([32m`[world-validation] ${warning}`[39m)[33m;[39m
     [90m    |[39m               [31m[1m^[22m[39m
     [90m 80 |[39m     }
     [90m 81 |[39m   }
     [90m 82 |[39m[0m

      at warn (api/src/game-engine.js:79:15)
      at loadWorld (tests/game-engine.test.js:33:17)
      at Object.freshSession (tests/game-engine.test.js:740:21)

  console.warn
    [world-validation] Room "room-hub-n" has no items and no hazards (empty room).

    [0m [90m 77 |[39m   [36mif[39m (validation[33m.[39mwarnings[33m.[39mlength [33m>[39m [35m0[39m) {
     [90m 78 |[39m     [36mfor[39m ([36mconst[39m warning [36mof[39m validation[33m.[39mwarnings) {
    [31m[1m>[22m[39m[90m 79 |[39m       console[33m.[39mwarn([32m`[world-validation] ${warning}`[39m)[33m;[39m
     [90m    |[39m               [31m[1m^[22m[39m
     [90m 80 |[39m     }
     [90m 81 |[39m   }
     [90m 82 |[39m[0m

      at warn (api/src/game-engine.js:79:15)
      at loadWorld (tests/game-engine.test.js:33:17)
      at Object.freshSession (tests/game-engine.test.js:740:21)

  console.warn
    [world-validation] Room "room-hub-e" has no items and no hazards (empty room).

    [0m [90m 77 |[39m   [36mif[39m (validation[33m.[39mwarnings[33m.[39mlength [33m>[39m [35m0[39m) {
     [90m 78 |[39m     [36mfor[39m ([36mconst[39m warning [36mof[39m validation[33m.[39mwarnings) {
    [31m[1m>[22m[39m[90m 79 |[39m       console[33m.[39mwarn([32m`[world-validation] ${warning}`[39m)[33m;[39m
     [90m    |[39m               [31m[1m^[22m[39m
     [90m 80 |[39m     }
     [90m 81 |[39m   }
     [90m 82 |[39m[0m

      at warn (api/src/game-engine.js:79:15)
      at loadWorld (tests/game-engine.test.js:33:17)
      at Object.freshSession (tests/game-engine.test.js:740:21)

  console.warn
    [world-validation] Room "room-hub-w" has no items and no hazards (empty room).

    [0m [90m 77 |[39m   [36mif[39m (validation[33m.[39mwarnings[33m.[39mlength [33m>[39m [35m0[39m) {
     [90m 78 |[39m     [36mfor[39m ([36mconst[39m warning [36mof[39m validation[33m.[39mwarnings) {
    [31m[1m>[22m[39m[90m 79 |[39m       console[33m.[39mwarn([32m`[world-validation] ${warning}`[39m)[33m;[39m
     [90m    |[39m               [31m[1m^[22m[39m
     [90m 80 |[39m     }
     [90m 81 |[39m   }
     [90m 82 |[39m[0m

      at warn (api/src/game-engine.js:79:15)
      at loadWorld (tests/game-engine.test.js:33:17)
      at Object.freshSession (tests/game-engine.test.js:740:21)

  console.warn
    [world-validation] Room "room-isolated" has no items and no hazards (empty room).

    [0m [90m 77 |[39m   [36mif[39m (validation[33m.[39mwarnings[33m.[39mlength [33m>[39m [35m0[39m) {
     [90m 78 |[39m     [36mfor[39m ([36mconst[39m warning [36mof[39m validation[33m.[39mwarnings) {
    [31m[1m>[22m[39m[90m 79 |[39m       console[33m.[39mwarn([32m`[world-validation] ${warning}`[39m)[33m;[39m
     [90m    |[39m               [31m[1m^[22m[39m
     [90m 80 |[39m     }
     [90m 81 |[39m   }
     [90m 82 |[39m[0m

      at warn (api/src/game-engine.js:79:15)
      at loadWorld (tests/game-engine.test.js:33:17)
      at Object.freshSession (tests/game-engine.test.js:740:21)

  console.warn
    [world-validation] Room "room-isolated" is an orphan ΓÇö no exits or puzzles connect to it.

    [0m [90m 77 |[39m   [36mif[39m (validation[33m.[39mwarnings[33m.[39mlength [33m>[39m [35m0[39m) {
     [90m 78 |[39m     [36mfor[39m ([36mconst[39m warning [36mof[39m validation[33m.[39mwarnings) {
    [31m[1m>[22m[39m[90m 79 |[39m       console[33m.[39mwarn([32m`[world-validation] ${warning}`[39m)[33m;[39m
     [90m    |[39m               [31m[1m^[22m[39m
     [90m 80 |[39m     }
     [90m 81 |[39m   }
     [90m 82 |[39m[0m

      at warn (api/src/game-engine.js:79:15)
      at loadWorld (tests/game-engine.test.js:33:17)
      at Object.freshSession (tests/game-engine.test.js:740:21)

  console.warn
    [world-validation] Room "room-hub" has no items and no hazards (empty room).

    [0m [90m 77 |[39m   [36mif[39m (validation[33m.[39mwarnings[33m.[39mlength [33m>[39m [35m0[39m) {
     [90m 78 |[39m     [36mfor[39m ([36mconst[39m warning [36mof[39m validation[33m.[39mwarnings) {
    [31m[1m>[22m[39m[90m 79 |[39m       console[33m.[39mwarn([32m`[world-validation] ${warning}`[39m)[33m;[39m
     [90m    |[39m               [31m[1m^[22m[39m
     [90m 80 |[39m     }
     [90m 81 |[39m   }
     [90m 82 |[39m[0m

      at warn (api/src/game-engine.js:79:15)
      at loadWorld (tests/game-engine.test.js:33:17)
      at freshSession (tests/game-engine.test.js:38:19)
      at Object.sessionWithPlayer (tests/game-engine.test.js:745:19)

  console.warn
    [world-validation] Room "room-hub-n" has no items and no hazards (empty room).

    [0m [90m 77 |[39m   [36mif[39m (validation[33m.[39mwarnings[33m.[39mlength [33m>[39m [35m0[39m) {
     [90m 78 |[39m     [36mfor[39m ([36mconst[39m warning [36mof[39m validation[33m.[39mwarnings) {
    [31m[1m>[22m[39m[90m 79 |[39m       console[33m.[39mwarn([32m`[world-validation] ${warning}`[39m)[33m;[39m
     [90m    |[39m               [31m[1m^[22m[39m
     [90m 80 |[39m     }
     [90m 81 |[39m   }
     [90m 82 |[39m[0m

      at warn (api/src/game-engine.js:79:15)
      at loadWorld (tests/game-engine.test.js:33:17)
      at freshSession (tests/game-engine.test.js:38:19)
      at Object.sessionWithPlayer (tests/game-engine.test.js:745:19)

  console.warn
    [world-validation] Room "room-hub-e" has no items and no hazards (empty room).

    [0m [90m 77 |[39m   [36mif[39m (validation[33m.[39mwarnings[33m.[39mlength [33m>[39m [35m0[39m) {
     [90m 78 |[39m     [36mfor[39m ([36mconst[39m warning [36mof[39m validation[33m.[39mwarnings) {
    [31m[1m>[22m[39m[90m 79 |[39m       console[33m.[39mwarn([32m`[world-validation] ${warning}`[39m)[33m;[39m
     [90m    |[39m               [31m[1m^[22m[39m
     [90m 80 |[39m     }
     [90m 81 |[39m   }
     [90m 82 |[39m[0m

      at warn (api/src/game-engine.js:79:15)
      at loadWorld (tests/game-engine.test.js:33:17)
      at freshSession (tests/game-engine.test.js:38:19)
      at Object.sessionWithPlayer (tests/game-engine.test.js:745:19)

  console.warn
    [world-validation] Room "room-hub-w" has no items and no hazards (empty room).

    [0m [90m 77 |[39m   [36mif[39m (validation[33m.[39mwarnings[33m.[39mlength [33m>[39m [35m0[39m) {
     [90m 78 |[39m     [36mfor[39m ([36mconst[39m warning [36mof[39m validation[33m.[39mwarnings) {
    [31m[1m>[22m[39m[90m 79 |[39m       console[33m.[39mwarn([32m`[world-validation] ${warning}`[39m)[33m;[39m
     [90m    |[39m               [31m[1m^[22m[39m
     [90m 80 |[39m     }
     [90m 81 |[39m   }
     [90m 82 |[39m[0m

      at warn (api/src/game-engine.js:79:15)
      at loadWorld (tests/game-engine.test.js:33:17)
      at freshSession (tests/game-engine.test.js:38:19)
      at Object.sessionWithPlayer (tests/game-engine.test.js:745:19)

  console.warn
    [world-validation] Room "room-isolated" has no items and no hazards (empty room).

    [0m [90m 77 |[39m   [36mif[39m (validation[33m.[39mwarnings[33m.[39mlength [33m>[39m [35m0[39m) {
     [90m 78 |[39m     [36mfor[39m ([36mconst[39m warning [36mof[39m validation[33m.[39mwarnings) {
    [31m[1m>[22m[39m[90m 79 |[39m       console[33m.[39mwarn([32m`[world-validation] ${warning}`[39m)[33m;[39m
     [90m    |[39m               [31m[1m^[22m[39m
     [90m 80 |[39m     }
     [90m 81 |[39m   }
     [90m 82 |[39m[0m

      at warn (api/src/game-engine.js:79:15)
      at loadWorld (tests/game-engine.test.js:33:17)
      at freshSession (tests/game-engine.test.js:38:19)
      at Object.sessionWithPlayer (tests/game-engine.test.js:745:19)

  console.warn
    [world-validation] Room "room-isolated" is an orphan ΓÇö no exits or puzzles connect to it.

    [0m [90m 77 |[39m   [36mif[39m (validation[33m.[39mwarnings[33m.[39mlength [33m>[39m [35m0[39m) {
     [90m 78 |[39m     [36mfor[39m ([36mconst[39m warning [36mof[39m validation[33m.[39mwarnings) {
    [31m[1m>[22m[39m[90m 79 |[39m       console[33m.[39mwarn([32m`[world-validation] ${warning}`[39m)[33m;[39m
     [90m    |[39m               [31m[1m^[22m[39m
     [90m 80 |[39m     }
     [90m 81 |[39m   }
     [90m 82 |[39m[0m

      at warn (api/src/game-engine.js:79:15)
      at loadWorld (tests/game-engine.test.js:33:17)
      at freshSession (tests/game-engine.test.js:38:19)
      at Object.sessionWithPlayer (tests/game-engine.test.js:745:19)

  console.warn
    [world-validation] Room "room-hub" has no items and no hazards (empty room).

    [0m [90m 77 |[39m   [36mif[39m (validation[33m.[39mwarnings[33m.[39mlength [33m>[39m [35m0[39m) {
     [90m 78 |[39m     [36mfor[39m ([36mconst[39m warning [36mof[39m validation[33m.[39mwarnings) {
    [31m[1m>[22m[39m[90m 79 |[39m       console[33m.[39mwarn([32m`[world-validation] ${warning}`[39m)[33m;[39m
     [90m    |[39m               [31m[1m^[22m[39m
     [90m 80 |[39m     }
     [90m 81 |[39m   }
     [90m 82 |[39m[0m

      at warn (api/src/game-engine.js:79:15)
      at loadWorld (tests/game-engine.test.js:33:17)
      at freshSession (tests/game-engine.test.js:38:19)
      at Object.sessionWithPlayer (tests/game-engine.test.js:761:19)

  console.warn
    [world-validation] Room "room-hub-n" has no items and no hazards (empty room).

    [0m [90m 77 |[39m   [36mif[39m (validation[33m.[39mwarnings[33m.[39mlength [33m>[39m [35m0[39m) {
     [90m 78 |[39m     [36mfor[39m ([36mconst[39m warning [36mof[39m validation[33m.[39mwarnings) {
    [31m[1m>[22m[39m[90m 79 |[39m       console[33m.[39mwarn([32m`[world-validation] ${warning}`[39m)[33m;[39m
     [90m    |[39m               [31m[1m^[22m[39m
     [90m 80 |[39m     }
     [90m 81 |[39m   }
     [90m 82 |[39m[0m

      at warn (api/src/game-engine.js:79:15)
      at loadWorld (tests/game-engine.test.js:33:17)
      at freshSession (tests/game-engine.test.js:38:19)
      at Object.sessionWithPlayer (tests/game-engine.test.js:761:19)

  console.warn
    [world-validation] Room "room-hub-e" has no items and no hazards (empty room).

    [0m [90m 77 |[39m   [36mif[39m (validation[33m.[39mwarnings[33m.[39mlength [33m>[39m [35m0[39m) {
     [90m 78 |[39m     [36mfor[39m ([36mconst[39m warning [36mof[39m validation[33m.[39mwarnings) {
    [31m[1m>[22m[39m[90m 79 |[39m       console[33m.[39mwarn([32m`[world-validation] ${warning}`[39m)[33m;[39m
     [90m    |[39m               [31m[1m^[22m[39m
     [90m 80 |[39m     }
     [90m 81 |[39m   }
     [90m 82 |[39m[0m

      at warn (api/src/game-engine.js:79:15)
      at loadWorld (tests/game-engine.test.js:33:17)
      at freshSession (tests/game-engine.test.js:38:19)
      at Object.sessionWithPlayer (tests/game-engine.test.js:761:19)

  console.warn
    [world-validation] Room "room-hub-w" has no items and no hazards (empty room).

    [0m [90m 77 |[39m   [36mif[39m (validation[33m.[39mwarnings[33m.[39mlength [33m>[39m [35m0[39m) {
     [90m 78 |[39m     [36mfor[39m ([36mconst[39m warning [36mof[39m validation[33m.[39mwarnings) {
    [31m[1m>[22m[39m[90m 79 |[39m       console[33m.[39mwarn([32m`[world-validation] ${warning}`[39m)[33m;[39m
     [90m    |[39m               [31m[1m^[22m[39m
     [90m 80 |[39m     }
     [90m 81 |[39m   }
     [90m 82 |[39m[0m

      at warn (api/src/game-engine.js:79:15)
      at loadWorld (tests/game-engine.test.js:33:17)
      at freshSession (tests/game-engine.test.js:38:19)
      at Object.sessionWithPlayer (tests/game-engine.test.js:761:19)

  console.warn
    [world-validation] Room "room-isolated" has no items and no hazards (empty room).

    [0m [90m 77 |[39m   [36mif[39m (validation[33m.[39mwarnings[33m.[39mlength [33m>[39m [35m0[39m) {
     [90m 78 |[39m     [36mfor[39m ([36mconst[39m warning [36mof[39m validation[33m.[39mwarnings) {
    [31m[1m>[22m[39m[90m 79 |[39m       console[33m.[39mwarn([32m`[world-validation] ${warning}`[39m)[33m;[39m
     [90m    |[39m               [31m[1m^[22m[39m
     [90m 80 |[39m     }
     [90m 81 |[39m   }
     [90m 82 |[39m[0m

      at warn (api/src/game-engine.js:79:15)
      at loadWorld (tests/game-engine.test.js:33:17)
      at freshSession (tests/game-engine.test.js:38:19)
      at Object.sessionWithPlayer (tests/game-engine.test.js:761:19)

  console.warn
    [world-validation] Room "room-isolated" is an orphan ΓÇö no exits or puzzles connect to it.

    [0m [90m 77 |[39m   [36mif[39m (validation[33m.[39mwarnings[33m.[39mlength [33m>[39m [35m0[39m) {
     [90m 78 |[39m     [36mfor[39m ([36mconst[39m warning [36mof[39m validation[33m.[39mwarnings) {
    [31m[1m>[22m[39m[90m 79 |[39m       console[33m.[39mwarn([32m`[world-validation] ${warning}`[39m)[33m;[39m
     [90m    |[39m               [31m[1m^[22m[39m
     [90m 80 |[39m     }
     [90m 81 |[39m   }
     [90m 82 |[39m[0m

      at warn (api/src/game-engine.js:79:15)
      at loadWorld (tests/game-engine.test.js:33:17)
      at freshSession (tests/game-engine.test.js:38:19)
      at Object.sessionWithPlayer (tests/game-engine.test.js:761:19)

  console.warn
    [world-validation] Room "room-hub" has no items and no hazards (empty room).

    [0m [90m 77 |[39m   [36mif[39m (validation[33m.[39mwarnings[33m.[39mlength [33m>[39m [35m0[39m) {
     [90m 78 |[39m     [36mfor[39m ([36mconst[39m warning [36mof[39m validation[33m.[39mwarnings) {
    [31m[1m>[22m[39m[90m 79 |[39m       console[33m.[39mwarn([32m`[world-validation] ${warning}`[39m)[33m;[39m
     [90m    |[39m               [31m[1m^[22m[39m
     [90m 80 |[39m     }
     [90m 81 |[39m   }
     [90m 82 |[39m[0m

      at warn (api/src/game-engine.js:79:15)
      at loadWorld (tests/game-engine.test.js:33:17)
      at Object.freshSession (tests/game-engine.test.js:768:21)

  console.warn
    [world-validation] Room "room-hub-n" has no items and no hazards (empty room).

    [0m [90m 77 |[39m   [36mif[39m (validation[33m.[39mwarnings[33m.[39mlength [33m>[39m [35m0[39m) {
     [90m 78 |[39m     [36mfor[39m ([36mconst[39m warning [36mof[39m validation[33m.[39mwarnings) {
    [31m[1m>[22m[39m[90m 79 |[39m       console[33m.[39mwarn([32m`[world-validation] ${warning}`[39m)[33m;[39m
     [90m    |[39m               [31m[1m^[22m[39m
     [90m 80 |[39m     }
     [90m 81 |[39m   }
     [90m 82 |[39m[0m

      at warn (api/src/game-engine.js:79:15)
      at loadWorld (tests/game-engine.test.js:33:17)
      at Object.freshSession (tests/game-engine.test.js:768:21)

  console.warn
    [world-validation] Room "room-hub-e" has no items and no hazards (empty room).

    [0m [90m 77 |[39m   [36mif[39m (validation[33m.[39mwarnings[33m.[39mlength [33m>[39m [35m0[39m) {
     [90m 78 |[39m     [36mfor[39m ([36mconst[39m warning [36mof[39m validation[33m.[39mwarnings) {
    [31m[1m>[22m[39m[90m 79 |[39m       console[33m.[39mwarn([32m`[world-validation] ${warning}`[39m)[33m;[39m
     [90m    |[39m               [31m[1m^[22m[39m
     [90m 80 |[39m     }
     [90m 81 |[39m   }
     [90m 82 |[39m[0m

      at warn (api/src/game-engine.js:79:15)
      at loadWorld (tests/game-engine.test.js:33:17)
      at Object.freshSession (tests/game-engine.test.js:768:21)

  console.warn
    [world-validation] Room "room-hub-w" has no items and no hazards (empty room).

    [0m [90m 77 |[39m   [36mif[39m (validation[33m.[39mwarnings[33m.[39mlength [33m>[39m [35m0[39m) {
     [90m 78 |[39m     [36mfor[39m ([36mconst[39m warning [36mof[39m validation[33m.[39mwarnings) {
    [31m[1m>[22m[39m[90m 79 |[39m       console[33m.[39mwarn([32m`[world-validation] ${warning}`[39m)[33m;[39m
     [90m    |[39m               [31m[1m^[22m[39m
     [90m 80 |[39m     }
     [90m 81 |[39m   }
     [90m 82 |[39m[0m

      at warn (api/src/game-engine.js:79:15)
      at loadWorld (tests/game-engine.test.js:33:17)
      at Object.freshSession (tests/game-engine.test.js:768:21)

  console.warn
    [world-validation] Room "room-isolated" has no items and no hazards (empty room).

    [0m [90m 77 |[39m   [36mif[39m (validation[33m.[39mwarnings[33m.[39mlength [33m>[39m [35m0[39m) {
     [90m 78 |[39m     [36mfor[39m ([36mconst[39m warning [36mof[39m validation[33m.[39mwarnings) {
    [31m[1m>[22m[39m[90m 79 |[39m       console[33m.[39mwarn([32m`[world-validation] ${warning}`[39m)[33m;[39m
     [90m    |[39m               [31m[1m^[22m[39m
     [90m 80 |[39m     }
     [90m 81 |[39m   }
     [90m 82 |[39m[0m

      at warn (api/src/game-engine.js:79:15)
      at loadWorld (tests/game-engine.test.js:33:17)
      at Object.freshSession (tests/game-engine.test.js:768:21)

  console.warn
    [world-validation] Room "room-isolated" is an orphan ΓÇö no exits or puzzles connect to it.

    [0m [90m 77 |[39m   [36mif[39m (validation[33m.[39mwarnings[33m.[39mlength [33m>[39m [35m0[39m) {
     [90m 78 |[39m     [36mfor[39m ([36mconst[39m warning [36mof[39m validation[33m.[39mwarnings) {
    [31m[1m>[22m[39m[90m 79 |[39m       console[33m.[39mwarn([32m`[world-validation] ${warning}`[39m)[33m;[39m
     [90m    |[39m               [31m[1m^[22m[39m
     [90m 80 |[39m     }
     [90m 81 |[39m   }
     [90m 82 |[39m[0m

      at warn (api/src/game-engine.js:79:15)
      at loadWorld (tests/game-engine.test.js:33:17)
      at Object.freshSession (tests/game-engine.test.js:768:21)

  console.warn
    [world-validation] Room "room-hub" has no items and no hazards (empty room).

    [0m [90m 77 |[39m   [36mif[39m (validation[33m.[39mwarnings[33m.[39mlength [33m>[39m [35m0[39m) {
     [90m 78 |[39m     [36mfor[39m ([36mconst[39m warning [36mof[39m validation[33m.[39mwarnings) {
    [31m[1m>[22m[39m[90m 79 |[39m       console[33m.[39mwarn([32m`[world-validation] ${warning}`[39m)[33m;[39m
     [90m    |[39m               [31m[1m^[22m[39m
     [90m 80 |[39m     }
     [90m 81 |[39m   }
     [90m 82 |[39m[0m

      at warn (api/src/game-engine.js:79:15)
      at loadWorld (tests/game-engine.test.js:33:17)
      at freshSession (tests/game-engine.test.js:43:17)
      at Object.sessionWithPlayers (tests/game-engine.test.js:774:19)

  console.warn
    [world-validation] Room "room-hub-n" has no items and no hazards (empty room).

    [0m [90m 77 |[39m   [36mif[39m (validation[33m.[39mwarnings[33m.[39mlength [33m>[39m [35m0[39m) {
     [90m 78 |[39m     [36mfor[39m ([36mconst[39m warning [36mof[39m validation[33m.[39mwarnings) {
    [31m[1m>[22m[39m[90m 79 |[39m       console[33m.[39mwarn([32m`[world-validation] ${warning}`[39m)[33m;[39m
     [90m    |[39m               [31m[1m^[22m[39m
     [90m 80 |[39m     }
     [90m 81 |[39m   }
     [90m 82 |[39m[0m

      at warn (api/src/game-engine.js:79:15)
      at loadWorld (tests/game-engine.test.js:33:17)
      at freshSession (tests/game-engine.test.js:43:17)
      at Object.sessionWithPlayers (tests/game-engine.test.js:774:19)

  console.warn
    [world-validation] Room "room-hub-e" has no items and no hazards (empty room).

    [0m [90m 77 |[39m   [36mif[39m (validation[33m.[39mwarnings[33m.[39mlength [33m>[39m [35m0[39m) {
     [90m 78 |[39m     [36mfor[39m ([36mconst[39m warning [36mof[39m validation[33m.[39mwarnings) {
    [31m[1m>[22m[39m[90m 79 |[39m       console[33m.[39mwarn([32m`[world-validation] ${warning}`[39m)[33m;[39m
     [90m    |[39m               [31m[1m^[22m[39m
     [90m 80 |[39m     }
     [90m 81 |[39m   }
     [90m 82 |[39m[0m

      at warn (api/src/game-engine.js:79:15)
      at loadWorld (tests/game-engine.test.js:33:17)
      at freshSession (tests/game-engine.test.js:43:17)
      at Object.sessionWithPlayers (tests/game-engine.test.js:774:19)

  console.warn
    [world-validation] Room "room-hub-w" has no items and no hazards (empty room).

    [0m [90m 77 |[39m   [36mif[39m (validation[33m.[39mwarnings[33m.[39mlength [33m>[39m [35m0[39m) {
     [90m 78 |[39m     [36mfor[39m ([36mconst[39m warning [36mof[39m validation[33m.[39mwarnings) {
    [31m[1m>[22m[39m[90m 79 |[39m       console[33m.[39mwarn([32m`[world-validation] ${warning}`[39m)[33m;[39m
     [90m    |[39m               [31m[1m^[22m[39m
     [90m 80 |[39m     }
     [90m 81 |[39m   }
     [90m 82 |[39m[0m

      at warn (api/src/game-engine.js:79:15)
      at loadWorld (tests/game-engine.test.js:33:17)
      at freshSession (tests/game-engine.test.js:43:17)
      at Object.sessionWithPlayers (tests/game-engine.test.js:774:19)

  console.warn
    [world-validation] Room "room-isolated" has no items and no hazards (empty room).

    [0m [90m 77 |[39m   [36mif[39m (validation[33m.[39mwarnings[33m.[39mlength [33m>[39m [35m0[39m) {
     [90m 78 |[39m     [36mfor[39m ([36mconst[39m warning [36mof[39m validation[33m.[39mwarnings) {
    [31m[1m>[22m[39m[90m 79 |[39m       console[33m.[39mwarn([32m`[world-validation] ${warning}`[39m)[33m;[39m
     [90m    |[39m               [31m[1m^[22m[39m
     [90m 80 |[39m     }
     [90m 81 |[39m   }
     [90m 82 |[39m[0m

      at warn (api/src/game-engine.js:79:15)
      at loadWorld (tests/game-engine.test.js:33:17)
      at freshSession (tests/game-engine.test.js:43:17)
      at Object.sessionWithPlayers (tests/game-engine.test.js:774:19)

  console.warn
    [world-validation] Room "room-isolated" is an orphan ΓÇö no exits or puzzles connect to it.

    [0m [90m 77 |[39m   [36mif[39m (validation[33m.[39mwarnings[33m.[39mlength [33m>[39m [35m0[39m) {
     [90m 78 |[39m     [36mfor[39m ([36mconst[39m warning [36mof[39m validation[33m.[39mwarnings) {
    [31m[1m>[22m[39m[90m 79 |[39m       console[33m.[39mwarn([32m`[world-validation] ${warning}`[39m)[33m;[39m
     [90m    |[39m               [31m[1m^[22m[39m
     [90m 80 |[39m     }
     [90m 81 |[39m   }
     [90m 82 |[39m[0m

      at warn (api/src/game-engine.js:79:15)
      at loadWorld (tests/game-engine.test.js:33:17)
      at freshSession (tests/game-engine.test.js:43:17)
      at Object.sessionWithPlayers (tests/game-engine.test.js:774:19)

  console.warn
    [world-validation] Room "room-hub" has no items and no hazards (empty room).

    [0m [90m 77 |[39m   [36mif[39m (validation[33m.[39mwarnings[33m.[39mlength [33m>[39m [35m0[39m) {
     [90m 78 |[39m     [36mfor[39m ([36mconst[39m warning [36mof[39m validation[33m.[39mwarnings) {
    [31m[1m>[22m[39m[90m 79 |[39m       console[33m.[39mwarn([32m`[world-validation] ${warning}`[39m)[33m;[39m
     [90m    |[39m               [31m[1m^[22m[39m
     [90m 80 |[39m     }
     [90m 81 |[39m   }
     [90m 82 |[39m[0m

      at warn (api/src/game-engine.js:79:15)
      at loadWorld (tests/game-engine.test.js:33:17)
      at freshSession (tests/game-engine.test.js:38:19)
      at Object.sessionWithPlayer (tests/game-engine.test.js:788:19)

  console.warn
    [world-validation] Room "room-hub-n" has no items and no hazards (empty room).

    [0m [90m 77 |[39m   [36mif[39m (validation[33m.[39mwarnings[33m.[39mlength [33m>[39m [35m0[39m) {
     [90m 78 |[39m     [36mfor[39m ([36mconst[39m warning [36mof[39m validation[33m.[39mwarnings) {
    [31m[1m>[22m[39m[90m 79 |[39m       console[33m.[39mwarn([32m`[world-validation] ${warning}`[39m)[33m;[39m
     [90m    |[39m               [31m[1m^[22m[39m
     [90m 80 |[39m     }
     [90m 81 |[39m   }
     [90m 82 |[39m[0m

      at warn (api/src/game-engine.js:79:15)
      at loadWorld (tests/game-engine.test.js:33:17)
      at freshSession (tests/game-engine.test.js:38:19)
      at Object.sessionWithPlayer (tests/game-engine.test.js:788:19)

  console.warn
    [world-validation] Room "room-hub-e" has no items and no hazards (empty room).

    [0m [90m 77 |[39m   [36mif[39m (validation[33m.[39mwarnings[33m.[39mlength [33m>[39m [35m0[39m) {
     [90m 78 |[39m     [36mfor[39m ([36mconst[39m warning [36mof[39m validation[33m.[39mwarnings) {
    [31m[1m>[22m[39m[90m 79 |[39m       console[33m.[39mwarn([32m`[world-validation] ${warning}`[39m)[33m;[39m
     [90m    |[39m               [31m[1m^[22m[39m
     [90m 80 |[39m     }
     [90m 81 |[39m   }
     [90m 82 |[39m[0m

      at warn (api/src/game-engine.js:79:15)
      at loadWorld (tests/game-engine.test.js:33:17)
      at freshSession (tests/game-engine.test.js:38:19)
      at Object.sessionWithPlayer (tests/game-engine.test.js:788:19)

  console.warn
    [world-validation] Room "room-hub-w" has no items and no hazards (empty room).

    [0m [90m 77 |[39m   [36mif[39m (validation[33m.[39mwarnings[33m.[39mlength [33m>[39m [35m0[39m) {
     [90m 78 |[39m     [36mfor[39m ([36mconst[39m warning [36mof[39m validation[33m.[39mwarnings) {
    [31m[1m>[22m[39m[90m 79 |[39m       console[33m.[39mwarn([32m`[world-validation] ${warning}`[39m)[33m;[39m
     [90m    |[39m               [31m[1m^[22m[39m
     [90m 80 |[39m     }
     [90m 81 |[39m   }
     [90m 82 |[39m[0m

      at warn (api/src/game-engine.js:79:15)
      at loadWorld (tests/game-engine.test.js:33:17)
      at freshSession (tests/game-engine.test.js:38:19)
      at Object.sessionWithPlayer (tests/game-engine.test.js:788:19)

  console.warn
    [world-validation] Room "room-isolated" has no items and no hazards (empty room).

    [0m [90m 77 |[39m   [36mif[39m (validation[33m.[39mwarnings[33m.[39mlength [33m>[39m [35m0[39m) {
     [90m 78 |[39m     [36mfor[39m ([36mconst[39m warning [36mof[39m validation[33m.[39mwarnings) {
    [31m[1m>[22m[39m[90m 79 |[39m       console[33m.[39mwarn([32m`[world-validation] ${warning}`[39m)[33m;[39m
     [90m    |[39m               [31m[1m^[22m[39m
     [90m 80 |[39m     }
     [90m 81 |[39m   }
     [90m 82 |[39m[0m

      at warn (api/src/game-engine.js:79:15)
      at loadWorld (tests/game-engine.test.js:33:17)
      at freshSession (tests/game-engine.test.js:38:19)
      at Object.sessionWithPlayer (tests/game-engine.test.js:788:19)

  console.warn
    [world-validation] Room "room-isolated" is an orphan ΓÇö no exits or puzzles connect to it.

    [0m [90m 77 |[39m   [36mif[39m (validation[33m.[39mwarnings[33m.[39mlength [33m>[39m [35m0[39m) {
     [90m 78 |[39m     [36mfor[39m ([36mconst[39m warning [36mof[39m validation[33m.[39mwarnings) {
    [31m[1m>[22m[39m[90m 79 |[39m       console[33m.[39mwarn([32m`[world-validation] ${warning}`[39m)[33m;[39m
     [90m    |[39m               [31m[1m^[22m[39m
     [90m 80 |[39m     }
     [90m 81 |[39m   }
     [90m 82 |[39m[0m

      at warn (api/src/game-engine.js:79:15)
      at loadWorld (tests/game-engine.test.js:33:17)
      at freshSession (tests/game-engine.test.js:38:19)
      at Object.sessionWithPlayer (tests/game-engine.test.js:788:19)

  console.warn
    [world-validation] Room "room-hub" has no items and no hazards (empty room).

    [0m [90m 77 |[39m   [36mif[39m (validation[33m.[39mwarnings[33m.[39mlength [33m>[39m [35m0[39m) {
     [90m 78 |[39m     [36mfor[39m ([36mconst[39m warning [36mof[39m validation[33m.[39mwarnings) {
    [31m[1m>[22m[39m[90m 79 |[39m       console[33m.[39mwarn([32m`[world-validation] ${warning}`[39m)[33m;[39m
     [90m    |[39m               [31m[1m^[22m[39m
     [90m 80 |[39m     }
     [90m 81 |[39m   }
     [90m 82 |[39m[0m

      at warn (api/src/game-engine.js:79:15)
      at loadWorld (tests/game-engine.test.js:33:17)
      at freshSession (tests/game-engine.test.js:43:17)
      at Object.sessionWithPlayers (tests/game-engine.test.js:800:19)

  console.warn
    [world-validation] Room "room-hub-n" has no items and no hazards (empty room).

    [0m [90m 77 |[39m   [36mif[39m (validation[33m.[39mwarnings[33m.[39mlength [33m>[39m [35m0[39m) {
     [90m 78 |[39m     [36mfor[39m ([36mconst[39m warning [36mof[39m validation[33m.[39mwarnings) {
    [31m[1m>[22m[39m[90m 79 |[39m       console[33m.[39mwarn([32m`[world-validation] ${warning}`[39m)[33m;[39m
     [90m    |[39m               [31m[1m^[22m[39m
     [90m 80 |[39m     }
     [90m 81 |[39m   }
     [90m 82 |[39m[0m

      at warn (api/src/game-engine.js:79:15)
      at loadWorld (tests/game-engine.test.js:33:17)
      at freshSession (tests/game-engine.test.js:43:17)
      at Object.sessionWithPlayers (tests/game-engine.test.js:800:19)

  console.warn
    [world-validation] Room "room-hub-e" has no items and no hazards (empty room).

    [0m [90m 77 |[39m   [36mif[39m (validation[33m.[39mwarnings[33m.[39mlength [33m>[39m [35m0[39m) {
     [90m 78 |[39m     [36mfor[39m ([36mconst[39m warning [36mof[39m validation[33m.[39mwarnings) {
    [31m[1m>[22m[39m[90m 79 |[39m       console[33m.[39mwarn([32m`[world-validation] ${warning}`[39m)[33m;[39m
     [90m    |[39m               [31m[1m^[22m[39m
     [90m 80 |[39m     }
     [90m 81 |[39m   }
     [90m 82 |[39m[0m

      at warn (api/src/game-engine.js:79:15)
      at loadWorld (tests/game-engine.test.js:33:17)
      at freshSession (tests/game-engine.test.js:43:17)
      at Object.sessionWithPlayers (tests/game-engine.test.js:800:19)

  console.warn
    [world-validation] Room "room-hub-w" has no items and no hazards (empty room).

    [0m [90m 77 |[39m   [36mif[39m (validation[33m.[39mwarnings[33m.[39mlength [33m>[39m [35m0[39m) {
     [90m 78 |[39m     [36mfor[39m ([36mconst[39m warning [36mof[39m validation[33m.[39mwarnings) {
    [31m[1m>[22m[39m[90m 79 |[39m       console[33m.[39mwarn([32m`[world-validation] ${warning}`[39m)[33m;[39m
     [90m    |[39m               [31m[1m^[22m[39m
     [90m 80 |[39m     }
     [90m 81 |[39m   }
     [90m 82 |[39m[0m

      at warn (api/src/game-engine.js:79:15)
      at loadWorld (tests/game-engine.test.js:33:17)
      at freshSession (tests/game-engine.test.js:43:17)
      at Object.sessionWithPlayers (tests/game-engine.test.js:800:19)

  console.warn
    [world-validation] Room "room-isolated" has no items and no hazards (empty room).

    [0m [90m 77 |[39m   [36mif[39m (validation[33m.[39mwarnings[33m.[39mlength [33m>[39m [35m0[39m) {
     [90m 78 |[39m     [36mfor[39m ([36mconst[39m warning [36mof[39m validation[33m.[39mwarnings) {
    [31m[1m>[22m[39m[90m 79 |[39m       console[33m.[39mwarn([32m`[world-validation] ${warning}`[39m)[33m;[39m
     [90m    |[39m               [31m[1m^[22m[39m
     [90m 80 |[39m     }
     [90m 81 |[39m   }
     [90m 82 |[39m[0m

      at warn (api/src/game-engine.js:79:15)
      at loadWorld (tests/game-engine.test.js:33:17)
      at freshSession (tests/game-engine.test.js:43:17)
      at Object.sessionWithPlayers (tests/game-engine.test.js:800:19)

  console.warn
    [world-validation] Room "room-isolated" is an orphan ΓÇö no exits or puzzles connect to it.

    [0m [90m 77 |[39m   [36mif[39m (validation[33m.[39mwarnings[33m.[39mlength [33m>[39m [35m0[39m) {
     [90m 78 |[39m     [36mfor[39m ([36mconst[39m warning [36mof[39m validation[33m.[39mwarnings) {
    [31m[1m>[22m[39m[90m 79 |[39m       console[33m.[39mwarn([32m`[world-validation] ${warning}`[39m)[33m;[39m
     [90m    |[39m               [31m[1m^[22m[39m
     [90m 80 |[39m     }
     [90m 81 |[39m   }
     [90m 82 |[39m[0m

      at warn (api/src/game-engine.js:79:15)
      at loadWorld (tests/game-engine.test.js:33:17)
      at freshSession (tests/game-engine.test.js:43:17)
      at Object.sessionWithPlayers (tests/game-engine.test.js:800:19)

  console.warn
    [world-validation] Room "room-hub" has no items and no hazards (empty room).

    [0m [90m 77 |[39m   [36mif[39m (validation[33m.[39mwarnings[33m.[39mlength [33m>[39m [35m0[39m) {
     [90m 78 |[39m     [36mfor[39m ([36mconst[39m warning [36mof[39m validation[33m.[39mwarnings) {
    [31m[1m>[22m[39m[90m 79 |[39m       console[33m.[39mwarn([32m`[world-validation] ${warning}`[39m)[33m;[39m
     [90m    |[39m               [31m[1m^[22m[39m
     [90m 80 |[39m     }
     [90m 81 |[39m   }
     [90m 82 |[39m[0m

      at warn (api/src/game-engine.js:79:15)
      at loadWorld (tests/game-engine.test.js:33:17)
      at freshSession (tests/game-engine.test.js:43:17)
      at Object.sessionWithPlayers (tests/game-engine.test.js:818:19)

  console.warn
    [world-validation] Room "room-hub-n" has no items and no hazards (empty room).

    [0m [90m 77 |[39m   [36mif[39m (validation[33m.[39mwarnings[33m.[39mlength [33m>[39m [35m0[39m) {
     [90m 78 |[39m     [36mfor[39m ([36mconst[39m warning [36mof[39m validation[33m.[39mwarnings) {
    [31m[1m>[22m[39m[90m 79 |[39m       console[33m.[39mwarn([32m`[world-validation] ${warning}`[39m)[33m;[39m
     [90m    |[39m               [31m[1m^[22m[39m
     [90m 80 |[39m     }
     [90m 81 |[39m   }
     [90m 82 |[39m[0m

      at warn (api/src/game-engine.js:79:15)
      at loadWorld (tests/game-engine.test.js:33:17)
      at freshSession (tests/game-engine.test.js:43:17)
      at Object.sessionWithPlayers (tests/game-engine.test.js:818:19)

  console.warn
    [world-validation] Room "room-hub-e" has no items and no hazards (empty room).

    [0m [90m 77 |[39m   [36mif[39m (validation[33m.[39mwarnings[33m.[39mlength [33m>[39m [35m0[39m) {
     [90m 78 |[39m     [36mfor[39m ([36mconst[39m warning [36mof[39m validation[33m.[39mwarnings) {
    [31m[1m>[22m[39m[90m 79 |[39m       console[33m.[39mwarn([32m`[world-validation] ${warning}`[39m)[33m;[39m
     [90m    |[39m               [31m[1m^[22m[39m
     [90m 80 |[39m     }
     [90m 81 |[39m   }
     [90m 82 |[39m[0m

      at warn (api/src/game-engine.js:79:15)
      at loadWorld (tests/game-engine.test.js:33:17)
      at freshSession (tests/game-engine.test.js:43:17)
      at Object.sessionWithPlayers (tests/game-engine.test.js:818:19)

  console.warn
    [world-validation] Room "room-hub-w" has no items and no hazards (empty room).

    [0m [90m 77 |[39m   [36mif[39m (validation[33m.[39mwarnings[33m.[39mlength [33m>[39m [35m0[39m) {
     [90m 78 |[39m     [36mfor[39m ([36mconst[39m warning [36mof[39m validation[33m.[39mwarnings) {
    [31m[1m>[22m[39m[90m 79 |[39m       console[33m.[39mwarn([32m`[world-validation] ${warning}`[39m)[33m;[39m
     [90m    |[39m               [31m[1m^[22m[39m
     [90m 80 |[39m     }
     [90m 81 |[39m   }
     [90m 82 |[39m[0m

      at warn (api/src/game-engine.js:79:15)
      at loadWorld (tests/game-engine.test.js:33:17)
      at freshSession (tests/game-engine.test.js:43:17)
      at Object.sessionWithPlayers (tests/game-engine.test.js:818:19)

  console.warn
    [world-validation] Room "room-isolated" has no items and no hazards (empty room).

    [0m [90m 77 |[39m   [36mif[39m (validation[33m.[39mwarnings[33m.[39mlength [33m>[39m [35m0[39m) {
     [90m 78 |[39m     [36mfor[39m ([36mconst[39m warning [36mof[39m validation[33m.[39mwarnings) {
    [31m[1m>[22m[39m[90m 79 |[39m       console[33m.[39mwarn([32m`[world-validation] ${warning}`[39m)[33m;[39m
     [90m    |[39m               [31m[1m^[22m[39m
     [90m 80 |[39m     }
     [90m 81 |[39m   }
     [90m 82 |[39m[0m

      at warn (api/src/game-engine.js:79:15)
      at loadWorld (tests/game-engine.test.js:33:17)
      at freshSession (tests/game-engine.test.js:43:17)
      at Object.sessionWithPlayers (tests/game-engine.test.js:818:19)

  console.warn
    [world-validation] Room "room-isolated" is an orphan ΓÇö no exits or puzzles connect to it.

    [0m [90m 77 |[39m   [36mif[39m (validation[33m.[39mwarnings[33m.[39mlength [33m>[39m [35m0[39m) {
     [90m 78 |[39m     [36mfor[39m ([36mconst[39m warning [36mof[39m validation[33m.[39mwarnings) {
    [31m[1m>[22m[39m[90m 79 |[39m       console[33m.[39mwarn([32m`[world-validation] ${warning}`[39m)[33m;[39m
     [90m    |[39m               [31m[1m^[22m[39m
     [90m 80 |[39m     }
     [90m 81 |[39m   }
     [90m 82 |[39m[0m

      at warn (api/src/game-engine.js:79:15)
      at loadWorld (tests/game-engine.test.js:33:17)
      at freshSession (tests/game-engine.test.js:43:17)
      at Object.sessionWithPlayers (tests/game-engine.test.js:818:19)

  console.warn
    [world-validation] Room "room-hub" has no items and no hazards (empty room).

    [0m [90m 77 |[39m   [36mif[39m (validation[33m.[39mwarnings[33m.[39mlength [33m>[39m [35m0[39m) {
     [90m 78 |[39m     [36mfor[39m ([36mconst[39m warning [36mof[39m validation[33m.[39mwarnings) {
    [31m[1m>[22m[39m[90m 79 |[39m       console[33m.[39mwarn([32m`[world-validation] ${warning}`[39m)[33m;[39m
     [90m    |[39m               [31m[1m^[22m[39m
     [90m 80 |[39m     }
     [90m 81 |[39m   }
     [90m 82 |[39m[0m

      at warn (api/src/game-engine.js:79:15)
      at loadWorld (tests/game-engine.test.js:33:17)
      at freshSession (tests/game-engine.test.js:43:17)
      at Object.sessionWithPlayers (tests/game-engine.test.js:858:19)

  console.warn
    [world-validation] Room "room-hub-n" has no items and no hazards (empty room).

    [0m [90m 77 |[39m   [36mif[39m (validation[33m.[39mwarnings[33m.[39mlength [33m>[39m [35m0[39m) {
     [90m 78 |[39m     [36mfor[39m ([36mconst[39m warning [36mof[39m validation[33m.[39mwarnings) {
    [31m[1m>[22m[39m[90m 79 |[39m       console[33m.[39mwarn([32m`[world-validation] ${warning}`[39m)[33m;[39m
     [90m    |[39m               [31m[1m^[22m[39m
     [90m 80 |[39m     }
     [90m 81 |[39m   }
     [90m 82 |[39m[0m

      at warn (api/src/game-engine.js:79:15)
      at loadWorld (tests/game-engine.test.js:33:17)
      at freshSession (tests/game-engine.test.js:43:17)
      at Object.sessionWithPlayers (tests/game-engine.test.js:858:19)

  console.warn
    [world-validation] Room "room-hub-e" has no items and no hazards (empty room).

    [0m [90m 77 |[39m   [36mif[39m (validation[33m.[39mwarnings[33m.[39mlength [33m>[39m [35m0[39m) {
     [90m 78 |[39m     [36mfor[39m ([36mconst[39m warning [36mof[39m validation[33m.[39mwarnings) {
    [31m[1m>[22m[39m[90m 79 |[39m       console[33m.[39mwarn([32m`[world-validation] ${warning}`[39m)[33m;[39m
     [90m    |[39m               [31m[1m^[22m[39m
     [90m 80 |[39m     }
     [90m 81 |[39m   }
     [90m 82 |[39m[0m

      at warn (api/src/game-engine.js:79:15)
      at loadWorld (tests/game-engine.test.js:33:17)
      at freshSession (tests/game-engine.test.js:43:17)
      at Object.sessionWithPlayers (tests/game-engine.test.js:858:19)

  console.warn
    [world-validation] Room "room-hub-w" has no items and no hazards (empty room).

    [0m [90m 77 |[39m   [36mif[39m (validation[33m.[39mwarnings[33m.[39mlength [33m>[39m [35m0[39m) {
     [90m 78 |[39m     [36mfor[39m ([36mconst[39m warning [36mof[39m validation[33m.[39mwarnings) {
    [31m[1m>[22m[39m[90m 79 |[39m       console[33m.[39mwarn([32m`[world-validation] ${warning}`[39m)[33m;[39m
     [90m    |[39m               [31m[1m^[22m[39m
     [90m 80 |[39m     }
     [90m 81 |[39m   }
     [90m 82 |[39m[0m

      at warn (api/src/game-engine.js:79:15)
      at loadWorld (tests/game-engine.test.js:33:17)
      at freshSession (tests/game-engine.test.js:43:17)
      at Object.sessionWithPlayers (tests/game-engine.test.js:858:19)

  console.warn
    [world-validation] Room "room-isolated" has no items and no hazards (empty room).

    [0m [90m 77 |[39m   [36mif[39m (validation[33m.[39mwarnings[33m.[39mlength [33m>[39m [35m0[39m) {
     [90m 78 |[39m     [36mfor[39m ([36mconst[39m warning [36mof[39m validation[33m.[39mwarnings) {
    [31m[1m>[22m[39m[90m 79 |[39m       console[33m.[39mwarn([32m`[world-validation] ${warning}`[39m)[33m;[39m
     [90m    |[39m               [31m[1m^[22m[39m
     [90m 80 |[39m     }
     [90m 81 |[39m   }
     [90m 82 |[39m[0m

      at warn (api/src/game-engine.js:79:15)
      at loadWorld (tests/game-engine.test.js:33:17)
      at freshSession (tests/game-engine.test.js:43:17)
      at Object.sessionWithPlayers (tests/game-engine.test.js:858:19)

  console.warn
    [world-validation] Room "room-isolated" is an orphan ΓÇö no exits or puzzles connect to it.

    [0m [90m 77 |[39m   [36mif[39m (validation[33m.[39mwarnings[33m.[39mlength [33m>[39m [35m0[39m) {
     [90m 78 |[39m     [36mfor[39m ([36mconst[39m warning [36mof[39m validation[33m.[39mwarnings) {
    [31m[1m>[22m[39m[90m 79 |[39m       console[33m.[39mwarn([32m`[world-validation] ${warning}`[39m)[33m;[39m
     [90m    |[39m               [31m[1m^[22m[39m
     [90m 80 |[39m     }
     [90m 81 |[39m   }
     [90m 82 |[39m[0m

      at warn (api/src/game-engine.js:79:15)
      at loadWorld (tests/game-engine.test.js:33:17)
      at freshSession (tests/game-engine.test.js:43:17)
      at Object.sessionWithPlayers (tests/game-engine.test.js:858:19)

  console.warn
    [world-validation] Room "room-hub" has no items and no hazards (empty room).

    [0m [90m 77 |[39m   [36mif[39m (validation[33m.[39mwarnings[33m.[39mlength [33m>[39m [35m0[39m) {
     [90m 78 |[39m     [36mfor[39m ([36mconst[39m warning [36mof[39m validation[33m.[39mwarnings) {
    [31m[1m>[22m[39m[90m 79 |[39m       console[33m.[39mwarn([32m`[world-validation] ${warning}`[39m)[33m;[39m
     [90m    |[39m               [31m[1m^[22m[39m
     [90m 80 |[39m     }
     [90m 81 |[39m   }
     [90m 82 |[39m[0m

      at warn (api/src/game-engine.js:79:15)
      at loadWorld (tests/game-engine.test.js:33:17)
      at freshSession (tests/game-engine.test.js:43:17)
      at Object.sessionWithPlayers (tests/game-engine.test.js:870:19)

  console.warn
    [world-validation] Room "room-hub-n" has no items and no hazards (empty room).

    [0m [90m 77 |[39m   [36mif[39m (validation[33m.[39mwarnings[33m.[39mlength [33m>[39m [35m0[39m) {
     [90m 78 |[39m     [36mfor[39m ([36mconst[39m warning [36mof[39m validation[33m.[39mwarnings) {
    [31m[1m>[22m[39m[90m 79 |[39m       console[33m.[39mwarn([32m`[world-validation] ${warning}`[39m)[33m;[39m
     [90m    |[39m               [31m[1m^[22m[39m
     [90m 80 |[39m     }
     [90m 81 |[39m   }
     [90m 82 |[39m[0m

      at warn (api/src/game-engine.js:79:15)
      at loadWorld (tests/game-engine.test.js:33:17)
      at freshSession (tests/game-engine.test.js:43:17)
      at Object.sessionWithPlayers (tests/game-engine.test.js:870:19)

  console.warn
    [world-validation] Room "room-hub-e" has no items and no hazards (empty room).

    [0m [90m 77 |[39m   [36mif[39m (validation[33m.[39mwarnings[33m.[39mlength [33m>[39m [35m0[39m) {
     [90m 78 |[39m     [36mfor[39m ([36mconst[39m warning [36mof[39m validation[33m.[39mwarnings) {
    [31m[1m>[22m[39m[90m 79 |[39m       console[33m.[39mwarn([32m`[world-validation] ${warning}`[39m)[33m;[39m
     [90m    |[39m               [31m[1m^[22m[39m
     [90m 80 |[39m     }
     [90m 81 |[39m   }
     [90m 82 |[39m[0m

      at warn (api/src/game-engine.js:79:15)
      at loadWorld (tests/game-engine.test.js:33:17)
      at freshSession (tests/game-engine.test.js:43:17)
      at Object.sessionWithPlayers (tests/game-engine.test.js:870:19)

  console.warn
    [world-validation] Room "room-hub-w" has no items and no hazards (empty room).

    [0m [90m 77 |[39m   [36mif[39m (validation[33m.[39mwarnings[33m.[39mlength [33m>[39m [35m0[39m) {
     [90m 78 |[39m     [36mfor[39m ([36mconst[39m warning [36mof[39m validation[33m.[39mwarnings) {
    [31m[1m>[22m[39m[90m 79 |[39m       console[33m.[39mwarn([32m`[world-validation] ${warning}`[39m)[33m;[39m
     [90m    |[39m               [31m[1m^[22m[39m
     [90m 80 |[39m     }
     [90m 81 |[39m   }
     [90m 82 |[39m[0m

      at warn (api/src/game-engine.js:79:15)
      at loadWorld (tests/game-engine.test.js:33:17)
      at freshSession (tests/game-engine.test.js:43:17)
      at Object.sessionWithPlayers (tests/game-engine.test.js:870:19)

  console.warn
    [world-validation] Room "room-isolated" has no items and no hazards (empty room).

    [0m [90m 77 |[39m   [36mif[39m (validation[33m.[39mwarnings[33m.[39mlength [33m>[39m [35m0[39m) {
     [90m 78 |[39m     [36mfor[39m ([36mconst[39m warning [36mof[39m validation[33m.[39mwarnings) {
    [31m[1m>[22m[39m[90m 79 |[39m       console[33m.[39mwarn([32m`[world-validation] ${warning}`[39m)[33m;[39m
     [90m    |[39m               [31m[1m^[22m[39m
     [90m 80 |[39m     }
     [90m 81 |[39m   }
     [90m 82 |[39m[0m

      at warn (api/src/game-engine.js:79:15)
      at loadWorld (tests/game-engine.test.js:33:17)
      at freshSession (tests/game-engine.test.js:43:17)
      at Object.sessionWithPlayers (tests/game-engine.test.js:870:19)

  console.warn
    [world-validation] Room "room-isolated" is an orphan ΓÇö no exits or puzzles connect to it.

    [0m [90m 77 |[39m   [36mif[39m (validation[33m.[39mwarnings[33m.[39mlength [33m>[39m [35m0[39m) {
     [90m 78 |[39m     [36mfor[39m ([36mconst[39m warning [36mof[39m validation[33m.[39mwarnings) {
    [31m[1m>[22m[39m[90m 79 |[39m       console[33m.[39mwarn([32m`[world-validation] ${warning}`[39m)[33m;[39m
     [90m    |[39m               [31m[1m^[22m[39m
     [90m 80 |[39m     }
     [90m 81 |[39m   }
     [90m 82 |[39m[0m

      at warn (api/src/game-engine.js:79:15)
      at loadWorld (tests/game-engine.test.js:33:17)
      at freshSession (tests/game-engine.test.js:43:17)
      at Object.sessionWithPlayers (tests/game-engine.test.js:870:19)

  console.warn
    [world-validation] Room "room-hub" has no items and no hazards (empty room).

    [0m [90m 77 |[39m   [36mif[39m (validation[33m.[39mwarnings[33m.[39mlength [33m>[39m [35m0[39m) {
     [90m 78 |[39m     [36mfor[39m ([36mconst[39m warning [36mof[39m validation[33m.[39mwarnings) {
    [31m[1m>[22m[39m[90m 79 |[39m       console[33m.[39mwarn([32m`[world-validation] ${warning}`[39m)[33m;[39m
     [90m    |[39m               [31m[1m^[22m[39m
     [90m 80 |[39m     }
     [90m 81 |[39m   }
     [90m 82 |[39m[0m

      at warn (api/src/game-engine.js:79:15)
      at loadWorld (tests/game-engine.test.js:33:17)
      at freshSession (tests/game-engine.test.js:43:17)
      at Object.sessionWithPlayers (tests/game-engine.test.js:883:19)

  console.warn
    [world-validation] Room "room-hub-n" has no items and no hazards (empty room).

    [0m [90m 77 |[39m   [36mif[39m (validation[33m.[39mwarnings[33m.[39mlength [33m>[39m [35m0[39m) {
     [90m 78 |[39m     [36mfor[39m ([36mconst[39m warning [36mof[39m validation[33m.[39mwarnings) {
    [31m[1m>[22m[39m[90m 79 |[39m       console[33m.[39mwarn([32m`[world-validation] ${warning}`[39m)[33m;[39m
     [90m    |[39m               [31m[1m^[22m[39m
     [90m 80 |[39m     }
     [90m 81 |[39m   }
     [90m 82 |[39m[0m

      at warn (api/src/game-engine.js:79:15)
      at loadWorld (tests/game-engine.test.js:33:17)
      at freshSession (tests/game-engine.test.js:43:17)
      at Object.sessionWithPlayers (tests/game-engine.test.js:883:19)

  console.warn
    [world-validation] Room "room-hub-e" has no items and no hazards (empty room).

    [0m [90m 77 |[39m   [36mif[39m (validation[33m.[39mwarnings[33m.[39mlength [33m>[39m [35m0[39m) {
     [90m 78 |[39m     [36mfor[39m ([36mconst[39m warning [36mof[39m validation[33m.[39mwarnings) {
    [31m[1m>[22m[39m[90m 79 |[39m       console[33m.[39mwarn([32m`[world-validation] ${warning}`[39m)[33m;[39m
     [90m    |[39m               [31m[1m^[22m[39m
     [90m 80 |[39m     }
     [90m 81 |[39m   }
     [90m 82 |[39m[0m

      at warn (api/src/game-engine.js:79:15)
      at loadWorld (tests/game-engine.test.js:33:17)
      at freshSession (tests/game-engine.test.js:43:17)
      at Object.sessionWithPlayers (tests/game-engine.test.js:883:19)

  console.warn
    [world-validation] Room "room-hub-w" has no items and no hazards (empty room).

    [0m [90m 77 |[39m   [36mif[39m (validation[33m.[39mwarnings[33m.[39mlength [33m>[39m [35m0[39m) {
     [90m 78 |[39m     [36mfor[39m ([36mconst[39m warning [36mof[39m validation[33m.[39mwarnings) {
    [31m[1m>[22m[39m[90m 79 |[39m       console[33m.[39mwarn([32m`[world-validation] ${warning}`[39m)[33m;[39m
     [90m    |[39m               [31m[1m^[22m[39m
     [90m 80 |[39m     }
     [90m 81 |[39m   }
     [90m 82 |[39m[0m

      at warn (api/src/game-engine.js:79:15)
      at loadWorld (tests/game-engine.test.js:33:17)
      at freshSession (tests/game-engine.test.js:43:17)
      at Object.sessionWithPlayers (tests/game-engine.test.js:883:19)

  console.warn
    [world-validation] Room "room-isolated" has no items and no hazards (empty room).

    [0m [90m 77 |[39m   [36mif[39m (validation[33m.[39mwarnings[33m.[39mlength [33m>[39m [35m0[39m) {
     [90m 78 |[39m     [36mfor[39m ([36mconst[39m warning [36mof[39m validation[33m.[39mwarnings) {
    [31m[1m>[22m[39m[90m 79 |[39m       console[33m.[39mwarn([32m`[world-validation] ${warning}`[39m)[33m;[39m
     [90m    |[39m               [31m[1m^[22m[39m
     [90m 80 |[39m     }
     [90m 81 |[39m   }
     [90m 82 |[39m[0m

      at warn (api/src/game-engine.js:79:15)
      at loadWorld (tests/game-engine.test.js:33:17)
      at freshSession (tests/game-engine.test.js:43:17)
      at Object.sessionWithPlayers (tests/game-engine.test.js:883:19)

  console.warn
    [world-validation] Room "room-isolated" is an orphan ΓÇö no exits or puzzles connect to it.

    [0m [90m 77 |[39m   [36mif[39m (validation[33m.[39mwarnings[33m.[39mlength [33m>[39m [35m0[39m) {
     [90m 78 |[39m     [36mfor[39m ([36mconst[39m warning [36mof[39m validation[33m.[39mwarnings) {
    [31m[1m>[22m[39m[90m 79 |[39m       console[33m.[39mwarn([32m`[world-validation] ${warning}`[39m)[33m;[39m
     [90m    |[39m               [31m[1m^[22m[39m
     [90m 80 |[39m     }
     [90m 81 |[39m   }
     [90m 82 |[39m[0m

      at warn (api/src/game-engine.js:79:15)
      at loadWorld (tests/game-engine.test.js:33:17)
      at freshSession (tests/game-engine.test.js:43:17)
      at Object.sessionWithPlayers (tests/game-engine.test.js:883:19)

  console.warn
    [world-validation] Room "room-hub" has no items and no hazards (empty room).

    [0m [90m 77 |[39m   [36mif[39m (validation[33m.[39mwarnings[33m.[39mlength [33m>[39m [35m0[39m) {
     [90m 78 |[39m     [36mfor[39m ([36mconst[39m warning [36mof[39m validation[33m.[39mwarnings) {
    [31m[1m>[22m[39m[90m 79 |[39m       console[33m.[39mwarn([32m`[world-validation] ${warning}`[39m)[33m;[39m
     [90m    |[39m               [31m[1m^[22m[39m
     [90m 80 |[39m     }
     [90m 81 |[39m   }
     [90m 82 |[39m[0m

      at warn (api/src/game-engine.js:79:15)
      at loadWorld (tests/game-engine.test.js:33:17)
      at freshSession (tests/game-engine.test.js:43:17)
      at Object.sessionWithPlayers (tests/game-engine.test.js:899:19)

  console.warn
    [world-validation] Room "room-hub-n" has no items and no hazards (empty room).

    [0m [90m 77 |[39m   [36mif[39m (validation[33m.[39mwarnings[33m.[39mlength [33m>[39m [35m0[39m) {
     [90m 78 |[39m     [36mfor[39m ([36mconst[39m warning [36mof[39m validation[33m.[39mwarnings) {
    [31m[1m>[22m[39m[90m 79 |[39m       console[33m.[39mwarn([32m`[world-validation] ${warning}`[39m)[33m;[39m
     [90m    |[39m               [31m[1m^[22m[39m
     [90m 80 |[39m     }
     [90m 81 |[39m   }
     [90m 82 |[39m[0m

      at warn (api/src/game-engine.js:79:15)
      at loadWorld (tests/game-engine.test.js:33:17)
      at freshSession (tests/game-engine.test.js:43:17)
      at Object.sessionWithPlayers (tests/game-engine.test.js:899:19)

  console.warn
    [world-validation] Room "room-hub-e" has no items and no hazards (empty room).

    [0m [90m 77 |[39m   [36mif[39m (validation[33m.[39mwarnings[33m.[39mlength [33m>[39m [35m0[39m) {
     [90m 78 |[39m     [36mfor[39m ([36mconst[39m warning [36mof[39m validation[33m.[39mwarnings) {
    [31m[1m>[22m[39m[90m 79 |[39m       console[33m.[39mwarn([32m`[world-validation] ${warning}`[39m)[33m;[39m
     [90m    |[39m               [31m[1m^[22m[39m
     [90m 80 |[39m     }
     [90m 81 |[39m   }
     [90m 82 |[39m[0m

      at warn (api/src/game-engine.js:79:15)
      at loadWorld (tests/game-engine.test.js:33:17)
      at freshSession (tests/game-engine.test.js:43:17)
      at Object.sessionWithPlayers (tests/game-engine.test.js:899:19)

  console.warn
    [world-validation] Room "room-hub-w" has no items and no hazards (empty room).

    [0m [90m 77 |[39m   [36mif[39m (validation[33m.[39mwarnings[33m.[39mlength [33m>[39m [35m0[39m) {
     [90m 78 |[39m     [36mfor[39m ([36mconst[39m warning [36mof[39m validation[33m.[39mwarnings) {
    [31m[1m>[22m[39m[90m 79 |[39m       console[33m.[39mwarn([32m`[world-validation] ${warning}`[39m)[33m;[39m
     [90m    |[39m               [31m[1m^[22m[39m
     [90m 80 |[39m     }
     [90m 81 |[39m   }
     [90m 82 |[39m[0m

      at warn (api/src/game-engine.js:79:15)
      at loadWorld (tests/game-engine.test.js:33:17)
      at freshSession (tests/game-engine.test.js:43:17)
      at Object.sessionWithPlayers (tests/game-engine.test.js:899:19)

  console.warn
    [world-validation] Room "room-isolated" has no items and no hazards (empty room).

    [0m [90m 77 |[39m   [36mif[39m (validation[33m.[39mwarnings[33m.[39mlength [33m>[39m [35m0[39m) {
     [90m 78 |[39m     [36mfor[39m ([36mconst[39m warning [36mof[39m validation[33m.[39mwarnings) {
    [31m[1m>[22m[39m[90m 79 |[39m       console[33m.[39mwarn([32m`[world-validation] ${warning}`[39m)[33m;[39m
     [90m    |[39m               [31m[1m^[22m[39m
     [90m 80 |[39m     }
     [90m 81 |[39m   }
     [90m 82 |[39m[0m

      at warn (api/src/game-engine.js:79:15)
      at loadWorld (tests/game-engine.test.js:33:17)
      at freshSession (tests/game-engine.test.js:43:17)
      at Object.sessionWithPlayers (tests/game-engine.test.js:899:19)

  console.warn
    [world-validation] Room "room-isolated" is an orphan ΓÇö no exits or puzzles connect to it.

    [0m [90m 77 |[39m   [36mif[39m (validation[33m.[39mwarnings[33m.[39mlength [33m>[39m [35m0[39m) {
     [90m 78 |[39m     [36mfor[39m ([36mconst[39m warning [36mof[39m validation[33m.[39mwarnings) {
    [31m[1m>[22m[39m[90m 79 |[39m       console[33m.[39mwarn([32m`[world-validation] ${warning}`[39m)[33m;[39m
     [90m    |[39m               [31m[1m^[22m[39m
     [90m 80 |[39m     }
     [90m 81 |[39m   }
     [90m 82 |[39m[0m

      at warn (api/src/game-engine.js:79:15)
      at loadWorld (tests/game-engine.test.js:33:17)
      at freshSession (tests/game-engine.test.js:43:17)
      at Object.sessionWithPlayers (tests/game-engine.test.js:899:19)

  console.warn
    [world-validation] Room "room-hub" has no items and no hazards (empty room).

    [0m [90m 77 |[39m   [36mif[39m (validation[33m.[39mwarnings[33m.[39mlength [33m>[39m [35m0[39m) {
     [90m 78 |[39m     [36mfor[39m ([36mconst[39m warning [36mof[39m validation[33m.[39mwarnings) {
    [31m[1m>[22m[39m[90m 79 |[39m       console[33m.[39mwarn([32m`[world-validation] ${warning}`[39m)[33m;[39m
     [90m    |[39m               [31m[1m^[22m[39m
     [90m 80 |[39m     }
     [90m 81 |[39m   }
     [90m 82 |[39m[0m

      at warn (api/src/game-engine.js:79:15)
      at loadWorld (tests/game-engine.test.js:33:17)
      at freshSession (tests/game-engine.test.js:43:17)
      at Object.sessionWithPlayers (tests/game-engine.test.js:908:19)

  console.warn
    [world-validation] Room "room-hub-n" has no items and no hazards (empty room).

    [0m [90m 77 |[39m   [36mif[39m (validation[33m.[39mwarnings[33m.[39mlength [33m>[39m [35m0[39m) {
     [90m 78 |[39m     [36mfor[39m ([36mconst[39m warning [36mof[39m validation[33m.[39mwarnings) {
    [31m[1m>[22m[39m[90m 79 |[39m       console[33m.[39mwarn([32m`[world-validation] ${warning}`[39m)[33m;[39m
     [90m    |[39m               [31m[1m^[22m[39m
     [90m 80 |[39m     }
     [90m 81 |[39m   }
     [90m 82 |[39m[0m

      at warn (api/src/game-engine.js:79:15)
      at loadWorld (tests/game-engine.test.js:33:17)
      at freshSession (tests/game-engine.test.js:43:17)
      at Object.sessionWithPlayers (tests/game-engine.test.js:908:19)

  console.warn
    [world-validation] Room "room-hub-e" has no items and no hazards (empty room).

    [0m [90m 77 |[39m   [36mif[39m (validation[33m.[39mwarnings[33m.[39mlength [33m>[39m [35m0[39m) {
     [90m 78 |[39m     [36mfor[39m ([36mconst[39m warning [36mof[39m validation[33m.[39mwarnings) {
    [31m[1m>[22m[39m[90m 79 |[39m       console[33m.[39mwarn([32m`[world-validation] ${warning}`[39m)[33m;[39m
     [90m    |[39m               [31m[1m^[22m[39m
     [90m 80 |[39m     }
     [90m 81 |[39m   }
     [90m 82 |[39m[0m

      at warn (api/src/game-engine.js:79:15)
      at loadWorld (tests/game-engine.test.js:33:17)
      at freshSession (tests/game-engine.test.js:43:17)
      at Object.sessionWithPlayers (tests/game-engine.test.js:908:19)

  console.warn
    [world-validation] Room "room-hub-w" has no items and no hazards (empty room).

    [0m [90m 77 |[39m   [36mif[39m (validation[33m.[39mwarnings[33m.[39mlength [33m>[39m [35m0[39m) {
     [90m 78 |[39m     [36mfor[39m ([36mconst[39m warning [36mof[39m validation[33m.[39mwarnings) {
    [31m[1m>[22m[39m[90m 79 |[39m       console[33m.[39mwarn([32m`[world-validation] ${warning}`[39m)[33m;[39m
     [90m    |[39m               [31m[1m^[22m[39m
     [90m 80 |[39m     }
     [90m 81 |[39m   }
     [90m 82 |[39m[0m

      at warn (api/src/game-engine.js:79:15)
      at loadWorld (tests/game-engine.test.js:33:17)
      at freshSession (tests/game-engine.test.js:43:17)
      at Object.sessionWithPlayers (tests/game-engine.test.js:908:19)

  console.warn
    [world-validation] Room "room-isolated" has no items and no hazards (empty room).

    [0m [90m 77 |[39m   [36mif[39m (validation[33m.[39mwarnings[33m.[39mlength [33m>[39m [35m0[39m) {
     [90m 78 |[39m     [36mfor[39m ([36mconst[39m warning [36mof[39m validation[33m.[39mwarnings) {
    [31m[1m>[22m[39m[90m 79 |[39m       console[33m.[39mwarn([32m`[world-validation] ${warning}`[39m)[33m;[39m
     [90m    |[39m               [31m[1m^[22m[39m
     [90m 80 |[39m     }
     [90m 81 |[39m   }
     [90m 82 |[39m[0m

      at warn (api/src/game-engine.js:79:15)
      at loadWorld (tests/game-engine.test.js:33:17)
      at freshSession (tests/game-engine.test.js:43:17)
      at Object.sessionWithPlayers (tests/game-engine.test.js:908:19)

  console.warn
    [world-validation] Room "room-isolated" is an orphan ΓÇö no exits or puzzles connect to it.

    [0m [90m 77 |[39m   [36mif[39m (validation[33m.[39mwarnings[33m.[39mlength [33m>[39m [35m0[39m) {
     [90m 78 |[39m     [36mfor[39m ([36mconst[39m warning [36mof[39m validation[33m.[39mwarnings) {
    [31m[1m>[22m[39m[90m 79 |[39m       console[33m.[39mwarn([32m`[world-validation] ${warning}`[39m)[33m;[39m
     [90m    |[39m               [31m[1m^[22m[39m
     [90m 80 |[39m     }
     [90m 81 |[39m   }
     [90m 82 |[39m[0m

      at warn (api/src/game-engine.js:79:15)
      at loadWorld (tests/game-engine.test.js:33:17)
      at freshSession (tests/game-engine.test.js:43:17)
      at Object.sessionWithPlayers (tests/game-engine.test.js:908:19)

  console.warn
    [world-validation] Room "room-hub" has no items and no hazards (empty room).

    [0m [90m 77 |[39m   [36mif[39m (validation[33m.[39mwarnings[33m.[39mlength [33m>[39m [35m0[39m) {
     [90m 78 |[39m     [36mfor[39m ([36mconst[39m warning [36mof[39m validation[33m.[39mwarnings) {
    [31m[1m>[22m[39m[90m 79 |[39m       console[33m.[39mwarn([32m`[world-validation] ${warning}`[39m)[33m;[39m
     [90m    |[39m               [31m[1m^[22m[39m
     [90m 80 |[39m     }
     [90m 81 |[39m   }
     [90m 82 |[39m[0m

      at warn (api/src/game-engine.js:79:15)
      at loadWorld (tests/game-engine.test.js:33:17)
      at freshSession (tests/game-engine.test.js:38:19)
      at Object.sessionWithPlayer (tests/game-engine.test.js:920:19)

  console.warn
    [world-validation] Room "room-hub-n" has no items and no hazards (empty room).

    [0m [90m 77 |[39m   [36mif[39m (validation[33m.[39mwarnings[33m.[39mlength [33m>[39m [35m0[39m) {
     [90m 78 |[39m     [36mfor[39m ([36mconst[39m warning [36mof[39m validation[33m.[39mwarnings) {
    [31m[1m>[22m[39m[90m 79 |[39m       console[33m.[39mwarn([32m`[world-validation] ${warning}`[39m)[33m;[39m
     [90m    |[39m               [31m[1m^[22m[39m
     [90m 80 |[39m     }
     [90m 81 |[39m   }
     [90m 82 |[39m[0m

      at warn (api/src/game-engine.js:79:15)
      at loadWorld (tests/game-engine.test.js:33:17)
      at freshSession (tests/game-engine.test.js:38:19)
      at Object.sessionWithPlayer (tests/game-engine.test.js:920:19)

  console.warn
    [world-validation] Room "room-hub-e" has no items and no hazards (empty room).

    [0m [90m 77 |[39m   [36mif[39m (validation[33m.[39mwarnings[33m.[39mlength [33m>[39m [35m0[39m) {
     [90m 78 |[39m     [36mfor[39m ([36mconst[39m warning [36mof[39m validation[33m.[39mwarnings) {
    [31m[1m>[22m[39m[90m 79 |[39m       console[33m.[39mwarn([32m`[world-validation] ${warning}`[39m)[33m;[39m
     [90m    |[39m               [31m[1m^[22m[39m
     [90m 80 |[39m     }
     [90m 81 |[39m   }
     [90m 82 |[39m[0m

      at warn (api/src/game-engine.js:79:15)
      at loadWorld (tests/game-engine.test.js:33:17)
      at freshSession (tests/game-engine.test.js:38:19)
      at Object.sessionWithPlayer (tests/game-engine.test.js:920:19)

  console.warn
    [world-validation] Room "room-hub-w" has no items and no hazards (empty room).

    [0m [90m 77 |[39m   [36mif[39m (validation[33m.[39mwarnings[33m.[39mlength [33m>[39m [35m0[39m) {
     [90m 78 |[39m     [36mfor[39m ([36mconst[39m warning [36mof[39m validation[33m.[39mwarnings) {
    [31m[1m>[22m[39m[90m 79 |[39m       console[33m.[39mwarn([32m`[world-validation] ${warning}`[39m)[33m;[39m
     [90m    |[39m               [31m[1m^[22m[39m
     [90m 80 |[39m     }
     [90m 81 |[39m   }
     [90m 82 |[39m[0m

      at warn (api/src/game-engine.js:79:15)
      at loadWorld (tests/game-engine.test.js:33:17)
      at freshSession (tests/game-engine.test.js:38:19)
      at Object.sessionWithPlayer (tests/game-engine.test.js:920:19)

  console.warn
    [world-validation] Room "room-isolated" has no items and no hazards (empty room).

    [0m [90m 77 |[39m   [36mif[39m (validation[33m.[39mwarnings[33m.[39mlength [33m>[39m [35m0[39m) {
     [90m 78 |[39m     [36mfor[39m ([36mconst[39m warning [36mof[39m validation[33m.[39mwarnings) {
    [31m[1m>[22m[39m[90m 79 |[39m       console[33m.[39mwarn([32m`[world-validation] ${warning}`[39m)[33m;[39m
     [90m    |[39m               [31m[1m^[22m[39m
     [90m 80 |[39m     }
     [90m 81 |[39m   }
     [90m 82 |[39m[0m

      at warn (api/src/game-engine.js:79:15)
      at loadWorld (tests/game-engine.test.js:33:17)
      at freshSession (tests/game-engine.test.js:38:19)
      at Object.sessionWithPlayer (tests/game-engine.test.js:920:19)

  console.warn
    [world-validation] Room "room-isolated" is an orphan ΓÇö no exits or puzzles connect to it.

    [0m [90m 77 |[39m   [36mif[39m (validation[33m.[39mwarnings[33m.[39mlength [33m>[39m [35m0[39m) {
     [90m 78 |[39m     [36mfor[39m ([36mconst[39m warning [36mof[39m validation[33m.[39mwarnings) {
    [31m[1m>[22m[39m[90m 79 |[39m       console[33m.[39mwarn([32m`[world-validation] ${warning}`[39m)[33m;[39m
     [90m    |[39m               [31m[1m^[22m[39m
     [90m 80 |[39m     }
     [90m 81 |[39m   }
     [90m 82 |[39m[0m

      at warn (api/src/game-engine.js:79:15)
      at loadWorld (tests/game-engine.test.js:33:17)
      at freshSession (tests/game-engine.test.js:38:19)
      at Object.sessionWithPlayer (tests/game-engine.test.js:920:19)

  console.warn
    [world-validation] Room "room-hub" has no items and no hazards (empty room).

    [0m [90m 77 |[39m   [36mif[39m (validation[33m.[39mwarnings[33m.[39mlength [33m>[39m [35m0[39m) {
     [90m 78 |[39m     [36mfor[39m ([36mconst[39m warning [36mof[39m validation[33m.[39mwarnings) {
    [31m[1m>[22m[39m[90m 79 |[39m       console[33m.[39mwarn([32m`[world-validation] ${warning}`[39m)[33m;[39m
     [90m    |[39m               [31m[1m^[22m[39m
     [90m 80 |[39m     }
     [90m 81 |[39m   }
     [90m 82 |[39m[0m

      at warn (api/src/game-engine.js:79:15)
      at loadWorld (tests/game-engine.test.js:33:17)
      at freshSession (tests/game-engine.test.js:38:19)
      at Object.sessionWithPlayer (tests/game-engine.test.js:927:21)

  console.warn
    [world-validation] Room "room-hub-n" has no items and no hazards (empty room).

    [0m [90m 77 |[39m   [36mif[39m (validation[33m.[39mwarnings[33m.[39mlength [33m>[39m [35m0[39m) {
     [90m 78 |[39m     [36mfor[39m ([36mconst[39m warning [36mof[39m validation[33m.[39mwarnings) {
    [31m[1m>[22m[39m[90m 79 |[39m       console[33m.[39mwarn([32m`[world-validation] ${warning}`[39m)[33m;[39m
     [90m    |[39m               [31m[1m^[22m[39m
     [90m 80 |[39m     }
     [90m 81 |[39m   }
     [90m 82 |[39m[0m

      at warn (api/src/game-engine.js:79:15)
      at loadWorld (tests/game-engine.test.js:33:17)
      at freshSession (tests/game-engine.test.js:38:19)
      at Object.sessionWithPlayer (tests/game-engine.test.js:927:21)

  console.warn
    [world-validation] Room "room-hub-e" has no items and no hazards (empty room).

    [0m [90m 77 |[39m   [36mif[39m (validation[33m.[39mwarnings[33m.[39mlength [33m>[39m [35m0[39m) {
     [90m 78 |[39m     [36mfor[39m ([36mconst[39m warning [36mof[39m validation[33m.[39mwarnings) {
    [31m[1m>[22m[39m[90m 79 |[39m       console[33m.[39mwarn([32m`[world-validation] ${warning}`[39m)[33m;[39m
     [90m    |[39m               [31m[1m^[22m[39m
     [90m 80 |[39m     }
     [90m 81 |[39m   }
     [90m 82 |[39m[0m

      at warn (api/src/game-engine.js:79:15)
      at loadWorld (tests/game-engine.test.js:33:17)
      at freshSession (tests/game-engine.test.js:38:19)
      at Object.sessionWithPlayer (tests/game-engine.test.js:927:21)

  console.warn
    [world-validation] Room "room-hub-w" has no items and no hazards (empty room).

    [0m [90m 77 |[39m   [36mif[39m (validation[33m.[39mwarnings[33m.[39mlength [33m>[39m [35m0[39m) {
     [90m 78 |[39m     [36mfor[39m ([36mconst[39m warning [36mof[39m validation[33m.[39mwarnings) {
    [31m[1m>[22m[39m[90m 79 |[39m       console[33m.[39mwarn([32m`[world-validation] ${warning}`[39m)[33m;[39m
     [90m    |[39m               [31m[1m^[22m[39m
     [90m 80 |[39m     }
     [90m 81 |[39m   }
     [90m 82 |[39m[0m

      at warn (api/src/game-engine.js:79:15)
      at loadWorld (tests/game-engine.test.js:33:17)
      at freshSession (tests/game-engine.test.js:38:19)
      at Object.sessionWithPlayer (tests/game-engine.test.js:927:21)

  console.warn
    [world-validation] Room "room-isolated" has no items and no hazards (empty room).

    [0m [90m 77 |[39m   [36mif[39m (validation[33m.[39mwarnings[33m.[39mlength [33m>[39m [35m0[39m) {
     [90m 78 |[39m     [36mfor[39m ([36mconst[39m warning [36mof[39m validation[33m.[39mwarnings) {
    [31m[1m>[22m[39m[90m 79 |[39m       console[33m.[39mwarn([32m`[world-validation] ${warning}`[39m)[33m;[39m
     [90m    |[39m               [31m[1m^[22m[39m
     [90m 80 |[39m     }
     [90m 81 |[39m   }
     [90m 82 |[39m[0m

      at warn (api/src/game-engine.js:79:15)
      at loadWorld (tests/game-engine.test.js:33:17)
      at freshSession (tests/game-engine.test.js:38:19)
      at Object.sessionWithPlayer (tests/game-engine.test.js:927:21)

  console.warn
    [world-validation] Room "room-isolated" is an orphan ΓÇö no exits or puzzles connect to it.

    [0m [90m 77 |[39m   [36mif[39m (validation[33m.[39mwarnings[33m.[39mlength [33m>[39m [35m0[39m) {
     [90m 78 |[39m     [36mfor[39m ([36mconst[39m warning [36mof[39m validation[33m.[39mwarnings) {
    [31m[1m>[22m[39m[90m 79 |[39m       console[33m.[39mwarn([32m`[world-validation] ${warning}`[39m)[33m;[39m
     [90m    |[39m               [31m[1m^[22m[39m
     [90m 80 |[39m     }
     [90m 81 |[39m   }
     [90m 82 |[39m[0m

      at warn (api/src/game-engine.js:79:15)
      at loadWorld (tests/game-engine.test.js:33:17)
      at freshSession (tests/game-engine.test.js:38:19)
      at Object.sessionWithPlayer (tests/game-engine.test.js:927:21)

  console.warn
    [world-validation] Room "room-hub" has no items and no hazards (empty room).

    [0m [90m 77 |[39m   [36mif[39m (validation[33m.[39mwarnings[33m.[39mlength [33m>[39m [35m0[39m) {
     [90m 78 |[39m     [36mfor[39m ([36mconst[39m warning [36mof[39m validation[33m.[39mwarnings) {
    [31m[1m>[22m[39m[90m 79 |[39m       console[33m.[39mwarn([32m`[world-validation] ${warning}`[39m)[33m;[39m
     [90m    |[39m               [31m[1m^[22m[39m
     [90m 80 |[39m     }
     [90m 81 |[39m   }
     [90m 82 |[39m[0m

      at warn (api/src/game-engine.js:79:15)
      at loadWorld (tests/game-engine.test.js:33:17)
      at freshSession (tests/game-engine.test.js:43:17)
      at Object.sessionWithPlayers (tests/game-engine.test.js:934:19)

  console.warn
    [world-validation] Room "room-hub-n" has no items and no hazards (empty room).

    [0m [90m 77 |[39m   [36mif[39m (validation[33m.[39mwarnings[33m.[39mlength [33m>[39m [35m0[39m) {
     [90m 78 |[39m     [36mfor[39m ([36mconst[39m warning [36mof[39m validation[33m.[39mwarnings) {
    [31m[1m>[22m[39m[90m 79 |[39m       console[33m.[39mwarn([32m`[world-validation] ${warning}`[39m)[33m;[39m
     [90m    |[39m               [31m[1m^[22m[39m
     [90m 80 |[39m     }
     [90m 81 |[39m   }
     [90m 82 |[39m[0m

      at warn (api/src/game-engine.js:79:15)
      at loadWorld (tests/game-engine.test.js:33:17)
      at freshSession (tests/game-engine.test.js:43:17)
      at Object.sessionWithPlayers (tests/game-engine.test.js:934:19)

  console.warn
    [world-validation] Room "room-hub-e" has no items and no hazards (empty room).

    [0m [90m 77 |[39m   [36mif[39m (validation[33m.[39mwarnings[33m.[39mlength [33m>[39m [35m0[39m) {
     [90m 78 |[39m     [36mfor[39m ([36mconst[39m warning [36mof[39m validation[33m.[39mwarnings) {
    [31m[1m>[22m[39m[90m 79 |[39m       console[33m.[39mwarn([32m`[world-validation] ${warning}`[39m)[33m;[39m
     [90m    |[39m               [31m[1m^[22m[39m
     [90m 80 |[39m     }
     [90m 81 |[39m   }
     [90m 82 |[39m[0m

      at warn (api/src/game-engine.js:79:15)
      at loadWorld (tests/game-engine.test.js:33:17)
      at freshSession (tests/game-engine.test.js:43:17)
      at Object.sessionWithPlayers (tests/game-engine.test.js:934:19)

  console.warn
    [world-validation] Room "room-hub-w" has no items and no hazards (empty room).

    [0m [90m 77 |[39m   [36mif[39m (validation[33m.[39mwarnings[33m.[39mlength [33m>[39m [35m0[39m) {
     [90m 78 |[39m     [36mfor[39m ([36mconst[39m warning [36mof[39m validation[33m.[39mwarnings) {
    [31m[1m>[22m[39m[90m 79 |[39m       console[33m.[39mwarn([32m`[world-validation] ${warning}`[39m)[33m;[39m
     [90m    |[39m               [31m[1m^[22m[39m
     [90m 80 |[39m     }
     [90m 81 |[39m   }
     [90m 82 |[39m[0m

      at warn (api/src/game-engine.js:79:15)
      at loadWorld (tests/game-engine.test.js:33:17)
      at freshSession (tests/game-engine.test.js:43:17)
      at Object.sessionWithPlayers (tests/game-engine.test.js:934:19)

  console.warn
    [world-validation] Room "room-isolated" has no items and no hazards (empty room).

    [0m [90m 77 |[39m   [36mif[39m (validation[33m.[39mwarnings[33m.[39mlength [33m>[39m [35m0[39m) {
     [90m 78 |[39m     [36mfor[39m ([36mconst[39m warning [36mof[39m validation[33m.[39mwarnings) {
    [31m[1m>[22m[39m[90m 79 |[39m       console[33m.[39mwarn([32m`[world-validation] ${warning}`[39m)[33m;[39m
     [90m    |[39m               [31m[1m^[22m[39m
     [90m 80 |[39m     }
     [90m 81 |[39m   }
     [90m 82 |[39m[0m

      at warn (api/src/game-engine.js:79:15)
      at loadWorld (tests/game-engine.test.js:33:17)
      at freshSession (tests/game-engine.test.js:43:17)
      at Object.sessionWithPlayers (tests/game-engine.test.js:934:19)

  console.warn
    [world-validation] Room "room-isolated" is an orphan ΓÇö no exits or puzzles connect to it.

    [0m [90m 77 |[39m   [36mif[39m (validation[33m.[39mwarnings[33m.[39mlength [33m>[39m [35m0[39m) {
     [90m 78 |[39m     [36mfor[39m ([36mconst[39m warning [36mof[39m validation[33m.[39mwarnings) {
    [31m[1m>[22m[39m[90m 79 |[39m       console[33m.[39mwarn([32m`[world-validation] ${warning}`[39m)[33m;[39m
     [90m    |[39m               [31m[1m^[22m[39m
     [90m 80 |[39m     }
     [90m 81 |[39m   }
     [90m 82 |[39m[0m

      at warn (api/src/game-engine.js:79:15)
      at loadWorld (tests/game-engine.test.js:33:17)
      at freshSession (tests/game-engine.test.js:43:17)
      at Object.sessionWithPlayers (tests/game-engine.test.js:934:19)

  console.warn
    [world-validation] Room "room-hub" has no items and no hazards (empty room).

    [0m [90m 77 |[39m   [36mif[39m (validation[33m.[39mwarnings[33m.[39mlength [33m>[39m [35m0[39m) {
     [90m 78 |[39m     [36mfor[39m ([36mconst[39m warning [36mof[39m validation[33m.[39mwarnings) {
    [31m[1m>[22m[39m[90m 79 |[39m       console[33m.[39mwarn([32m`[world-validation] ${warning}`[39m)[33m;[39m
     [90m    |[39m               [31m[1m^[22m[39m
     [90m 80 |[39m     }
     [90m 81 |[39m   }
     [90m 82 |[39m[0m

      at warn (api/src/game-engine.js:79:15)
      at loadWorld (tests/game-engine.test.js:33:17)
      at freshSession (tests/game-engine.test.js:43:17)
      at Object.sessionWithPlayers (tests/game-engine.test.js:946:19)

  console.warn
    [world-validation] Room "room-hub-n" has no items and no hazards (empty room).

    [0m [90m 77 |[39m   [36mif[39m (validation[33m.[39mwarnings[33m.[39mlength [33m>[39m [35m0[39m) {
     [90m 78 |[39m     [36mfor[39m ([36mconst[39m warning [36mof[39m validation[33m.[39mwarnings) {
    [31m[1m>[22m[39m[90m 79 |[39m       console[33m.[39mwarn([32m`[world-validation] ${warning}`[39m)[33m;[39m
     [90m    |[39m               [31m[1m^[22m[39m
     [90m 80 |[39m     }
     [90m 81 |[39m   }
     [90m 82 |[39m[0m

      at warn (api/src/game-engine.js:79:15)
      at loadWorld (tests/game-engine.test.js:33:17)
      at freshSession (tests/game-engine.test.js:43:17)
      at Object.sessionWithPlayers (tests/game-engine.test.js:946:19)

  console.warn
    [world-validation] Room "room-hub-e" has no items and no hazards (empty room).

    [0m [90m 77 |[39m   [36mif[39m (validation[33m.[39mwarnings[33m.[39mlength [33m>[39m [35m0[39m) {
     [90m 78 |[39m     [36mfor[39m ([36mconst[39m warning [36mof[39m validation[33m.[39mwarnings) {
    [31m[1m>[22m[39m[90m 79 |[39m       console[33m.[39mwarn([32m`[world-validation] ${warning}`[39m)[33m;[39m
     [90m    |[39m               [31m[1m^[22m[39m
     [90m 80 |[39m     }
     [90m 81 |[39m   }
     [90m 82 |[39m[0m

      at warn (api/src/game-engine.js:79:15)
      at loadWorld (tests/game-engine.test.js:33:17)
      at freshSession (tests/game-engine.test.js:43:17)
      at Object.sessionWithPlayers (tests/game-engine.test.js:946:19)

  console.warn
    [world-validation] Room "room-hub-w" has no items and no hazards (empty room).

    [0m [90m 77 |[39m   [36mif[39m (validation[33m.[39mwarnings[33m.[39mlength [33m>[39m [35m0[39m) {
     [90m 78 |[39m     [36mfor[39m ([36mconst[39m warning [36mof[39m validation[33m.[39mwarnings) {
    [31m[1m>[22m[39m[90m 79 |[39m       console[33m.[39mwarn([32m`[world-validation] ${warning}`[39m)[33m;[39m
     [90m    |[39m               [31m[1m^[22m[39m
     [90m 80 |[39m     }
     [90m 81 |[39m   }
     [90m 82 |[39m[0m

      at warn (api/src/game-engine.js:79:15)
      at loadWorld (tests/game-engine.test.js:33:17)
      at freshSession (tests/game-engine.test.js:43:17)
      at Object.sessionWithPlayers (tests/game-engine.test.js:946:19)

  console.warn
    [world-validation] Room "room-isolated" has no items and no hazards (empty room).

    [0m [90m 77 |[39m   [36mif[39m (validation[33m.[39mwarnings[33m.[39mlength [33m>[39m [35m0[39m) {
     [90m 78 |[39m     [36mfor[39m ([36mconst[39m warning [36mof[39m validation[33m.[39mwarnings) {
    [31m[1m>[22m[39m[90m 79 |[39m       console[33m.[39mwarn([32m`[world-validation] ${warning}`[39m)[33m;[39m
     [90m    |[39m               [31m[1m^[22m[39m
     [90m 80 |[39m     }
     [90m 81 |[39m   }
     [90m 82 |[39m[0m

      at warn (api/src/game-engine.js:79:15)
      at loadWorld (tests/game-engine.test.js:33:17)
      at freshSession (tests/game-engine.test.js:43:17)
      at Object.sessionWithPlayers (tests/game-engine.test.js:946:19)

  console.warn
    [world-validation] Room "room-isolated" is an orphan ΓÇö no exits or puzzles connect to it.

    [0m [90m 77 |[39m   [36mif[39m (validation[33m.[39mwarnings[33m.[39mlength [33m>[39m [35m0[39m) {
     [90m 78 |[39m     [36mfor[39m ([36mconst[39m warning [36mof[39m validation[33m.[39mwarnings) {
    [31m[1m>[22m[39m[90m 79 |[39m       console[33m.[39mwarn([32m`[world-validation] ${warning}`[39m)[33m;[39m
     [90m    |[39m               [31m[1m^[22m[39m
     [90m 80 |[39m     }
     [90m 81 |[39m   }
     [90m 82 |[39m[0m

      at warn (api/src/game-engine.js:79:15)
      at loadWorld (tests/game-engine.test.js:33:17)
      at freshSession (tests/game-engine.test.js:43:17)
      at Object.sessionWithPlayers (tests/game-engine.test.js:946:19)

  console.warn
    [world-validation] Room "room-hub" has no items and no hazards (empty room).

    [0m [90m 77 |[39m   [36mif[39m (validation[33m.[39mwarnings[33m.[39mlength [33m>[39m [35m0[39m) {
     [90m 78 |[39m     [36mfor[39m ([36mconst[39m warning [36mof[39m validation[33m.[39mwarnings) {
    [31m[1m>[22m[39m[90m 79 |[39m       console[33m.[39mwarn([32m`[world-validation] ${warning}`[39m)[33m;[39m
     [90m    |[39m               [31m[1m^[22m[39m
     [90m 80 |[39m     }
     [90m 81 |[39m   }
     [90m 82 |[39m[0m

      at warn (api/src/game-engine.js:79:15)
      at loadWorld (tests/game-engine.test.js:33:17)
      at freshSession (tests/game-engine.test.js:43:17)
      at Object.sessionWithPlayers (tests/game-engine.test.js:964:19)

  console.warn
    [world-validation] Room "room-hub-n" has no items and no hazards (empty room).

    [0m [90m 77 |[39m   [36mif[39m (validation[33m.[39mwarnings[33m.[39mlength [33m>[39m [35m0[39m) {
     [90m 78 |[39m     [36mfor[39m ([36mconst[39m warning [36mof[39m validation[33m.[39mwarnings) {
    [31m[1m>[22m[39m[90m 79 |[39m       console[33m.[39mwarn([32m`[world-validation] ${warning}`[39m)[33m;[39m
     [90m    |[39m               [31m[1m^[22m[39m
     [90m 80 |[39m     }
     [90m 81 |[39m   }
     [90m 82 |[39m[0m

      at warn (api/src/game-engine.js:79:15)
      at loadWorld (tests/game-engine.test.js:33:17)
      at freshSession (tests/game-engine.test.js:43:17)
      at Object.sessionWithPlayers (tests/game-engine.test.js:964:19)

  console.warn
    [world-validation] Room "room-hub-e" has no items and no hazards (empty room).

    [0m [90m 77 |[39m   [36mif[39m (validation[33m.[39mwarnings[33m.[39mlength [33m>[39m [35m0[39m) {
     [90m 78 |[39m     [36mfor[39m ([36mconst[39m warning [36mof[39m validation[33m.[39mwarnings) {
    [31m[1m>[22m[39m[90m 79 |[39m       console[33m.[39mwarn([32m`[world-validation] ${warning}`[39m)[33m;[39m
     [90m    |[39m               [31m[1m^[22m[39m
     [90m 80 |[39m     }
     [90m 81 |[39m   }
     [90m 82 |[39m[0m

      at warn (api/src/game-engine.js:79:15)
      at loadWorld (tests/game-engine.test.js:33:17)
      at freshSession (tests/game-engine.test.js:43:17)
      at Object.sessionWithPlayers (tests/game-engine.test.js:964:19)

  console.warn
    [world-validation] Room "room-hub-w" has no items and no hazards (empty room).

    [0m [90m 77 |[39m   [36mif[39m (validation[33m.[39mwarnings[33m.[39mlength [33m>[39m [35m0[39m) {
     [90m 78 |[39m     [36mfor[39m ([36mconst[39m warning [36mof[39m validation[33m.[39mwarnings) {
    [31m[1m>[22m[39m[90m 79 |[39m       console[33m.[39mwarn([32m`[world-validation] ${warning}`[39m)[33m;[39m
     [90m    |[39m               [31m[1m^[22m[39m
     [90m 80 |[39m     }
     [90m 81 |[39m   }
     [90m 82 |[39m[0m

      at warn (api/src/game-engine.js:79:15)
      at loadWorld (tests/game-engine.test.js:33:17)
      at freshSession (tests/game-engine.test.js:43:17)
      at Object.sessionWithPlayers (tests/game-engine.test.js:964:19)

  console.warn
    [world-validation] Room "room-isolated" has no items and no hazards (empty room).

    [0m [90m 77 |[39m   [36mif[39m (validation[33m.[39mwarnings[33m.[39mlength [33m>[39m [35m0[39m) {
     [90m 78 |[39m     [36mfor[39m ([36mconst[39m warning [36mof[39m validation[33m.[39mwarnings) {
    [31m[1m>[22m[39m[90m 79 |[39m       console[33m.[39mwarn([32m`[world-validation] ${warning}`[39m)[33m;[39m
     [90m    |[39m               [31m[1m^[22m[39m
     [90m 80 |[39m     }
     [90m 81 |[39m   }
     [90m 82 |[39m[0m

      at warn (api/src/game-engine.js:79:15)
      at loadWorld (tests/game-engine.test.js:33:17)
      at freshSession (tests/game-engine.test.js:43:17)
      at Object.sessionWithPlayers (tests/game-engine.test.js:964:19)

  console.warn
    [world-validation] Room "room-isolated" is an orphan ΓÇö no exits or puzzles connect to it.

    [0m [90m 77 |[39m   [36mif[39m (validation[33m.[39mwarnings[33m.[39mlength [33m>[39m [35m0[39m) {
     [90m 78 |[39m     [36mfor[39m ([36mconst[39m warning [36mof[39m validation[33m.[39mwarnings) {
    [31m[1m>[22m[39m[90m 79 |[39m       console[33m.[39mwarn([32m`[world-validation] ${warning}`[39m)[33m;[39m
     [90m    |[39m               [31m[1m^[22m[39m
     [90m 80 |[39m     }
     [90m 81 |[39m   }
     [90m 82 |[39m[0m

      at warn (api/src/game-engine.js:79:15)
      at loadWorld (tests/game-engine.test.js:33:17)
      at freshSession (tests/game-engine.test.js:43:17)
      at Object.sessionWithPlayers (tests/game-engine.test.js:964:19)

  console.warn
    [world-validation] Room "room-hub" has no items and no hazards (empty room).

    [0m [90m 77 |[39m   [36mif[39m (validation[33m.[39mwarnings[33m.[39mlength [33m>[39m [35m0[39m) {
     [90m 78 |[39m     [36mfor[39m ([36mconst[39m warning [36mof[39m validation[33m.[39mwarnings) {
    [31m[1m>[22m[39m[90m 79 |[39m       console[33m.[39mwarn([32m`[world-validation] ${warning}`[39m)[33m;[39m
     [90m    |[39m               [31m[1m^[22m[39m
     [90m 80 |[39m     }
     [90m 81 |[39m   }
     [90m 82 |[39m[0m

      at warn (api/src/game-engine.js:79:15)
      at loadWorld (tests/game-engine.test.js:33:17)
      at freshSession (tests/game-engine.test.js:43:17)
      at Object.sessionWithPlayers (tests/game-engine.test.js:977:19)

  console.warn
    [world-validation] Room "room-hub-n" has no items and no hazards (empty room).

    [0m [90m 77 |[39m   [36mif[39m (validation[33m.[39mwarnings[33m.[39mlength [33m>[39m [35m0[39m) {
     [90m 78 |[39m     [36mfor[39m ([36mconst[39m warning [36mof[39m validation[33m.[39mwarnings) {
    [31m[1m>[22m[39m[90m 79 |[39m       console[33m.[39mwarn([32m`[world-validation] ${warning}`[39m)[33m;[39m
     [90m    |[39m               [31m[1m^[22m[39m
     [90m 80 |[39m     }
     [90m 81 |[39m   }
     [90m 82 |[39m[0m

      at warn (api/src/game-engine.js:79:15)
      at loadWorld (tests/game-engine.test.js:33:17)
      at freshSession (tests/game-engine.test.js:43:17)
      at Object.sessionWithPlayers (tests/game-engine.test.js:977:19)

  console.warn
    [world-validation] Room "room-hub-e" has no items and no hazards (empty room).

    [0m [90m 77 |[39m   [36mif[39m (validation[33m.[39mwarnings[33m.[39mlength [33m>[39m [35m0[39m) {
     [90m 78 |[39m     [36mfor[39m ([36mconst[39m warning [36mof[39m validation[33m.[39mwarnings) {
    [31m[1m>[22m[39m[90m 79 |[39m       console[33m.[39mwarn([32m`[world-validation] ${warning}`[39m)[33m;[39m
     [90m    |[39m               [31m[1m^[22m[39m
     [90m 80 |[39m     }
     [90m 81 |[39m   }
     [90m 82 |[39m[0m

      at warn (api/src/game-engine.js:79:15)
      at loadWorld (tests/game-engine.test.js:33:17)
      at freshSession (tests/game-engine.test.js:43:17)
      at Object.sessionWithPlayers (tests/game-engine.test.js:977:19)

  console.warn
    [world-validation] Room "room-hub-w" has no items and no hazards (empty room).

    [0m [90m 77 |[39m   [36mif[39m (validation[33m.[39mwarnings[33m.[39mlength [33m>[39m [35m0[39m) {
     [90m 78 |[39m     [36mfor[39m ([36mconst[39m warning [36mof[39m validation[33m.[39mwarnings) {
    [31m[1m>[22m[39m[90m 79 |[39m       console[33m.[39mwarn([32m`[world-validation] ${warning}`[39m)[33m;[39m
     [90m    |[39m               [31m[1m^[22m[39m
     [90m 80 |[39m     }
     [90m 81 |[39m   }
     [90m 82 |[39m[0m

      at warn (api/src/game-engine.js:79:15)
      at loadWorld (tests/game-engine.test.js:33:17)
      at freshSession (tests/game-engine.test.js:43:17)
      at Object.sessionWithPlayers (tests/game-engine.test.js:977:19)

  console.warn
    [world-validation] Room "room-isolated" has no items and no hazards (empty room).

    [0m [90m 77 |[39m   [36mif[39m (validation[33m.[39mwarnings[33m.[39mlength [33m>[39m [35m0[39m) {
     [90m 78 |[39m     [36mfor[39m ([36mconst[39m warning [36mof[39m validation[33m.[39mwarnings) {
    [31m[1m>[22m[39m[90m 79 |[39m       console[33m.[39mwarn([32m`[world-validation] ${warning}`[39m)[33m;[39m
     [90m    |[39m               [31m[1m^[22m[39m
     [90m 80 |[39m     }
     [90m 81 |[39m   }
     [90m 82 |[39m[0m

      at warn (api/src/game-engine.js:79:15)
      at loadWorld (tests/game-engine.test.js:33:17)
      at freshSession (tests/game-engine.test.js:43:17)
      at Object.sessionWithPlayers (tests/game-engine.test.js:977:19)

  console.warn
    [world-validation] Room "room-isolated" is an orphan ΓÇö no exits or puzzles connect to it.

    [0m [90m 77 |[39m   [36mif[39m (validation[33m.[39mwarnings[33m.[39mlength [33m>[39m [35m0[39m) {
     [90m 78 |[39m     [36mfor[39m ([36mconst[39m warning [36mof[39m validation[33m.[39mwarnings) {
    [31m[1m>[22m[39m[90m 79 |[39m       console[33m.[39mwarn([32m`[world-validation] ${warning}`[39m)[33m;[39m
     [90m    |[39m               [31m[1m^[22m[39m
     [90m 80 |[39m     }
     [90m 81 |[39m   }
     [90m 82 |[39m[0m

      at warn (api/src/game-engine.js:79:15)
      at loadWorld (tests/game-engine.test.js:33:17)
      at freshSession (tests/game-engine.test.js:43:17)
      at Object.sessionWithPlayers (tests/game-engine.test.js:977:19)

  console.warn
    [world-validation] Room "room-hub" has no items and no hazards (empty room).

    [0m [90m 77 |[39m   [36mif[39m (validation[33m.[39mwarnings[33m.[39mlength [33m>[39m [35m0[39m) {
     [90m 78 |[39m     [36mfor[39m ([36mconst[39m warning [36mof[39m validation[33m.[39mwarnings) {
    [31m[1m>[22m[39m[90m 79 |[39m       console[33m.[39mwarn([32m`[world-validation] ${warning}`[39m)[33m;[39m
     [90m    |[39m               [31m[1m^[22m[39m
     [90m 80 |[39m     }
     [90m 81 |[39m   }
     [90m 82 |[39m[0m

      at warn (api/src/game-engine.js:79:15)
      at loadWorld (tests/game-engine.test.js:33:17)
      at freshSession (tests/game-engine.test.js:43:17)
      at Object.sessionWithPlayers (tests/game-engine.test.js:987:19)

  console.warn
    [world-validation] Room "room-hub-n" has no items and no hazards (empty room).

    [0m [90m 77 |[39m   [36mif[39m (validation[33m.[39mwarnings[33m.[39mlength [33m>[39m [35m0[39m) {
     [90m 78 |[39m     [36mfor[39m ([36mconst[39m warning [36mof[39m validation[33m.[39mwarnings) {
    [31m[1m>[22m[39m[90m 79 |[39m       console[33m.[39mwarn([32m`[world-validation] ${warning}`[39m)[33m;[39m
     [90m    |[39m               [31m[1m^[22m[39m
     [90m 80 |[39m     }
     [90m 81 |[39m   }
     [90m 82 |[39m[0m

      at warn (api/src/game-engine.js:79:15)
      at loadWorld (tests/game-engine.test.js:33:17)
      at freshSession (tests/game-engine.test.js:43:17)
      at Object.sessionWithPlayers (tests/game-engine.test.js:987:19)

  console.warn
    [world-validation] Room "room-hub-e" has no items and no hazards (empty room).

    [0m [90m 77 |[39m   [36mif[39m (validation[33m.[39mwarnings[33m.[39mlength [33m>[39m [35m0[39m) {
     [90m 78 |[39m     [36mfor[39m ([36mconst[39m warning [36mof[39m validation[33m.[39mwarnings) {
    [31m[1m>[22m[39m[90m 79 |[39m       console[33m.[39mwarn([32m`[world-validation] ${warning}`[39m)[33m;[39m
     [90m    |[39m               [31m[1m^[22m[39m
     [90m 80 |[39m     }
     [90m 81 |[39m   }
     [90m 82 |[39m[0m

      at warn (api/src/game-engine.js:79:15)
      at loadWorld (tests/game-engine.test.js:33:17)
      at freshSession (tests/game-engine.test.js:43:17)
      at Object.sessionWithPlayers (tests/game-engine.test.js:987:19)

  console.warn
    [world-validation] Room "room-hub-w" has no items and no hazards (empty room).

    [0m [90m 77 |[39m   [36mif[39m (validation[33m.[39mwarnings[33m.[39mlength [33m>[39m [35m0[39m) {
     [90m 78 |[39m     [36mfor[39m ([36mconst[39m warning [36mof[39m validation[33m.[39mwarnings) {
    [31m[1m>[22m[39m[90m 79 |[39m       console[33m.[39mwarn([32m`[world-validation] ${warning}`[39m)[33m;[39m
     [90m    |[39m               [31m[1m^[22m[39m
     [90m 80 |[39m     }
     [90m 81 |[39m   }
     [90m 82 |[39m[0m

      at warn (api/src/game-engine.js:79:15)
      at loadWorld (tests/game-engine.test.js:33:17)
      at freshSession (tests/game-engine.test.js:43:17)
      at Object.sessionWithPlayers (tests/game-engine.test.js:987:19)

  console.warn
    [world-validation] Room "room-isolated" has no items and no hazards (empty room).

    [0m [90m 77 |[39m   [36mif[39m (validation[33m.[39mwarnings[33m.[39mlength [33m>[39m [35m0[39m) {
     [90m 78 |[39m     [36mfor[39m ([36mconst[39m warning [36mof[39m validation[33m.[39mwarnings) {
    [31m[1m>[22m[39m[90m 79 |[39m       console[33m.[39mwarn([32m`[world-validation] ${warning}`[39m)[33m;[39m
     [90m    |[39m               [31m[1m^[22m[39m
     [90m 80 |[39m     }
     [90m 81 |[39m   }
     [90m 82 |[39m[0m

      at warn (api/src/game-engine.js:79:15)
      at loadWorld (tests/game-engine.test.js:33:17)
      at freshSession (tests/game-engine.test.js:43:17)
      at Object.sessionWithPlayers (tests/game-engine.test.js:987:19)

  console.warn
    [world-validation] Room "room-isolated" is an orphan ΓÇö no exits or puzzles connect to it.

    [0m [90m 77 |[39m   [36mif[39m (validation[33m.[39mwarnings[33m.[39mlength [33m>[39m [35m0[39m) {
     [90m 78 |[39m     [36mfor[39m ([36mconst[39m warning [36mof[39m validation[33m.[39mwarnings) {
    [31m[1m>[22m[39m[90m 79 |[39m       console[33m.[39mwarn([32m`[world-validation] ${warning}`[39m)[33m;[39m
     [90m    |[39m               [31m[1m^[22m[39m
     [90m 80 |[39m     }
     [90m 81 |[39m   }
     [90m 82 |[39m[0m

      at warn (api/src/game-engine.js:79:15)
      at loadWorld (tests/game-engine.test.js:33:17)
      at freshSession (tests/game-engine.test.js:43:17)
      at Object.sessionWithPlayers (tests/game-engine.test.js:987:19)

  console.warn
    [world-validation] Room "room-hub" has no items and no hazards (empty room).

    [0m [90m 77 |[39m   [36mif[39m (validation[33m.[39mwarnings[33m.[39mlength [33m>[39m [35m0[39m) {
     [90m 78 |[39m     [36mfor[39m ([36mconst[39m warning [36mof[39m validation[33m.[39mwarnings) {
    [31m[1m>[22m[39m[90m 79 |[39m       console[33m.[39mwarn([32m`[world-validation] ${warning}`[39m)[33m;[39m
     [90m    |[39m               [31m[1m^[22m[39m
     [90m 80 |[39m     }
     [90m 81 |[39m   }
     [90m 82 |[39m[0m

      at warn (api/src/game-engine.js:79:15)
      at loadWorld (tests/game-engine.test.js:33:17)
      at freshSession (tests/game-engine.test.js:43:17)
      at Object.sessionWithPlayers (tests/game-engine.test.js:998:19)

  console.warn
    [world-validation] Room "room-hub-n" has no items and no hazards (empty room).

    [0m [90m 77 |[39m   [36mif[39m (validation[33m.[39mwarnings[33m.[39mlength [33m>[39m [35m0[39m) {
     [90m 78 |[39m     [36mfor[39m ([36mconst[39m warning [36mof[39m validation[33m.[39mwarnings) {
    [31m[1m>[22m[39m[90m 79 |[39m       console[33m.[39mwarn([32m`[world-validation] ${warning}`[39m)[33m;[39m
     [90m    |[39m               [31m[1m^[22m[39m
     [90m 80 |[39m     }
     [90m 81 |[39m   }
     [90m 82 |[39m[0m

      at warn (api/src/game-engine.js:79:15)
      at loadWorld (tests/game-engine.test.js:33:17)
      at freshSession (tests/game-engine.test.js:43:17)
      at Object.sessionWithPlayers (tests/game-engine.test.js:998:19)

  console.warn
    [world-validation] Room "room-hub-e" has no items and no hazards (empty room).

    [0m [90m 77 |[39m   [36mif[39m (validation[33m.[39mwarnings[33m.[39mlength [33m>[39m [35m0[39m) {
     [90m 78 |[39m     [36mfor[39m ([36mconst[39m warning [36mof[39m validation[33m.[39mwarnings) {
    [31m[1m>[22m[39m[90m 79 |[39m       console[33m.[39mwarn([32m`[world-validation] ${warning}`[39m)[33m;[39m
     [90m    |[39m               [31m[1m^[22m[39m
     [90m 80 |[39m     }
     [90m 81 |[39m   }
     [90m 82 |[39m[0m

      at warn (api/src/game-engine.js:79:15)
      at loadWorld (tests/game-engine.test.js:33:17)
      at freshSession (tests/game-engine.test.js:43:17)
      at Object.sessionWithPlayers (tests/game-engine.test.js:998:19)

  console.warn
    [world-validation] Room "room-hub-w" has no items and no hazards (empty room).

    [0m [90m 77 |[39m   [36mif[39m (validation[33m.[39mwarnings[33m.[39mlength [33m>[39m [35m0[39m) {
     [90m 78 |[39m     [36mfor[39m ([36mconst[39m warning [36mof[39m validation[33m.[39mwarnings) {
    [31m[1m>[22m[39m[90m 79 |[39m       console[33m.[39mwarn([32m`[world-validation] ${warning}`[39m)[33m;[39m
     [90m    |[39m               [31m[1m^[22m[39m
     [90m 80 |[39m     }
     [90m 81 |[39m   }
     [90m 82 |[39m[0m

      at warn (api/src/game-engine.js:79:15)
      at loadWorld (tests/game-engine.test.js:33:17)
      at freshSession (tests/game-engine.test.js:43:17)
      at Object.sessionWithPlayers (tests/game-engine.test.js:998:19)

  console.warn
    [world-validation] Room "room-isolated" has no items and no hazards (empty room).

    [0m [90m 77 |[39m   [36mif[39m (validation[33m.[39mwarnings[33m.[39mlength [33m>[39m [35m0[39m) {
     [90m 78 |[39m     [36mfor[39m ([36mconst[39m warning [36mof[39m validation[33m.[39mwarnings) {
    [31m[1m>[22m[39m[90m 79 |[39m       console[33m.[39mwarn([32m`[world-validation] ${warning}`[39m)[33m;[39m
     [90m    |[39m               [31m[1m^[22m[39m
     [90m 80 |[39m     }
     [90m 81 |[39m   }
     [90m 82 |[39m[0m

      at warn (api/src/game-engine.js:79:15)
      at loadWorld (tests/game-engine.test.js:33:17)
      at freshSession (tests/game-engine.test.js:43:17)
      at Object.sessionWithPlayers (tests/game-engine.test.js:998:19)

  console.warn
    [world-validation] Room "room-isolated" is an orphan ΓÇö no exits or puzzles connect to it.

    [0m [90m 77 |[39m   [36mif[39m (validation[33m.[39mwarnings[33m.[39mlength [33m>[39m [35m0[39m) {
     [90m 78 |[39m     [36mfor[39m ([36mconst[39m warning [36mof[39m validation[33m.[39mwarnings) {
    [31m[1m>[22m[39m[90m 79 |[39m       console[33m.[39mwarn([32m`[world-validation] ${warning}`[39m)[33m;[39m
     [90m    |[39m               [31m[1m^[22m[39m
     [90m 80 |[39m     }
     [90m 81 |[39m   }
     [90m 82 |[39m[0m

      at warn (api/src/game-engine.js:79:15)
      at loadWorld (tests/game-engine.test.js:33:17)
      at freshSession (tests/game-engine.test.js:43:17)
      at Object.sessionWithPlayers (tests/game-engine.test.js:998:19)

  console.warn
    [world-validation] Room "room-hub" has no items and no hazards (empty room).

    [0m [90m 77 |[39m   [36mif[39m (validation[33m.[39mwarnings[33m.[39mlength [33m>[39m [35m0[39m) {
     [90m 78 |[39m     [36mfor[39m ([36mconst[39m warning [36mof[39m validation[33m.[39mwarnings) {
    [31m[1m>[22m[39m[90m 79 |[39m       console[33m.[39mwarn([32m`[world-validation] ${warning}`[39m)[33m;[39m
     [90m    |[39m               [31m[1m^[22m[39m
     [90m 80 |[39m     }
     [90m 81 |[39m   }
     [90m 82 |[39m[0m

      at warn (api/src/game-engine.js:79:15)
      at loadWorld (tests/game-engine.test.js:33:17)
      at freshSession (tests/game-engine.test.js:43:17)
      at Object.sessionWithPlayers (tests/game-engine.test.js:1016:19)

  console.warn
    [world-validation] Room "room-hub-n" has no items and no hazards (empty room).

    [0m [90m 77 |[39m   [36mif[39m (validation[33m.[39mwarnings[33m.[39mlength [33m>[39m [35m0[39m) {
     [90m 78 |[39m     [36mfor[39m ([36mconst[39m warning [36mof[39m validation[33m.[39mwarnings) {
    [31m[1m>[22m[39m[90m 79 |[39m       console[33m.[39mwarn([32m`[world-validation] ${warning}`[39m)[33m;[39m
     [90m    |[39m               [31m[1m^[22m[39m
     [90m 80 |[39m     }
     [90m 81 |[39m   }
     [90m 82 |[39m[0m

      at warn (api/src/game-engine.js:79:15)
      at loadWorld (tests/game-engine.test.js:33:17)
      at freshSession (tests/game-engine.test.js:43:17)
      at Object.sessionWithPlayers (tests/game-engine.test.js:1016:19)

  console.warn
    [world-validation] Room "room-hub-e" has no items and no hazards (empty room).

    [0m [90m 77 |[39m   [36mif[39m (validation[33m.[39mwarnings[33m.[39mlength [33m>[39m [35m0[39m) {
     [90m 78 |[39m     [36mfor[39m ([36mconst[39m warning [36mof[39m validation[33m.[39mwarnings) {
    [31m[1m>[22m[39m[90m 79 |[39m       console[33m.[39mwarn([32m`[world-validation] ${warning}`[39m)[33m;[39m
     [90m    |[39m               [31m[1m^[22m[39m
     [90m 80 |[39m     }
     [90m 81 |[39m   }
     [90m 82 |[39m[0m

      at warn (api/src/game-engine.js:79:15)
      at loadWorld (tests/game-engine.test.js:33:17)
      at freshSession (tests/game-engine.test.js:43:17)
      at Object.sessionWithPlayers (tests/game-engine.test.js:1016:19)

  console.warn
    [world-validation] Room "room-hub-w" has no items and no hazards (empty room).

    [0m [90m 77 |[39m   [36mif[39m (validation[33m.[39mwarnings[33m.[39mlength [33m>[39m [35m0[39m) {
     [90m 78 |[39m     [36mfor[39m ([36mconst[39m warning [36mof[39m validation[33m.[39mwarnings) {
    [31m[1m>[22m[39m[90m 79 |[39m       console[33m.[39mwarn([32m`[world-validation] ${warning}`[39m)[33m;[39m
     [90m    |[39m               [31m[1m^[22m[39m
     [90m 80 |[39m     }
     [90m 81 |[39m   }
     [90m 82 |[39m[0m

      at warn (api/src/game-engine.js:79:15)
      at loadWorld (tests/game-engine.test.js:33:17)
      at freshSession (tests/game-engine.test.js:43:17)
      at Object.sessionWithPlayers (tests/game-engine.test.js:1016:19)

  console.warn
    [world-validation] Room "room-isolated" has no items and no hazards (empty room).

    [0m [90m 77 |[39m   [36mif[39m (validation[33m.[39mwarnings[33m.[39mlength [33m>[39m [35m0[39m) {
     [90m 78 |[39m     [36mfor[39m ([36mconst[39m warning [36mof[39m validation[33m.[39mwarnings) {
    [31m[1m>[22m[39m[90m 79 |[39m       console[33m.[39mwarn([32m`[world-validation] ${warning}`[39m)[33m;[39m
     [90m    |[39m               [31m[1m^[22m[39m
     [90m 80 |[39m     }
     [90m 81 |[39m   }
     [90m 82 |[39m[0m

      at warn (api/src/game-engine.js:79:15)
      at loadWorld (tests/game-engine.test.js:33:17)
      at freshSession (tests/game-engine.test.js:43:17)
      at Object.sessionWithPlayers (tests/game-engine.test.js:1016:19)

  console.warn
    [world-validation] Room "room-isolated" is an orphan ΓÇö no exits or puzzles connect to it.

    [0m [90m 77 |[39m   [36mif[39m (validation[33m.[39mwarnings[33m.[39mlength [33m>[39m [35m0[39m) {
     [90m 78 |[39m     [36mfor[39m ([36mconst[39m warning [36mof[39m validation[33m.[39mwarnings) {
    [31m[1m>[22m[39m[90m 79 |[39m       console[33m.[39mwarn([32m`[world-validation] ${warning}`[39m)[33m;[39m
     [90m    |[39m               [31m[1m^[22m[39m
     [90m 80 |[39m     }
     [90m 81 |[39m   }
     [90m 82 |[39m[0m

      at warn (api/src/game-engine.js:79:15)
      at loadWorld (tests/game-engine.test.js:33:17)
      at freshSession (tests/game-engine.test.js:43:17)
      at Object.sessionWithPlayers (tests/game-engine.test.js:1016:19)

  console.warn
    [world-validation] Room "room-hub" has no items and no hazards (empty room).

    [0m [90m 77 |[39m   [36mif[39m (validation[33m.[39mwarnings[33m.[39mlength [33m>[39m [35m0[39m) {
     [90m 78 |[39m     [36mfor[39m ([36mconst[39m warning [36mof[39m validation[33m.[39mwarnings) {
    [31m[1m>[22m[39m[90m 79 |[39m       console[33m.[39mwarn([32m`[world-validation] ${warning}`[39m)[33m;[39m
     [90m    |[39m               [31m[1m^[22m[39m
     [90m 80 |[39m     }
     [90m 81 |[39m   }
     [90m 82 |[39m[0m

      at warn (api/src/game-engine.js:79:15)
      at loadWorld (tests/game-engine.test.js:33:17)
      at freshSession (tests/game-engine.test.js:43:17)
      at Object.sessionWithPlayers (tests/game-engine.test.js:1027:19)

  console.warn
    [world-validation] Room "room-hub-n" has no items and no hazards (empty room).

    [0m [90m 77 |[39m   [36mif[39m (validation[33m.[39mwarnings[33m.[39mlength [33m>[39m [35m0[39m) {
     [90m 78 |[39m     [36mfor[39m ([36mconst[39m warning [36mof[39m validation[33m.[39mwarnings) {
    [31m[1m>[22m[39m[90m 79 |[39m       console[33m.[39mwarn([32m`[world-validation] ${warning}`[39m)[33m;[39m
     [90m    |[39m               [31m[1m^[22m[39m
     [90m 80 |[39m     }
     [90m 81 |[39m   }
     [90m 82 |[39m[0m

      at warn (api/src/game-engine.js:79:15)
      at loadWorld (tests/game-engine.test.js:33:17)
      at freshSession (tests/game-engine.test.js:43:17)
      at Object.sessionWithPlayers (tests/game-engine.test.js:1027:19)

  console.warn
    [world-validation] Room "room-hub-e" has no items and no hazards (empty room).

    [0m [90m 77 |[39m   [36mif[39m (validation[33m.[39mwarnings[33m.[39mlength [33m>[39m [35m0[39m) {
     [90m 78 |[39m     [36mfor[39m ([36mconst[39m warning [36mof[39m validation[33m.[39mwarnings) {
    [31m[1m>[22m[39m[90m 79 |[39m       console[33m.[39mwarn([32m`[world-validation] ${warning}`[39m)[33m;[39m
     [90m    |[39m               [31m[1m^[22m[39m
     [90m 80 |[39m     }
     [90m 81 |[39m   }
     [90m 82 |[39m[0m

      at warn (api/src/game-engine.js:79:15)
      at loadWorld (tests/game-engine.test.js:33:17)
      at freshSession (tests/game-engine.test.js:43:17)
      at Object.sessionWithPlayers (tests/game-engine.test.js:1027:19)

  console.warn
    [world-validation] Room "room-hub-w" has no items and no hazards (empty room).

    [0m [90m 77 |[39m   [36mif[39m (validation[33m.[39mwarnings[33m.[39mlength [33m>[39m [35m0[39m) {
     [90m 78 |[39m     [36mfor[39m ([36mconst[39m warning [36mof[39m validation[33m.[39mwarnings) {
    [31m[1m>[22m[39m[90m 79 |[39m       console[33m.[39mwarn([32m`[world-validation] ${warning}`[39m)[33m;[39m
     [90m    |[39m               [31m[1m^[22m[39m
     [90m 80 |[39m     }
     [90m 81 |[39m   }
     [90m 82 |[39m[0m

      at warn (api/src/game-engine.js:79:15)
      at loadWorld (tests/game-engine.test.js:33:17)
      at freshSession (tests/game-engine.test.js:43:17)
      at Object.sessionWithPlayers (tests/game-engine.test.js:1027:19)

  console.warn
    [world-validation] Room "room-isolated" has no items and no hazards (empty room).

    [0m [90m 77 |[39m   [36mif[39m (validation[33m.[39mwarnings[33m.[39mlength [33m>[39m [35m0[39m) {
     [90m 78 |[39m     [36mfor[39m ([36mconst[39m warning [36mof[39m validation[33m.[39mwarnings) {
    [31m[1m>[22m[39m[90m 79 |[39m       console[33m.[39mwarn([32m`[world-validation] ${warning}`[39m)[33m;[39m
     [90m    |[39m               [31m[1m^[22m[39m
     [90m 80 |[39m     }
     [90m 81 |[39m   }
     [90m 82 |[39m[0m

      at warn (api/src/game-engine.js:79:15)
      at loadWorld (tests/game-engine.test.js:33:17)
      at freshSession (tests/game-engine.test.js:43:17)
      at Object.sessionWithPlayers (tests/game-engine.test.js:1027:19)

  console.warn
    [world-validation] Room "room-isolated" is an orphan ΓÇö no exits or puzzles connect to it.

    [0m [90m 77 |[39m   [36mif[39m (validation[33m.[39mwarnings[33m.[39mlength [33m>[39m [35m0[39m) {
     [90m 78 |[39m     [36mfor[39m ([36mconst[39m warning [36mof[39m validation[33m.[39mwarnings) {
    [31m[1m>[22m[39m[90m 79 |[39m       console[33m.[39mwarn([32m`[world-validation] ${warning}`[39m)[33m;[39m
     [90m    |[39m               [31m[1m^[22m[39m
     [90m 80 |[39m     }
     [90m 81 |[39m   }
     [90m 82 |[39m[0m

      at warn (api/src/game-engine.js:79:15)
      at loadWorld (tests/game-engine.test.js:33:17)
      at freshSession (tests/game-engine.test.js:43:17)
      at Object.sessionWithPlayers (tests/game-engine.test.js:1027:19)

  console.warn
    [world-validation] Room "room-hub" has no items and no hazards (empty room).

    [0m [90m 77 |[39m   [36mif[39m (validation[33m.[39mwarnings[33m.[39mlength [33m>[39m [35m0[39m) {
     [90m 78 |[39m     [36mfor[39m ([36mconst[39m warning [36mof[39m validation[33m.[39mwarnings) {
    [31m[1m>[22m[39m[90m 79 |[39m       console[33m.[39mwarn([32m`[world-validation] ${warning}`[39m)[33m;[39m
     [90m    |[39m               [31m[1m^[22m[39m
     [90m 80 |[39m     }
     [90m 81 |[39m   }
     [90m 82 |[39m[0m

      at warn (api/src/game-engine.js:79:15)
      at loadWorld (tests/game-engine.test.js:33:17)
      at freshSession (tests/game-engine.test.js:43:17)
      at Object.sessionWithPlayers (tests/game-engine.test.js:1039:19)

  console.warn
    [world-validation] Room "room-hub-n" has no items and no hazards (empty room).

    [0m [90m 77 |[39m   [36mif[39m (validation[33m.[39mwarnings[33m.[39mlength [33m>[39m [35m0[39m) {
     [90m 78 |[39m     [36mfor[39m ([36mconst[39m warning [36mof[39m validation[33m.[39mwarnings) {
    [31m[1m>[22m[39m[90m 79 |[39m       console[33m.[39mwarn([32m`[world-validation] ${warning}`[39m)[33m;[39m
     [90m    |[39m               [31m[1m^[22m[39m
     [90m 80 |[39m     }
     [90m 81 |[39m   }
     [90m 82 |[39m[0m

      at warn (api/src/game-engine.js:79:15)
      at loadWorld (tests/game-engine.test.js:33:17)
      at freshSession (tests/game-engine.test.js:43:17)
      at Object.sessionWithPlayers (tests/game-engine.test.js:1039:19)

  console.warn
    [world-validation] Room "room-hub-e" has no items and no hazards (empty room).

    [0m [90m 77 |[39m   [36mif[39m (validation[33m.[39mwarnings[33m.[39mlength [33m>[39m [35m0[39m) {
     [90m 78 |[39m     [36mfor[39m ([36mconst[39m warning [36mof[39m validation[33m.[39mwarnings) {
    [31m[1m>[22m[39m[90m 79 |[39m       console[33m.[39mwarn([32m`[world-validation] ${warning}`[39m)[33m;[39m
     [90m    |[39m               [31m[1m^[22m[39m
     [90m 80 |[39m     }
     [90m 81 |[39m   }
     [90m 82 |[39m[0m

      at warn (api/src/game-engine.js:79:15)
      at loadWorld (tests/game-engine.test.js:33:17)
      at freshSession (tests/game-engine.test.js:43:17)
      at Object.sessionWithPlayers (tests/game-engine.test.js:1039:19)

  console.warn
    [world-validation] Room "room-hub-w" has no items and no hazards (empty room).

    [0m [90m 77 |[39m   [36mif[39m (validation[33m.[39mwarnings[33m.[39mlength [33m>[39m [35m0[39m) {
     [90m 78 |[39m     [36mfor[39m ([36mconst[39m warning [36mof[39m validation[33m.[39mwarnings) {
    [31m[1m>[22m[39m[90m 79 |[39m       console[33m.[39mwarn([32m`[world-validation] ${warning}`[39m)[33m;[39m
     [90m    |[39m               [31m[1m^[22m[39m
     [90m 80 |[39m     }
     [90m 81 |[39m   }
     [90m 82 |[39m[0m

      at warn (api/src/game-engine.js:79:15)
      at loadWorld (tests/game-engine.test.js:33:17)
      at freshSession (tests/game-engine.test.js:43:17)
      at Object.sessionWithPlayers (tests/game-engine.test.js:1039:19)

  console.warn
    [world-validation] Room "room-isolated" has no items and no hazards (empty room).

    [0m [90m 77 |[39m   [36mif[39m (validation[33m.[39mwarnings[33m.[39mlength [33m>[39m [35m0[39m) {
     [90m 78 |[39m     [36mfor[39m ([36mconst[39m warning [36mof[39m validation[33m.[39mwarnings) {
    [31m[1m>[22m[39m[90m 79 |[39m       console[33m.[39mwarn([32m`[world-validation] ${warning}`[39m)[33m;[39m
     [90m    |[39m               [31m[1m^[22m[39m
     [90m 80 |[39m     }
     [90m 81 |[39m   }
     [90m 82 |[39m[0m

      at warn (api/src/game-engine.js:79:15)
      at loadWorld (tests/game-engine.test.js:33:17)
      at freshSession (tests/game-engine.test.js:43:17)
      at Object.sessionWithPlayers (tests/game-engine.test.js:1039:19)

  console.warn
    [world-validation] Room "room-isolated" is an orphan ΓÇö no exits or puzzles connect to it.

    [0m [90m 77 |[39m   [36mif[39m (validation[33m.[39mwarnings[33m.[39mlength [33m>[39m [35m0[39m) {
     [90m 78 |[39m     [36mfor[39m ([36mconst[39m warning [36mof[39m validation[33m.[39mwarnings) {
    [31m[1m>[22m[39m[90m 79 |[39m       console[33m.[39mwarn([32m`[world-validation] ${warning}`[39m)[33m;[39m
     [90m    |[39m               [31m[1m^[22m[39m
     [90m 80 |[39m     }
     [90m 81 |[39m   }
     [90m 82 |[39m[0m

      at warn (api/src/game-engine.js:79:15)
      at loadWorld (tests/game-engine.test.js:33:17)
      at freshSession (tests/game-engine.test.js:43:17)
      at Object.sessionWithPlayers (tests/game-engine.test.js:1039:19)

  console.warn
    [world-validation] Room "room-hub" has no items and no hazards (empty room).

    [0m [90m 77 |[39m   [36mif[39m (validation[33m.[39mwarnings[33m.[39mlength [33m>[39m [35m0[39m) {
     [90m 78 |[39m     [36mfor[39m ([36mconst[39m warning [36mof[39m validation[33m.[39mwarnings) {
    [31m[1m>[22m[39m[90m 79 |[39m       console[33m.[39mwarn([32m`[world-validation] ${warning}`[39m)[33m;[39m
     [90m    |[39m               [31m[1m^[22m[39m
     [90m 80 |[39m     }
     [90m 81 |[39m   }
     [90m 82 |[39m[0m

      at warn (api/src/game-engine.js:79:15)
      at loadWorld (tests/game-engine.test.js:33:17)
      at freshSession (tests/game-engine.test.js:43:17)
      at Object.sessionWithPlayers (tests/game-engine.test.js:1049:19)

  console.warn
    [world-validation] Room "room-hub-n" has no items and no hazards (empty room).

    [0m [90m 77 |[39m   [36mif[39m (validation[33m.[39mwarnings[33m.[39mlength [33m>[39m [35m0[39m) {
     [90m 78 |[39m     [36mfor[39m ([36mconst[39m warning [36mof[39m validation[33m.[39mwarnings) {
    [31m[1m>[22m[39m[90m 79 |[39m       console[33m.[39mwarn([32m`[world-validation] ${warning}`[39m)[33m;[39m
     [90m    |[39m               [31m[1m^[22m[39m
     [90m 80 |[39m     }
     [90m 81 |[39m   }
     [90m 82 |[39m[0m

      at warn (api/src/game-engine.js:79:15)
      at loadWorld (tests/game-engine.test.js:33:17)
      at freshSession (tests/game-engine.test.js:43:17)
      at Object.sessionWithPlayers (tests/game-engine.test.js:1049:19)

  console.warn
    [world-validation] Room "room-hub-e" has no items and no hazards (empty room).

    [0m [90m 77 |[39m   [36mif[39m (validation[33m.[39mwarnings[33m.[39mlength [33m>[39m [35m0[39m) {
     [90m 78 |[39m     [36mfor[39m ([36mconst[39m warning [36mof[39m validation[33m.[39mwarnings) {
    [31m[1m>[22m[39m[90m 79 |[39m       console[33m.[39mwarn([32m`[world-validation] ${warning}`[39m)[33m;[39m
     [90m    |[39m               [31m[1m^[22m[39m
     [90m 80 |[39m     }
     [90m 81 |[39m   }
     [90m 82 |[39m[0m

      at warn (api/src/game-engine.js:79:15)
      at loadWorld (tests/game-engine.test.js:33:17)
      at freshSession (tests/game-engine.test.js:43:17)
      at Object.sessionWithPlayers (tests/game-engine.test.js:1049:19)

  console.warn
    [world-validation] Room "room-hub-w" has no items and no hazards (empty room).

    [0m [90m 77 |[39m   [36mif[39m (validation[33m.[39mwarnings[33m.[39mlength [33m>[39m [35m0[39m) {
     [90m 78 |[39m     [36mfor[39m ([36mconst[39m warning [36mof[39m validation[33m.[39mwarnings) {
    [31m[1m>[22m[39m[90m 79 |[39m       console[33m.[39mwarn([32m`[world-validation] ${warning}`[39m)[33m;[39m
     [90m    |[39m               [31m[1m^[22m[39m
     [90m 80 |[39m     }
     [90m 81 |[39m   }
     [90m 82 |[39m[0m

      at warn (api/src/game-engine.js:79:15)
      at loadWorld (tests/game-engine.test.js:33:17)
      at freshSession (tests/game-engine.test.js:43:17)
      at Object.sessionWithPlayers (tests/game-engine.test.js:1049:19)

  console.warn
    [world-validation] Room "room-isolated" has no items and no hazards (empty room).

    [0m [90m 77 |[39m   [36mif[39m (validation[33m.[39mwarnings[33m.[39mlength [33m>[39m [35m0[39m) {
     [90m 78 |[39m     [36mfor[39m ([36mconst[39m warning [36mof[39m validation[33m.[39mwarnings) {
    [31m[1m>[22m[39m[90m 79 |[39m       console[33m.[39mwarn([32m`[world-validation] ${warning}`[39m)[33m;[39m
     [90m    |[39m               [31m[1m^[22m[39m
     [90m 80 |[39m     }
     [90m 81 |[39m   }
     [90m 82 |[39m[0m

      at warn (api/src/game-engine.js:79:15)
      at loadWorld (tests/game-engine.test.js:33:17)
      at freshSession (tests/game-engine.test.js:43:17)
      at Object.sessionWithPlayers (tests/game-engine.test.js:1049:19)

  console.warn
    [world-validation] Room "room-isolated" is an orphan ΓÇö no exits or puzzles connect to it.

    [0m [90m 77 |[39m   [36mif[39m (validation[33m.[39mwarnings[33m.[39mlength [33m>[39m [35m0[39m) {
     [90m 78 |[39m     [36mfor[39m ([36mconst[39m warning [36mof[39m validation[33m.[39mwarnings) {
    [31m[1m>[22m[39m[90m 79 |[39m       console[33m.[39mwarn([32m`[world-validation] ${warning}`[39m)[33m;[39m
     [90m    |[39m               [31m[1m^[22m[39m
     [90m 80 |[39m     }
     [90m 81 |[39m   }
     [90m 82 |[39m[0m

      at warn (api/src/game-engine.js:79:15)
      at loadWorld (tests/game-engine.test.js:33:17)
      at freshSession (tests/game-engine.test.js:43:17)
      at Object.sessionWithPlayers (tests/game-engine.test.js:1049:19)

  console.warn
    [world-validation] Room "room-hub" has no items and no hazards (empty room).

    [0m [90m 77 |[39m   [36mif[39m (validation[33m.[39mwarnings[33m.[39mlength [33m>[39m [35m0[39m) {
     [90m 78 |[39m     [36mfor[39m ([36mconst[39m warning [36mof[39m validation[33m.[39mwarnings) {
    [31m[1m>[22m[39m[90m 79 |[39m       console[33m.[39mwarn([32m`[world-validation] ${warning}`[39m)[33m;[39m
     [90m    |[39m               [31m[1m^[22m[39m
     [90m 80 |[39m     }
     [90m 81 |[39m   }
     [90m 82 |[39m[0m

      at warn (api/src/game-engine.js:79:15)
      at loadWorld (tests/game-engine.test.js:33:17)
      at freshSession (tests/game-engine.test.js:38:19)
      at Object.sessionWithPlayer (tests/game-engine.test.js:1067:19)

  console.warn
    [world-validation] Room "room-hub-n" has no items and no hazards (empty room).

    [0m [90m 77 |[39m   [36mif[39m (validation[33m.[39mwarnings[33m.[39mlength [33m>[39m [35m0[39m) {
     [90m 78 |[39m     [36mfor[39m ([36mconst[39m warning [36mof[39m validation[33m.[39mwarnings) {
    [31m[1m>[22m[39m[90m 79 |[39m       console[33m.[39mwarn([32m`[world-validation] ${warning}`[39m)[33m;[39m
     [90m    |[39m               [31m[1m^[22m[39m
     [90m 80 |[39m     }
     [90m 81 |[39m   }
     [90m 82 |[39m[0m

      at warn (api/src/game-engine.js:79:15)
      at loadWorld (tests/game-engine.test.js:33:17)
      at freshSession (tests/game-engine.test.js:38:19)
      at Object.sessionWithPlayer (tests/game-engine.test.js:1067:19)

  console.warn
    [world-validation] Room "room-hub-e" has no items and no hazards (empty room).

    [0m [90m 77 |[39m   [36mif[39m (validation[33m.[39mwarnings[33m.[39mlength [33m>[39m [35m0[39m) {
     [90m 78 |[39m     [36mfor[39m ([36mconst[39m warning [36mof[39m validation[33m.[39mwarnings) {
    [31m[1m>[22m[39m[90m 79 |[39m       console[33m.[39mwarn([32m`[world-validation] ${warning}`[39m)[33m;[39m
     [90m    |[39m               [31m[1m^[22m[39m
     [90m 80 |[39m     }
     [90m 81 |[39m   }
     [90m 82 |[39m[0m

      at warn (api/src/game-engine.js:79:15)
      at loadWorld (tests/game-engine.test.js:33:17)
      at freshSession (tests/game-engine.test.js:38:19)
      at Object.sessionWithPlayer (tests/game-engine.test.js:1067:19)

  console.warn
    [world-validation] Room "room-hub-w" has no items and no hazards (empty room).

    [0m [90m 77 |[39m   [36mif[39m (validation[33m.[39mwarnings[33m.[39mlength [33m>[39m [35m0[39m) {
     [90m 78 |[39m     [36mfor[39m ([36mconst[39m warning [36mof[39m validation[33m.[39mwarnings) {
    [31m[1m>[22m[39m[90m 79 |[39m       console[33m.[39mwarn([32m`[world-validation] ${warning}`[39m)[33m;[39m
     [90m    |[39m               [31m[1m^[22m[39m
     [90m 80 |[39m     }
     [90m 81 |[39m   }
     [90m 82 |[39m[0m

      at warn (api/src/game-engine.js:79:15)
      at loadWorld (tests/game-engine.test.js:33:17)
      at freshSession (tests/game-engine.test.js:38:19)
      at Object.sessionWithPlayer (tests/game-engine.test.js:1067:19)

  console.warn
    [world-validation] Room "room-isolated" has no items and no hazards (empty room).

    [0m [90m 77 |[39m   [36mif[39m (validation[33m.[39mwarnings[33m.[39mlength [33m>[39m [35m0[39m) {
     [90m 78 |[39m     [36mfor[39m ([36mconst[39m warning [36mof[39m validation[33m.[39mwarnings) {
    [31m[1m>[22m[39m[90m 79 |[39m       console[33m.[39mwarn([32m`[world-validation] ${warning}`[39m)[33m;[39m
     [90m    |[39m               [31m[1m^[22m[39m
     [90m 80 |[39m     }
     [90m 81 |[39m   }
     [90m 82 |[39m[0m

      at warn (api/src/game-engine.js:79:15)
      at loadWorld (tests/game-engine.test.js:33:17)
      at freshSession (tests/game-engine.test.js:38:19)
      at Object.sessionWithPlayer (tests/game-engine.test.js:1067:19)

  console.warn
    [world-validation] Room "room-isolated" is an orphan ΓÇö no exits or puzzles connect to it.

    [0m [90m 77 |[39m   [36mif[39m (validation[33m.[39mwarnings[33m.[39mlength [33m>[39m [35m0[39m) {
     [90m 78 |[39m     [36mfor[39m ([36mconst[39m warning [36mof[39m validation[33m.[39mwarnings) {
    [31m[1m>[22m[39m[90m 79 |[39m       console[33m.[39mwarn([32m`[world-validation] ${warning}`[39m)[33m;[39m
     [90m    |[39m               [31m[1m^[22m[39m
     [90m 80 |[39m     }
     [90m 81 |[39m   }
     [90m 82 |[39m[0m

      at warn (api/src/game-engine.js:79:15)
      at loadWorld (tests/game-engine.test.js:33:17)
      at freshSession (tests/game-engine.test.js:38:19)
      at Object.sessionWithPlayer (tests/game-engine.test.js:1067:19)

  console.warn
    [world-validation] Room "room-hub" has no items and no hazards (empty room).

    [0m [90m 77 |[39m   [36mif[39m (validation[33m.[39mwarnings[33m.[39mlength [33m>[39m [35m0[39m) {
     [90m 78 |[39m     [36mfor[39m ([36mconst[39m warning [36mof[39m validation[33m.[39mwarnings) {
    [31m[1m>[22m[39m[90m 79 |[39m       console[33m.[39mwarn([32m`[world-validation] ${warning}`[39m)[33m;[39m
     [90m    |[39m               [31m[1m^[22m[39m
     [90m 80 |[39m     }
     [90m 81 |[39m   }
     [90m 82 |[39m[0m

      at warn (api/src/game-engine.js:79:15)
      at loadWorld (tests/game-engine.test.js:33:17)
      at freshSession (tests/game-engine.test.js:43:17)
      at Object.sessionWithPlayers (tests/game-engine.test.js:1087:19)

  console.warn
    [world-validation] Room "room-hub-n" has no items and no hazards (empty room).

    [0m [90m 77 |[39m   [36mif[39m (validation[33m.[39mwarnings[33m.[39mlength [33m>[39m [35m0[39m) {
     [90m 78 |[39m     [36mfor[39m ([36mconst[39m warning [36mof[39m validation[33m.[39mwarnings) {
    [31m[1m>[22m[39m[90m 79 |[39m       console[33m.[39mwarn([32m`[world-validation] ${warning}`[39m)[33m;[39m
     [90m    |[39m               [31m[1m^[22m[39m
     [90m 80 |[39m     }
     [90m 81 |[39m   }
     [90m 82 |[39m[0m

      at warn (api/src/game-engine.js:79:15)
      at loadWorld (tests/game-engine.test.js:33:17)
      at freshSession (tests/game-engine.test.js:43:17)
      at Object.sessionWithPlayers (tests/game-engine.test.js:1087:19)

  console.warn
    [world-validation] Room "room-hub-e" has no items and no hazards (empty room).

    [0m [90m 77 |[39m   [36mif[39m (validation[33m.[39mwarnings[33m.[39mlength [33m>[39m [35m0[39m) {
     [90m 78 |[39m     [36mfor[39m ([36mconst[39m warning [36mof[39m validation[33m.[39mwarnings) {
    [31m[1m>[22m[39m[90m 79 |[39m       console[33m.[39mwarn([32m`[world-validation] ${warning}`[39m)[33m;[39m
     [90m    |[39m               [31m[1m^[22m[39m
     [90m 80 |[39m     }
     [90m 81 |[39m   }
     [90m 82 |[39m[0m

      at warn (api/src/game-engine.js:79:15)
      at loadWorld (tests/game-engine.test.js:33:17)
      at freshSession (tests/game-engine.test.js:43:17)
      at Object.sessionWithPlayers (tests/game-engine.test.js:1087:19)

  console.warn
    [world-validation] Room "room-hub-w" has no items and no hazards (empty room).

    [0m [90m 77 |[39m   [36mif[39m (validation[33m.[39mwarnings[33m.[39mlength [33m>[39m [35m0[39m) {
     [90m 78 |[39m     [36mfor[39m ([36mconst[39m warning [36mof[39m validation[33m.[39mwarnings) {
    [31m[1m>[22m[39m[90m 79 |[39m       console[33m.[39mwarn([32m`[world-validation] ${warning}`[39m)[33m;[39m
     [90m    |[39m               [31m[1m^[22m[39m
     [90m 80 |[39m     }
     [90m 81 |[39m   }
     [90m 82 |[39m[0m

      at warn (api/src/game-engine.js:79:15)
      at loadWorld (tests/game-engine.test.js:33:17)
      at freshSession (tests/game-engine.test.js:43:17)
      at Object.sessionWithPlayers (tests/game-engine.test.js:1087:19)

  console.warn
    [world-validation] Room "room-isolated" has no items and no hazards (empty room).

    [0m [90m 77 |[39m   [36mif[39m (validation[33m.[39mwarnings[33m.[39mlength [33m>[39m [35m0[39m) {
     [90m 78 |[39m     [36mfor[39m ([36mconst[39m warning [36mof[39m validation[33m.[39mwarnings) {
    [31m[1m>[22m[39m[90m 79 |[39m       console[33m.[39mwarn([32m`[world-validation] ${warning}`[39m)[33m;[39m
     [90m    |[39m               [31m[1m^[22m[39m
     [90m 80 |[39m     }
     [90m 81 |[39m   }
     [90m 82 |[39m[0m

      at warn (api/src/game-engine.js:79:15)
      at loadWorld (tests/game-engine.test.js:33:17)
      at freshSession (tests/game-engine.test.js:43:17)
      at Object.sessionWithPlayers (tests/game-engine.test.js:1087:19)

  console.warn
    [world-validation] Room "room-isolated" is an orphan ΓÇö no exits or puzzles connect to it.

    [0m [90m 77 |[39m   [36mif[39m (validation[33m.[39mwarnings[33m.[39mlength [33m>[39m [35m0[39m) {
     [90m 78 |[39m     [36mfor[39m ([36mconst[39m warning [36mof[39m validation[33m.[39mwarnings) {
    [31m[1m>[22m[39m[90m 79 |[39m       console[33m.[39mwarn([32m`[world-validation] ${warning}`[39m)[33m;[39m
     [90m    |[39m               [31m[1m^[22m[39m
     [90m 80 |[39m     }
     [90m 81 |[39m   }
     [90m 82 |[39m[0m

      at warn (api/src/game-engine.js:79:15)
      at loadWorld (tests/game-engine.test.js:33:17)
      at freshSession (tests/game-engine.test.js:43:17)
      at Object.sessionWithPlayers (tests/game-engine.test.js:1087:19)

  console.warn
    [world-validation] Room "room-hub" has no items and no hazards (empty room).

    [0m [90m 77 |[39m   [36mif[39m (validation[33m.[39mwarnings[33m.[39mlength [33m>[39m [35m0[39m) {
     [90m 78 |[39m     [36mfor[39m ([36mconst[39m warning [36mof[39m validation[33m.[39mwarnings) {
    [31m[1m>[22m[39m[90m 79 |[39m       console[33m.[39mwarn([32m`[world-validation] ${warning}`[39m)[33m;[39m
     [90m    |[39m               [31m[1m^[22m[39m
     [90m 80 |[39m     }
     [90m 81 |[39m   }
     [90m 82 |[39m[0m

      at warn (api/src/game-engine.js:79:15)
      at loadWorld (tests/game-engine.test.js:33:17)
      at freshSession (tests/game-engine.test.js:43:17)
      at Object.sessionWithPlayers (tests/game-engine.test.js:1109:19)

  console.warn
    [world-validation] Room "room-hub-n" has no items and no hazards (empty room).

    [0m [90m 77 |[39m   [36mif[39m (validation[33m.[39mwarnings[33m.[39mlength [33m>[39m [35m0[39m) {
     [90m 78 |[39m     [36mfor[39m ([36mconst[39m warning [36mof[39m validation[33m.[39mwarnings) {
    [31m[1m>[22m[39m[90m 79 |[39m       console[33m.[39mwarn([32m`[world-validation] ${warning}`[39m)[33m;[39m
     [90m    |[39m               [31m[1m^[22m[39m
     [90m 80 |[39m     }
     [90m 81 |[39m   }
     [90m 82 |[39m[0m

      at warn (api/src/game-engine.js:79:15)
      at loadWorld (tests/game-engine.test.js:33:17)
      at freshSession (tests/game-engine.test.js:43:17)
      at Object.sessionWithPlayers (tests/game-engine.test.js:1109:19)

  console.warn
    [world-validation] Room "room-hub-e" has no items and no hazards (empty room).

    [0m [90m 77 |[39m   [36mif[39m (validation[33m.[39mwarnings[33m.[39mlength [33m>[39m [35m0[39m) {
     [90m 78 |[39m     [36mfor[39m ([36mconst[39m warning [36mof[39m validation[33m.[39mwarnings) {
    [31m[1m>[22m[39m[90m 79 |[39m       console[33m.[39mwarn([32m`[world-validation] ${warning}`[39m)[33m;[39m
     [90m    |[39m               [31m[1m^[22m[39m
     [90m 80 |[39m     }
     [90m 81 |[39m   }
     [90m 82 |[39m[0m

      at warn (api/src/game-engine.js:79:15)
      at loadWorld (tests/game-engine.test.js:33:17)
      at freshSession (tests/game-engine.test.js:43:17)
      at Object.sessionWithPlayers (tests/game-engine.test.js:1109:19)

  console.warn
    [world-validation] Room "room-hub-w" has no items and no hazards (empty room).

    [0m [90m 77 |[39m   [36mif[39m (validation[33m.[39mwarnings[33m.[39mlength [33m>[39m [35m0[39m) {
     [90m 78 |[39m     [36mfor[39m ([36mconst[39m warning [36mof[39m validation[33m.[39mwarnings) {
    [31m[1m>[22m[39m[90m 79 |[39m       console[33m.[39mwarn([32m`[world-validation] ${warning}`[39m)[33m;[39m
     [90m    |[39m               [31m[1m^[22m[39m
     [90m 80 |[39m     }
     [90m 81 |[39m   }
     [90m 82 |[39m[0m

      at warn (api/src/game-engine.js:79:15)
      at loadWorld (tests/game-engine.test.js:33:17)
      at freshSession (tests/game-engine.test.js:43:17)
      at Object.sessionWithPlayers (tests/game-engine.test.js:1109:19)

  console.warn
    [world-validation] Room "room-isolated" has no items and no hazards (empty room).

    [0m [90m 77 |[39m   [36mif[39m (validation[33m.[39mwarnings[33m.[39mlength [33m>[39m [35m0[39m) {
     [90m 78 |[39m     [36mfor[39m ([36mconst[39m warning [36mof[39m validation[33m.[39mwarnings) {
    [31m[1m>[22m[39m[90m 79 |[39m       console[33m.[39mwarn([32m`[world-validation] ${warning}`[39m)[33m;[39m
     [90m    |[39m               [31m[1m^[22m[39m
     [90m 80 |[39m     }
     [90m 81 |[39m   }
     [90m 82 |[39m[0m

      at warn (api/src/game-engine.js:79:15)
      at loadWorld (tests/game-engine.test.js:33:17)
      at freshSession (tests/game-engine.test.js:43:17)
      at Object.sessionWithPlayers (tests/game-engine.test.js:1109:19)

  console.warn
    [world-validation] Room "room-isolated" is an orphan ΓÇö no exits or puzzles connect to it.

    [0m [90m 77 |[39m   [36mif[39m (validation[33m.[39mwarnings[33m.[39mlength [33m>[39m [35m0[39m) {
     [90m 78 |[39m     [36mfor[39m ([36mconst[39m warning [36mof[39m validation[33m.[39mwarnings) {
    [31m[1m>[22m[39m[90m 79 |[39m       console[33m.[39mwarn([32m`[world-validation] ${warning}`[39m)[33m;[39m
     [90m    |[39m               [31m[1m^[22m[39m
     [90m 80 |[39m     }
     [90m 81 |[39m   }
     [90m 82 |[39m[0m

      at warn (api/src/game-engine.js:79:15)
      at loadWorld (tests/game-engine.test.js:33:17)
      at freshSession (tests/game-engine.test.js:43:17)
      at Object.sessionWithPlayers (tests/game-engine.test.js:1109:19)

  console.warn
    [world-validation] Room "room-hub" has no items and no hazards (empty room).

    [0m [90m 77 |[39m   [36mif[39m (validation[33m.[39mwarnings[33m.[39mlength [33m>[39m [35m0[39m) {
     [90m 78 |[39m     [36mfor[39m ([36mconst[39m warning [36mof[39m validation[33m.[39mwarnings) {
    [31m[1m>[22m[39m[90m 79 |[39m       console[33m.[39mwarn([32m`[world-validation] ${warning}`[39m)[33m;[39m
     [90m    |[39m               [31m[1m^[22m[39m
     [90m 80 |[39m     }
     [90m 81 |[39m   }
     [90m 82 |[39m[0m

      at warn (api/src/game-engine.js:79:15)
      at loadWorld (tests/game-engine.test.js:33:17)
      at freshSession (tests/game-engine.test.js:43:17)
      at Object.sessionWithPlayers (tests/game-engine.test.js:1135:19)

  console.warn
    [world-validation] Room "room-hub-n" has no items and no hazards (empty room).

    [0m [90m 77 |[39m   [36mif[39m (validation[33m.[39mwarnings[33m.[39mlength [33m>[39m [35m0[39m) {
     [90m 78 |[39m     [36mfor[39m ([36mconst[39m warning [36mof[39m validation[33m.[39mwarnings) {
    [31m[1m>[22m[39m[90m 79 |[39m       console[33m.[39mwarn([32m`[world-validation] ${warning}`[39m)[33m;[39m
     [90m    |[39m               [31m[1m^[22m[39m
     [90m 80 |[39m     }
     [90m 81 |[39m   }
     [90m 82 |[39m[0m

      at warn (api/src/game-engine.js:79:15)
      at loadWorld (tests/game-engine.test.js:33:17)
      at freshSession (tests/game-engine.test.js:43:17)
      at Object.sessionWithPlayers (tests/game-engine.test.js:1135:19)

  console.warn
    [world-validation] Room "room-hub-e" has no items and no hazards (empty room).

    [0m [90m 77 |[39m   [36mif[39m (validation[33m.[39mwarnings[33m.[39mlength [33m>[39m [35m0[39m) {
     [90m 78 |[39m     [36mfor[39m ([36mconst[39m warning [36mof[39m validation[33m.[39mwarnings) {
    [31m[1m>[22m[39m[90m 79 |[39m       console[33m.[39mwarn([32m`[world-validation] ${warning}`[39m)[33m;[39m
     [90m    |[39m               [31m[1m^[22m[39m
     [90m 80 |[39m     }
     [90m 81 |[39m   }
     [90m 82 |[39m[0m

      at warn (api/src/game-engine.js:79:15)
      at loadWorld (tests/game-engine.test.js:33:17)
      at freshSession (tests/game-engine.test.js:43:17)
      at Object.sessionWithPlayers (tests/game-engine.test.js:1135:19)

  console.warn
    [world-validation] Room "room-hub-w" has no items and no hazards (empty room).

    [0m [90m 77 |[39m   [36mif[39m (validation[33m.[39mwarnings[33m.[39mlength [33m>[39m [35m0[39m) {
     [90m 78 |[39m     [36mfor[39m ([36mconst[39m warning [36mof[39m validation[33m.[39mwarnings) {
    [31m[1m>[22m[39m[90m 79 |[39m       console[33m.[39mwarn([32m`[world-validation] ${warning}`[39m)[33m;[39m
     [90m    |[39m               [31m[1m^[22m[39m
     [90m 80 |[39m     }
     [90m 81 |[39m   }
     [90m 82 |[39m[0m

      at warn (api/src/game-engine.js:79:15)
      at loadWorld (tests/game-engine.test.js:33:17)
      at freshSession (tests/game-engine.test.js:43:17)
      at Object.sessionWithPlayers (tests/game-engine.test.js:1135:19)

  console.warn
    [world-validation] Room "room-isolated" has no items and no hazards (empty room).

    [0m [90m 77 |[39m   [36mif[39m (validation[33m.[39mwarnings[33m.[39mlength [33m>[39m [35m0[39m) {
     [90m 78 |[39m     [36mfor[39m ([36mconst[39m warning [36mof[39m validation[33m.[39mwarnings) {
    [31m[1m>[22m[39m[90m 79 |[39m       console[33m.[39mwarn([32m`[world-validation] ${warning}`[39m)[33m;[39m
     [90m    |[39m               [31m[1m^[22m[39m
     [90m 80 |[39m     }
     [90m 81 |[39m   }
     [90m 82 |[39m[0m

      at warn (api/src/game-engine.js:79:15)
      at loadWorld (tests/game-engine.test.js:33:17)
      at freshSession (tests/game-engine.test.js:43:17)
      at Object.sessionWithPlayers (tests/game-engine.test.js:1135:19)

  console.warn
    [world-validation] Room "room-isolated" is an orphan ΓÇö no exits or puzzles connect to it.

    [0m [90m 77 |[39m   [36mif[39m (validation[33m.[39mwarnings[33m.[39mlength [33m>[39m [35m0[39m) {
     [90m 78 |[39m     [36mfor[39m ([36mconst[39m warning [36mof[39m validation[33m.[39mwarnings) {
    [31m[1m>[22m[39m[90m 79 |[39m       console[33m.[39mwarn([32m`[world-validation] ${warning}`[39m)[33m;[39m
     [90m    |[39m               [31m[1m^[22m[39m
     [90m 80 |[39m     }
     [90m 81 |[39m   }
     [90m 82 |[39m[0m

      at warn (api/src/game-engine.js:79:15)
      at loadWorld (tests/game-engine.test.js:33:17)
      at freshSession (tests/game-engine.test.js:43:17)
      at Object.sessionWithPlayers (tests/game-engine.test.js:1135:19)

  console.warn
    [world-validation] Room "room-hub" has no items and no hazards (empty room).

    [0m [90m 77 |[39m   [36mif[39m (validation[33m.[39mwarnings[33m.[39mlength [33m>[39m [35m0[39m) {
     [90m 78 |[39m     [36mfor[39m ([36mconst[39m warning [36mof[39m validation[33m.[39mwarnings) {
    [31m[1m>[22m[39m[90m 79 |[39m       console[33m.[39mwarn([32m`[world-validation] ${warning}`[39m)[33m;[39m
     [90m    |[39m               [31m[1m^[22m[39m
     [90m 80 |[39m     }
     [90m 81 |[39m   }
     [90m 82 |[39m[0m

      at warn (api/src/game-engine.js:79:15)
      at loadWorld (tests/game-engine.test.js:33:17)
      at freshSession (tests/game-engine.test.js:38:19)
      at Object.sessionWithPlayer (tests/game-engine.test.js:1154:19)

  console.warn
    [world-validation] Room "room-hub-n" has no items and no hazards (empty room).

    [0m [90m 77 |[39m   [36mif[39m (validation[33m.[39mwarnings[33m.[39mlength [33m>[39m [35m0[39m) {
     [90m 78 |[39m     [36mfor[39m ([36mconst[39m warning [36mof[39m validation[33m.[39mwarnings) {
    [31m[1m>[22m[39m[90m 79 |[39m       console[33m.[39mwarn([32m`[world-validation] ${warning}`[39m)[33m;[39m
     [90m    |[39m               [31m[1m^[22m[39m
     [90m 80 |[39m     }
     [90m 81 |[39m   }
     [90m 82 |[39m[0m

      at warn (api/src/game-engine.js:79:15)
      at loadWorld (tests/game-engine.test.js:33:17)
      at freshSession (tests/game-engine.test.js:38:19)
      at Object.sessionWithPlayer (tests/game-engine.test.js:1154:19)

  console.warn
    [world-validation] Room "room-hub-e" has no items and no hazards (empty room).

    [0m [90m 77 |[39m   [36mif[39m (validation[33m.[39mwarnings[33m.[39mlength [33m>[39m [35m0[39m) {
     [90m 78 |[39m     [36mfor[39m ([36mconst[39m warning [36mof[39m validation[33m.[39mwarnings) {
    [31m[1m>[22m[39m[90m 79 |[39m       console[33m.[39mwarn([32m`[world-validation] ${warning}`[39m)[33m;[39m
     [90m    |[39m               [31m[1m^[22m[39m
     [90m 80 |[39m     }
     [90m 81 |[39m   }
     [90m 82 |[39m[0m

      at warn (api/src/game-engine.js:79:15)
      at loadWorld (tests/game-engine.test.js:33:17)
      at freshSession (tests/game-engine.test.js:38:19)
      at Object.sessionWithPlayer (tests/game-engine.test.js:1154:19)

  console.warn
    [world-validation] Room "room-hub-w" has no items and no hazards (empty room).

    [0m [90m 77 |[39m   [36mif[39m (validation[33m.[39mwarnings[33m.[39mlength [33m>[39m [35m0[39m) {
     [90m 78 |[39m     [36mfor[39m ([36mconst[39m warning [36mof[39m validation[33m.[39mwarnings) {
    [31m[1m>[22m[39m[90m 79 |[39m       console[33m.[39mwarn([32m`[world-validation] ${warning}`[39m)[33m;[39m
     [90m    |[39m               [31m[1m^[22m[39m
     [90m 80 |[39m     }
     [90m 81 |[39m   }
     [90m 82 |[39m[0m

      at warn (api/src/game-engine.js:79:15)
      at loadWorld (tests/game-engine.test.js:33:17)
      at freshSession (tests/game-engine.test.js:38:19)
      at Object.sessionWithPlayer (tests/game-engine.test.js:1154:19)

  console.warn
    [world-validation] Room "room-isolated" has no items and no hazards (empty room).

    [0m [90m 77 |[39m   [36mif[39m (validation[33m.[39mwarnings[33m.[39mlength [33m>[39m [35m0[39m) {
     [90m 78 |[39m     [36mfor[39m ([36mconst[39m warning [36mof[39m validation[33m.[39mwarnings) {
    [31m[1m>[22m[39m[90m 79 |[39m       console[33m.[39mwarn([32m`[world-validation] ${warning}`[39m)[33m;[39m
     [90m    |[39m               [31m[1m^[22m[39m
     [90m 80 |[39m     }
     [90m 81 |[39m   }
     [90m 82 |[39m[0m

      at warn (api/src/game-engine.js:79:15)
      at loadWorld (tests/game-engine.test.js:33:17)
      at freshSession (tests/game-engine.test.js:38:19)
      at Object.sessionWithPlayer (tests/game-engine.test.js:1154:19)

  console.warn
    [world-validation] Room "room-isolated" is an orphan ΓÇö no exits or puzzles connect to it.

    [0m [90m 77 |[39m   [36mif[39m (validation[33m.[39mwarnings[33m.[39mlength [33m>[39m [35m0[39m) {
     [90m 78 |[39m     [36mfor[39m ([36mconst[39m warning [36mof[39m validation[33m.[39mwarnings) {
    [31m[1m>[22m[39m[90m 79 |[39m       console[33m.[39mwarn([32m`[world-validation] ${warning}`[39m)[33m;[39m
     [90m    |[39m               [31m[1m^[22m[39m
     [90m 80 |[39m     }
     [90m 81 |[39m   }
     [90m 82 |[39m[0m

      at warn (api/src/game-engine.js:79:15)
      at loadWorld (tests/game-engine.test.js:33:17)
      at freshSession (tests/game-engine.test.js:38:19)
      at Object.sessionWithPlayer (tests/game-engine.test.js:1154:19)

  console.warn
    [world-validation] Room "room-hub" has no items and no hazards (empty room).

    [0m [90m 77 |[39m   [36mif[39m (validation[33m.[39mwarnings[33m.[39mlength [33m>[39m [35m0[39m) {
     [90m 78 |[39m     [36mfor[39m ([36mconst[39m warning [36mof[39m validation[33m.[39mwarnings) {
    [31m[1m>[22m[39m[90m 79 |[39m       console[33m.[39mwarn([32m`[world-validation] ${warning}`[39m)[33m;[39m
     [90m    |[39m               [31m[1m^[22m[39m
     [90m 80 |[39m     }
     [90m 81 |[39m   }
     [90m 82 |[39m[0m

      at warn (api/src/game-engine.js:79:15)
      at loadWorld (tests/game-engine.test.js:33:17)
      at freshSession (tests/game-engine.test.js:43:17)
      at Object.sessionWithPlayers (tests/game-engine.test.js:1169:19)

  console.warn
    [world-validation] Room "room-hub-n" has no items and no hazards (empty room).

    [0m [90m 77 |[39m   [36mif[39m (validation[33m.[39mwarnings[33m.[39mlength [33m>[39m [35m0[39m) {
     [90m 78 |[39m     [36mfor[39m ([36mconst[39m warning [36mof[39m validation[33m.[39mwarnings) {
    [31m[1m>[22m[39m[90m 79 |[39m       console[33m.[39mwarn([32m`[world-validation] ${warning}`[39m)[33m;[39m
     [90m    |[39m               [31m[1m^[22m[39m
     [90m 80 |[39m     }
     [90m 81 |[39m   }
     [90m 82 |[39m[0m

      at warn (api/src/game-engine.js:79:15)
      at loadWorld (tests/game-engine.test.js:33:17)
      at freshSession (tests/game-engine.test.js:43:17)
      at Object.sessionWithPlayers (tests/game-engine.test.js:1169:19)

  console.warn
    [world-validation] Room "room-hub-e" has no items and no hazards (empty room).

    [0m [90m 77 |[39m   [36mif[39m (validation[33m.[39mwarnings[33m.[39mlength [33m>[39m [35m0[39m) {
     [90m 78 |[39m     [36mfor[39m ([36mconst[39m warning [36mof[39m validation[33m.[39mwarnings) {
    [31m[1m>[22m[39m[90m 79 |[39m       console[33m.[39mwarn([32m`[world-validation] ${warning}`[39m)[33m;[39m
     [90m    |[39m               [31m[1m^[22m[39m
     [90m 80 |[39m     }
     [90m 81 |[39m   }
     [90m 82 |[39m[0m

      at warn (api/src/game-engine.js:79:15)
      at loadWorld (tests/game-engine.test.js:33:17)
      at freshSession (tests/game-engine.test.js:43:17)
      at Object.sessionWithPlayers (tests/game-engine.test.js:1169:19)

  console.warn
    [world-validation] Room "room-hub-w" has no items and no hazards (empty room).

    [0m [90m 77 |[39m   [36mif[39m (validation[33m.[39mwarnings[33m.[39mlength [33m>[39m [35m0[39m) {
     [90m 78 |[39m     [36mfor[39m ([36mconst[39m warning [36mof[39m validation[33m.[39mwarnings) {
    [31m[1m>[22m[39m[90m 79 |[39m       console[33m.[39mwarn([32m`[world-validation] ${warning}`[39m)[33m;[39m
     [90m    |[39m               [31m[1m^[22m[39m
     [90m 80 |[39m     }
     [90m 81 |[39m   }
     [90m 82 |[39m[0m

      at warn (api/src/game-engine.js:79:15)
      at loadWorld (tests/game-engine.test.js:33:17)
      at freshSession (tests/game-engine.test.js:43:17)
      at Object.sessionWithPlayers (tests/game-engine.test.js:1169:19)

  console.warn
    [world-validation] Room "room-isolated" has no items and no hazards (empty room).

    [0m [90m 77 |[39m   [36mif[39m (validation[33m.[39mwarnings[33m.[39mlength [33m>[39m [35m0[39m) {
     [90m 78 |[39m     [36mfor[39m ([36mconst[39m warning [36mof[39m validation[33m.[39mwarnings) {
    [31m[1m>[22m[39m[90m 79 |[39m       console[33m.[39mwarn([32m`[world-validation] ${warning}`[39m)[33m;[39m
     [90m    |[39m               [31m[1m^[22m[39m
     [90m 80 |[39m     }
     [90m 81 |[39m   }
     [90m 82 |[39m[0m

      at warn (api/src/game-engine.js:79:15)
      at loadWorld (tests/game-engine.test.js:33:17)
      at freshSession (tests/game-engine.test.js:43:17)
      at Object.sessionWithPlayers (tests/game-engine.test.js:1169:19)

  console.warn
    [world-validation] Room "room-isolated" is an orphan ΓÇö no exits or puzzles connect to it.

    [0m [90m 77 |[39m   [36mif[39m (validation[33m.[39mwarnings[33m.[39mlength [33m>[39m [35m0[39m) {
     [90m 78 |[39m     [36mfor[39m ([36mconst[39m warning [36mof[39m validation[33m.[39mwarnings) {
    [31m[1m>[22m[39m[90m 79 |[39m       console[33m.[39mwarn([32m`[world-validation] ${warning}`[39m)[33m;[39m
     [90m    |[39m               [31m[1m^[22m[39m
     [90m 80 |[39m     }
     [90m 81 |[39m   }
     [90m 82 |[39m[0m

      at warn (api/src/game-engine.js:79:15)
      at loadWorld (tests/game-engine.test.js:33:17)
      at freshSession (tests/game-engine.test.js:43:17)
      at Object.sessionWithPlayers (tests/game-engine.test.js:1169:19)

  console.warn
    [world-validation] Room "room-hub" has no items and no hazards (empty room).

    [0m [90m 77 |[39m   [36mif[39m (validation[33m.[39mwarnings[33m.[39mlength [33m>[39m [35m0[39m) {
     [90m 78 |[39m     [36mfor[39m ([36mconst[39m warning [36mof[39m validation[33m.[39mwarnings) {
    [31m[1m>[22m[39m[90m 79 |[39m       console[33m.[39mwarn([32m`[world-validation] ${warning}`[39m)[33m;[39m
     [90m    |[39m               [31m[1m^[22m[39m
     [90m 80 |[39m     }
     [90m 81 |[39m   }
     [90m 82 |[39m[0m

      at warn (api/src/game-engine.js:79:15)
      at loadWorld (tests/game-engine.test.js:1203:19)
      at Object.sessionWithPlayers (tests/game-engine.test.js:1213:19)

  console.warn
    [world-validation] Room "room-hub-n" has no items and no hazards (empty room).

    [0m [90m 77 |[39m   [36mif[39m (validation[33m.[39mwarnings[33m.[39mlength [33m>[39m [35m0[39m) {
     [90m 78 |[39m     [36mfor[39m ([36mconst[39m warning [36mof[39m validation[33m.[39mwarnings) {
    [31m[1m>[22m[39m[90m 79 |[39m       console[33m.[39mwarn([32m`[world-validation] ${warning}`[39m)[33m;[39m
     [90m    |[39m               [31m[1m^[22m[39m
     [90m 80 |[39m     }
     [90m 81 |[39m   }
     [90m 82 |[39m[0m

      at warn (api/src/game-engine.js:79:15)
      at loadWorld (tests/game-engine.test.js:1203:19)
      at Object.sessionWithPlayers (tests/game-engine.test.js:1213:19)

  console.warn
    [world-validation] Room "room-hub-e" has no items and no hazards (empty room).

    [0m [90m 77 |[39m   [36mif[39m (validation[33m.[39mwarnings[33m.[39mlength [33m>[39m [35m0[39m) {
     [90m 78 |[39m     [36mfor[39m ([36mconst[39m warning [36mof[39m validation[33m.[39mwarnings) {
    [31m[1m>[22m[39m[90m 79 |[39m       console[33m.[39mwarn([32m`[world-validation] ${warning}`[39m)[33m;[39m
     [90m    |[39m               [31m[1m^[22m[39m
     [90m 80 |[39m     }
     [90m 81 |[39m   }
     [90m 82 |[39m[0m

      at warn (api/src/game-engine.js:79:15)
      at loadWorld (tests/game-engine.test.js:1203:19)
      at Object.sessionWithPlayers (tests/game-engine.test.js:1213:19)

  console.warn
    [world-validation] Room "room-hub-w" has no items and no hazards (empty room).

    [0m [90m 77 |[39m   [36mif[39m (validation[33m.[39mwarnings[33m.[39mlength [33m>[39m [35m0[39m) {
     [90m 78 |[39m     [36mfor[39m ([36mconst[39m warning [36mof[39m validation[33m.[39mwarnings) {
    [31m[1m>[22m[39m[90m 79 |[39m       console[33m.[39mwarn([32m`[world-validation] ${warning}`[39m)[33m;[39m
     [90m    |[39m               [31m[1m^[22m[39m
     [90m 80 |[39m     }
     [90m 81 |[39m   }
     [90m 82 |[39m[0m

      at warn (api/src/game-engine.js:79:15)
      at loadWorld (tests/game-engine.test.js:1203:19)
      at Object.sessionWithPlayers (tests/game-engine.test.js:1213:19)

  console.warn
    [world-validation] Room "room-isolated" has no items and no hazards (empty room).

    [0m [90m 77 |[39m   [36mif[39m (validation[33m.[39mwarnings[33m.[39mlength [33m>[39m [35m0[39m) {
     [90m 78 |[39m     [36mfor[39m ([36mconst[39m warning [36mof[39m validation[33m.[39mwarnings) {
    [31m[1m>[22m[39m[90m 79 |[39m       console[33m.[39mwarn([32m`[world-validation] ${warning}`[39m)[33m;[39m
     [90m    |[39m               [31m[1m^[22m[39m
     [90m 80 |[39m     }
     [90m 81 |[39m   }
     [90m 82 |[39m[0m

      at warn (api/src/game-engine.js:79:15)
      at loadWorld (tests/game-engine.test.js:1203:19)
      at Object.sessionWithPlayers (tests/game-engine.test.js:1213:19)

  console.warn
    [world-validation] Room "room-isolated" is an orphan ΓÇö no exits or puzzles connect to it.

    [0m [90m 77 |[39m   [36mif[39m (validation[33m.[39mwarnings[33m.[39mlength [33m>[39m [35m0[39m) {
     [90m 78 |[39m     [36mfor[39m ([36mconst[39m warning [36mof[39m validation[33m.[39mwarnings) {
    [31m[1m>[22m[39m[90m 79 |[39m       console[33m.[39mwarn([32m`[world-validation] ${warning}`[39m)[33m;[39m
     [90m    |[39m               [31m[1m^[22m[39m
     [90m 80 |[39m     }
     [90m 81 |[39m   }
     [90m 82 |[39m[0m

      at warn (api/src/game-engine.js:79:15)
      at loadWorld (tests/game-engine.test.js:1203:19)
      at Object.sessionWithPlayers (tests/game-engine.test.js:1213:19)

  console.warn
    [world-validation] Room "room-hub" has no items and no hazards (empty room).

    [0m [90m 77 |[39m   [36mif[39m (validation[33m.[39mwarnings[33m.[39mlength [33m>[39m [35m0[39m) {
     [90m 78 |[39m     [36mfor[39m ([36mconst[39m warning [36mof[39m validation[33m.[39mwarnings) {
    [31m[1m>[22m[39m[90m 79 |[39m       console[33m.[39mwarn([32m`[world-validation] ${warning}`[39m)[33m;[39m
     [90m    |[39m               [31m[1m^[22m[39m
     [90m 80 |[39m     }
     [90m 81 |[39m   }
     [90m 82 |[39m[0m

      at warn (api/src/game-engine.js:79:15)
      at loadWorld (tests/game-engine.test.js:1203:19)
      at Object.sessionWithPlayers (tests/game-engine.test.js:1225:19)

  console.warn
    [world-validation] Room "room-hub-n" has no items and no hazards (empty room).

    [0m [90m 77 |[39m   [36mif[39m (validation[33m.[39mwarnings[33m.[39mlength [33m>[39m [35m0[39m) {
     [90m 78 |[39m     [36mfor[39m ([36mconst[39m warning [36mof[39m validation[33m.[39mwarnings) {
    [31m[1m>[22m[39m[90m 79 |[39m       console[33m.[39mwarn([32m`[world-validation] ${warning}`[39m)[33m;[39m
     [90m    |[39m               [31m[1m^[22m[39m
     [90m 80 |[39m     }
     [90m 81 |[39m   }
     [90m 82 |[39m[0m

      at warn (api/src/game-engine.js:79:15)
      at loadWorld (tests/game-engine.test.js:1203:19)
      at Object.sessionWithPlayers (tests/game-engine.test.js:1225:19)

  console.warn
    [world-validation] Room "room-hub-e" has no items and no hazards (empty room).

    [0m [90m 77 |[39m   [36mif[39m (validation[33m.[39mwarnings[33m.[39mlength [33m>[39m [35m0[39m) {
     [90m 78 |[39m     [36mfor[39m ([36mconst[39m warning [36mof[39m validation[33m.[39mwarnings) {
    [31m[1m>[22m[39m[90m 79 |[39m       console[33m.[39mwarn([32m`[world-validation] ${warning}`[39m)[33m;[39m
     [90m    |[39m               [31m[1m^[22m[39m
     [90m 80 |[39m     }
     [90m 81 |[39m   }
     [90m 82 |[39m[0m

      at warn (api/src/game-engine.js:79:15)
      at loadWorld (tests/game-engine.test.js:1203:19)
      at Object.sessionWithPlayers (tests/game-engine.test.js:1225:19)

  console.warn
    [world-validation] Room "room-hub-w" has no items and no hazards (empty room).

    [0m [90m 77 |[39m   [36mif[39m (validation[33m.[39mwarnings[33m.[39mlength [33m>[39m [35m0[39m) {
     [90m 78 |[39m     [36mfor[39m ([36mconst[39m warning [36mof[39m validation[33m.[39mwarnings) {
    [31m[1m>[22m[39m[90m 79 |[39m       console[33m.[39mwarn([32m`[world-validation] ${warning}`[39m)[33m;[39m
     [90m    |[39m               [31m[1m^[22m[39m
     [90m 80 |[39m     }
     [90m 81 |[39m   }
     [90m 82 |[39m[0m

      at warn (api/src/game-engine.js:79:15)
      at loadWorld (tests/game-engine.test.js:1203:19)
      at Object.sessionWithPlayers (tests/game-engine.test.js:1225:19)

  console.warn
    [world-validation] Room "room-isolated" has no items and no hazards (empty room).

    [0m [90m 77 |[39m   [36mif[39m (validation[33m.[39mwarnings[33m.[39mlength [33m>[39m [35m0[39m) {
     [90m 78 |[39m     [36mfor[39m ([36mconst[39m warning [36mof[39m validation[33m.[39mwarnings) {
    [31m[1m>[22m[39m[90m 79 |[39m       console[33m.[39mwarn([32m`[world-validation] ${warning}`[39m)[33m;[39m
     [90m    |[39m               [31m[1m^[22m[39m
     [90m 80 |[39m     }
     [90m 81 |[39m   }
     [90m 82 |[39m[0m

      at warn (api/src/game-engine.js:79:15)
      at loadWorld (tests/game-engine.test.js:1203:19)
      at Object.sessionWithPlayers (tests/game-engine.test.js:1225:19)

  console.warn
    [world-validation] Room "room-isolated" is an orphan ΓÇö no exits or puzzles connect to it.

    [0m [90m 77 |[39m   [36mif[39m (validation[33m.[39mwarnings[33m.[39mlength [33m>[39m [35m0[39m) {
     [90m 78 |[39m     [36mfor[39m ([36mconst[39m warning [36mof[39m validation[33m.[39mwarnings) {
    [31m[1m>[22m[39m[90m 79 |[39m       console[33m.[39mwarn([32m`[world-validation] ${warning}`[39m)[33m;[39m
     [90m    |[39m               [31m[1m^[22m[39m
     [90m 80 |[39m     }
     [90m 81 |[39m   }
     [90m 82 |[39m[0m

      at warn (api/src/game-engine.js:79:15)
      at loadWorld (tests/game-engine.test.js:1203:19)
      at Object.sessionWithPlayers (tests/game-engine.test.js:1225:19)

  console.warn
    [world-validation] Room "room-hub" has no items and no hazards (empty room).

    [0m [90m 77 |[39m   [36mif[39m (validation[33m.[39mwarnings[33m.[39mlength [33m>[39m [35m0[39m) {
     [90m 78 |[39m     [36mfor[39m ([36mconst[39m warning [36mof[39m validation[33m.[39mwarnings) {
    [31m[1m>[22m[39m[90m 79 |[39m       console[33m.[39mwarn([32m`[world-validation] ${warning}`[39m)[33m;[39m
     [90m    |[39m               [31m[1m^[22m[39m
     [90m 80 |[39m     }
     [90m 81 |[39m   }
     [90m 82 |[39m[0m

      at warn (api/src/game-engine.js:79:15)
      at loadWorld (tests/game-engine.test.js:1203:19)
      at Object.sessionWithPlayers (tests/game-engine.test.js:1234:21)

  console.warn
    [world-validation] Room "room-hub-n" has no items and no hazards (empty room).

    [0m [90m 77 |[39m   [36mif[39m (validation[33m.[39mwarnings[33m.[39mlength [33m>[39m [35m0[39m) {
     [90m 78 |[39m     [36mfor[39m ([36mconst[39m warning [36mof[39m validation[33m.[39mwarnings) {
    [31m[1m>[22m[39m[90m 79 |[39m       console[33m.[39mwarn([32m`[world-validation] ${warning}`[39m)[33m;[39m
     [90m    |[39m               [31m[1m^[22m[39m
     [90m 80 |[39m     }
     [90m 81 |[39m   }
     [90m 82 |[39m[0m

      at warn (api/src/game-engine.js:79:15)
      at loadWorld (tests/game-engine.test.js:1203:19)
      at Object.sessionWithPlayers (tests/game-engine.test.js:1234:21)

  console.warn
    [world-validation] Room "room-hub-e" has no items and no hazards (empty room).

    [0m [90m 77 |[39m   [36mif[39m (validation[33m.[39mwarnings[33m.[39mlength [33m>[39m [35m0[39m) {
     [90m 78 |[39m     [36mfor[39m ([36mconst[39m warning [36mof[39m validation[33m.[39mwarnings) {
    [31m[1m>[22m[39m[90m 79 |[39m       console[33m.[39mwarn([32m`[world-validation] ${warning}`[39m)[33m;[39m
     [90m    |[39m               [31m[1m^[22m[39m
     [90m 80 |[39m     }
     [90m 81 |[39m   }
     [90m 82 |[39m[0m

      at warn (api/src/game-engine.js:79:15)
      at loadWorld (tests/game-engine.test.js:1203:19)
      at Object.sessionWithPlayers (tests/game-engine.test.js:1234:21)

  console.warn
    [world-validation] Room "room-hub-w" has no items and no hazards (empty room).

    [0m [90m 77 |[39m   [36mif[39m (validation[33m.[39mwarnings[33m.[39mlength [33m>[39m [35m0[39m) {
     [90m 78 |[39m     [36mfor[39m ([36mconst[39m warning [36mof[39m validation[33m.[39mwarnings) {
    [31m[1m>[22m[39m[90m 79 |[39m       console[33m.[39mwarn([32m`[world-validation] ${warning}`[39m)[33m;[39m
     [90m    |[39m               [31m[1m^[22m[39m
     [90m 80 |[39m     }
     [90m 81 |[39m   }
     [90m 82 |[39m[0m

      at warn (api/src/game-engine.js:79:15)
      at loadWorld (tests/game-engine.test.js:1203:19)
      at Object.sessionWithPlayers (tests/game-engine.test.js:1234:21)

  console.warn
    [world-validation] Room "room-isolated" has no items and no hazards (empty room).

    [0m [90m 77 |[39m   [36mif[39m (validation[33m.[39mwarnings[33m.[39mlength [33m>[39m [35m0[39m) {
     [90m 78 |[39m     [36mfor[39m ([36mconst[39m warning [36mof[39m validation[33m.[39mwarnings) {
    [31m[1m>[22m[39m[90m 79 |[39m       console[33m.[39mwarn([32m`[world-validation] ${warning}`[39m)[33m;[39m
     [90m    |[39m               [31m[1m^[22m[39m
     [90m 80 |[39m     }
     [90m 81 |[39m   }
     [90m 82 |[39m[0m

      at warn (api/src/game-engine.js:79:15)
      at loadWorld (tests/game-engine.test.js:1203:19)
      at Object.sessionWithPlayers (tests/game-engine.test.js:1234:21)

  console.warn
    [world-validation] Room "room-isolated" is an orphan ΓÇö no exits or puzzles connect to it.

    [0m [90m 77 |[39m   [36mif[39m (validation[33m.[39mwarnings[33m.[39mlength [33m>[39m [35m0[39m) {
     [90m 78 |[39m     [36mfor[39m ([36mconst[39m warning [36mof[39m validation[33m.[39mwarnings) {
    [31m[1m>[22m[39m[90m 79 |[39m       console[33m.[39mwarn([32m`[world-validation] ${warning}`[39m)[33m;[39m
     [90m    |[39m               [31m[1m^[22m[39m
     [90m 80 |[39m     }
     [90m 81 |[39m   }
     [90m 82 |[39m[0m

      at warn (api/src/game-engine.js:79:15)
      at loadWorld (tests/game-engine.test.js:1203:19)
      at Object.sessionWithPlayers (tests/game-engine.test.js:1234:21)

  console.warn
    [world-validation] Room "room-hub" has no items and no hazards (empty room).

    [0m [90m 77 |[39m   [36mif[39m (validation[33m.[39mwarnings[33m.[39mlength [33m>[39m [35m0[39m) {
     [90m 78 |[39m     [36mfor[39m ([36mconst[39m warning [36mof[39m validation[33m.[39mwarnings) {
    [31m[1m>[22m[39m[90m 79 |[39m       console[33m.[39mwarn([32m`[world-validation] ${warning}`[39m)[33m;[39m
     [90m    |[39m               [31m[1m^[22m[39m
     [90m 80 |[39m     }
     [90m 81 |[39m   }
     [90m 82 |[39m[0m

      at warn (api/src/game-engine.js:79:15)
      at loadWorld (tests/game-engine.test.js:1203:19)
      at Object.sessionWithPlayers (tests/game-engine.test.js:1241:19)

  console.warn
    [world-validation] Room "room-hub-n" has no items and no hazards (empty room).

    [0m [90m 77 |[39m   [36mif[39m (validation[33m.[39mwarnings[33m.[39mlength [33m>[39m [35m0[39m) {
     [90m 78 |[39m     [36mfor[39m ([36mconst[39m warning [36mof[39m validation[33m.[39mwarnings) {
    [31m[1m>[22m[39m[90m 79 |[39m       console[33m.[39mwarn([32m`[world-validation] ${warning}`[39m)[33m;[39m
     [90m    |[39m               [31m[1m^[22m[39m
     [90m 80 |[39m     }
     [90m 81 |[39m   }
     [90m 82 |[39m[0m

      at warn (api/src/game-engine.js:79:15)
      at loadWorld (tests/game-engine.test.js:1203:19)
      at Object.sessionWithPlayers (tests/game-engine.test.js:1241:19)

  console.warn
    [world-validation] Room "room-hub-e" has no items and no hazards (empty room).

    [0m [90m 77 |[39m   [36mif[39m (validation[33m.[39mwarnings[33m.[39mlength [33m>[39m [35m0[39m) {
     [90m 78 |[39m     [36mfor[39m ([36mconst[39m warning [36mof[39m validation[33m.[39mwarnings) {
    [31m[1m>[22m[39m[90m 79 |[39m       console[33m.[39mwarn([32m`[world-validation] ${warning}`[39m)[33m;[39m
     [90m    |[39m               [31m[1m^[22m[39m
     [90m 80 |[39m     }
     [90m 81 |[39m   }
     [90m 82 |[39m[0m

      at warn (api/src/game-engine.js:79:15)
      at loadWorld (tests/game-engine.test.js:1203:19)
      at Object.sessionWithPlayers (tests/game-engine.test.js:1241:19)

  console.warn
    [world-validation] Room "room-hub-w" has no items and no hazards (empty room).

    [0m [90m 77 |[39m   [36mif[39m (validation[33m.[39mwarnings[33m.[39mlength [33m>[39m [35m0[39m) {
     [90m 78 |[39m     [36mfor[39m ([36mconst[39m warning [36mof[39m validation[33m.[39mwarnings) {
    [31m[1m>[22m[39m[90m 79 |[39m       console[33m.[39mwarn([32m`[world-validation] ${warning}`[39m)[33m;[39m
     [90m    |[39m               [31m[1m^[22m[39m
     [90m 80 |[39m     }
     [90m 81 |[39m   }
     [90m 82 |[39m[0m

      at warn (api/src/game-engine.js:79:15)
      at loadWorld (tests/game-engine.test.js:1203:19)
      at Object.sessionWithPlayers (tests/game-engine.test.js:1241:19)

  console.warn
    [world-validation] Room "room-isolated" has no items and no hazards (empty room).

    [0m [90m 77 |[39m   [36mif[39m (validation[33m.[39mwarnings[33m.[39mlength [33m>[39m [35m0[39m) {
     [90m 78 |[39m     [36mfor[39m ([36mconst[39m warning [36mof[39m validation[33m.[39mwarnings) {
    [31m[1m>[22m[39m[90m 79 |[39m       console[33m.[39mwarn([32m`[world-validation] ${warning}`[39m)[33m;[39m
     [90m    |[39m               [31m[1m^[22m[39m
     [90m 80 |[39m     }
     [90m 81 |[39m   }
     [90m 82 |[39m[0m

      at warn (api/src/game-engine.js:79:15)
      at loadWorld (tests/game-engine.test.js:1203:19)
      at Object.sessionWithPlayers (tests/game-engine.test.js:1241:19)

  console.warn
    [world-validation] Room "room-isolated" is an orphan ΓÇö no exits or puzzles connect to it.

    [0m [90m 77 |[39m   [36mif[39m (validation[33m.[39mwarnings[33m.[39mlength [33m>[39m [35m0[39m) {
     [90m 78 |[39m     [36mfor[39m ([36mconst[39m warning [36mof[39m validation[33m.[39mwarnings) {
    [31m[1m>[22m[39m[90m 79 |[39m       console[33m.[39mwarn([32m`[world-validation] ${warning}`[39m)[33m;[39m
     [90m    |[39m               [31m[1m^[22m[39m
     [90m 80 |[39m     }
     [90m 81 |[39m   }
     [90m 82 |[39m[0m

      at warn (api/src/game-engine.js:79:15)
      at loadWorld (tests/game-engine.test.js:1203:19)
      at Object.sessionWithPlayers (tests/game-engine.test.js:1241:19)

  console.warn
    [world-validation] Room "room-hub" has no items and no hazards (empty room).

    [0m [90m 77 |[39m   [36mif[39m (validation[33m.[39mwarnings[33m.[39mlength [33m>[39m [35m0[39m) {
     [90m 78 |[39m     [36mfor[39m ([36mconst[39m warning [36mof[39m validation[33m.[39mwarnings) {
    [31m[1m>[22m[39m[90m 79 |[39m       console[33m.[39mwarn([32m`[world-validation] ${warning}`[39m)[33m;[39m
     [90m    |[39m               [31m[1m^[22m[39m
     [90m 80 |[39m     }
     [90m 81 |[39m   }
     [90m 82 |[39m[0m

      at warn (api/src/game-engine.js:79:15)
      at loadWorld (tests/game-engine.test.js:1203:19)
      at Object.sessionWithPlayers (tests/game-engine.test.js:1248:19)

  console.warn
    [world-validation] Room "room-hub-n" has no items and no hazards (empty room).

    [0m [90m 77 |[39m   [36mif[39m (validation[33m.[39mwarnings[33m.[39mlength [33m>[39m [35m0[39m) {
     [90m 78 |[39m     [36mfor[39m ([36mconst[39m warning [36mof[39m validation[33m.[39mwarnings) {
    [31m[1m>[22m[39m[90m 79 |[39m       console[33m.[39mwarn([32m`[world-validation] ${warning}`[39m)[33m;[39m
     [90m    |[39m               [31m[1m^[22m[39m
     [90m 80 |[39m     }
     [90m 81 |[39m   }
     [90m 82 |[39m[0m

      at warn (api/src/game-engine.js:79:15)
      at loadWorld (tests/game-engine.test.js:1203:19)
      at Object.sessionWithPlayers (tests/game-engine.test.js:1248:19)

  console.warn
    [world-validation] Room "room-hub-e" has no items and no hazards (empty room).

    [0m [90m 77 |[39m   [36mif[39m (validation[33m.[39mwarnings[33m.[39mlength [33m>[39m [35m0[39m) {
     [90m 78 |[39m     [36mfor[39m ([36mconst[39m warning [36mof[39m validation[33m.[39mwarnings) {
    [31m[1m>[22m[39m[90m 79 |[39m       console[33m.[39mwarn([32m`[world-validation] ${warning}`[39m)[33m;[39m
     [90m    |[39m               [31m[1m^[22m[39m
     [90m 80 |[39m     }
     [90m 81 |[39m   }
     [90m 82 |[39m[0m

      at warn (api/src/game-engine.js:79:15)
      at loadWorld (tests/game-engine.test.js:1203:19)
      at Object.sessionWithPlayers (tests/game-engine.test.js:1248:19)

  console.warn
    [world-validation] Room "room-hub-w" has no items and no hazards (empty room).

    [0m [90m 77 |[39m   [36mif[39m (validation[33m.[39mwarnings[33m.[39mlength [33m>[39m [35m0[39m) {
     [90m 78 |[39m     [36mfor[39m ([36mconst[39m warning [36mof[39m validation[33m.[39mwarnings) {
    [31m[1m>[22m[39m[90m 79 |[39m       console[33m.[39mwarn([32m`[world-validation] ${warning}`[39m)[33m;[39m
     [90m    |[39m               [31m[1m^[22m[39m
     [90m 80 |[39m     }
     [90m 81 |[39m   }
     [90m 82 |[39m[0m

      at warn (api/src/game-engine.js:79:15)
      at loadWorld (tests/game-engine.test.js:1203:19)
      at Object.sessionWithPlayers (tests/game-engine.test.js:1248:19)

  console.warn
    [world-validation] Room "room-isolated" has no items and no hazards (empty room).

    [0m [90m 77 |[39m   [36mif[39m (validation[33m.[39mwarnings[33m.[39mlength [33m>[39m [35m0[39m) {
     [90m 78 |[39m     [36mfor[39m ([36mconst[39m warning [36mof[39m validation[33m.[39mwarnings) {
    [31m[1m>[22m[39m[90m 79 |[39m       console[33m.[39mwarn([32m`[world-validation] ${warning}`[39m)[33m;[39m
     [90m    |[39m               [31m[1m^[22m[39m
     [90m 80 |[39m     }
     [90m 81 |[39m   }
     [90m 82 |[39m[0m

      at warn (api/src/game-engine.js:79:15)
      at loadWorld (tests/game-engine.test.js:1203:19)
      at Object.sessionWithPlayers (tests/game-engine.test.js:1248:19)

  console.warn
    [world-validation] Room "room-isolated" is an orphan ΓÇö no exits or puzzles connect to it.

    [0m [90m 77 |[39m   [36mif[39m (validation[33m.[39mwarnings[33m.[39mlength [33m>[39m [35m0[39m) {
     [90m 78 |[39m     [36mfor[39m ([36mconst[39m warning [36mof[39m validation[33m.[39mwarnings) {
    [31m[1m>[22m[39m[90m 79 |[39m       console[33m.[39mwarn([32m`[world-validation] ${warning}`[39m)[33m;[39m
     [90m    |[39m               [31m[1m^[22m[39m
     [90m 80 |[39m     }
     [90m 81 |[39m   }
     [90m 82 |[39m[0m

      at warn (api/src/game-engine.js:79:15)
      at loadWorld (tests/game-engine.test.js:1203:19)
      at Object.sessionWithPlayers (tests/game-engine.test.js:1248:19)

  console.warn
    [world-validation] Room "room-hub" has no items and no hazards (empty room).

    [0m [90m 77 |[39m   [36mif[39m (validation[33m.[39mwarnings[33m.[39mlength [33m>[39m [35m0[39m) {
     [90m 78 |[39m     [36mfor[39m ([36mconst[39m warning [36mof[39m validation[33m.[39mwarnings) {
    [31m[1m>[22m[39m[90m 79 |[39m       console[33m.[39mwarn([32m`[world-validation] ${warning}`[39m)[33m;[39m
     [90m    |[39m               [31m[1m^[22m[39m
     [90m 80 |[39m     }
     [90m 81 |[39m   }
     [90m 82 |[39m[0m

      at warn (api/src/game-engine.js:79:15)
      at loadWorld (tests/game-engine.test.js:1203:19)
      at Object.sessionWithPlayers (tests/game-engine.test.js:1262:19)

  console.warn
    [world-validation] Room "room-hub-n" has no items and no hazards (empty room).

    [0m [90m 77 |[39m   [36mif[39m (validation[33m.[39mwarnings[33m.[39mlength [33m>[39m [35m0[39m) {
     [90m 78 |[39m     [36mfor[39m ([36mconst[39m warning [36mof[39m validation[33m.[39mwarnings) {
    [31m[1m>[22m[39m[90m 79 |[39m       console[33m.[39mwarn([32m`[world-validation] ${warning}`[39m)[33m;[39m
     [90m    |[39m               [31m[1m^[22m[39m
     [90m 80 |[39m     }
     [90m 81 |[39m   }
     [90m 82 |[39m[0m

      at warn (api/src/game-engine.js:79:15)
      at loadWorld (tests/game-engine.test.js:1203:19)
      at Object.sessionWithPlayers (tests/game-engine.test.js:1262:19)

  console.warn
    [world-validation] Room "room-hub-e" has no items and no hazards (empty room).

    [0m [90m 77 |[39m   [36mif[39m (validation[33m.[39mwarnings[33m.[39mlength [33m>[39m [35m0[39m) {
     [90m 78 |[39m     [36mfor[39m ([36mconst[39m warning [36mof[39m validation[33m.[39mwarnings) {
    [31m[1m>[22m[39m[90m 79 |[39m       console[33m.[39mwarn([32m`[world-validation] ${warning}`[39m)[33m;[39m
     [90m    |[39m               [31m[1m^[22m[39m
     [90m 80 |[39m     }
     [90m 81 |[39m   }
     [90m 82 |[39m[0m

      at warn (api/src/game-engine.js:79:15)
      at loadWorld (tests/game-engine.test.js:1203:19)
      at Object.sessionWithPlayers (tests/game-engine.test.js:1262:19)

  console.warn
    [world-validation] Room "room-hub-w" has no items and no hazards (empty room).

    [0m [90m 77 |[39m   [36mif[39m (validation[33m.[39mwarnings[33m.[39mlength [33m>[39m [35m0[39m) {
     [90m 78 |[39m     [36mfor[39m ([36mconst[39m warning [36mof[39m validation[33m.[39mwarnings) {
    [31m[1m>[22m[39m[90m 79 |[39m       console[33m.[39mwarn([32m`[world-validation] ${warning}`[39m)[33m;[39m
     [90m    |[39m               [31m[1m^[22m[39m
     [90m 80 |[39m     }
     [90m 81 |[39m   }
     [90m 82 |[39m[0m

      at warn (api/src/game-engine.js:79:15)
      at loadWorld (tests/game-engine.test.js:1203:19)
      at Object.sessionWithPlayers (tests/game-engine.test.js:1262:19)

  console.warn
    [world-validation] Room "room-isolated" has no items and no hazards (empty room).

    [0m [90m 77 |[39m   [36mif[39m (validation[33m.[39mwarnings[33m.[39mlength [33m>[39m [35m0[39m) {
     [90m 78 |[39m     [36mfor[39m ([36mconst[39m warning [36mof[39m validation[33m.[39mwarnings) {
    [31m[1m>[22m[39m[90m 79 |[39m       console[33m.[39mwarn([32m`[world-validation] ${warning}`[39m)[33m;[39m
     [90m    |[39m               [31m[1m^[22m[39m
     [90m 80 |[39m     }
     [90m 81 |[39m   }
     [90m 82 |[39m[0m

      at warn (api/src/game-engine.js:79:15)
      at loadWorld (tests/game-engine.test.js:1203:19)
      at Object.sessionWithPlayers (tests/game-engine.test.js:1262:19)

  console.warn
    [world-validation] Room "room-isolated" is an orphan ΓÇö no exits or puzzles connect to it.

    [0m [90m 77 |[39m   [36mif[39m (validation[33m.[39mwarnings[33m.[39mlength [33m>[39m [35m0[39m) {
     [90m 78 |[39m     [36mfor[39m ([36mconst[39m warning [36mof[39m validation[33m.[39mwarnings) {
    [31m[1m>[22m[39m[90m 79 |[39m       console[33m.[39mwarn([32m`[world-validation] ${warning}`[39m)[33m;[39m
     [90m    |[39m               [31m[1m^[22m[39m
     [90m 80 |[39m     }
     [90m 81 |[39m   }
     [90m 82 |[39m[0m

      at warn (api/src/game-engine.js:79:15)
      at loadWorld (tests/game-engine.test.js:1203:19)
      at Object.sessionWithPlayers (tests/game-engine.test.js:1262:19)

  console.warn
    [world-validation] Room "room-hub" has no items and no hazards (empty room).

    [0m [90m 77 |[39m   [36mif[39m (validation[33m.[39mwarnings[33m.[39mlength [33m>[39m [35m0[39m) {
     [90m 78 |[39m     [36mfor[39m ([36mconst[39m warning [36mof[39m validation[33m.[39mwarnings) {
    [31m[1m>[22m[39m[90m 79 |[39m       console[33m.[39mwarn([32m`[world-validation] ${warning}`[39m)[33m;[39m
     [90m    |[39m               [31m[1m^[22m[39m
     [90m 80 |[39m     }
     [90m 81 |[39m   }
     [90m 82 |[39m[0m

      at warn (api/src/game-engine.js:79:15)
      at loadWorld (tests/game-engine.test.js:1285:19)
      at Object.sessionWithPlayersAndIds (tests/game-engine.test.js:1296:19)

  console.warn
    [world-validation] Room "room-hub-n" has no items and no hazards (empty room).

    [0m [90m 77 |[39m   [36mif[39m (validation[33m.[39mwarnings[33m.[39mlength [33m>[39m [35m0[39m) {
     [90m 78 |[39m     [36mfor[39m ([36mconst[39m warning [36mof[39m validation[33m.[39mwarnings) {
    [31m[1m>[22m[39m[90m 79 |[39m       console[33m.[39mwarn([32m`[world-validation] ${warning}`[39m)[33m;[39m
     [90m    |[39m               [31m[1m^[22m[39m
     [90m 80 |[39m     }
     [90m 81 |[39m   }
     [90m 82 |[39m[0m

      at warn (api/src/game-engine.js:79:15)
      at loadWorld (tests/game-engine.test.js:1285:19)
      at Object.sessionWithPlayersAndIds (tests/game-engine.test.js:1296:19)

  console.warn
    [world-validation] Room "room-hub-e" has no items and no hazards (empty room).

    [0m [90m 77 |[39m   [36mif[39m (validation[33m.[39mwarnings[33m.[39mlength [33m>[39m [35m0[39m) {
     [90m 78 |[39m     [36mfor[39m ([36mconst[39m warning [36mof[39m validation[33m.[39mwarnings) {
    [31m[1m>[22m[39m[90m 79 |[39m       console[33m.[39mwarn([32m`[world-validation] ${warning}`[39m)[33m;[39m
     [90m    |[39m               [31m[1m^[22m[39m
     [90m 80 |[39m     }
     [90m 81 |[39m   }
     [90m 82 |[39m[0m

      at warn (api/src/game-engine.js:79:15)
      at loadWorld (tests/game-engine.test.js:1285:19)
      at Object.sessionWithPlayersAndIds (tests/game-engine.test.js:1296:19)

  console.warn
    [world-validation] Room "room-hub-w" has no items and no hazards (empty room).

    [0m [90m 77 |[39m   [36mif[39m (validation[33m.[39mwarnings[33m.[39mlength [33m>[39m [35m0[39m) {
     [90m 78 |[39m     [36mfor[39m ([36mconst[39m warning [36mof[39m validation[33m.[39mwarnings) {
    [31m[1m>[22m[39m[90m 79 |[39m       console[33m.[39mwarn([32m`[world-validation] ${warning}`[39m)[33m;[39m
     [90m    |[39m               [31m[1m^[22m[39m
     [90m 80 |[39m     }
     [90m 81 |[39m   }
     [90m 82 |[39m[0m

      at warn (api/src/game-engine.js:79:15)
      at loadWorld (tests/game-engine.test.js:1285:19)
      at Object.sessionWithPlayersAndIds (tests/game-engine.test.js:1296:19)

  console.warn
    [world-validation] Room "room-isolated" has no items and no hazards (empty room).

    [0m [90m 77 |[39m   [36mif[39m (validation[33m.[39mwarnings[33m.[39mlength [33m>[39m [35m0[39m) {
     [90m 78 |[39m     [36mfor[39m ([36mconst[39m warning [36mof[39m validation[33m.[39mwarnings) {
    [31m[1m>[22m[39m[90m 79 |[39m       console[33m.[39mwarn([32m`[world-validation] ${warning}`[39m)[33m;[39m
     [90m    |[39m               [31m[1m^[22m[39m
     [90m 80 |[39m     }
     [90m 81 |[39m   }
     [90m 82 |[39m[0m

      at warn (api/src/game-engine.js:79:15)
      at loadWorld (tests/game-engine.test.js:1285:19)
      at Object.sessionWithPlayersAndIds (tests/game-engine.test.js:1296:19)

  console.warn
    [world-validation] Room "room-isolated" is an orphan ΓÇö no exits or puzzles connect to it.

    [0m [90m 77 |[39m   [36mif[39m (validation[33m.[39mwarnings[33m.[39mlength [33m>[39m [35m0[39m) {
     [90m 78 |[39m     [36mfor[39m ([36mconst[39m warning [36mof[39m validation[33m.[39mwarnings) {
    [31m[1m>[22m[39m[90m 79 |[39m       console[33m.[39mwarn([32m`[world-validation] ${warning}`[39m)[33m;[39m
     [90m    |[39m               [31m[1m^[22m[39m
     [90m 80 |[39m     }
     [90m 81 |[39m   }
     [90m 82 |[39m[0m

      at warn (api/src/game-engine.js:79:15)
      at loadWorld (tests/game-engine.test.js:1285:19)
      at Object.sessionWithPlayersAndIds (tests/game-engine.test.js:1296:19)

  console.warn
    [world-validation] Room "room-hub" has no items and no hazards (empty room).

    [0m [90m 77 |[39m   [36mif[39m (validation[33m.[39mwarnings[33m.[39mlength [33m>[39m [35m0[39m) {
     [90m 78 |[39m     [36mfor[39m ([36mconst[39m warning [36mof[39m validation[33m.[39mwarnings) {
    [31m[1m>[22m[39m[90m 79 |[39m       console[33m.[39mwarn([32m`[world-validation] ${warning}`[39m)[33m;[39m
     [90m    |[39m               [31m[1m^[22m[39m
     [90m 80 |[39m     }
     [90m 81 |[39m   }
     [90m 82 |[39m[0m

      at warn (api/src/game-engine.js:79:15)
      at loadWorld (tests/game-engine.test.js:1285:19)
      at Object.sessionWithPlayersAndIds (tests/game-engine.test.js:1302:19)

  console.warn
    [world-validation] Room "room-hub-n" has no items and no hazards (empty room).

    [0m [90m 77 |[39m   [36mif[39m (validation[33m.[39mwarnings[33m.[39mlength [33m>[39m [35m0[39m) {
     [90m 78 |[39m     [36mfor[39m ([36mconst[39m warning [36mof[39m validation[33m.[39mwarnings) {
    [31m[1m>[22m[39m[90m 79 |[39m       console[33m.[39mwarn([32m`[world-validation] ${warning}`[39m)[33m;[39m
     [90m    |[39m               [31m[1m^[22m[39m
     [90m 80 |[39m     }
     [90m 81 |[39m   }
     [90m 82 |[39m[0m

      at warn (api/src/game-engine.js:79:15)
      at loadWorld (tests/game-engine.test.js:1285:19)
      at Object.sessionWithPlayersAndIds (tests/game-engine.test.js:1302:19)

  console.warn
    [world-validation] Room "room-hub-e" has no items and no hazards (empty room).

    [0m [90m 77 |[39m   [36mif[39m (validation[33m.[39mwarnings[33m.[39mlength [33m>[39m [35m0[39m) {
     [90m 78 |[39m     [36mfor[39m ([36mconst[39m warning [36mof[39m validation[33m.[39mwarnings) {
    [31m[1m>[22m[39m[90m 79 |[39m       console[33m.[39mwarn([32m`[world-validation] ${warning}`[39m)[33m;[39m
     [90m    |[39m               [31m[1m^[22m[39m
     [90m 80 |[39m     }
     [90m 81 |[39m   }
     [90m 82 |[39m[0m

      at warn (api/src/game-engine.js:79:15)
      at loadWorld (tests/game-engine.test.js:1285:19)
      at Object.sessionWithPlayersAndIds (tests/game-engine.test.js:1302:19)

  console.warn
    [world-validation] Room "room-hub-w" has no items and no hazards (empty room).

    [0m [90m 77 |[39m   [36mif[39m (validation[33m.[39mwarnings[33m.[39mlength [33m>[39m [35m0[39m) {
     [90m 78 |[39m     [36mfor[39m ([36mconst[39m warning [36mof[39m validation[33m.[39mwarnings) {
    [31m[1m>[22m[39m[90m 79 |[39m       console[33m.[39mwarn([32m`[world-validation] ${warning}`[39m)[33m;[39m
     [90m    |[39m               [31m[1m^[22m[39m
     [90m 80 |[39m     }
     [90m 81 |[39m   }
     [90m 82 |[39m[0m

      at warn (api/src/game-engine.js:79:15)
      at loadWorld (tests/game-engine.test.js:1285:19)
      at Object.sessionWithPlayersAndIds (tests/game-engine.test.js:1302:19)

  console.warn
    [world-validation] Room "room-isolated" has no items and no hazards (empty room).

    [0m [90m 77 |[39m   [36mif[39m (validation[33m.[39mwarnings[33m.[39mlength [33m>[39m [35m0[39m) {
     [90m 78 |[39m     [36mfor[39m ([36mconst[39m warning [36mof[39m validation[33m.[39mwarnings) {
    [31m[1m>[22m[39m[90m 79 |[39m       console[33m.[39mwarn([32m`[world-validation] ${warning}`[39m)[33m;[39m
     [90m    |[39m               [31m[1m^[22m[39m
     [90m 80 |[39m     }
     [90m 81 |[39m   }
     [90m 82 |[39m[0m

      at warn (api/src/game-engine.js:79:15)
      at loadWorld (tests/game-engine.test.js:1285:19)
      at Object.sessionWithPlayersAndIds (tests/game-engine.test.js:1302:19)

  console.warn
    [world-validation] Room "room-isolated" is an orphan ΓÇö no exits or puzzles connect to it.

    [0m [90m 77 |[39m   [36mif[39m (validation[33m.[39mwarnings[33m.[39mlength [33m>[39m [35m0[39m) {
     [90m 78 |[39m     [36mfor[39m ([36mconst[39m warning [36mof[39m validation[33m.[39mwarnings) {
    [31m[1m>[22m[39m[90m 79 |[39m       console[33m.[39mwarn([32m`[world-validation] ${warning}`[39m)[33m;[39m
     [90m    |[39m               [31m[1m^[22m[39m
     [90m 80 |[39m     }
     [90m 81 |[39m   }
     [90m 82 |[39m[0m

      at warn (api/src/game-engine.js:79:15)
      at loadWorld (tests/game-engine.test.js:1285:19)
      at Object.sessionWithPlayersAndIds (tests/game-engine.test.js:1302:19)

  console.warn
    [world-validation] Room "room-hub" has no items and no hazards (empty room).

    [0m [90m 77 |[39m   [36mif[39m (validation[33m.[39mwarnings[33m.[39mlength [33m>[39m [35m0[39m) {
     [90m 78 |[39m     [36mfor[39m ([36mconst[39m warning [36mof[39m validation[33m.[39mwarnings) {
    [31m[1m>[22m[39m[90m 79 |[39m       console[33m.[39mwarn([32m`[world-validation] ${warning}`[39m)[33m;[39m
     [90m    |[39m               [31m[1m^[22m[39m
     [90m 80 |[39m     }
     [90m 81 |[39m   }
     [90m 82 |[39m[0m

      at warn (api/src/game-engine.js:79:15)
      at loadWorld (tests/game-engine.test.js:1285:19)
      at Object.sessionWithPlayersAndIds (tests/game-engine.test.js:1308:19)

  console.warn
    [world-validation] Room "room-hub-n" has no items and no hazards (empty room).

    [0m [90m 77 |[39m   [36mif[39m (validation[33m.[39mwarnings[33m.[39mlength [33m>[39m [35m0[39m) {
     [90m 78 |[39m     [36mfor[39m ([36mconst[39m warning [36mof[39m validation[33m.[39mwarnings) {
    [31m[1m>[22m[39m[90m 79 |[39m       console[33m.[39mwarn([32m`[world-validation] ${warning}`[39m)[33m;[39m
     [90m    |[39m               [31m[1m^[22m[39m
     [90m 80 |[39m     }
     [90m 81 |[39m   }
     [90m 82 |[39m[0m

      at warn (api/src/game-engine.js:79:15)
      at loadWorld (tests/game-engine.test.js:1285:19)
      at Object.sessionWithPlayersAndIds (tests/game-engine.test.js:1308:19)

  console.warn
    [world-validation] Room "room-hub-e" has no items and no hazards (empty room).

    [0m [90m 77 |[39m   [36mif[39m (validation[33m.[39mwarnings[33m.[39mlength [33m>[39m [35m0[39m) {
     [90m 78 |[39m     [36mfor[39m ([36mconst[39m warning [36mof[39m validation[33m.[39mwarnings) {
    [31m[1m>[22m[39m[90m 79 |[39m       console[33m.[39mwarn([32m`[world-validation] ${warning}`[39m)[33m;[39m
     [90m    |[39m               [31m[1m^[22m[39m
     [90m 80 |[39m     }
     [90m 81 |[39m   }
     [90m 82 |[39m[0m

      at warn (api/src/game-engine.js:79:15)
      at loadWorld (tests/game-engine.test.js:1285:19)
      at Object.sessionWithPlayersAndIds (tests/game-engine.test.js:1308:19)

  console.warn
    [world-validation] Room "room-hub-w" has no items and no hazards (empty room).

    [0m [90m 77 |[39m   [36mif[39m (validation[33m.[39mwarnings[33m.[39mlength [33m>[39m [35m0[39m) {
     [90m 78 |[39m     [36mfor[39m ([36mconst[39m warning [36mof[39m validation[33m.[39mwarnings) {
    [31m[1m>[22m[39m[90m 79 |[39m       console[33m.[39mwarn([32m`[world-validation] ${warning}`[39m)[33m;[39m
     [90m    |[39m               [31m[1m^[22m[39m
     [90m 80 |[39m     }
     [90m 81 |[39m   }
     [90m 82 |[39m[0m

      at warn (api/src/game-engine.js:79:15)
      at loadWorld (tests/game-engine.test.js:1285:19)
      at Object.sessionWithPlayersAndIds (tests/game-engine.test.js:1308:19)

  console.warn
    [world-validation] Room "room-isolated" has no items and no hazards (empty room).

    [0m [90m 77 |[39m   [36mif[39m (validation[33m.[39mwarnings[33m.[39mlength [33m>[39m [35m0[39m) {
     [90m 78 |[39m     [36mfor[39m ([36mconst[39m warning [36mof[39m validation[33m.[39mwarnings) {
    [31m[1m>[22m[39m[90m 79 |[39m       console[33m.[39mwarn([32m`[world-validation] ${warning}`[39m)[33m;[39m
     [90m    |[39m               [31m[1m^[22m[39m
     [90m 80 |[39m     }
     [90m 81 |[39m   }
     [90m 82 |[39m[0m

      at warn (api/src/game-engine.js:79:15)
      at loadWorld (tests/game-engine.test.js:1285:19)
      at Object.sessionWithPlayersAndIds (tests/game-engine.test.js:1308:19)

  console.warn
    [world-validation] Room "room-isolated" is an orphan ΓÇö no exits or puzzles connect to it.

    [0m [90m 77 |[39m   [36mif[39m (validation[33m.[39mwarnings[33m.[39mlength [33m>[39m [35m0[39m) {
     [90m 78 |[39m     [36mfor[39m ([36mconst[39m warning [36mof[39m validation[33m.[39mwarnings) {
    [31m[1m>[22m[39m[90m 79 |[39m       console[33m.[39mwarn([32m`[world-validation] ${warning}`[39m)[33m;[39m
     [90m    |[39m               [31m[1m^[22m[39m
     [90m 80 |[39m     }
     [90m 81 |[39m   }
     [90m 82 |[39m[0m

      at warn (api/src/game-engine.js:79:15)
      at loadWorld (tests/game-engine.test.js:1285:19)
      at Object.sessionWithPlayersAndIds (tests/game-engine.test.js:1308:19)

  console.warn
    [world-validation] Room "room-hub" has no items and no hazards (empty room).

    [0m [90m 77 |[39m   [36mif[39m (validation[33m.[39mwarnings[33m.[39mlength [33m>[39m [35m0[39m) {
     [90m 78 |[39m     [36mfor[39m ([36mconst[39m warning [36mof[39m validation[33m.[39mwarnings) {
    [31m[1m>[22m[39m[90m 79 |[39m       console[33m.[39mwarn([32m`[world-validation] ${warning}`[39m)[33m;[39m
     [90m    |[39m               [31m[1m^[22m[39m
     [90m 80 |[39m     }
     [90m 81 |[39m   }
     [90m 82 |[39m[0m

      at warn (api/src/game-engine.js:79:15)
      at loadWorld (tests/game-engine.test.js:1285:19)
      at Object.sessionWithPlayersAndIds (tests/game-engine.test.js:1317:19)

  console.warn
    [world-validation] Room "room-hub-n" has no items and no hazards (empty room).

    [0m [90m 77 |[39m   [36mif[39m (validation[33m.[39mwarnings[33m.[39mlength [33m>[39m [35m0[39m) {
     [90m 78 |[39m     [36mfor[39m ([36mconst[39m warning [36mof[39m validation[33m.[39mwarnings) {
    [31m[1m>[22m[39m[90m 79 |[39m       console[33m.[39mwarn([32m`[world-validation] ${warning}`[39m)[33m;[39m
     [90m    |[39m               [31m[1m^[22m[39m
     [90m 80 |[39m     }
     [90m 81 |[39m   }
     [90m 82 |[39m[0m

      at warn (api/src/game-engine.js:79:15)
      at loadWorld (tests/game-engine.test.js:1285:19)
      at Object.sessionWithPlayersAndIds (tests/game-engine.test.js:1317:19)

  console.warn
    [world-validation] Room "room-hub-e" has no items and no hazards (empty room).

    [0m [90m 77 |[39m   [36mif[39m (validation[33m.[39mwarnings[33m.[39mlength [33m>[39m [35m0[39m) {
     [90m 78 |[39m     [36mfor[39m ([36mconst[39m warning [36mof[39m validation[33m.[39mwarnings) {
    [31m[1m>[22m[39m[90m 79 |[39m       console[33m.[39mwarn([32m`[world-validation] ${warning}`[39m)[33m;[39m
     [90m    |[39m               [31m[1m^[22m[39m
     [90m 80 |[39m     }
     [90m 81 |[39m   }
     [90m 82 |[39m[0m

      at warn (api/src/game-engine.js:79:15)
      at loadWorld (tests/game-engine.test.js:1285:19)
      at Object.sessionWithPlayersAndIds (tests/game-engine.test.js:1317:19)

  console.warn
    [world-validation] Room "room-hub-w" has no items and no hazards (empty room).

    [0m [90m 77 |[39m   [36mif[39m (validation[33m.[39mwarnings[33m.[39mlength [33m>[39m [35m0[39m) {
     [90m 78 |[39m     [36mfor[39m ([36mconst[39m warning [36mof[39m validation[33m.[39mwarnings) {
    [31m[1m>[22m[39m[90m 79 |[39m       console[33m.[39mwarn([32m`[world-validation] ${warning}`[39m)[33m;[39m
     [90m    |[39m               [31m[1m^[22m[39m
     [90m 80 |[39m     }
     [90m 81 |[39m   }
     [90m 82 |[39m[0m

      at warn (api/src/game-engine.js:79:15)
      at loadWorld (tests/game-engine.test.js:1285:19)
      at Object.sessionWithPlayersAndIds (tests/game-engine.test.js:1317:19)

  console.warn
    [world-validation] Room "room-isolated" has no items and no hazards (empty room).

    [0m [90m 77 |[39m   [36mif[39m (validation[33m.[39mwarnings[33m.[39mlength [33m>[39m [35m0[39m) {
     [90m 78 |[39m     [36mfor[39m ([36mconst[39m warning [36mof[39m validation[33m.[39mwarnings) {
    [31m[1m>[22m[39m[90m 79 |[39m       console[33m.[39mwarn([32m`[world-validation] ${warning}`[39m)[33m;[39m
     [90m    |[39m               [31m[1m^[22m[39m
     [90m 80 |[39m     }
     [90m 81 |[39m   }
     [90m 82 |[39m[0m

      at warn (api/src/game-engine.js:79:15)
      at loadWorld (tests/game-engine.test.js:1285:19)
      at Object.sessionWithPlayersAndIds (tests/game-engine.test.js:1317:19)

  console.warn
    [world-validation] Room "room-isolated" is an orphan ΓÇö no exits or puzzles connect to it.

    [0m [90m 77 |[39m   [36mif[39m (validation[33m.[39mwarnings[33m.[39mlength [33m>[39m [35m0[39m) {
     [90m 78 |[39m     [36mfor[39m ([36mconst[39m warning [36mof[39m validation[33m.[39mwarnings) {
    [31m[1m>[22m[39m[90m 79 |[39m       console[33m.[39mwarn([32m`[world-validation] ${warning}`[39m)[33m;[39m
     [90m    |[39m               [31m[1m^[22m[39m
     [90m 80 |[39m     }
     [90m 81 |[39m   }
     [90m 82 |[39m[0m

      at warn (api/src/game-engine.js:79:15)
      at loadWorld (tests/game-engine.test.js:1285:19)
      at Object.sessionWithPlayersAndIds (tests/game-engine.test.js:1317:19)

  console.warn
    [world-validation] Room "room-hub" has no items and no hazards (empty room).

    [0m [90m 77 |[39m   [36mif[39m (validation[33m.[39mwarnings[33m.[39mlength [33m>[39m [35m0[39m) {
     [90m 78 |[39m     [36mfor[39m ([36mconst[39m warning [36mof[39m validation[33m.[39mwarnings) {
    [31m[1m>[22m[39m[90m 79 |[39m       console[33m.[39mwarn([32m`[world-validation] ${warning}`[39m)[33m;[39m
     [90m    |[39m               [31m[1m^[22m[39m
     [90m 80 |[39m     }
     [90m 81 |[39m   }
     [90m 82 |[39m[0m

      at warn (api/src/game-engine.js:79:15)
      at loadWorld (tests/game-engine.test.js:1285:19)
      at Object.sessionWithPlayersAndIds (tests/game-engine.test.js:1323:19)

  console.warn
    [world-validation] Room "room-hub-n" has no items and no hazards (empty room).

    [0m [90m 77 |[39m   [36mif[39m (validation[33m.[39mwarnings[33m.[39mlength [33m>[39m [35m0[39m) {
     [90m 78 |[39m     [36mfor[39m ([36mconst[39m warning [36mof[39m validation[33m.[39mwarnings) {
    [31m[1m>[22m[39m[90m 79 |[39m       console[33m.[39mwarn([32m`[world-validation] ${warning}`[39m)[33m;[39m
     [90m    |[39m               [31m[1m^[22m[39m
     [90m 80 |[39m     }
     [90m 81 |[39m   }
     [90m 82 |[39m[0m

      at warn (api/src/game-engine.js:79:15)
      at loadWorld (tests/game-engine.test.js:1285:19)
      at Object.sessionWithPlayersAndIds (tests/game-engine.test.js:1323:19)

  console.warn
    [world-validation] Room "room-hub-e" has no items and no hazards (empty room).

    [0m [90m 77 |[39m   [36mif[39m (validation[33m.[39mwarnings[33m.[39mlength [33m>[39m [35m0[39m) {
     [90m 78 |[39m     [36mfor[39m ([36mconst[39m warning [36mof[39m validation[33m.[39mwarnings) {
    [31m[1m>[22m[39m[90m 79 |[39m       console[33m.[39mwarn([32m`[world-validation] ${warning}`[39m)[33m;[39m
     [90m    |[39m               [31m[1m^[22m[39m
     [90m 80 |[39m     }
     [90m 81 |[39m   }
     [90m 82 |[39m[0m

      at warn (api/src/game-engine.js:79:15)
      at loadWorld (tests/game-engine.test.js:1285:19)
      at Object.sessionWithPlayersAndIds (tests/game-engine.test.js:1323:19)

  console.warn
    [world-validation] Room "room-hub-w" has no items and no hazards (empty room).

    [0m [90m 77 |[39m   [36mif[39m (validation[33m.[39mwarnings[33m.[39mlength [33m>[39m [35m0[39m) {
     [90m 78 |[39m     [36mfor[39m ([36mconst[39m warning [36mof[39m validation[33m.[39mwarnings) {
    [31m[1m>[22m[39m[90m 79 |[39m       console[33m.[39mwarn([32m`[world-validation] ${warning}`[39m)[33m;[39m
     [90m    |[39m               [31m[1m^[22m[39m
     [90m 80 |[39m     }
     [90m 81 |[39m   }
     [90m 82 |[39m[0m

      at warn (api/src/game-engine.js:79:15)
      at loadWorld (tests/game-engine.test.js:1285:19)
      at Object.sessionWithPlayersAndIds (tests/game-engine.test.js:1323:19)

  console.warn
    [world-validation] Room "room-isolated" has no items and no hazards (empty room).

    [0m [90m 77 |[39m   [36mif[39m (validation[33m.[39mwarnings[33m.[39mlength [33m>[39m [35m0[39m) {
     [90m 78 |[39m     [36mfor[39m ([36mconst[39m warning [36mof[39m validation[33m.[39mwarnings) {
    [31m[1m>[22m[39m[90m 79 |[39m       console[33m.[39mwarn([32m`[world-validation] ${warning}`[39m)[33m;[39m
     [90m    |[39m               [31m[1m^[22m[39m
     [90m 80 |[39m     }
     [90m 81 |[39m   }
     [90m 82 |[39m[0m

      at warn (api/src/game-engine.js:79:15)
      at loadWorld (tests/game-engine.test.js:1285:19)
      at Object.sessionWithPlayersAndIds (tests/game-engine.test.js:1323:19)

  console.warn
    [world-validation] Room "room-isolated" is an orphan ΓÇö no exits or puzzles connect to it.

    [0m [90m 77 |[39m   [36mif[39m (validation[33m.[39mwarnings[33m.[39mlength [33m>[39m [35m0[39m) {
     [90m 78 |[39m     [36mfor[39m ([36mconst[39m warning [36mof[39m validation[33m.[39mwarnings) {
    [31m[1m>[22m[39m[90m 79 |[39m       console[33m.[39mwarn([32m`[world-validation] ${warning}`[39m)[33m;[39m
     [90m    |[39m               [31m[1m^[22m[39m
     [90m 80 |[39m     }
     [90m 81 |[39m   }
     [90m 82 |[39m[0m

      at warn (api/src/game-engine.js:79:15)
      at loadWorld (tests/game-engine.test.js:1285:19)
      at Object.sessionWithPlayersAndIds (tests/game-engine.test.js:1323:19)

  console.warn
    [world-validation] Room "room-hub" has no items and no hazards (empty room).

    [0m [90m 77 |[39m   [36mif[39m (validation[33m.[39mwarnings[33m.[39mlength [33m>[39m [35m0[39m) {
     [90m 78 |[39m     [36mfor[39m ([36mconst[39m warning [36mof[39m validation[33m.[39mwarnings) {
    [31m[1m>[22m[39m[90m 79 |[39m       console[33m.[39mwarn([32m`[world-validation] ${warning}`[39m)[33m;[39m
     [90m    |[39m               [31m[1m^[22m[39m
     [90m 80 |[39m     }
     [90m 81 |[39m   }
     [90m 82 |[39m[0m

      at warn (api/src/game-engine.js:79:15)
      at loadWorld (tests/game-engine.test.js:1285:19)
      at Object.sessionWithPlayersAndIds (tests/game-engine.test.js:1330:21)

  console.warn
    [world-validation] Room "room-hub-n" has no items and no hazards (empty room).

    [0m [90m 77 |[39m   [36mif[39m (validation[33m.[39mwarnings[33m.[39mlength [33m>[39m [35m0[39m) {
     [90m 78 |[39m     [36mfor[39m ([36mconst[39m warning [36mof[39m validation[33m.[39mwarnings) {
    [31m[1m>[22m[39m[90m 79 |[39m       console[33m.[39mwarn([32m`[world-validation] ${warning}`[39m)[33m;[39m
     [90m    |[39m               [31m[1m^[22m[39m
     [90m 80 |[39m     }
     [90m 81 |[39m   }
     [90m 82 |[39m[0m

      at warn (api/src/game-engine.js:79:15)
      at loadWorld (tests/game-engine.test.js:1285:19)
      at Object.sessionWithPlayersAndIds (tests/game-engine.test.js:1330:21)

  console.warn
    [world-validation] Room "room-hub-e" has no items and no hazards (empty room).

    [0m [90m 77 |[39m   [36mif[39m (validation[33m.[39mwarnings[33m.[39mlength [33m>[39m [35m0[39m) {
     [90m 78 |[39m     [36mfor[39m ([36mconst[39m warning [36mof[39m validation[33m.[39mwarnings) {
    [31m[1m>[22m[39m[90m 79 |[39m       console[33m.[39mwarn([32m`[world-validation] ${warning}`[39m)[33m;[39m
     [90m    |[39m               [31m[1m^[22m[39m
     [90m 80 |[39m     }
     [90m 81 |[39m   }
     [90m 82 |[39m[0m

      at warn (api/src/game-engine.js:79:15)
      at loadWorld (tests/game-engine.test.js:1285:19)
      at Object.sessionWithPlayersAndIds (tests/game-engine.test.js:1330:21)

  console.warn
    [world-validation] Room "room-hub-w" has no items and no hazards (empty room).

    [0m [90m 77 |[39m   [36mif[39m (validation[33m.[39mwarnings[33m.[39mlength [33m>[39m [35m0[39m) {
     [90m 78 |[39m     [36mfor[39m ([36mconst[39m warning [36mof[39m validation[33m.[39mwarnings) {
    [31m[1m>[22m[39m[90m 79 |[39m       console[33m.[39mwarn([32m`[world-validation] ${warning}`[39m)[33m;[39m
     [90m    |[39m               [31m[1m^[22m[39m
     [90m 80 |[39m     }
     [90m 81 |[39m   }
     [90m 82 |[39m[0m

      at warn (api/src/game-engine.js:79:15)
      at loadWorld (tests/game-engine.test.js:1285:19)
      at Object.sessionWithPlayersAndIds (tests/game-engine.test.js:1330:21)

  console.warn
    [world-validation] Room "room-isolated" has no items and no hazards (empty room).

    [0m [90m 77 |[39m   [36mif[39m (validation[33m.[39mwarnings[33m.[39mlength [33m>[39m [35m0[39m) {
     [90m 78 |[39m     [36mfor[39m ([36mconst[39m warning [36mof[39m validation[33m.[39mwarnings) {
    [31m[1m>[22m[39m[90m 79 |[39m       console[33m.[39mwarn([32m`[world-validation] ${warning}`[39m)[33m;[39m
     [90m    |[39m               [31m[1m^[22m[39m
     [90m 80 |[39m     }
     [90m 81 |[39m   }
     [90m 82 |[39m[0m

      at warn (api/src/game-engine.js:79:15)
      at loadWorld (tests/game-engine.test.js:1285:19)
      at Object.sessionWithPlayersAndIds (tests/game-engine.test.js:1330:21)

  console.warn
    [world-validation] Room "room-isolated" is an orphan ΓÇö no exits or puzzles connect to it.

    [0m [90m 77 |[39m   [36mif[39m (validation[33m.[39mwarnings[33m.[39mlength [33m>[39m [35m0[39m) {
     [90m 78 |[39m     [36mfor[39m ([36mconst[39m warning [36mof[39m validation[33m.[39mwarnings) {
    [31m[1m>[22m[39m[90m 79 |[39m       console[33m.[39mwarn([32m`[world-validation] ${warning}`[39m)[33m;[39m
     [90m    |[39m               [31m[1m^[22m[39m
     [90m 80 |[39m     }
     [90m 81 |[39m   }
     [90m 82 |[39m[0m

      at warn (api/src/game-engine.js:79:15)
      at loadWorld (tests/game-engine.test.js:1285:19)
      at Object.sessionWithPlayersAndIds (tests/game-engine.test.js:1330:21)

  console.warn
    [world-validation] Room "room-hub" has no items and no hazards (empty room).

    [0m [90m 77 |[39m   [36mif[39m (validation[33m.[39mwarnings[33m.[39mlength [33m>[39m [35m0[39m) {
     [90m 78 |[39m     [36mfor[39m ([36mconst[39m warning [36mof[39m validation[33m.[39mwarnings) {
    [31m[1m>[22m[39m[90m 79 |[39m       console[33m.[39mwarn([32m`[world-validation] ${warning}`[39m)[33m;[39m
     [90m    |[39m               [31m[1m^[22m[39m
     [90m 80 |[39m     }
     [90m 81 |[39m   }
     [90m 82 |[39m[0m

      at warn (api/src/game-engine.js:79:15)
      at loadWorld (tests/game-engine.test.js:1285:19)
      at Object.sessionWithPlayersAndIds (tests/game-engine.test.js:1335:19)

  console.warn
    [world-validation] Room "room-hub-n" has no items and no hazards (empty room).

    [0m [90m 77 |[39m   [36mif[39m (validation[33m.[39mwarnings[33m.[39mlength [33m>[39m [35m0[39m) {
     [90m 78 |[39m     [36mfor[39m ([36mconst[39m warning [36mof[39m validation[33m.[39mwarnings) {
    [31m[1m>[22m[39m[90m 79 |[39m       console[33m.[39mwarn([32m`[world-validation] ${warning}`[39m)[33m;[39m
     [90m    |[39m               [31m[1m^[22m[39m
     [90m 80 |[39m     }
     [90m 81 |[39m   }
     [90m 82 |[39m[0m

      at warn (api/src/game-engine.js:79:15)
      at loadWorld (tests/game-engine.test.js:1285:19)
      at Object.sessionWithPlayersAndIds (tests/game-engine.test.js:1335:19)

  console.warn
    [world-validation] Room "room-hub-e" has no items and no hazards (empty room).

    [0m [90m 77 |[39m   [36mif[39m (validation[33m.[39mwarnings[33m.[39mlength [33m>[39m [35m0[39m) {
     [90m 78 |[39m     [36mfor[39m ([36mconst[39m warning [36mof[39m validation[33m.[39mwarnings) {
    [31m[1m>[22m[39m[90m 79 |[39m       console[33m.[39mwarn([32m`[world-validation] ${warning}`[39m)[33m;[39m
     [90m    |[39m               [31m[1m^[22m[39m
     [90m 80 |[39m     }
     [90m 81 |[39m   }
     [90m 82 |[39m[0m

      at warn (api/src/game-engine.js:79:15)
      at loadWorld (tests/game-engine.test.js:1285:19)
      at Object.sessionWithPlayersAndIds (tests/game-engine.test.js:1335:19)

  console.warn
    [world-validation] Room "room-hub-w" has no items and no hazards (empty room).

    [0m [90m 77 |[39m   [36mif[39m (validation[33m.[39mwarnings[33m.[39mlength [33m>[39m [35m0[39m) {
     [90m 78 |[39m     [36mfor[39m ([36mconst[39m warning [36mof[39m validation[33m.[39mwarnings) {
    [31m[1m>[22m[39m[90m 79 |[39m       console[33m.[39mwarn([32m`[world-validation] ${warning}`[39m)[33m;[39m
     [90m    |[39m               [31m[1m^[22m[39m
     [90m 80 |[39m     }
     [90m 81 |[39m   }
     [90m 82 |[39m[0m

      at warn (api/src/game-engine.js:79:15)
      at loadWorld (tests/game-engine.test.js:1285:19)
      at Object.sessionWithPlayersAndIds (tests/game-engine.test.js:1335:19)

  console.warn
    [world-validation] Room "room-isolated" has no items and no hazards (empty room).

    [0m [90m 77 |[39m   [36mif[39m (validation[33m.[39mwarnings[33m.[39mlength [33m>[39m [35m0[39m) {
     [90m 78 |[39m     [36mfor[39m ([36mconst[39m warning [36mof[39m validation[33m.[39mwarnings) {
    [31m[1m>[22m[39m[90m 79 |[39m       console[33m.[39mwarn([32m`[world-validation] ${warning}`[39m)[33m;[39m
     [90m    |[39m               [31m[1m^[22m[39m
     [90m 80 |[39m     }
     [90m 81 |[39m   }
     [90m 82 |[39m[0m

      at warn (api/src/game-engine.js:79:15)
      at loadWorld (tests/game-engine.test.js:1285:19)
      at Object.sessionWithPlayersAndIds (tests/game-engine.test.js:1335:19)

  console.warn
    [world-validation] Room "room-isolated" is an orphan ΓÇö no exits or puzzles connect to it.

    [0m [90m 77 |[39m   [36mif[39m (validation[33m.[39mwarnings[33m.[39mlength [33m>[39m [35m0[39m) {
     [90m 78 |[39m     [36mfor[39m ([36mconst[39m warning [36mof[39m validation[33m.[39mwarnings) {
    [31m[1m>[22m[39m[90m 79 |[39m       console[33m.[39mwarn([32m`[world-validation] ${warning}`[39m)[33m;[39m
     [90m    |[39m               [31m[1m^[22m[39m
     [90m 80 |[39m     }
     [90m 81 |[39m   }
     [90m 82 |[39m[0m

      at warn (api/src/game-engine.js:79:15)
      at loadWorld (tests/game-engine.test.js:1285:19)
      at Object.sessionWithPlayersAndIds (tests/game-engine.test.js:1335:19)

  console.warn
    [world-validation] Room "room-hub" has no items and no hazards (empty room).

    [0m [90m 77 |[39m   [36mif[39m (validation[33m.[39mwarnings[33m.[39mlength [33m>[39m [35m0[39m) {
     [90m 78 |[39m     [36mfor[39m ([36mconst[39m warning [36mof[39m validation[33m.[39mwarnings) {
    [31m[1m>[22m[39m[90m 79 |[39m       console[33m.[39mwarn([32m`[world-validation] ${warning}`[39m)[33m;[39m
     [90m    |[39m               [31m[1m^[22m[39m
     [90m 80 |[39m     }
     [90m 81 |[39m   }
     [90m 82 |[39m[0m

      at warn (api/src/game-engine.js:79:15)
      at loadWorld (tests/game-engine.test.js:1285:19)
      at Object.sessionWithPlayersAndIds (tests/game-engine.test.js:1353:19)

  console.warn
    [world-validation] Room "room-hub-n" has no items and no hazards (empty room).

    [0m [90m 77 |[39m   [36mif[39m (validation[33m.[39mwarnings[33m.[39mlength [33m>[39m [35m0[39m) {
     [90m 78 |[39m     [36mfor[39m ([36mconst[39m warning [36mof[39m validation[33m.[39mwarnings) {
    [31m[1m>[22m[39m[90m 79 |[39m       console[33m.[39mwarn([32m`[world-validation] ${warning}`[39m)[33m;[39m
     [90m    |[39m               [31m[1m^[22m[39m
     [90m 80 |[39m     }
     [90m 81 |[39m   }
     [90m 82 |[39m[0m

      at warn (api/src/game-engine.js:79:15)
      at loadWorld (tests/game-engine.test.js:1285:19)
      at Object.sessionWithPlayersAndIds (tests/game-engine.test.js:1353:19)

  console.warn
    [world-validation] Room "room-hub-e" has no items and no hazards (empty room).

    [0m [90m 77 |[39m   [36mif[39m (validation[33m.[39mwarnings[33m.[39mlength [33m>[39m [35m0[39m) {
     [90m 78 |[39m     [36mfor[39m ([36mconst[39m warning [36mof[39m validation[33m.[39mwarnings) {
    [31m[1m>[22m[39m[90m 79 |[39m       console[33m.[39mwarn([32m`[world-validation] ${warning}`[39m)[33m;[39m
     [90m    |[39m               [31m[1m^[22m[39m
     [90m 80 |[39m     }
     [90m 81 |[39m   }
     [90m 82 |[39m[0m

      at warn (api/src/game-engine.js:79:15)
      at loadWorld (tests/game-engine.test.js:1285:19)
      at Object.sessionWithPlayersAndIds (tests/game-engine.test.js:1353:19)

  console.warn
    [world-validation] Room "room-hub-w" has no items and no hazards (empty room).

    [0m [90m 77 |[39m   [36mif[39m (validation[33m.[39mwarnings[33m.[39mlength [33m>[39m [35m0[39m) {
     [90m 78 |[39m     [36mfor[39m ([36mconst[39m warning [36mof[39m validation[33m.[39mwarnings) {
    [31m[1m>[22m[39m[90m 79 |[39m       console[33m.[39mwarn([32m`[world-validation] ${warning}`[39m)[33m;[39m
     [90m    |[39m               [31m[1m^[22m[39m
     [90m 80 |[39m     }
     [90m 81 |[39m   }
     [90m 82 |[39m[0m

      at warn (api/src/game-engine.js:79:15)
      at loadWorld (tests/game-engine.test.js:1285:19)
      at Object.sessionWithPlayersAndIds (tests/game-engine.test.js:1353:19)

  console.warn
    [world-validation] Room "room-isolated" has no items and no hazards (empty room).

    [0m [90m 77 |[39m   [36mif[39m (validation[33m.[39mwarnings[33m.[39mlength [33m>[39m [35m0[39m) {
     [90m 78 |[39m     [36mfor[39m ([36mconst[39m warning [36mof[39m validation[33m.[39mwarnings) {
    [31m[1m>[22m[39m[90m 79 |[39m       console[33m.[39mwarn([32m`[world-validation] ${warning}`[39m)[33m;[39m
     [90m    |[39m               [31m[1m^[22m[39m
     [90m 80 |[39m     }
     [90m 81 |[39m   }
     [90m 82 |[39m[0m

      at warn (api/src/game-engine.js:79:15)
      at loadWorld (tests/game-engine.test.js:1285:19)
      at Object.sessionWithPlayersAndIds (tests/game-engine.test.js:1353:19)

  console.warn
    [world-validation] Room "room-isolated" is an orphan ΓÇö no exits or puzzles connect to it.

    [0m [90m 77 |[39m   [36mif[39m (validation[33m.[39mwarnings[33m.[39mlength [33m>[39m [35m0[39m) {
     [90m 78 |[39m     [36mfor[39m ([36mconst[39m warning [36mof[39m validation[33m.[39mwarnings) {
    [31m[1m>[22m[39m[90m 79 |[39m       console[33m.[39mwarn([32m`[world-validation] ${warning}`[39m)[33m;[39m
     [90m    |[39m               [31m[1m^[22m[39m
     [90m 80 |[39m     }
     [90m 81 |[39m   }
     [90m 82 |[39m[0m

      at warn (api/src/game-engine.js:79:15)
      at loadWorld (tests/game-engine.test.js:1285:19)
      at Object.sessionWithPlayersAndIds (tests/game-engine.test.js:1353:19)

  console.warn
    [world-validation] Room "room-hub" has no items and no hazards (empty room).

    [0m [90m 77 |[39m   [36mif[39m (validation[33m.[39mwarnings[33m.[39mlength [33m>[39m [35m0[39m) {
     [90m 78 |[39m     [36mfor[39m ([36mconst[39m warning [36mof[39m validation[33m.[39mwarnings) {
    [31m[1m>[22m[39m[90m 79 |[39m       console[33m.[39mwarn([32m`[world-validation] ${warning}`[39m)[33m;[39m
     [90m    |[39m               [31m[1m^[22m[39m
     [90m 80 |[39m     }
     [90m 81 |[39m   }
     [90m 82 |[39m[0m

      at warn (api/src/game-engine.js:79:15)
      at loadWorld (tests/game-engine.test.js:1285:19)
      at Object.sessionWithPlayersAndIds (tests/game-engine.test.js:1372:19)

  console.warn
    [world-validation] Room "room-hub-n" has no items and no hazards (empty room).

    [0m [90m 77 |[39m   [36mif[39m (validation[33m.[39mwarnings[33m.[39mlength [33m>[39m [35m0[39m) {
     [90m 78 |[39m     [36mfor[39m ([36mconst[39m warning [36mof[39m validation[33m.[39mwarnings) {
    [31m[1m>[22m[39m[90m 79 |[39m       console[33m.[39mwarn([32m`[world-validation] ${warning}`[39m)[33m;[39m
     [90m    |[39m               [31m[1m^[22m[39m
     [90m 80 |[39m     }
     [90m 81 |[39m   }
     [90m 82 |[39m[0m

      at warn (api/src/game-engine.js:79:15)
      at loadWorld (tests/game-engine.test.js:1285:19)
      at Object.sessionWithPlayersAndIds (tests/game-engine.test.js:1372:19)

  console.warn
    [world-validation] Room "room-hub-e" has no items and no hazards (empty room).

    [0m [90m 77 |[39m   [36mif[39m (validation[33m.[39mwarnings[33m.[39mlength [33m>[39m [35m0[39m) {
     [90m 78 |[39m     [36mfor[39m ([36mconst[39m warning [36mof[39m validation[33m.[39mwarnings) {
    [31m[1m>[22m[39m[90m 79 |[39m       console[33m.[39mwarn([32m`[world-validation] ${warning}`[39m)[33m;[39m
     [90m    |[39m               [31m[1m^[22m[39m
     [90m 80 |[39m     }
     [90m 81 |[39m   }
     [90m 82 |[39m[0m

      at warn (api/src/game-engine.js:79:15)
      at loadWorld (tests/game-engine.test.js:1285:19)
      at Object.sessionWithPlayersAndIds (tests/game-engine.test.js:1372:19)

  console.warn
    [world-validation] Room "room-hub-w" has no items and no hazards (empty room).

    [0m [90m 77 |[39m   [36mif[39m (validation[33m.[39mwarnings[33m.[39mlength [33m>[39m [35m0[39m) {
     [90m 78 |[39m     [36mfor[39m ([36mconst[39m warning [36mof[39m validation[33m.[39mwarnings) {
    [31m[1m>[22m[39m[90m 79 |[39m       console[33m.[39mwarn([32m`[world-validation] ${warning}`[39m)[33m;[39m
     [90m    |[39m               [31m[1m^[22m[39m
     [90m 80 |[39m     }
     [90m 81 |[39m   }
     [90m 82 |[39m[0m

      at warn (api/src/game-engine.js:79:15)
      at loadWorld (tests/game-engine.test.js:1285:19)
      at Object.sessionWithPlayersAndIds (tests/game-engine.test.js:1372:19)

  console.warn
    [world-validation] Room "room-isolated" has no items and no hazards (empty room).

    [0m [90m 77 |[39m   [36mif[39m (validation[33m.[39mwarnings[33m.[39mlength [33m>[39m [35m0[39m) {
     [90m 78 |[39m     [36mfor[39m ([36mconst[39m warning [36mof[39m validation[33m.[39mwarnings) {
    [31m[1m>[22m[39m[90m 79 |[39m       console[33m.[39mwarn([32m`[world-validation] ${warning}`[39m)[33m;[39m
     [90m    |[39m               [31m[1m^[22m[39m
     [90m 80 |[39m     }
     [90m 81 |[39m   }
     [90m 82 |[39m[0m

      at warn (api/src/game-engine.js:79:15)
      at loadWorld (tests/game-engine.test.js:1285:19)
      at Object.sessionWithPlayersAndIds (tests/game-engine.test.js:1372:19)

  console.warn
    [world-validation] Room "room-isolated" is an orphan ΓÇö no exits or puzzles connect to it.

    [0m [90m 77 |[39m   [36mif[39m (validation[33m.[39mwarnings[33m.[39mlength [33m>[39m [35m0[39m) {
     [90m 78 |[39m     [36mfor[39m ([36mconst[39m warning [36mof[39m validation[33m.[39mwarnings) {
    [31m[1m>[22m[39m[90m 79 |[39m       console[33m.[39mwarn([32m`[world-validation] ${warning}`[39m)[33m;[39m
     [90m    |[39m               [31m[1m^[22m[39m
     [90m 80 |[39m     }
     [90m 81 |[39m   }
     [90m 82 |[39m[0m

      at warn (api/src/game-engine.js:79:15)
      at loadWorld (tests/game-engine.test.js:1285:19)
      at Object.sessionWithPlayersAndIds (tests/game-engine.test.js:1372:19)

  console.warn
    [world-validation] Room "room-hub" has no items and no hazards (empty room).

    [0m [90m 77 |[39m   [36mif[39m (validation[33m.[39mwarnings[33m.[39mlength [33m>[39m [35m0[39m) {
     [90m 78 |[39m     [36mfor[39m ([36mconst[39m warning [36mof[39m validation[33m.[39mwarnings) {
    [31m[1m>[22m[39m[90m 79 |[39m       console[33m.[39mwarn([32m`[world-validation] ${warning}`[39m)[33m;[39m
     [90m    |[39m               [31m[1m^[22m[39m
     [90m 80 |[39m     }
     [90m 81 |[39m   }
     [90m 82 |[39m[0m

      at warn (api/src/game-engine.js:79:15)
      at loadWorld (tests/game-engine.test.js:1285:19)
      at Object.sessionWithPlayersAndIds (tests/game-engine.test.js:1379:19)

  console.warn
    [world-validation] Room "room-hub-n" has no items and no hazards (empty room).

    [0m [90m 77 |[39m   [36mif[39m (validation[33m.[39mwarnings[33m.[39mlength [33m>[39m [35m0[39m) {
     [90m 78 |[39m     [36mfor[39m ([36mconst[39m warning [36mof[39m validation[33m.[39mwarnings) {
    [31m[1m>[22m[39m[90m 79 |[39m       console[33m.[39mwarn([32m`[world-validation] ${warning}`[39m)[33m;[39m
     [90m    |[39m               [31m[1m^[22m[39m
     [90m 80 |[39m     }
     [90m 81 |[39m   }
     [90m 82 |[39m[0m

      at warn (api/src/game-engine.js:79:15)
      at loadWorld (tests/game-engine.test.js:1285:19)
      at Object.sessionWithPlayersAndIds (tests/game-engine.test.js:1379:19)

  console.warn
    [world-validation] Room "room-hub-e" has no items and no hazards (empty room).

    [0m [90m 77 |[39m   [36mif[39m (validation[33m.[39mwarnings[33m.[39mlength [33m>[39m [35m0[39m) {
     [90m 78 |[39m     [36mfor[39m ([36mconst[39m warning [36mof[39m validation[33m.[39mwarnings) {
    [31m[1m>[22m[39m[90m 79 |[39m       console[33m.[39mwarn([32m`[world-validation] ${warning}`[39m)[33m;[39m
     [90m    |[39m               [31m[1m^[22m[39m
     [90m 80 |[39m     }
     [90m 81 |[39m   }
     [90m 82 |[39m[0m

      at warn (api/src/game-engine.js:79:15)
      at loadWorld (tests/game-engine.test.js:1285:19)
      at Object.sessionWithPlayersAndIds (tests/game-engine.test.js:1379:19)

  console.warn
    [world-validation] Room "room-hub-w" has no items and no hazards (empty room).

    [0m [90m 77 |[39m   [36mif[39m (validation[33m.[39mwarnings[33m.[39mlength [33m>[39m [35m0[39m) {
     [90m 78 |[39m     [36mfor[39m ([36mconst[39m warning [36mof[39m validation[33m.[39mwarnings) {
    [31m[1m>[22m[39m[90m 79 |[39m       console[33m.[39mwarn([32m`[world-validation] ${warning}`[39m)[33m;[39m
     [90m    |[39m               [31m[1m^[22m[39m
     [90m 80 |[39m     }
     [90m 81 |[39m   }
     [90m 82 |[39m[0m

      at warn (api/src/game-engine.js:79:15)
      at loadWorld (tests/game-engine.test.js:1285:19)
      at Object.sessionWithPlayersAndIds (tests/game-engine.test.js:1379:19)

  console.warn
    [world-validation] Room "room-isolated" has no items and no hazards (empty room).

    [0m [90m 77 |[39m   [36mif[39m (validation[33m.[39mwarnings[33m.[39mlength [33m>[39m [35m0[39m) {
     [90m 78 |[39m     [36mfor[39m ([36mconst[39m warning [36mof[39m validation[33m.[39mwarnings) {
    [31m[1m>[22m[39m[90m 79 |[39m       console[33m.[39mwarn([32m`[world-validation] ${warning}`[39m)[33m;[39m
     [90m    |[39m               [31m[1m^[22m[39m
     [90m 80 |[39m     }
     [90m 81 |[39m   }
     [90m 82 |[39m[0m

      at warn (api/src/game-engine.js:79:15)
      at loadWorld (tests/game-engine.test.js:1285:19)
      at Object.sessionWithPlayersAndIds (tests/game-engine.test.js:1379:19)

  console.warn
    [world-validation] Room "room-isolated" is an orphan ΓÇö no exits or puzzles connect to it.

    [0m [90m 77 |[39m   [36mif[39m (validation[33m.[39mwarnings[33m.[39mlength [33m>[39m [35m0[39m) {
     [90m 78 |[39m     [36mfor[39m ([36mconst[39m warning [36mof[39m validation[33m.[39mwarnings) {
    [31m[1m>[22m[39m[90m 79 |[39m       console[33m.[39mwarn([32m`[world-validation] ${warning}`[39m)[33m;[39m
     [90m    |[39m               [31m[1m^[22m[39m
     [90m 80 |[39m     }
     [90m 81 |[39m   }
     [90m 82 |[39m[0m

      at warn (api/src/game-engine.js:79:15)
      at loadWorld (tests/game-engine.test.js:1285:19)
      at Object.sessionWithPlayersAndIds (tests/game-engine.test.js:1379:19)

  console.warn
    [world-validation] Room "room-hub" has no items and no hazards (empty room).

    [0m [90m 77 |[39m   [36mif[39m (validation[33m.[39mwarnings[33m.[39mlength [33m>[39m [35m0[39m) {
     [90m 78 |[39m     [36mfor[39m ([36mconst[39m warning [36mof[39m validation[33m.[39mwarnings) {
    [31m[1m>[22m[39m[90m 79 |[39m       console[33m.[39mwarn([32m`[world-validation] ${warning}`[39m)[33m;[39m
     [90m    |[39m               [31m[1m^[22m[39m
     [90m 80 |[39m     }
     [90m 81 |[39m   }
     [90m 82 |[39m[0m

      at warn (api/src/game-engine.js:79:15)
      at loadWorld (tests/game-engine.test.js:33:17)
      at freshSession (tests/game-engine.test.js:43:17)
      at Object.sessionWithPlayers (tests/game-engine.test.js:1405:19)

  console.warn
    [world-validation] Room "room-hub-n" has no items and no hazards (empty room).

    [0m [90m 77 |[39m   [36mif[39m (validation[33m.[39mwarnings[33m.[39mlength [33m>[39m [35m0[39m) {
     [90m 78 |[39m     [36mfor[39m ([36mconst[39m warning [36mof[39m validation[33m.[39mwarnings) {
    [31m[1m>[22m[39m[90m 79 |[39m       console[33m.[39mwarn([32m`[world-validation] ${warning}`[39m)[33m;[39m
     [90m    |[39m               [31m[1m^[22m[39m
     [90m 80 |[39m     }
     [90m 81 |[39m   }
     [90m 82 |[39m[0m

      at warn (api/src/game-engine.js:79:15)
      at loadWorld (tests/game-engine.test.js:33:17)
      at freshSession (tests/game-engine.test.js:43:17)
      at Object.sessionWithPlayers (tests/game-engine.test.js:1405:19)

  console.warn
    [world-validation] Room "room-hub-e" has no items and no hazards (empty room).

    [0m [90m 77 |[39m   [36mif[39m (validation[33m.[39mwarnings[33m.[39mlength [33m>[39m [35m0[39m) {
     [90m 78 |[39m     [36mfor[39m ([36mconst[39m warning [36mof[39m validation[33m.[39mwarnings) {
    [31m[1m>[22m[39m[90m 79 |[39m       console[33m.[39mwarn([32m`[world-validation] ${warning}`[39m)[33m;[39m
     [90m    |[39m               [31m[1m^[22m[39m
     [90m 80 |[39m     }
     [90m 81 |[39m   }
     [90m 82 |[39m[0m

      at warn (api/src/game-engine.js:79:15)
      at loadWorld (tests/game-engine.test.js:33:17)
      at freshSession (tests/game-engine.test.js:43:17)
      at Object.sessionWithPlayers (tests/game-engine.test.js:1405:19)

  console.warn
    [world-validation] Room "room-hub-w" has no items and no hazards (empty room).

    [0m [90m 77 |[39m   [36mif[39m (validation[33m.[39mwarnings[33m.[39mlength [33m>[39m [35m0[39m) {
     [90m 78 |[39m     [36mfor[39m ([36mconst[39m warning [36mof[39m validation[33m.[39mwarnings) {
    [31m[1m>[22m[39m[90m 79 |[39m       console[33m.[39mwarn([32m`[world-validation] ${warning}`[39m)[33m;[39m
     [90m    |[39m               [31m[1m^[22m[39m
     [90m 80 |[39m     }
     [90m 81 |[39m   }
     [90m 82 |[39m[0m

      at warn (api/src/game-engine.js:79:15)
      at loadWorld (tests/game-engine.test.js:33:17)
      at freshSession (tests/game-engine.test.js:43:17)
      at Object.sessionWithPlayers (tests/game-engine.test.js:1405:19)

  console.warn
    [world-validation] Room "room-isolated" has no items and no hazards (empty room).

    [0m [90m 77 |[39m   [36mif[39m (validation[33m.[39mwarnings[33m.[39mlength [33m>[39m [35m0[39m) {
     [90m 78 |[39m     [36mfor[39m ([36mconst[39m warning [36mof[39m validation[33m.[39mwarnings) {
    [31m[1m>[22m[39m[90m 79 |[39m       console[33m.[39mwarn([32m`[world-validation] ${warning}`[39m)[33m;[39m
     [90m    |[39m               [31m[1m^[22m[39m
     [90m 80 |[39m     }
     [90m 81 |[39m   }
     [90m 82 |[39m[0m

      at warn (api/src/game-engine.js:79:15)
      at loadWorld (tests/game-engine.test.js:33:17)
      at freshSession (tests/game-engine.test.js:43:17)
      at Object.sessionWithPlayers (tests/game-engine.test.js:1405:19)

  console.warn
    [world-validation] Room "room-isolated" is an orphan ΓÇö no exits or puzzles connect to it.

    [0m [90m 77 |[39m   [36mif[39m (validation[33m.[39mwarnings[33m.[39mlength [33m>[39m [35m0[39m) {
     [90m 78 |[39m     [36mfor[39m ([36mconst[39m warning [36mof[39m validation[33m.[39mwarnings) {
    [31m[1m>[22m[39m[90m 79 |[39m       console[33m.[39mwarn([32m`[world-validation] ${warning}`[39m)[33m;[39m
     [90m    |[39m               [31m[1m^[22m[39m
     [90m 80 |[39m     }
     [90m 81 |[39m   }
     [90m 82 |[39m[0m

      at warn (api/src/game-engine.js:79:15)
      at loadWorld (tests/game-engine.test.js:33:17)
      at freshSession (tests/game-engine.test.js:43:17)
      at Object.sessionWithPlayers (tests/game-engine.test.js:1405:19)

  console.warn
    [world-validation] Room "room-hub" has no items and no hazards (empty room).

    [0m [90m 77 |[39m   [36mif[39m (validation[33m.[39mwarnings[33m.[39mlength [33m>[39m [35m0[39m) {
     [90m 78 |[39m     [36mfor[39m ([36mconst[39m warning [36mof[39m validation[33m.[39mwarnings) {
    [31m[1m>[22m[39m[90m 79 |[39m       console[33m.[39mwarn([32m`[world-validation] ${warning}`[39m)[33m;[39m
     [90m    |[39m               [31m[1m^[22m[39m
     [90m 80 |[39m     }
     [90m 81 |[39m   }
     [90m 82 |[39m[0m

      at warn (api/src/game-engine.js:79:15)
      at loadWorld (tests/game-engine.test.js:33:17)
      at freshSession (tests/game-engine.test.js:43:17)
      at Object.sessionWithPlayers (tests/game-engine.test.js:1415:19)

  console.warn
    [world-validation] Room "room-hub-n" has no items and no hazards (empty room).

    [0m [90m 77 |[39m   [36mif[39m (validation[33m.[39mwarnings[33m.[39mlength [33m>[39m [35m0[39m) {
     [90m 78 |[39m     [36mfor[39m ([36mconst[39m warning [36mof[39m validation[33m.[39mwarnings) {
    [31m[1m>[22m[39m[90m 79 |[39m       console[33m.[39mwarn([32m`[world-validation] ${warning}`[39m)[33m;[39m
     [90m    |[39m               [31m[1m^[22m[39m
     [90m 80 |[39m     }
     [90m 81 |[39m   }
     [90m 82 |[39m[0m

      at warn (api/src/game-engine.js:79:15)
      at loadWorld (tests/game-engine.test.js:33:17)
      at freshSession (tests/game-engine.test.js:43:17)
      at Object.sessionWithPlayers (tests/game-engine.test.js:1415:19)

  console.warn
    [world-validation] Room "room-hub-e" has no items and no hazards (empty room).

    [0m [90m 77 |[39m   [36mif[39m (validation[33m.[39mwarnings[33m.[39mlength [33m>[39m [35m0[39m) {
     [90m 78 |[39m     [36mfor[39m ([36mconst[39m warning [36mof[39m validation[33m.[39mwarnings) {
    [31m[1m>[22m[39m[90m 79 |[39m       console[33m.[39mwarn([32m`[world-validation] ${warning}`[39m)[33m;[39m
     [90m    |[39m               [31m[1m^[22m[39m
     [90m 80 |[39m     }
     [90m 81 |[39m   }
     [90m 82 |[39m[0m

      at warn (api/src/game-engine.js:79:15)
      at loadWorld (tests/game-engine.test.js:33:17)
      at freshSession (tests/game-engine.test.js:43:17)
      at Object.sessionWithPlayers (tests/game-engine.test.js:1415:19)

  console.warn
    [world-validation] Room "room-hub-w" has no items and no hazards (empty room).

    [0m [90m 77 |[39m   [36mif[39m (validation[33m.[39mwarnings[33m.[39mlength [33m>[39m [35m0[39m) {
     [90m 78 |[39m     [36mfor[39m ([36mconst[39m warning [36mof[39m validation[33m.[39mwarnings) {
    [31m[1m>[22m[39m[90m 79 |[39m       console[33m.[39mwarn([32m`[world-validation] ${warning}`[39m)[33m;[39m
     [90m    |[39m               [31m[1m^[22m[39m
     [90m 80 |[39m     }
     [90m 81 |[39m   }
     [90m 82 |[39m[0m

      at warn (api/src/game-engine.js:79:15)
      at loadWorld (tests/game-engine.test.js:33:17)
      at freshSession (tests/game-engine.test.js:43:17)
      at Object.sessionWithPlayers (tests/game-engine.test.js:1415:19)

  console.warn
    [world-validation] Room "room-isolated" has no items and no hazards (empty room).

    [0m [90m 77 |[39m   [36mif[39m (validation[33m.[39mwarnings[33m.[39mlength [33m>[39m [35m0[39m) {
     [90m 78 |[39m     [36mfor[39m ([36mconst[39m warning [36mof[39m validation[33m.[39mwarnings) {
    [31m[1m>[22m[39m[90m 79 |[39m       console[33m.[39mwarn([32m`[world-validation] ${warning}`[39m)[33m;[39m
     [90m    |[39m               [31m[1m^[22m[39m
     [90m 80 |[39m     }
     [90m 81 |[39m   }
     [90m 82 |[39m[0m

      at warn (api/src/game-engine.js:79:15)
      at loadWorld (tests/game-engine.test.js:33:17)
      at freshSession (tests/game-engine.test.js:43:17)
      at Object.sessionWithPlayers (tests/game-engine.test.js:1415:19)

  console.warn
    [world-validation] Room "room-isolated" is an orphan ΓÇö no exits or puzzles connect to it.

    [0m [90m 77 |[39m   [36mif[39m (validation[33m.[39mwarnings[33m.[39mlength [33m>[39m [35m0[39m) {
     [90m 78 |[39m     [36mfor[39m ([36mconst[39m warning [36mof[39m validation[33m.[39mwarnings) {
    [31m[1m>[22m[39m[90m 79 |[39m       console[33m.[39mwarn([32m`[world-validation] ${warning}`[39m)[33m;[39m
     [90m    |[39m               [31m[1m^[22m[39m
     [90m 80 |[39m     }
     [90m 81 |[39m   }
     [90m 82 |[39m[0m

      at warn (api/src/game-engine.js:79:15)
      at loadWorld (tests/game-engine.test.js:33:17)
      at freshSession (tests/game-engine.test.js:43:17)
      at Object.sessionWithPlayers (tests/game-engine.test.js:1415:19)

  console.warn
    [world-validation] Room "room-hub" has no items and no hazards (empty room).

    [0m [90m 77 |[39m   [36mif[39m (validation[33m.[39mwarnings[33m.[39mlength [33m>[39m [35m0[39m) {
     [90m 78 |[39m     [36mfor[39m ([36mconst[39m warning [36mof[39m validation[33m.[39mwarnings) {
    [31m[1m>[22m[39m[90m 79 |[39m       console[33m.[39mwarn([32m`[world-validation] ${warning}`[39m)[33m;[39m
     [90m    |[39m               [31m[1m^[22m[39m
     [90m 80 |[39m     }
     [90m 81 |[39m   }
     [90m 82 |[39m[0m

      at warn (api/src/game-engine.js:79:15)
      at loadWorld (tests/game-engine.test.js:33:17)
      at freshSession (tests/game-engine.test.js:43:17)
      at Object.sessionWithPlayers (tests/game-engine.test.js:1424:19)

  console.warn
    [world-validation] Room "room-hub-n" has no items and no hazards (empty room).

    [0m [90m 77 |[39m   [36mif[39m (validation[33m.[39mwarnings[33m.[39mlength [33m>[39m [35m0[39m) {
     [90m 78 |[39m     [36mfor[39m ([36mconst[39m warning [36mof[39m validation[33m.[39mwarnings) {
    [31m[1m>[22m[39m[90m 79 |[39m       console[33m.[39mwarn([32m`[world-validation] ${warning}`[39m)[33m;[39m
     [90m    |[39m               [31m[1m^[22m[39m
     [90m 80 |[39m     }
     [90m 81 |[39m   }
     [90m 82 |[39m[0m

      at warn (api/src/game-engine.js:79:15)
      at loadWorld (tests/game-engine.test.js:33:17)
      at freshSession (tests/game-engine.test.js:43:17)
      at Object.sessionWithPlayers (tests/game-engine.test.js:1424:19)

  console.warn
    [world-validation] Room "room-hub-e" has no items and no hazards (empty room).

    [0m [90m 77 |[39m   [36mif[39m (validation[33m.[39mwarnings[33m.[39mlength [33m>[39m [35m0[39m) {
     [90m 78 |[39m     [36mfor[39m ([36mconst[39m warning [36mof[39m validation[33m.[39mwarnings) {
    [31m[1m>[22m[39m[90m 79 |[39m       console[33m.[39mwarn([32m`[world-validation] ${warning}`[39m)[33m;[39m
     [90m    |[39m               [31m[1m^[22m[39m
     [90m 80 |[39m     }
     [90m 81 |[39m   }
     [90m 82 |[39m[0m

      at warn (api/src/game-engine.js:79:15)
      at loadWorld (tests/game-engine.test.js:33:17)
      at freshSession (tests/game-engine.test.js:43:17)
      at Object.sessionWithPlayers (tests/game-engine.test.js:1424:19)

  console.warn
    [world-validation] Room "room-hub-w" has no items and no hazards (empty room).

    [0m [90m 77 |[39m   [36mif[39m (validation[33m.[39mwarnings[33m.[39mlength [33m>[39m [35m0[39m) {
     [90m 78 |[39m     [36mfor[39m ([36mconst[39m warning [36mof[39m validation[33m.[39mwarnings) {
    [31m[1m>[22m[39m[90m 79 |[39m       console[33m.[39mwarn([32m`[world-validation] ${warning}`[39m)[33m;[39m
     [90m    |[39m               [31m[1m^[22m[39m
     [90m 80 |[39m     }
     [90m 81 |[39m   }
     [90m 82 |[39m[0m

      at warn (api/src/game-engine.js:79:15)
      at loadWorld (tests/game-engine.test.js:33:17)
      at freshSession (tests/game-engine.test.js:43:17)
      at Object.sessionWithPlayers (tests/game-engine.test.js:1424:19)

  console.warn
    [world-validation] Room "room-isolated" has no items and no hazards (empty room).

    [0m [90m 77 |[39m   [36mif[39m (validation[33m.[39mwarnings[33m.[39mlength [33m>[39m [35m0[39m) {
     [90m 78 |[39m     [36mfor[39m ([36mconst[39m warning [36mof[39m validation[33m.[39mwarnings) {
    [31m[1m>[22m[39m[90m 79 |[39m       console[33m.[39mwarn([32m`[world-validation] ${warning}`[39m)[33m;[39m
     [90m    |[39m               [31m[1m^[22m[39m
     [90m 80 |[39m     }
     [90m 81 |[39m   }
     [90m 82 |[39m[0m

      at warn (api/src/game-engine.js:79:15)
      at loadWorld (tests/game-engine.test.js:33:17)
      at freshSession (tests/game-engine.test.js:43:17)
      at Object.sessionWithPlayers (tests/game-engine.test.js:1424:19)

  console.warn
    [world-validation] Room "room-isolated" is an orphan ΓÇö no exits or puzzles connect to it.

    [0m [90m 77 |[39m   [36mif[39m (validation[33m.[39mwarnings[33m.[39mlength [33m>[39m [35m0[39m) {
     [90m 78 |[39m     [36mfor[39m ([36mconst[39m warning [36mof[39m validation[33m.[39mwarnings) {
    [31m[1m>[22m[39m[90m 79 |[39m       console[33m.[39mwarn([32m`[world-validation] ${warning}`[39m)[33m;[39m
     [90m    |[39m               [31m[1m^[22m[39m
     [90m 80 |[39m     }
     [90m 81 |[39m   }
     [90m 82 |[39m[0m

      at warn (api/src/game-engine.js:79:15)
      at loadWorld (tests/game-engine.test.js:33:17)
      at freshSession (tests/game-engine.test.js:43:17)
      at Object.sessionWithPlayers (tests/game-engine.test.js:1424:19)

  console.warn
    [world-validation] Room "room-hub" has no items and no hazards (empty room).

    [0m [90m 77 |[39m   [36mif[39m (validation[33m.[39mwarnings[33m.[39mlength [33m>[39m [35m0[39m) {
     [90m 78 |[39m     [36mfor[39m ([36mconst[39m warning [36mof[39m validation[33m.[39mwarnings) {
    [31m[1m>[22m[39m[90m 79 |[39m       console[33m.[39mwarn([32m`[world-validation] ${warning}`[39m)[33m;[39m
     [90m    |[39m               [31m[1m^[22m[39m
     [90m 80 |[39m     }
     [90m 81 |[39m   }
     [90m 82 |[39m[0m

      at warn (api/src/game-engine.js:79:15)
      at loadWorld (tests/game-engine.test.js:33:17)
      at freshSession (tests/game-engine.test.js:43:17)
      at Object.sessionWithPlayers (tests/game-engine.test.js:1440:19)

  console.warn
    [world-validation] Room "room-hub-n" has no items and no hazards (empty room).

    [0m [90m 77 |[39m   [36mif[39m (validation[33m.[39mwarnings[33m.[39mlength [33m>[39m [35m0[39m) {
     [90m 78 |[39m     [36mfor[39m ([36mconst[39m warning [36mof[39m validation[33m.[39mwarnings) {
    [31m[1m>[22m[39m[90m 79 |[39m       console[33m.[39mwarn([32m`[world-validation] ${warning}`[39m)[33m;[39m
     [90m    |[39m               [31m[1m^[22m[39m
     [90m 80 |[39m     }
     [90m 81 |[39m   }
     [90m 82 |[39m[0m

      at warn (api/src/game-engine.js:79:15)
      at loadWorld (tests/game-engine.test.js:33:17)
      at freshSession (tests/game-engine.test.js:43:17)
      at Object.sessionWithPlayers (tests/game-engine.test.js:1440:19)

  console.warn
    [world-validation] Room "room-hub-e" has no items and no hazards (empty room).

    [0m [90m 77 |[39m   [36mif[39m (validation[33m.[39mwarnings[33m.[39mlength [33m>[39m [35m0[39m) {
     [90m 78 |[39m     [36mfor[39m ([36mconst[39m warning [36mof[39m validation[33m.[39mwarnings) {
    [31m[1m>[22m[39m[90m 79 |[39m       console[33m.[39mwarn([32m`[world-validation] ${warning}`[39m)[33m;[39m
     [90m    |[39m               [31m[1m^[22m[39m
     [90m 80 |[39m     }
     [90m 81 |[39m   }
     [90m 82 |[39m[0m

      at warn (api/src/game-engine.js:79:15)
      at loadWorld (tests/game-engine.test.js:33:17)
      at freshSession (tests/game-engine.test.js:43:17)
      at Object.sessionWithPlayers (tests/game-engine.test.js:1440:19)

  console.warn
    [world-validation] Room "room-hub-w" has no items and no hazards (empty room).

    [0m [90m 77 |[39m   [36mif[39m (validation[33m.[39mwarnings[33m.[39mlength [33m>[39m [35m0[39m) {
     [90m 78 |[39m     [36mfor[39m ([36mconst[39m warning [36mof[39m validation[33m.[39mwarnings) {
    [31m[1m>[22m[39m[90m 79 |[39m       console[33m.[39mwarn([32m`[world-validation] ${warning}`[39m)[33m;[39m
     [90m    |[39m               [31m[1m^[22m[39m
     [90m 80 |[39m     }
     [90m 81 |[39m   }
     [90m 82 |[39m[0m

      at warn (api/src/game-engine.js:79:15)
      at loadWorld (tests/game-engine.test.js:33:17)
      at freshSession (tests/game-engine.test.js:43:17)
      at Object.sessionWithPlayers (tests/game-engine.test.js:1440:19)

  console.warn
    [world-validation] Room "room-isolated" has no items and no hazards (empty room).

    [0m [90m 77 |[39m   [36mif[39m (validation[33m.[39mwarnings[33m.[39mlength [33m>[39m [35m0[39m) {
     [90m 78 |[39m     [36mfor[39m ([36mconst[39m warning [36mof[39m validation[33m.[39mwarnings) {
    [31m[1m>[22m[39m[90m 79 |[39m       console[33m.[39mwarn([32m`[world-validation] ${warning}`[39m)[33m;[39m
     [90m    |[39m               [31m[1m^[22m[39m
     [90m 80 |[39m     }
     [90m 81 |[39m   }
     [90m 82 |[39m[0m

      at warn (api/src/game-engine.js:79:15)
      at loadWorld (tests/game-engine.test.js:33:17)
      at freshSession (tests/game-engine.test.js:43:17)
      at Object.sessionWithPlayers (tests/game-engine.test.js:1440:19)

  console.warn
    [world-validation] Room "room-isolated" is an orphan ΓÇö no exits or puzzles connect to it.

    [0m [90m 77 |[39m   [36mif[39m (validation[33m.[39mwarnings[33m.[39mlength [33m>[39m [35m0[39m) {
     [90m 78 |[39m     [36mfor[39m ([36mconst[39m warning [36mof[39m validation[33m.[39mwarnings) {
    [31m[1m>[22m[39m[90m 79 |[39m       console[33m.[39mwarn([32m`[world-validation] ${warning}`[39m)[33m;[39m
     [90m    |[39m               [31m[1m^[22m[39m
     [90m 80 |[39m     }
     [90m 81 |[39m   }
     [90m 82 |[39m[0m

      at warn (api/src/game-engine.js:79:15)
      at loadWorld (tests/game-engine.test.js:33:17)
      at freshSession (tests/game-engine.test.js:43:17)
      at Object.sessionWithPlayers (tests/game-engine.test.js:1440:19)

  console.warn
    [world-validation] Room "room-hub" has no items and no hazards (empty room).

    [0m [90m 77 |[39m   [36mif[39m (validation[33m.[39mwarnings[33m.[39mlength [33m>[39m [35m0[39m) {
     [90m 78 |[39m     [36mfor[39m ([36mconst[39m warning [36mof[39m validation[33m.[39mwarnings) {
    [31m[1m>[22m[39m[90m 79 |[39m       console[33m.[39mwarn([32m`[world-validation] ${warning}`[39m)[33m;[39m
     [90m    |[39m               [31m[1m^[22m[39m
     [90m 80 |[39m     }
     [90m 81 |[39m   }
     [90m 82 |[39m[0m

      at warn (api/src/game-engine.js:79:15)
      at loadWorld (tests/game-engine.test.js:33:17)
      at freshSession (tests/game-engine.test.js:43:17)
      at Object.sessionWithPlayers (tests/game-engine.test.js:1460:19)

  console.warn
    [world-validation] Room "room-hub-n" has no items and no hazards (empty room).

    [0m [90m 77 |[39m   [36mif[39m (validation[33m.[39mwarnings[33m.[39mlength [33m>[39m [35m0[39m) {
     [90m 78 |[39m     [36mfor[39m ([36mconst[39m warning [36mof[39m validation[33m.[39mwarnings) {
    [31m[1m>[22m[39m[90m 79 |[39m       console[33m.[39mwarn([32m`[world-validation] ${warning}`[39m)[33m;[39m
     [90m    |[39m               [31m[1m^[22m[39m
     [90m 80 |[39m     }
     [90m 81 |[39m   }
     [90m 82 |[39m[0m

      at warn (api/src/game-engine.js:79:15)
      at loadWorld (tests/game-engine.test.js:33:17)
      at freshSession (tests/game-engine.test.js:43:17)
      at Object.sessionWithPlayers (tests/game-engine.test.js:1460:19)

  console.warn
    [world-validation] Room "room-hub-e" has no items and no hazards (empty room).

    [0m [90m 77 |[39m   [36mif[39m (validation[33m.[39mwarnings[33m.[39mlength [33m>[39m [35m0[39m) {
     [90m 78 |[39m     [36mfor[39m ([36mconst[39m warning [36mof[39m validation[33m.[39mwarnings) {
    [31m[1m>[22m[39m[90m 79 |[39m       console[33m.[39mwarn([32m`[world-validation] ${warning}`[39m)[33m;[39m
     [90m    |[39m               [31m[1m^[22m[39m
     [90m 80 |[39m     }
     [90m 81 |[39m   }
     [90m 82 |[39m[0m

      at warn (api/src/game-engine.js:79:15)
      at loadWorld (tests/game-engine.test.js:33:17)
      at freshSession (tests/game-engine.test.js:43:17)
      at Object.sessionWithPlayers (tests/game-engine.test.js:1460:19)

  console.warn
    [world-validation] Room "room-hub-w" has no items and no hazards (empty room).

    [0m [90m 77 |[39m   [36mif[39m (validation[33m.[39mwarnings[33m.[39mlength [33m>[39m [35m0[39m) {
     [90m 78 |[39m     [36mfor[39m ([36mconst[39m warning [36mof[39m validation[33m.[39mwarnings) {
    [31m[1m>[22m[39m[90m 79 |[39m       console[33m.[39mwarn([32m`[world-validation] ${warning}`[39m)[33m;[39m
     [90m    |[39m               [31m[1m^[22m[39m
     [90m 80 |[39m     }
     [90m 81 |[39m   }
     [90m 82 |[39m[0m

      at warn (api/src/game-engine.js:79:15)
      at loadWorld (tests/game-engine.test.js:33:17)
      at freshSession (tests/game-engine.test.js:43:17)
      at Object.sessionWithPlayers (tests/game-engine.test.js:1460:19)

  console.warn
    [world-validation] Room "room-isolated" has no items and no hazards (empty room).

    [0m [90m 77 |[39m   [36mif[39m (validation[33m.[39mwarnings[33m.[39mlength [33m>[39m [35m0[39m) {
     [90m 78 |[39m     [36mfor[39m ([36mconst[39m warning [36mof[39m validation[33m.[39mwarnings) {
    [31m[1m>[22m[39m[90m 79 |[39m       console[33m.[39mwarn([32m`[world-validation] ${warning}`[39m)[33m;[39m
     [90m    |[39m               [31m[1m^[22m[39m
     [90m 80 |[39m     }
     [90m 81 |[39m   }
     [90m 82 |[39m[0m

      at warn (api/src/game-engine.js:79:15)
      at loadWorld (tests/game-engine.test.js:33:17)
      at freshSession (tests/game-engine.test.js:43:17)
      at Object.sessionWithPlayers (tests/game-engine.test.js:1460:19)

  console.warn
    [world-validation] Room "room-isolated" is an orphan ΓÇö no exits or puzzles connect to it.

    [0m [90m 77 |[39m   [36mif[39m (validation[33m.[39mwarnings[33m.[39mlength [33m>[39m [35m0[39m) {
     [90m 78 |[39m     [36mfor[39m ([36mconst[39m warning [36mof[39m validation[33m.[39mwarnings) {
    [31m[1m>[22m[39m[90m 79 |[39m       console[33m.[39mwarn([32m`[world-validation] ${warning}`[39m)[33m;[39m
     [90m    |[39m               [31m[1m^[22m[39m
     [90m 80 |[39m     }
     [90m 81 |[39m   }
     [90m 82 |[39m[0m

      at warn (api/src/game-engine.js:79:15)
      at loadWorld (tests/game-engine.test.js:33:17)
      at freshSession (tests/game-engine.test.js:43:17)
      at Object.sessionWithPlayers (tests/game-engine.test.js:1460:19)

  console.warn
    [world-validation] Room "room-hub" has no items and no hazards (empty room).

    [0m [90m 77 |[39m   [36mif[39m (validation[33m.[39mwarnings[33m.[39mlength [33m>[39m [35m0[39m) {
     [90m 78 |[39m     [36mfor[39m ([36mconst[39m warning [36mof[39m validation[33m.[39mwarnings) {
    [31m[1m>[22m[39m[90m 79 |[39m       console[33m.[39mwarn([32m`[world-validation] ${warning}`[39m)[33m;[39m
     [90m    |[39m               [31m[1m^[22m[39m
     [90m 80 |[39m     }
     [90m 81 |[39m   }
     [90m 82 |[39m[0m

      at warn (api/src/game-engine.js:79:15)
      at loadWorld (tests/game-engine.test.js:33:17)
      at freshSession (tests/game-engine.test.js:43:17)
      at Object.sessionWithPlayers (tests/game-engine.test.js:1477:19)

  console.warn
    [world-validation] Room "room-hub-n" has no items and no hazards (empty room).

    [0m [90m 77 |[39m   [36mif[39m (validation[33m.[39mwarnings[33m.[39mlength [33m>[39m [35m0[39m) {
     [90m 78 |[39m     [36mfor[39m ([36mconst[39m warning [36mof[39m validation[33m.[39mwarnings) {
    [31m[1m>[22m[39m[90m 79 |[39m       console[33m.[39mwarn([32m`[world-validation] ${warning}`[39m)[33m;[39m
     [90m    |[39m               [31m[1m^[22m[39m
     [90m 80 |[39m     }
     [90m 81 |[39m   }
     [90m 82 |[39m[0m

      at warn (api/src/game-engine.js:79:15)
      at loadWorld (tests/game-engine.test.js:33:17)
      at freshSession (tests/game-engine.test.js:43:17)
      at Object.sessionWithPlayers (tests/game-engine.test.js:1477:19)

  console.warn
    [world-validation] Room "room-hub-e" has no items and no hazards (empty room).

    [0m [90m 77 |[39m   [36mif[39m (validation[33m.[39mwarnings[33m.[39mlength [33m>[39m [35m0[39m) {
     [90m 78 |[39m     [36mfor[39m ([36mconst[39m warning [36mof[39m validation[33m.[39mwarnings) {
    [31m[1m>[22m[39m[90m 79 |[39m       console[33m.[39mwarn([32m`[world-validation] ${warning}`[39m)[33m;[39m
     [90m    |[39m               [31m[1m^[22m[39m
     [90m 80 |[39m     }
     [90m 81 |[39m   }
     [90m 82 |[39m[0m

      at warn (api/src/game-engine.js:79:15)
      at loadWorld (tests/game-engine.test.js:33:17)
      at freshSession (tests/game-engine.test.js:43:17)
      at Object.sessionWithPlayers (tests/game-engine.test.js:1477:19)

  console.warn
    [world-validation] Room "room-hub-w" has no items and no hazards (empty room).

    [0m [90m 77 |[39m   [36mif[39m (validation[33m.[39mwarnings[33m.[39mlength [33m>[39m [35m0[39m) {
     [90m 78 |[39m     [36mfor[39m ([36mconst[39m warning [36mof[39m validation[33m.[39mwarnings) {
    [31m[1m>[22m[39m[90m 79 |[39m       console[33m.[39mwarn([32m`[world-validation] ${warning}`[39m)[33m;[39m
     [90m    |[39m               [31m[1m^[22m[39m
     [90m 80 |[39m     }
     [90m 81 |[39m   }
     [90m 82 |[39m[0m

      at warn (api/src/game-engine.js:79:15)
      at loadWorld (tests/game-engine.test.js:33:17)
      at freshSession (tests/game-engine.test.js:43:17)
      at Object.sessionWithPlayers (tests/game-engine.test.js:1477:19)

  console.warn
    [world-validation] Room "room-isolated" has no items and no hazards (empty room).

    [0m [90m 77 |[39m   [36mif[39m (validation[33m.[39mwarnings[33m.[39mlength [33m>[39m [35m0[39m) {
     [90m 78 |[39m     [36mfor[39m ([36mconst[39m warning [36mof[39m validation[33m.[39mwarnings) {
    [31m[1m>[22m[39m[90m 79 |[39m       console[33m.[39mwarn([32m`[world-validation] ${warning}`[39m)[33m;[39m
     [90m    |[39m               [31m[1m^[22m[39m
     [90m 80 |[39m     }
     [90m 81 |[39m   }
     [90m 82 |[39m[0m

      at warn (api/src/game-engine.js:79:15)
      at loadWorld (tests/game-engine.test.js:33:17)
      at freshSession (tests/game-engine.test.js:43:17)
      at Object.sessionWithPlayers (tests/game-engine.test.js:1477:19)

  console.warn
    [world-validation] Room "room-isolated" is an orphan ΓÇö no exits or puzzles connect to it.

    [0m [90m 77 |[39m   [36mif[39m (validation[33m.[39mwarnings[33m.[39mlength [33m>[39m [35m0[39m) {
     [90m 78 |[39m     [36mfor[39m ([36mconst[39m warning [36mof[39m validation[33m.[39mwarnings) {
    [31m[1m>[22m[39m[90m 79 |[39m       console[33m.[39mwarn([32m`[world-validation] ${warning}`[39m)[33m;[39m
     [90m    |[39m               [31m[1m^[22m[39m
     [90m 80 |[39m     }
     [90m 81 |[39m   }
     [90m 82 |[39m[0m

      at warn (api/src/game-engine.js:79:15)
      at loadWorld (tests/game-engine.test.js:33:17)
      at freshSession (tests/game-engine.test.js:43:17)
      at Object.sessionWithPlayers (tests/game-engine.test.js:1477:19)

  console.warn
    [world-validation] Room "room-hub" has no items and no hazards (empty room).

    [0m [90m 77 |[39m   [36mif[39m (validation[33m.[39mwarnings[33m.[39mlength [33m>[39m [35m0[39m) {
     [90m 78 |[39m     [36mfor[39m ([36mconst[39m warning [36mof[39m validation[33m.[39mwarnings) {
    [31m[1m>[22m[39m[90m 79 |[39m       console[33m.[39mwarn([32m`[world-validation] ${warning}`[39m)[33m;[39m
     [90m    |[39m               [31m[1m^[22m[39m
     [90m 80 |[39m     }
     [90m 81 |[39m   }
     [90m 82 |[39m[0m

      at warn (api/src/game-engine.js:79:15)
      at loadWorld (tests/game-engine.test.js:33:17)
      at freshSession (tests/game-engine.test.js:43:17)
      at Object.sessionWithPlayers (tests/game-engine.test.js:1494:19)

  console.warn
    [world-validation] Room "room-hub-n" has no items and no hazards (empty room).

    [0m [90m 77 |[39m   [36mif[39m (validation[33m.[39mwarnings[33m.[39mlength [33m>[39m [35m0[39m) {
     [90m 78 |[39m     [36mfor[39m ([36mconst[39m warning [36mof[39m validation[33m.[39mwarnings) {
    [31m[1m>[22m[39m[90m 79 |[39m       console[33m.[39mwarn([32m`[world-validation] ${warning}`[39m)[33m;[39m
     [90m    |[39m               [31m[1m^[22m[39m
     [90m 80 |[39m     }
     [90m 81 |[39m   }
     [90m 82 |[39m[0m

      at warn (api/src/game-engine.js:79:15)
      at loadWorld (tests/game-engine.test.js:33:17)
      at freshSession (tests/game-engine.test.js:43:17)
      at Object.sessionWithPlayers (tests/game-engine.test.js:1494:19)

  console.warn
    [world-validation] Room "room-hub-e" has no items and no hazards (empty room).

    [0m [90m 77 |[39m   [36mif[39m (validation[33m.[39mwarnings[33m.[39mlength [33m>[39m [35m0[39m) {
     [90m 78 |[39m     [36mfor[39m ([36mconst[39m warning [36mof[39m validation[33m.[39mwarnings) {
    [31m[1m>[22m[39m[90m 79 |[39m       console[33m.[39mwarn([32m`[world-validation] ${warning}`[39m)[33m;[39m
     [90m    |[39m               [31m[1m^[22m[39m
     [90m 80 |[39m     }
     [90m 81 |[39m   }
     [90m 82 |[39m[0m

      at warn (api/src/game-engine.js:79:15)
      at loadWorld (tests/game-engine.test.js:33:17)
      at freshSession (tests/game-engine.test.js:43:17)
      at Object.sessionWithPlayers (tests/game-engine.test.js:1494:19)

  console.warn
    [world-validation] Room "room-hub-w" has no items and no hazards (empty room).

    [0m [90m 77 |[39m   [36mif[39m (validation[33m.[39mwarnings[33m.[39mlength [33m>[39m [35m0[39m) {
     [90m 78 |[39m     [36mfor[39m ([36mconst[39m warning [36mof[39m validation[33m.[39mwarnings) {
    [31m[1m>[22m[39m[90m 79 |[39m       console[33m.[39mwarn([32m`[world-validation] ${warning}`[39m)[33m;[39m
     [90m    |[39m               [31m[1m^[22m[39m
     [90m 80 |[39m     }
     [90m 81 |[39m   }
     [90m 82 |[39m[0m

      at warn (api/src/game-engine.js:79:15)
      at loadWorld (tests/game-engine.test.js:33:17)
      at freshSession (tests/game-engine.test.js:43:17)
      at Object.sessionWithPlayers (tests/game-engine.test.js:1494:19)

  console.warn
    [world-validation] Room "room-isolated" has no items and no hazards (empty room).

    [0m [90m 77 |[39m   [36mif[39m (validation[33m.[39mwarnings[33m.[39mlength [33m>[39m [35m0[39m) {
     [90m 78 |[39m     [36mfor[39m ([36mconst[39m warning [36mof[39m validation[33m.[39mwarnings) {
    [31m[1m>[22m[39m[90m 79 |[39m       console[33m.[39mwarn([32m`[world-validation] ${warning}`[39m)[33m;[39m
     [90m    |[39m               [31m[1m^[22m[39m
     [90m 80 |[39m     }
     [90m 81 |[39m   }
     [90m 82 |[39m[0m

      at warn (api/src/game-engine.js:79:15)
      at loadWorld (tests/game-engine.test.js:33:17)
      at freshSession (tests/game-engine.test.js:43:17)
      at Object.sessionWithPlayers (tests/game-engine.test.js:1494:19)

  console.warn
    [world-validation] Room "room-isolated" is an orphan ΓÇö no exits or puzzles connect to it.

    [0m [90m 77 |[39m   [36mif[39m (validation[33m.[39mwarnings[33m.[39mlength [33m>[39m [35m0[39m) {
     [90m 78 |[39m     [36mfor[39m ([36mconst[39m warning [36mof[39m validation[33m.[39mwarnings) {
    [31m[1m>[22m[39m[90m 79 |[39m       console[33m.[39mwarn([32m`[world-validation] ${warning}`[39m)[33m;[39m
     [90m    |[39m               [31m[1m^[22m[39m
     [90m 80 |[39m     }
     [90m 81 |[39m   }
     [90m 82 |[39m[0m

      at warn (api/src/game-engine.js:79:15)
      at loadWorld (tests/game-engine.test.js:33:17)
      at freshSession (tests/game-engine.test.js:43:17)
      at Object.sessionWithPlayers (tests/game-engine.test.js:1494:19)

  console.warn
    [world-validation] Room "room-hub" has no items and no hazards (empty room).

    [0m [90m 77 |[39m   [36mif[39m (validation[33m.[39mwarnings[33m.[39mlength [33m>[39m [35m0[39m) {
     [90m 78 |[39m     [36mfor[39m ([36mconst[39m warning [36mof[39m validation[33m.[39mwarnings) {
    [31m[1m>[22m[39m[90m 79 |[39m       console[33m.[39mwarn([32m`[world-validation] ${warning}`[39m)[33m;[39m
     [90m    |[39m               [31m[1m^[22m[39m
     [90m 80 |[39m     }
     [90m 81 |[39m   }
     [90m 82 |[39m[0m

      at warn (api/src/game-engine.js:79:15)
      at loadWorld (tests/game-engine.test.js:33:17)
      at freshSession (tests/game-engine.test.js:38:19)
      at Object.sessionWithPlayer (tests/game-engine.test.js:1507:19)

  console.warn
    [world-validation] Room "room-hub-n" has no items and no hazards (empty room).

    [0m [90m 77 |[39m   [36mif[39m (validation[33m.[39mwarnings[33m.[39mlength [33m>[39m [35m0[39m) {
     [90m 78 |[39m     [36mfor[39m ([36mconst[39m warning [36mof[39m validation[33m.[39mwarnings) {
    [31m[1m>[22m[39m[90m 79 |[39m       console[33m.[39mwarn([32m`[world-validation] ${warning}`[39m)[33m;[39m
     [90m    |[39m               [31m[1m^[22m[39m
     [90m 80 |[39m     }
     [90m 81 |[39m   }
     [90m 82 |[39m[0m

      at warn (api/src/game-engine.js:79:15)
      at loadWorld (tests/game-engine.test.js:33:17)
      at freshSession (tests/game-engine.test.js:38:19)
      at Object.sessionWithPlayer (tests/game-engine.test.js:1507:19)

  console.warn
    [world-validation] Room "room-hub-e" has no items and no hazards (empty room).

    [0m [90m 77 |[39m   [36mif[39m (validation[33m.[39mwarnings[33m.[39mlength [33m>[39m [35m0[39m) {
     [90m 78 |[39m     [36mfor[39m ([36mconst[39m warning [36mof[39m validation[33m.[39mwarnings) {
    [31m[1m>[22m[39m[90m 79 |[39m       console[33m.[39mwarn([32m`[world-validation] ${warning}`[39m)[33m;[39m
     [90m    |[39m               [31m[1m^[22m[39m
     [90m 80 |[39m     }
     [90m 81 |[39m   }
     [90m 82 |[39m[0m

      at warn (api/src/game-engine.js:79:15)
      at loadWorld (tests/game-engine.test.js:33:17)
      at freshSession (tests/game-engine.test.js:38:19)
      at Object.sessionWithPlayer (tests/game-engine.test.js:1507:19)

  console.warn
    [world-validation] Room "room-hub-w" has no items and no hazards (empty room).

    [0m [90m 77 |[39m   [36mif[39m (validation[33m.[39mwarnings[33m.[39mlength [33m>[39m [35m0[39m) {
     [90m 78 |[39m     [36mfor[39m ([36mconst[39m warning [36mof[39m validation[33m.[39mwarnings) {
    [31m[1m>[22m[39m[90m 79 |[39m       console[33m.[39mwarn([32m`[world-validation] ${warning}`[39m)[33m;[39m
     [90m    |[39m               [31m[1m^[22m[39m
     [90m 80 |[39m     }
     [90m 81 |[39m   }
     [90m 82 |[39m[0m

      at warn (api/src/game-engine.js:79:15)
      at loadWorld (tests/game-engine.test.js:33:17)
      at freshSession (tests/game-engine.test.js:38:19)
      at Object.sessionWithPlayer (tests/game-engine.test.js:1507:19)

  console.warn
    [world-validation] Room "room-isolated" has no items and no hazards (empty room).

    [0m [90m 77 |[39m   [36mif[39m (validation[33m.[39mwarnings[33m.[39mlength [33m>[39m [35m0[39m) {
     [90m 78 |[39m     [36mfor[39m ([36mconst[39m warning [36mof[39m validation[33m.[39mwarnings) {
    [31m[1m>[22m[39m[90m 79 |[39m       console[33m.[39mwarn([32m`[world-validation] ${warning}`[39m)[33m;[39m
     [90m    |[39m               [31m[1m^[22m[39m
     [90m 80 |[39m     }
     [90m 81 |[39m   }
     [90m 82 |[39m[0m

      at warn (api/src/game-engine.js:79:15)
      at loadWorld (tests/game-engine.test.js:33:17)
      at freshSession (tests/game-engine.test.js:38:19)
      at Object.sessionWithPlayer (tests/game-engine.test.js:1507:19)

  console.warn
    [world-validation] Room "room-isolated" is an orphan ΓÇö no exits or puzzles connect to it.

    [0m [90m 77 |[39m   [36mif[39m (validation[33m.[39mwarnings[33m.[39mlength [33m>[39m [35m0[39m) {
     [90m 78 |[39m     [36mfor[39m ([36mconst[39m warning [36mof[39m validation[33m.[39mwarnings) {
    [31m[1m>[22m[39m[90m 79 |[39m       console[33m.[39mwarn([32m`[world-validation] ${warning}`[39m)[33m;[39m
     [90m    |[39m               [31m[1m^[22m[39m
     [90m 80 |[39m     }
     [90m 81 |[39m   }
     [90m 82 |[39m[0m

      at warn (api/src/game-engine.js:79:15)
      at loadWorld (tests/game-engine.test.js:33:17)
      at freshSession (tests/game-engine.test.js:38:19)
      at Object.sessionWithPlayer (tests/game-engine.test.js:1507:19)

  console.warn
    [world-validation] Room "room-hub" has no items and no hazards (empty room).

    [0m [90m 77 |[39m   [36mif[39m (validation[33m.[39mwarnings[33m.[39mlength [33m>[39m [35m0[39m) {
     [90m 78 |[39m     [36mfor[39m ([36mconst[39m warning [36mof[39m validation[33m.[39mwarnings) {
    [31m[1m>[22m[39m[90m 79 |[39m       console[33m.[39mwarn([32m`[world-validation] ${warning}`[39m)[33m;[39m
     [90m    |[39m               [31m[1m^[22m[39m
     [90m 80 |[39m     }
     [90m 81 |[39m   }
     [90m 82 |[39m[0m

      at warn (api/src/game-engine.js:79:15)
      at loadWorld (tests/game-engine.test.js:33:17)
      at freshSession (tests/game-engine.test.js:38:19)
      at Object.sessionWithPlayer (tests/game-engine.test.js:1520:19)

  console.warn
    [world-validation] Room "room-hub-n" has no items and no hazards (empty room).

    [0m [90m 77 |[39m   [36mif[39m (validation[33m.[39mwarnings[33m.[39mlength [33m>[39m [35m0[39m) {
     [90m 78 |[39m     [36mfor[39m ([36mconst[39m warning [36mof[39m validation[33m.[39mwarnings) {
    [31m[1m>[22m[39m[90m 79 |[39m       console[33m.[39mwarn([32m`[world-validation] ${warning}`[39m)[33m;[39m
     [90m    |[39m               [31m[1m^[22m[39m
     [90m 80 |[39m     }
     [90m 81 |[39m   }
     [90m 82 |[39m[0m

      at warn (api/src/game-engine.js:79:15)
      at loadWorld (tests/game-engine.test.js:33:17)
      at freshSession (tests/game-engine.test.js:38:19)
      at Object.sessionWithPlayer (tests/game-engine.test.js:1520:19)

  console.warn
    [world-validation] Room "room-hub-e" has no items and no hazards (empty room).

    [0m [90m 77 |[39m   [36mif[39m (validation[33m.[39mwarnings[33m.[39mlength [33m>[39m [35m0[39m) {
     [90m 78 |[39m     [36mfor[39m ([36mconst[39m warning [36mof[39m validation[33m.[39mwarnings) {
    [31m[1m>[22m[39m[90m 79 |[39m       console[33m.[39mwarn([32m`[world-validation] ${warning}`[39m)[33m;[39m
     [90m    |[39m               [31m[1m^[22m[39m
     [90m 80 |[39m     }
     [90m 81 |[39m   }
     [90m 82 |[39m[0m

      at warn (api/src/game-engine.js:79:15)
      at loadWorld (tests/game-engine.test.js:33:17)
      at freshSession (tests/game-engine.test.js:38:19)
      at Object.sessionWithPlayer (tests/game-engine.test.js:1520:19)

  console.warn
    [world-validation] Room "room-hub-w" has no items and no hazards (empty room).

    [0m [90m 77 |[39m   [36mif[39m (validation[33m.[39mwarnings[33m.[39mlength [33m>[39m [35m0[39m) {
     [90m 78 |[39m     [36mfor[39m ([36mconst[39m warning [36mof[39m validation[33m.[39mwarnings) {
    [31m[1m>[22m[39m[90m 79 |[39m       console[33m.[39mwarn([32m`[world-validation] ${warning}`[39m)[33m;[39m
     [90m    |[39m               [31m[1m^[22m[39m
     [90m 80 |[39m     }
     [90m 81 |[39m   }
     [90m 82 |[39m[0m

      at warn (api/src/game-engine.js:79:15)
      at loadWorld (tests/game-engine.test.js:33:17)
      at freshSession (tests/game-engine.test.js:38:19)
      at Object.sessionWithPlayer (tests/game-engine.test.js:1520:19)

  console.warn
    [world-validation] Room "room-isolated" has no items and no hazards (empty room).

    [0m [90m 77 |[39m   [36mif[39m (validation[33m.[39mwarnings[33m.[39mlength [33m>[39m [35m0[39m) {
     [90m 78 |[39m     [36mfor[39m ([36mconst[39m warning [36mof[39m validation[33m.[39mwarnings) {
    [31m[1m>[22m[39m[90m 79 |[39m       console[33m.[39mwarn([32m`[world-validation] ${warning}`[39m)[33m;[39m
     [90m    |[39m               [31m[1m^[22m[39m
     [90m 80 |[39m     }
     [90m 81 |[39m   }
     [90m 82 |[39m[0m

      at warn (api/src/game-engine.js:79:15)
      at loadWorld (tests/game-engine.test.js:33:17)
      at freshSession (tests/game-engine.test.js:38:19)
      at Object.sessionWithPlayer (tests/game-engine.test.js:1520:19)

  console.warn
    [world-validation] Room "room-isolated" is an orphan ΓÇö no exits or puzzles connect to it.

    [0m [90m 77 |[39m   [36mif[39m (validation[33m.[39mwarnings[33m.[39mlength [33m>[39m [35m0[39m) {
     [90m 78 |[39m     [36mfor[39m ([36mconst[39m warning [36mof[39m validation[33m.[39mwarnings) {
    [31m[1m>[22m[39m[90m 79 |[39m       console[33m.[39mwarn([32m`[world-validation] ${warning}`[39m)[33m;[39m
     [90m    |[39m               [31m[1m^[22m[39m
     [90m 80 |[39m     }
     [90m 81 |[39m   }
     [90m 82 |[39m[0m

      at warn (api/src/game-engine.js:79:15)
      at loadWorld (tests/game-engine.test.js:33:17)
      at freshSession (tests/game-engine.test.js:38:19)
      at Object.sessionWithPlayer (tests/game-engine.test.js:1520:19)

  console.warn
    [world-validation] Room "room-hub" has no items and no hazards (empty room).

    [0m [90m 77 |[39m   [36mif[39m (validation[33m.[39mwarnings[33m.[39mlength [33m>[39m [35m0[39m) {
     [90m 78 |[39m     [36mfor[39m ([36mconst[39m warning [36mof[39m validation[33m.[39mwarnings) {
    [31m[1m>[22m[39m[90m 79 |[39m       console[33m.[39mwarn([32m`[world-validation] ${warning}`[39m)[33m;[39m
     [90m    |[39m               [31m[1m^[22m[39m
     [90m 80 |[39m     }
     [90m 81 |[39m   }
     [90m 82 |[39m[0m

      at warn (api/src/game-engine.js:79:15)
      at loadWorld (tests/game-engine.test.js:33:17)
      at freshSession (tests/game-engine.test.js:43:17)
      at Object.sessionWithPlayers (tests/game-engine.test.js:1531:19)

  console.warn
    [world-validation] Room "room-hub-n" has no items and no hazards (empty room).

    [0m [90m 77 |[39m   [36mif[39m (validation[33m.[39mwarnings[33m.[39mlength [33m>[39m [35m0[39m) {
     [90m 78 |[39m     [36mfor[39m ([36mconst[39m warning [36mof[39m validation[33m.[39mwarnings) {
    [31m[1m>[22m[39m[90m 79 |[39m       console[33m.[39mwarn([32m`[world-validation] ${warning}`[39m)[33m;[39m
     [90m    |[39m               [31m[1m^[22m[39m
     [90m 80 |[39m     }
     [90m 81 |[39m   }
     [90m 82 |[39m[0m

      at warn (api/src/game-engine.js:79:15)
      at loadWorld (tests/game-engine.test.js:33:17)
      at freshSession (tests/game-engine.test.js:43:17)
      at Object.sessionWithPlayers (tests/game-engine.test.js:1531:19)

  console.warn
    [world-validation] Room "room-hub-e" has no items and no hazards (empty room).

    [0m [90m 77 |[39m   [36mif[39m (validation[33m.[39mwarnings[33m.[39mlength [33m>[39m [35m0[39m) {
     [90m 78 |[39m     [36mfor[39m ([36mconst[39m warning [36mof[39m validation[33m.[39mwarnings) {
    [31m[1m>[22m[39m[90m 79 |[39m       console[33m.[39mwarn([32m`[world-validation] ${warning}`[39m)[33m;[39m
     [90m    |[39m               [31m[1m^[22m[39m
     [90m 80 |[39m     }
     [90m 81 |[39m   }
     [90m 82 |[39m[0m

      at warn (api/src/game-engine.js:79:15)
      at loadWorld (tests/game-engine.test.js:33:17)
      at freshSession (tests/game-engine.test.js:43:17)
      at Object.sessionWithPlayers (tests/game-engine.test.js:1531:19)

  console.warn
    [world-validation] Room "room-hub-w" has no items and no hazards (empty room).

    [0m [90m 77 |[39m   [36mif[39m (validation[33m.[39mwarnings[33m.[39mlength [33m>[39m [35m0[39m) {
     [90m 78 |[39m     [36mfor[39m ([36mconst[39m warning [36mof[39m validation[33m.[39mwarnings) {
    [31m[1m>[22m[39m[90m 79 |[39m       console[33m.[39mwarn([32m`[world-validation] ${warning}`[39m)[33m;[39m
     [90m    |[39m               [31m[1m^[22m[39m
     [90m 80 |[39m     }
     [90m 81 |[39m   }
     [90m 82 |[39m[0m

      at warn (api/src/game-engine.js:79:15)
      at loadWorld (tests/game-engine.test.js:33:17)
      at freshSession (tests/game-engine.test.js:43:17)
      at Object.sessionWithPlayers (tests/game-engine.test.js:1531:19)

  console.warn
    [world-validation] Room "room-isolated" has no items and no hazards (empty room).

    [0m [90m 77 |[39m   [36mif[39m (validation[33m.[39mwarnings[33m.[39mlength [33m>[39m [35m0[39m) {
     [90m 78 |[39m     [36mfor[39m ([36mconst[39m warning [36mof[39m validation[33m.[39mwarnings) {
    [31m[1m>[22m[39m[90m 79 |[39m       console[33m.[39mwarn([32m`[world-validation] ${warning}`[39m)[33m;[39m
     [90m    |[39m               [31m[1m^[22m[39m
     [90m 80 |[39m     }
     [90m 81 |[39m   }
     [90m 82 |[39m[0m

      at warn (api/src/game-engine.js:79:15)
      at loadWorld (tests/game-engine.test.js:33:17)
      at freshSession (tests/game-engine.test.js:43:17)
      at Object.sessionWithPlayers (tests/game-engine.test.js:1531:19)

  console.warn
    [world-validation] Room "room-isolated" is an orphan ΓÇö no exits or puzzles connect to it.

    [0m [90m 77 |[39m   [36mif[39m (validation[33m.[39mwarnings[33m.[39mlength [33m>[39m [35m0[39m) {
     [90m 78 |[39m     [36mfor[39m ([36mconst[39m warning [36mof[39m validation[33m.[39mwarnings) {
    [31m[1m>[22m[39m[90m 79 |[39m       console[33m.[39mwarn([32m`[world-validation] ${warning}`[39m)[33m;[39m
     [90m    |[39m               [31m[1m^[22m[39m
     [90m 80 |[39m     }
     [90m 81 |[39m   }
     [90m 82 |[39m[0m

      at warn (api/src/game-engine.js:79:15)
      at loadWorld (tests/game-engine.test.js:33:17)
      at freshSession (tests/game-engine.test.js:43:17)
      at Object.sessionWithPlayers (tests/game-engine.test.js:1531:19)

  console.warn
    [world-validation] Room "room-hub" has no items and no hazards (empty room).

    [0m [90m 77 |[39m   [36mif[39m (validation[33m.[39mwarnings[33m.[39mlength [33m>[39m [35m0[39m) {
     [90m 78 |[39m     [36mfor[39m ([36mconst[39m warning [36mof[39m validation[33m.[39mwarnings) {
    [31m[1m>[22m[39m[90m 79 |[39m       console[33m.[39mwarn([32m`[world-validation] ${warning}`[39m)[33m;[39m
     [90m    |[39m               [31m[1m^[22m[39m
     [90m 80 |[39m     }
     [90m 81 |[39m   }
     [90m 82 |[39m[0m

      at warn (api/src/game-engine.js:79:15)
      at loadWorld (tests/game-engine.test.js:33:17)
      at freshSession (tests/game-engine.test.js:43:17)
      at Object.sessionWithPlayers (tests/game-engine.test.js:1552:19)

  console.warn
    [world-validation] Room "room-hub-n" has no items and no hazards (empty room).

    [0m [90m 77 |[39m   [36mif[39m (validation[33m.[39mwarnings[33m.[39mlength [33m>[39m [35m0[39m) {
     [90m 78 |[39m     [36mfor[39m ([36mconst[39m warning [36mof[39m validation[33m.[39mwarnings) {
    [31m[1m>[22m[39m[90m 79 |[39m       console[33m.[39mwarn([32m`[world-validation] ${warning}`[39m)[33m;[39m
     [90m    |[39m               [31m[1m^[22m[39m
     [90m 80 |[39m     }
     [90m 81 |[39m   }
     [90m 82 |[39m[0m

      at warn (api/src/game-engine.js:79:15)
      at loadWorld (tests/game-engine.test.js:33:17)
      at freshSession (tests/game-engine.test.js:43:17)
      at Object.sessionWithPlayers (tests/game-engine.test.js:1552:19)

  console.warn
    [world-validation] Room "room-hub-e" has no items and no hazards (empty room).

    [0m [90m 77 |[39m   [36mif[39m (validation[33m.[39mwarnings[33m.[39mlength [33m>[39m [35m0[39m) {
     [90m 78 |[39m     [36mfor[39m ([36mconst[39m warning [36mof[39m validation[33m.[39mwarnings) {
    [31m[1m>[22m[39m[90m 79 |[39m       console[33m.[39mwarn([32m`[world-validation] ${warning}`[39m)[33m;[39m
     [90m    |[39m               [31m[1m^[22m[39m
     [90m 80 |[39m     }
     [90m 81 |[39m   }
     [90m 82 |[39m[0m

      at warn (api/src/game-engine.js:79:15)
      at loadWorld (tests/game-engine.test.js:33:17)
      at freshSession (tests/game-engine.test.js:43:17)
      at Object.sessionWithPlayers (tests/game-engine.test.js:1552:19)

  console.warn
    [world-validation] Room "room-hub-w" has no items and no hazards (empty room).

    [0m [90m 77 |[39m   [36mif[39m (validation[33m.[39mwarnings[33m.[39mlength [33m>[39m [35m0[39m) {
     [90m 78 |[39m     [36mfor[39m ([36mconst[39m warning [36mof[39m validation[33m.[39mwarnings) {
    [31m[1m>[22m[39m[90m 79 |[39m       console[33m.[39mwarn([32m`[world-validation] ${warning}`[39m)[33m;[39m
     [90m    |[39m               [31m[1m^[22m[39m
     [90m 80 |[39m     }
     [90m 81 |[39m   }
     [90m 82 |[39m[0m

      at warn (api/src/game-engine.js:79:15)
      at loadWorld (tests/game-engine.test.js:33:17)
      at freshSession (tests/game-engine.test.js:43:17)
      at Object.sessionWithPlayers (tests/game-engine.test.js:1552:19)

  console.warn
    [world-validation] Room "room-isolated" has no items and no hazards (empty room).

    [0m [90m 77 |[39m   [36mif[39m (validation[33m.[39mwarnings[33m.[39mlength [33m>[39m [35m0[39m) {
     [90m 78 |[39m     [36mfor[39m ([36mconst[39m warning [36mof[39m validation[33m.[39mwarnings) {
    [31m[1m>[22m[39m[90m 79 |[39m       console[33m.[39mwarn([32m`[world-validation] ${warning}`[39m)[33m;[39m
     [90m    |[39m               [31m[1m^[22m[39m
     [90m 80 |[39m     }
     [90m 81 |[39m   }
     [90m 82 |[39m[0m

      at warn (api/src/game-engine.js:79:15)
      at loadWorld (tests/game-engine.test.js:33:17)
      at freshSession (tests/game-engine.test.js:43:17)
      at Object.sessionWithPlayers (tests/game-engine.test.js:1552:19)

  console.warn
    [world-validation] Room "room-isolated" is an orphan ΓÇö no exits or puzzles connect to it.

    [0m [90m 77 |[39m   [36mif[39m (validation[33m.[39mwarnings[33m.[39mlength [33m>[39m [35m0[39m) {
     [90m 78 |[39m     [36mfor[39m ([36mconst[39m warning [36mof[39m validation[33m.[39mwarnings) {
    [31m[1m>[22m[39m[90m 79 |[39m       console[33m.[39mwarn([32m`[world-validation] ${warning}`[39m)[33m;[39m
     [90m    |[39m               [31m[1m^[22m[39m
     [90m 80 |[39m     }
     [90m 81 |[39m   }
     [90m 82 |[39m[0m

      at warn (api/src/game-engine.js:79:15)
      at loadWorld (tests/game-engine.test.js:33:17)
      at freshSession (tests/game-engine.test.js:43:17)
      at Object.sessionWithPlayers (tests/game-engine.test.js:1552:19)

  console.warn
    [world-validation] Room "room-hub" has no items and no hazards (empty room).

    [0m [90m 77 |[39m   [36mif[39m (validation[33m.[39mwarnings[33m.[39mlength [33m>[39m [35m0[39m) {
     [90m 78 |[39m     [36mfor[39m ([36mconst[39m warning [36mof[39m validation[33m.[39mwarnings) {
    [31m[1m>[22m[39m[90m 79 |[39m       console[33m.[39mwarn([32m`[world-validation] ${warning}`[39m)[33m;[39m
     [90m    |[39m               [31m[1m^[22m[39m
     [90m 80 |[39m     }
     [90m 81 |[39m   }
     [90m 82 |[39m[0m

      at warn (api/src/game-engine.js:79:15)
      at loadWorld (tests/game-engine.test.js:33:17)
      at freshSession (tests/game-engine.test.js:38:19)
      at Object.sessionWithPlayer (tests/game-engine.test.js:1582:19)

  console.warn
    [world-validation] Room "room-hub-n" has no items and no hazards (empty room).

    [0m [90m 77 |[39m   [36mif[39m (validation[33m.[39mwarnings[33m.[39mlength [33m>[39m [35m0[39m) {
     [90m 78 |[39m     [36mfor[39m ([36mconst[39m warning [36mof[39m validation[33m.[39mwarnings) {
    [31m[1m>[22m[39m[90m 79 |[39m       console[33m.[39mwarn([32m`[world-validation] ${warning}`[39m)[33m;[39m
     [90m    |[39m               [31m[1m^[22m[39m
     [90m 80 |[39m     }
     [90m 81 |[39m   }
     [90m 82 |[39m[0m

      at warn (api/src/game-engine.js:79:15)
      at loadWorld (tests/game-engine.test.js:33:17)
      at freshSession (tests/game-engine.test.js:38:19)
      at Object.sessionWithPlayer (tests/game-engine.test.js:1582:19)

  console.warn
    [world-validation] Room "room-hub-e" has no items and no hazards (empty room).

    [0m [90m 77 |[39m   [36mif[39m (validation[33m.[39mwarnings[33m.[39mlength [33m>[39m [35m0[39m) {
     [90m 78 |[39m     [36mfor[39m ([36mconst[39m warning [36mof[39m validation[33m.[39mwarnings) {
    [31m[1m>[22m[39m[90m 79 |[39m       console[33m.[39mwarn([32m`[world-validation] ${warning}`[39m)[33m;[39m
     [90m    |[39m               [31m[1m^[22m[39m
     [90m 80 |[39m     }
     [90m 81 |[39m   }
     [90m 82 |[39m[0m

      at warn (api/src/game-engine.js:79:15)
      at loadWorld (tests/game-engine.test.js:33:17)
      at freshSession (tests/game-engine.test.js:38:19)
      at Object.sessionWithPlayer (tests/game-engine.test.js:1582:19)

  console.warn
    [world-validation] Room "room-hub-w" has no items and no hazards (empty room).

    [0m [90m 77 |[39m   [36mif[39m (validation[33m.[39mwarnings[33m.[39mlength [33m>[39m [35m0[39m) {
     [90m 78 |[39m     [36mfor[39m ([36mconst[39m warning [36mof[39m validation[33m.[39mwarnings) {
    [31m[1m>[22m[39m[90m 79 |[39m       console[33m.[39mwarn([32m`[world-validation] ${warning}`[39m)[33m;[39m
     [90m    |[39m               [31m[1m^[22m[39m
     [90m 80 |[39m     }
     [90m 81 |[39m   }
     [90m 82 |[39m[0m

      at warn (api/src/game-engine.js:79:15)
      at loadWorld (tests/game-engine.test.js:33:17)
      at freshSession (tests/game-engine.test.js:38:19)
      at Object.sessionWithPlayer (tests/game-engine.test.js:1582:19)

  console.warn
    [world-validation] Room "room-isolated" has no items and no hazards (empty room).

    [0m [90m 77 |[39m   [36mif[39m (validation[33m.[39mwarnings[33m.[39mlength [33m>[39m [35m0[39m) {
     [90m 78 |[39m     [36mfor[39m ([36mconst[39m warning [36mof[39m validation[33m.[39mwarnings) {
    [31m[1m>[22m[39m[90m 79 |[39m       console[33m.[39mwarn([32m`[world-validation] ${warning}`[39m)[33m;[39m
     [90m    |[39m               [31m[1m^[22m[39m
     [90m 80 |[39m     }
     [90m 81 |[39m   }
     [90m 82 |[39m[0m

      at warn (api/src/game-engine.js:79:15)
      at loadWorld (tests/game-engine.test.js:33:17)
      at freshSession (tests/game-engine.test.js:38:19)
      at Object.sessionWithPlayer (tests/game-engine.test.js:1582:19)

  console.warn
    [world-validation] Room "room-isolated" is an orphan ΓÇö no exits or puzzles connect to it.

    [0m [90m 77 |[39m   [36mif[39m (validation[33m.[39mwarnings[33m.[39mlength [33m>[39m [35m0[39m) {
     [90m 78 |[39m     [36mfor[39m ([36mconst[39m warning [36mof[39m validation[33m.[39mwarnings) {
    [31m[1m>[22m[39m[90m 79 |[39m       console[33m.[39mwarn([32m`[world-validation] ${warning}`[39m)[33m;[39m
     [90m    |[39m               [31m[1m^[22m[39m
     [90m 80 |[39m     }
     [90m 81 |[39m   }
     [90m 82 |[39m[0m

      at warn (api/src/game-engine.js:79:15)
      at loadWorld (tests/game-engine.test.js:33:17)
      at freshSession (tests/game-engine.test.js:38:19)
      at Object.sessionWithPlayer (tests/game-engine.test.js:1582:19)

  console.warn
    [world-validation] Room "room-hub" has no items and no hazards (empty room).

    [0m [90m 77 |[39m   [36mif[39m (validation[33m.[39mwarnings[33m.[39mlength [33m>[39m [35m0[39m) {
     [90m 78 |[39m     [36mfor[39m ([36mconst[39m warning [36mof[39m validation[33m.[39mwarnings) {
    [31m[1m>[22m[39m[90m 79 |[39m       console[33m.[39mwarn([32m`[world-validation] ${warning}`[39m)[33m;[39m
     [90m    |[39m               [31m[1m^[22m[39m
     [90m 80 |[39m     }
     [90m 81 |[39m   }
     [90m 82 |[39m[0m

      at warn (api/src/game-engine.js:79:15)
      at loadWorld (tests/game-engine.test.js:33:17)
      at freshSession (tests/game-engine.test.js:38:19)
      at Object.sessionWithPlayer (tests/game-engine.test.js:1601:19)

  console.warn
    [world-validation] Room "room-hub-n" has no items and no hazards (empty room).

    [0m [90m 77 |[39m   [36mif[39m (validation[33m.[39mwarnings[33m.[39mlength [33m>[39m [35m0[39m) {
     [90m 78 |[39m     [36mfor[39m ([36mconst[39m warning [36mof[39m validation[33m.[39mwarnings) {
    [31m[1m>[22m[39m[90m 79 |[39m       console[33m.[39mwarn([32m`[world-validation] ${warning}`[39m)[33m;[39m
     [90m    |[39m               [31m[1m^[22m[39m
     [90m 80 |[39m     }
     [90m 81 |[39m   }
     [90m 82 |[39m[0m

      at warn (api/src/game-engine.js:79:15)
      at loadWorld (tests/game-engine.test.js:33:17)
      at freshSession (tests/game-engine.test.js:38:19)
      at Object.sessionWithPlayer (tests/game-engine.test.js:1601:19)

  console.warn
    [world-validation] Room "room-hub-e" has no items and no hazards (empty room).

    [0m [90m 77 |[39m   [36mif[39m (validation[33m.[39mwarnings[33m.[39mlength [33m>[39m [35m0[39m) {
     [90m 78 |[39m     [36mfor[39m ([36mconst[39m warning [36mof[39m validation[33m.[39mwarnings) {
    [31m[1m>[22m[39m[90m 79 |[39m       console[33m.[39mwarn([32m`[world-validation] ${warning}`[39m)[33m;[39m
     [90m    |[39m               [31m[1m^[22m[39m
     [90m 80 |[39m     }
     [90m 81 |[39m   }
     [90m 82 |[39m[0m

      at warn (api/src/game-engine.js:79:15)
      at loadWorld (tests/game-engine.test.js:33:17)
      at freshSession (tests/game-engine.test.js:38:19)
      at Object.sessionWithPlayer (tests/game-engine.test.js:1601:19)

  console.warn
    [world-validation] Room "room-hub-w" has no items and no hazards (empty room).

    [0m [90m 77 |[39m   [36mif[39m (validation[33m.[39mwarnings[33m.[39mlength [33m>[39m [35m0[39m) {
     [90m 78 |[39m     [36mfor[39m ([36mconst[39m warning [36mof[39m validation[33m.[39mwarnings) {
    [31m[1m>[22m[39m[90m 79 |[39m       console[33m.[39mwarn([32m`[world-validation] ${warning}`[39m)[33m;[39m
     [90m    |[39m               [31m[1m^[22m[39m
     [90m 80 |[39m     }
     [90m 81 |[39m   }
     [90m 82 |[39m[0m

      at warn (api/src/game-engine.js:79:15)
      at loadWorld (tests/game-engine.test.js:33:17)
      at freshSession (tests/game-engine.test.js:38:19)
      at Object.sessionWithPlayer (tests/game-engine.test.js:1601:19)

  console.warn
    [world-validation] Room "room-isolated" has no items and no hazards (empty room).

    [0m [90m 77 |[39m   [36mif[39m (validation[33m.[39mwarnings[33m.[39mlength [33m>[39m [35m0[39m) {
     [90m 78 |[39m     [36mfor[39m ([36mconst[39m warning [36mof[39m validation[33m.[39mwarnings) {
    [31m[1m>[22m[39m[90m 79 |[39m       console[33m.[39mwarn([32m`[world-validation] ${warning}`[39m)[33m;[39m
     [90m    |[39m               [31m[1m^[22m[39m
     [90m 80 |[39m     }
     [90m 81 |[39m   }
     [90m 82 |[39m[0m

      at warn (api/src/game-engine.js:79:15)
      at loadWorld (tests/game-engine.test.js:33:17)
      at freshSession (tests/game-engine.test.js:38:19)
      at Object.sessionWithPlayer (tests/game-engine.test.js:1601:19)

  console.warn
    [world-validation] Room "room-isolated" is an orphan ΓÇö no exits or puzzles connect to it.

    [0m [90m 77 |[39m   [36mif[39m (validation[33m.[39mwarnings[33m.[39mlength [33m>[39m [35m0[39m) {
     [90m 78 |[39m     [36mfor[39m ([36mconst[39m warning [36mof[39m validation[33m.[39mwarnings) {
    [31m[1m>[22m[39m[90m 79 |[39m       console[33m.[39mwarn([32m`[world-validation] ${warning}`[39m)[33m;[39m
     [90m    |[39m               [31m[1m^[22m[39m
     [90m 80 |[39m     }
     [90m 81 |[39m   }
     [90m 82 |[39m[0m

      at warn (api/src/game-engine.js:79:15)
      at loadWorld (tests/game-engine.test.js:33:17)
      at freshSession (tests/game-engine.test.js:38:19)
      at Object.sessionWithPlayer (tests/game-engine.test.js:1601:19)

  console.warn
    [world-validation] Room "room-hub" has no items and no hazards (empty room).

    [0m [90m 77 |[39m   [36mif[39m (validation[33m.[39mwarnings[33m.[39mlength [33m>[39m [35m0[39m) {
     [90m 78 |[39m     [36mfor[39m ([36mconst[39m warning [36mof[39m validation[33m.[39mwarnings) {
    [31m[1m>[22m[39m[90m 79 |[39m       console[33m.[39mwarn([32m`[world-validation] ${warning}`[39m)[33m;[39m
     [90m    |[39m               [31m[1m^[22m[39m
     [90m 80 |[39m     }
     [90m 81 |[39m   }
     [90m 82 |[39m[0m

      at warn (api/src/game-engine.js:79:15)
      at loadWorld (tests/game-engine.test.js:33:17)
      at freshSession (tests/game-engine.test.js:43:17)
      at Object.sessionWithPlayers (tests/game-engine.test.js:1617:19)

  console.warn
    [world-validation] Room "room-hub-n" has no items and no hazards (empty room).

    [0m [90m 77 |[39m   [36mif[39m (validation[33m.[39mwarnings[33m.[39mlength [33m>[39m [35m0[39m) {
     [90m 78 |[39m     [36mfor[39m ([36mconst[39m warning [36mof[39m validation[33m.[39mwarnings) {
    [31m[1m>[22m[39m[90m 79 |[39m       console[33m.[39mwarn([32m`[world-validation] ${warning}`[39m)[33m;[39m
     [90m    |[39m               [31m[1m^[22m[39m
     [90m 80 |[39m     }
     [90m 81 |[39m   }
     [90m 82 |[39m[0m

      at warn (api/src/game-engine.js:79:15)
      at loadWorld (tests/game-engine.test.js:33:17)
      at freshSession (tests/game-engine.test.js:43:17)
      at Object.sessionWithPlayers (tests/game-engine.test.js:1617:19)

  console.warn
    [world-validation] Room "room-hub-e" has no items and no hazards (empty room).

    [0m [90m 77 |[39m   [36mif[39m (validation[33m.[39mwarnings[33m.[39mlength [33m>[39m [35m0[39m) {
     [90m 78 |[39m     [36mfor[39m ([36mconst[39m warning [36mof[39m validation[33m.[39mwarnings) {
    [31m[1m>[22m[39m[90m 79 |[39m       console[33m.[39mwarn([32m`[world-validation] ${warning}`[39m)[33m;[39m
     [90m    |[39m               [31m[1m^[22m[39m
     [90m 80 |[39m     }
     [90m 81 |[39m   }
     [90m 82 |[39m[0m

      at warn (api/src/game-engine.js:79:15)
      at loadWorld (tests/game-engine.test.js:33:17)
      at freshSession (tests/game-engine.test.js:43:17)
      at Object.sessionWithPlayers (tests/game-engine.test.js:1617:19)

  console.warn
    [world-validation] Room "room-hub-w" has no items and no hazards (empty room).

    [0m [90m 77 |[39m   [36mif[39m (validation[33m.[39mwarnings[33m.[39mlength [33m>[39m [35m0[39m) {
     [90m 78 |[39m     [36mfor[39m ([36mconst[39m warning [36mof[39m validation[33m.[39mwarnings) {
    [31m[1m>[22m[39m[90m 79 |[39m       console[33m.[39mwarn([32m`[world-validation] ${warning}`[39m)[33m;[39m
     [90m    |[39m               [31m[1m^[22m[39m
     [90m 80 |[39m     }
     [90m 81 |[39m   }
     [90m 82 |[39m[0m

      at warn (api/src/game-engine.js:79:15)
      at loadWorld (tests/game-engine.test.js:33:17)
      at freshSession (tests/game-engine.test.js:43:17)
      at Object.sessionWithPlayers (tests/game-engine.test.js:1617:19)

  console.warn
    [world-validation] Room "room-isolated" has no items and no hazards (empty room).

    [0m [90m 77 |[39m   [36mif[39m (validation[33m.[39mwarnings[33m.[39mlength [33m>[39m [35m0[39m) {
     [90m 78 |[39m     [36mfor[39m ([36mconst[39m warning [36mof[39m validation[33m.[39mwarnings) {
    [31m[1m>[22m[39m[90m 79 |[39m       console[33m.[39mwarn([32m`[world-validation] ${warning}`[39m)[33m;[39m
     [90m    |[39m               [31m[1m^[22m[39m
     [90m 80 |[39m     }
     [90m 81 |[39m   }
     [90m 82 |[39m[0m

      at warn (api/src/game-engine.js:79:15)
      at loadWorld (tests/game-engine.test.js:33:17)
      at freshSession (tests/game-engine.test.js:43:17)
      at Object.sessionWithPlayers (tests/game-engine.test.js:1617:19)

  console.warn
    [world-validation] Room "room-isolated" is an orphan ΓÇö no exits or puzzles connect to it.

    [0m [90m 77 |[39m   [36mif[39m (validation[33m.[39mwarnings[33m.[39mlength [33m>[39m [35m0[39m) {
     [90m 78 |[39m     [36mfor[39m ([36mconst[39m warning [36mof[39m validation[33m.[39mwarnings) {
    [31m[1m>[22m[39m[90m 79 |[39m       console[33m.[39mwarn([32m`[world-validation] ${warning}`[39m)[33m;[39m
     [90m    |[39m               [31m[1m^[22m[39m
     [90m 80 |[39m     }
     [90m 81 |[39m   }
     [90m 82 |[39m[0m

      at warn (api/src/game-engine.js:79:15)
      at loadWorld (tests/game-engine.test.js:33:17)
      at freshSession (tests/game-engine.test.js:43:17)
      at Object.sessionWithPlayers (tests/game-engine.test.js:1617:19)

  console.warn
    [world-validation] Room "room-hub" has no items and no hazards (empty room).

    [0m [90m 77 |[39m   [36mif[39m (validation[33m.[39mwarnings[33m.[39mlength [33m>[39m [35m0[39m) {
     [90m 78 |[39m     [36mfor[39m ([36mconst[39m warning [36mof[39m validation[33m.[39mwarnings) {
    [31m[1m>[22m[39m[90m 79 |[39m       console[33m.[39mwarn([32m`[world-validation] ${warning}`[39m)[33m;[39m
     [90m    |[39m               [31m[1m^[22m[39m
     [90m 80 |[39m     }
     [90m 81 |[39m   }
     [90m 82 |[39m[0m

      at warn (api/src/game-engine.js:79:15)
      at loadWorld (tests/game-engine.test.js:33:17)
      at freshSession (tests/game-engine.test.js:43:17)
      at Object.sessionWithPlayers (tests/game-engine.test.js:1631:19)

  console.warn
    [world-validation] Room "room-hub-n" has no items and no hazards (empty room).

    [0m [90m 77 |[39m   [36mif[39m (validation[33m.[39mwarnings[33m.[39mlength [33m>[39m [35m0[39m) {
     [90m 78 |[39m     [36mfor[39m ([36mconst[39m warning [36mof[39m validation[33m.[39mwarnings) {
    [31m[1m>[22m[39m[90m 79 |[39m       console[33m.[39mwarn([32m`[world-validation] ${warning}`[39m)[33m;[39m
     [90m    |[39m               [31m[1m^[22m[39m
     [90m 80 |[39m     }
     [90m 81 |[39m   }
     [90m 82 |[39m[0m

      at warn (api/src/game-engine.js:79:15)
      at loadWorld (tests/game-engine.test.js:33:17)
      at freshSession (tests/game-engine.test.js:43:17)
      at Object.sessionWithPlayers (tests/game-engine.test.js:1631:19)

  console.warn
    [world-validation] Room "room-hub-e" has no items and no hazards (empty room).

    [0m [90m 77 |[39m   [36mif[39m (validation[33m.[39mwarnings[33m.[39mlength [33m>[39m [35m0[39m) {
     [90m 78 |[39m     [36mfor[39m ([36mconst[39m warning [36mof[39m validation[33m.[39mwarnings) {
    [31m[1m>[22m[39m[90m 79 |[39m       console[33m.[39mwarn([32m`[world-validation] ${warning}`[39m)[33m;[39m
     [90m    |[39m               [31m[1m^[22m[39m
     [90m 80 |[39m     }
     [90m 81 |[39m   }
     [90m 82 |[39m[0m

      at warn (api/src/game-engine.js:79:15)
      at loadWorld (tests/game-engine.test.js:33:17)
      at freshSession (tests/game-engine.test.js:43:17)
      at Object.sessionWithPlayers (tests/game-engine.test.js:1631:19)

  console.warn
    [world-validation] Room "room-hub-w" has no items and no hazards (empty room).

    [0m [90m 77 |[39m   [36mif[39m (validation[33m.[39mwarnings[33m.[39mlength [33m>[39m [35m0[39m) {
     [90m 78 |[39m     [36mfor[39m ([36mconst[39m warning [36mof[39m validation[33m.[39mwarnings) {
    [31m[1m>[22m[39m[90m 79 |[39m       console[33m.[39mwarn([32m`[world-validation] ${warning}`[39m)[33m;[39m
     [90m    |[39m               [31m[1m^[22m[39m
     [90m 80 |[39m     }
     [90m 81 |[39m   }
     [90m 82 |[39m[0m

      at warn (api/src/game-engine.js:79:15)
      at loadWorld (tests/game-engine.test.js:33:17)
      at freshSession (tests/game-engine.test.js:43:17)
      at Object.sessionWithPlayers (tests/game-engine.test.js:1631:19)

  console.warn
    [world-validation] Room "room-isolated" has no items and no hazards (empty room).

    [0m [90m 77 |[39m   [36mif[39m (validation[33m.[39mwarnings[33m.[39mlength [33m>[39m [35m0[39m) {
     [90m 78 |[39m     [36mfor[39m ([36mconst[39m warning [36mof[39m validation[33m.[39mwarnings) {
    [31m[1m>[22m[39m[90m 79 |[39m       console[33m.[39mwarn([32m`[world-validation] ${warning}`[39m)[33m;[39m
     [90m    |[39m               [31m[1m^[22m[39m
     [90m 80 |[39m     }
     [90m 81 |[39m   }
     [90m 82 |[39m[0m

      at warn (api/src/game-engine.js:79:15)
      at loadWorld (tests/game-engine.test.js:33:17)
      at freshSession (tests/game-engine.test.js:43:17)
      at Object.sessionWithPlayers (tests/game-engine.test.js:1631:19)

  console.warn
    [world-validation] Room "room-isolated" is an orphan ΓÇö no exits or puzzles connect to it.

    [0m [90m 77 |[39m   [36mif[39m (validation[33m.[39mwarnings[33m.[39mlength [33m>[39m [35m0[39m) {
     [90m 78 |[39m     [36mfor[39m ([36mconst[39m warning [36mof[39m validation[33m.[39mwarnings) {
    [31m[1m>[22m[39m[90m 79 |[39m       console[33m.[39mwarn([32m`[world-validation] ${warning}`[39m)[33m;[39m
     [90m    |[39m               [31m[1m^[22m[39m
     [90m 80 |[39m     }
     [90m 81 |[39m   }
     [90m 82 |[39m[0m

      at warn (api/src/game-engine.js:79:15)
      at loadWorld (tests/game-engine.test.js:33:17)
      at freshSession (tests/game-engine.test.js:43:17)
      at Object.sessionWithPlayers (tests/game-engine.test.js:1631:19)

  console.warn
    [world-validation] Room "room-hub" has no items and no hazards (empty room).

    [0m [90m 77 |[39m   [36mif[39m (validation[33m.[39mwarnings[33m.[39mlength [33m>[39m [35m0[39m) {
     [90m 78 |[39m     [36mfor[39m ([36mconst[39m warning [36mof[39m validation[33m.[39mwarnings) {
    [31m[1m>[22m[39m[90m 79 |[39m       console[33m.[39mwarn([32m`[world-validation] ${warning}`[39m)[33m;[39m
     [90m    |[39m               [31m[1m^[22m[39m
     [90m 80 |[39m     }
     [90m 81 |[39m   }
     [90m 82 |[39m[0m

      at warn (api/src/game-engine.js:79:15)
      at loadWorld (tests/game-engine.test.js:33:17)
      at freshSession (tests/game-engine.test.js:38:19)
      at Object.sessionWithPlayer (tests/game-engine.test.js:1654:21)

  console.warn
    [world-validation] Room "room-hub-n" has no items and no hazards (empty room).

    [0m [90m 77 |[39m   [36mif[39m (validation[33m.[39mwarnings[33m.[39mlength [33m>[39m [35m0[39m) {
     [90m 78 |[39m     [36mfor[39m ([36mconst[39m warning [36mof[39m validation[33m.[39mwarnings) {
    [31m[1m>[22m[39m[90m 79 |[39m       console[33m.[39mwarn([32m`[world-validation] ${warning}`[39m)[33m;[39m
     [90m    |[39m               [31m[1m^[22m[39m
     [90m 80 |[39m     }
     [90m 81 |[39m   }
     [90m 82 |[39m[0m

      at warn (api/src/game-engine.js:79:15)
      at loadWorld (tests/game-engine.test.js:33:17)
      at freshSession (tests/game-engine.test.js:38:19)
      at Object.sessionWithPlayer (tests/game-engine.test.js:1654:21)

  console.warn
    [world-validation] Room "room-hub-e" has no items and no hazards (empty room).

    [0m [90m 77 |[39m   [36mif[39m (validation[33m.[39mwarnings[33m.[39mlength [33m>[39m [35m0[39m) {
     [90m 78 |[39m     [36mfor[39m ([36mconst[39m warning [36mof[39m validation[33m.[39mwarnings) {
    [31m[1m>[22m[39m[90m 79 |[39m       console[33m.[39mwarn([32m`[world-validation] ${warning}`[39m)[33m;[39m
     [90m    |[39m               [31m[1m^[22m[39m
     [90m 80 |[39m     }
     [90m 81 |[39m   }
     [90m 82 |[39m[0m

      at warn (api/src/game-engine.js:79:15)
      at loadWorld (tests/game-engine.test.js:33:17)
      at freshSession (tests/game-engine.test.js:38:19)
      at Object.sessionWithPlayer (tests/game-engine.test.js:1654:21)

  console.warn
    [world-validation] Room "room-hub-w" has no items and no hazards (empty room).

    [0m [90m 77 |[39m   [36mif[39m (validation[33m.[39mwarnings[33m.[39mlength [33m>[39m [35m0[39m) {
     [90m 78 |[39m     [36mfor[39m ([36mconst[39m warning [36mof[39m validation[33m.[39mwarnings) {
    [31m[1m>[22m[39m[90m 79 |[39m       console[33m.[39mwarn([32m`[world-validation] ${warning}`[39m)[33m;[39m
     [90m    |[39m               [31m[1m^[22m[39m
     [90m 80 |[39m     }
     [90m 81 |[39m   }
     [90m 82 |[39m[0m

      at warn (api/src/game-engine.js:79:15)
      at loadWorld (tests/game-engine.test.js:33:17)
      at freshSession (tests/game-engine.test.js:38:19)
      at Object.sessionWithPlayer (tests/game-engine.test.js:1654:21)

  console.warn
    [world-validation] Room "room-isolated" has no items and no hazards (empty room).

    [0m [90m 77 |[39m   [36mif[39m (validation[33m.[39mwarnings[33m.[39mlength [33m>[39m [35m0[39m) {
     [90m 78 |[39m     [36mfor[39m ([36mconst[39m warning [36mof[39m validation[33m.[39mwarnings) {
    [31m[1m>[22m[39m[90m 79 |[39m       console[33m.[39mwarn([32m`[world-validation] ${warning}`[39m)[33m;[39m
     [90m    |[39m               [31m[1m^[22m[39m
     [90m 80 |[39m     }
     [90m 81 |[39m   }
     [90m 82 |[39m[0m

      at warn (api/src/game-engine.js:79:15)
      at loadWorld (tests/game-engine.test.js:33:17)
      at freshSession (tests/game-engine.test.js:38:19)
      at Object.sessionWithPlayer (tests/game-engine.test.js:1654:21)

  console.warn
    [world-validation] Room "room-isolated" is an orphan ΓÇö no exits or puzzles connect to it.

    [0m [90m 77 |[39m   [36mif[39m (validation[33m.[39mwarnings[33m.[39mlength [33m>[39m [35m0[39m) {
     [90m 78 |[39m     [36mfor[39m ([36mconst[39m warning [36mof[39m validation[33m.[39mwarnings) {
    [31m[1m>[22m[39m[90m 79 |[39m       console[33m.[39mwarn([32m`[world-validation] ${warning}`[39m)[33m;[39m
     [90m    |[39m               [31m[1m^[22m[39m
     [90m 80 |[39m     }
     [90m 81 |[39m   }
     [90m 82 |[39m[0m

      at warn (api/src/game-engine.js:79:15)
      at loadWorld (tests/game-engine.test.js:33:17)
      at freshSession (tests/game-engine.test.js:38:19)
      at Object.sessionWithPlayer (tests/game-engine.test.js:1654:21)

  console.warn
    [world-validation] Room "room-hub" has no items and no hazards (empty room).

    [0m [90m 77 |[39m   [36mif[39m (validation[33m.[39mwarnings[33m.[39mlength [33m>[39m [35m0[39m) {
     [90m 78 |[39m     [36mfor[39m ([36mconst[39m warning [36mof[39m validation[33m.[39mwarnings) {
    [31m[1m>[22m[39m[90m 79 |[39m       console[33m.[39mwarn([32m`[world-validation] ${warning}`[39m)[33m;[39m
     [90m    |[39m               [31m[1m^[22m[39m
     [90m 80 |[39m     }
     [90m 81 |[39m   }
     [90m 82 |[39m[0m

      at warn (api/src/game-engine.js:79:15)
      at loadWorld (tests/game-engine.test.js:33:17)
      at freshSession (tests/game-engine.test.js:43:17)
      at Object.sessionWithPlayers (tests/game-engine.test.js:1667:21)

  console.warn
    [world-validation] Room "room-hub-n" has no items and no hazards (empty room).

    [0m [90m 77 |[39m   [36mif[39m (validation[33m.[39mwarnings[33m.[39mlength [33m>[39m [35m0[39m) {
     [90m 78 |[39m     [36mfor[39m ([36mconst[39m warning [36mof[39m validation[33m.[39mwarnings) {
    [31m[1m>[22m[39m[90m 79 |[39m       console[33m.[39mwarn([32m`[world-validation] ${warning}`[39m)[33m;[39m
     [90m    |[39m               [31m[1m^[22m[39m
     [90m 80 |[39m     }
     [90m 81 |[39m   }
     [90m 82 |[39m[0m

      at warn (api/src/game-engine.js:79:15)
      at loadWorld (tests/game-engine.test.js:33:17)
      at freshSession (tests/game-engine.test.js:43:17)
      at Object.sessionWithPlayers (tests/game-engine.test.js:1667:21)

  console.warn
    [world-validation] Room "room-hub-e" has no items and no hazards (empty room).

    [0m [90m 77 |[39m   [36mif[39m (validation[33m.[39mwarnings[33m.[39mlength [33m>[39m [35m0[39m) {
     [90m 78 |[39m     [36mfor[39m ([36mconst[39m warning [36mof[39m validation[33m.[39mwarnings) {
    [31m[1m>[22m[39m[90m 79 |[39m       console[33m.[39mwarn([32m`[world-validation] ${warning}`[39m)[33m;[39m
     [90m    |[39m               [31m[1m^[22m[39m
     [90m 80 |[39m     }
     [90m 81 |[39m   }
     [90m 82 |[39m[0m

      at warn (api/src/game-engine.js:79:15)
      at loadWorld (tests/game-engine.test.js:33:17)
      at freshSession (tests/game-engine.test.js:43:17)
      at Object.sessionWithPlayers (tests/game-engine.test.js:1667:21)

  console.warn
    [world-validation] Room "room-hub-w" has no items and no hazards (empty room).

    [0m [90m 77 |[39m   [36mif[39m (validation[33m.[39mwarnings[33m.[39mlength [33m>[39m [35m0[39m) {
     [90m 78 |[39m     [36mfor[39m ([36mconst[39m warning [36mof[39m validation[33m.[39mwarnings) {
    [31m[1m>[22m[39m[90m 79 |[39m       console[33m.[39mwarn([32m`[world-validation] ${warning}`[39m)[33m;[39m
     [90m    |[39m               [31m[1m^[22m[39m
     [90m 80 |[39m     }
     [90m 81 |[39m   }
     [90m 82 |[39m[0m

      at warn (api/src/game-engine.js:79:15)
      at loadWorld (tests/game-engine.test.js:33:17)
      at freshSession (tests/game-engine.test.js:43:17)
      at Object.sessionWithPlayers (tests/game-engine.test.js:1667:21)

  console.warn
    [world-validation] Room "room-isolated" has no items and no hazards (empty room).

    [0m [90m 77 |[39m   [36mif[39m (validation[33m.[39mwarnings[33m.[39mlength [33m>[39m [35m0[39m) {
     [90m 78 |[39m     [36mfor[39m ([36mconst[39m warning [36mof[39m validation[33m.[39mwarnings) {
    [31m[1m>[22m[39m[90m 79 |[39m       console[33m.[39mwarn([32m`[world-validation] ${warning}`[39m)[33m;[39m
     [90m    |[39m               [31m[1m^[22m[39m
     [90m 80 |[39m     }
     [90m 81 |[39m   }
     [90m 82 |[39m[0m

      at warn (api/src/game-engine.js:79:15)
      at loadWorld (tests/game-engine.test.js:33:17)
      at freshSession (tests/game-engine.test.js:43:17)
      at Object.sessionWithPlayers (tests/game-engine.test.js:1667:21)

  console.warn
    [world-validation] Room "room-isolated" is an orphan ΓÇö no exits or puzzles connect to it.

    [0m [90m 77 |[39m   [36mif[39m (validation[33m.[39mwarnings[33m.[39mlength [33m>[39m [35m0[39m) {
     [90m 78 |[39m     [36mfor[39m ([36mconst[39m warning [36mof[39m validation[33m.[39mwarnings) {
    [31m[1m>[22m[39m[90m 79 |[39m       console[33m.[39mwarn([32m`[world-validation] ${warning}`[39m)[33m;[39m
     [90m    |[39m               [31m[1m^[22m[39m
     [90m 80 |[39m     }
     [90m 81 |[39m   }
     [90m 82 |[39m[0m

      at warn (api/src/game-engine.js:79:15)
      at loadWorld (tests/game-engine.test.js:33:17)
      at freshSession (tests/game-engine.test.js:43:17)
      at Object.sessionWithPlayers (tests/game-engine.test.js:1667:21)

  console.warn
    [world-validation] Room "room-hub" has no items and no hazards (empty room).

    [0m [90m 77 |[39m   [36mif[39m (validation[33m.[39mwarnings[33m.[39mlength [33m>[39m [35m0[39m) {
     [90m 78 |[39m     [36mfor[39m ([36mconst[39m warning [36mof[39m validation[33m.[39mwarnings) {
    [31m[1m>[22m[39m[90m 79 |[39m       console[33m.[39mwarn([32m`[world-validation] ${warning}`[39m)[33m;[39m
     [90m    |[39m               [31m[1m^[22m[39m
     [90m 80 |[39m     }
     [90m 81 |[39m   }
     [90m 82 |[39m[0m

      at warn (api/src/game-engine.js:79:15)
      at loadWorld (tests/game-engine.test.js:33:17)
      at freshSession (tests/game-engine.test.js:43:17)
      at Object.sessionWithPlayers (tests/game-engine.test.js:1674:21)

  console.warn
    [world-validation] Room "room-hub-n" has no items and no hazards (empty room).

    [0m [90m 77 |[39m   [36mif[39m (validation[33m.[39mwarnings[33m.[39mlength [33m>[39m [35m0[39m) {
     [90m 78 |[39m     [36mfor[39m ([36mconst[39m warning [36mof[39m validation[33m.[39mwarnings) {
    [31m[1m>[22m[39m[90m 79 |[39m       console[33m.[39mwarn([32m`[world-validation] ${warning}`[39m)[33m;[39m
     [90m    |[39m               [31m[1m^[22m[39m
     [90m 80 |[39m     }
     [90m 81 |[39m   }
     [90m 82 |[39m[0m

      at warn (api/src/game-engine.js:79:15)
      at loadWorld (tests/game-engine.test.js:33:17)
      at freshSession (tests/game-engine.test.js:43:17)
      at Object.sessionWithPlayers (tests/game-engine.test.js:1674:21)

  console.warn
    [world-validation] Room "room-hub-e" has no items and no hazards (empty room).

    [0m [90m 77 |[39m   [36mif[39m (validation[33m.[39mwarnings[33m.[39mlength [33m>[39m [35m0[39m) {
     [90m 78 |[39m     [36mfor[39m ([36mconst[39m warning [36mof[39m validation[33m.[39mwarnings) {
    [31m[1m>[22m[39m[90m 79 |[39m       console[33m.[39mwarn([32m`[world-validation] ${warning}`[39m)[33m;[39m
     [90m    |[39m               [31m[1m^[22m[39m
     [90m 80 |[39m     }
     [90m 81 |[39m   }
     [90m 82 |[39m[0m

      at warn (api/src/game-engine.js:79:15)
      at loadWorld (tests/game-engine.test.js:33:17)
      at freshSession (tests/game-engine.test.js:43:17)
      at Object.sessionWithPlayers (tests/game-engine.test.js:1674:21)

  console.warn
    [world-validation] Room "room-hub-w" has no items and no hazards (empty room).

    [0m [90m 77 |[39m   [36mif[39m (validation[33m.[39mwarnings[33m.[39mlength [33m>[39m [35m0[39m) {
     [90m 78 |[39m     [36mfor[39m ([36mconst[39m warning [36mof[39m validation[33m.[39mwarnings) {
    [31m[1m>[22m[39m[90m 79 |[39m       console[33m.[39mwarn([32m`[world-validation] ${warning}`[39m)[33m;[39m
     [90m    |[39m               [31m[1m^[22m[39m
     [90m 80 |[39m     }
     [90m 81 |[39m   }
     [90m 82 |[39m[0m

      at warn (api/src/game-engine.js:79:15)
      at loadWorld (tests/game-engine.test.js:33:17)
      at freshSession (tests/game-engine.test.js:43:17)
      at Object.sessionWithPlayers (tests/game-engine.test.js:1674:21)

  console.warn
    [world-validation] Room "room-isolated" has no items and no hazards (empty room).

    [0m [90m 77 |[39m   [36mif[39m (validation[33m.[39mwarnings[33m.[39mlength [33m>[39m [35m0[39m) {
     [90m 78 |[39m     [36mfor[39m ([36mconst[39m warning [36mof[39m validation[33m.[39mwarnings) {
    [31m[1m>[22m[39m[90m 79 |[39m       console[33m.[39mwarn([32m`[world-validation] ${warning}`[39m)[33m;[39m
     [90m    |[39m               [31m[1m^[22m[39m
     [90m 80 |[39m     }
     [90m 81 |[39m   }
     [90m 82 |[39m[0m

      at warn (api/src/game-engine.js:79:15)
      at loadWorld (tests/game-engine.test.js:33:17)
      at freshSession (tests/game-engine.test.js:43:17)
      at Object.sessionWithPlayers (tests/game-engine.test.js:1674:21)

  console.warn
    [world-validation] Room "room-isolated" is an orphan ΓÇö no exits or puzzles connect to it.

    [0m [90m 77 |[39m   [36mif[39m (validation[33m.[39mwarnings[33m.[39mlength [33m>[39m [35m0[39m) {
     [90m 78 |[39m     [36mfor[39m ([36mconst[39m warning [36mof[39m validation[33m.[39mwarnings) {
    [31m[1m>[22m[39m[90m 79 |[39m       console[33m.[39mwarn([32m`[world-validation] ${warning}`[39m)[33m;[39m
     [90m    |[39m               [31m[1m^[22m[39m
     [90m 80 |[39m     }
     [90m 81 |[39m   }
     [90m 82 |[39m[0m

      at warn (api/src/game-engine.js:79:15)
      at loadWorld (tests/game-engine.test.js:33:17)
      at freshSession (tests/game-engine.test.js:43:17)
      at Object.sessionWithPlayers (tests/game-engine.test.js:1674:21)

  console.warn
    [world-validation] Room "room-hub" has no items and no hazards (empty room).

    [0m [90m 77 |[39m   [36mif[39m (validation[33m.[39mwarnings[33m.[39mlength [33m>[39m [35m0[39m) {
     [90m 78 |[39m     [36mfor[39m ([36mconst[39m warning [36mof[39m validation[33m.[39mwarnings) {
    [31m[1m>[22m[39m[90m 79 |[39m       console[33m.[39mwarn([32m`[world-validation] ${warning}`[39m)[33m;[39m
     [90m    |[39m               [31m[1m^[22m[39m
     [90m 80 |[39m     }
     [90m 81 |[39m   }
     [90m 82 |[39m[0m

      at warn (api/src/game-engine.js:79:15)
      at loadWorld (tests/game-engine.test.js:33:17)
      at freshSession (tests/game-engine.test.js:43:17)
      at Object.sessionWithPlayers (tests/game-engine.test.js:1695:19)

  console.warn
    [world-validation] Room "room-hub-n" has no items and no hazards (empty room).

    [0m [90m 77 |[39m   [36mif[39m (validation[33m.[39mwarnings[33m.[39mlength [33m>[39m [35m0[39m) {
     [90m 78 |[39m     [36mfor[39m ([36mconst[39m warning [36mof[39m validation[33m.[39mwarnings) {
    [31m[1m>[22m[39m[90m 79 |[39m       console[33m.[39mwarn([32m`[world-validation] ${warning}`[39m)[33m;[39m
     [90m    |[39m               [31m[1m^[22m[39m
     [90m 80 |[39m     }
     [90m 81 |[39m   }
     [90m 82 |[39m[0m

      at warn (api/src/game-engine.js:79:15)
      at loadWorld (tests/game-engine.test.js:33:17)
      at freshSession (tests/game-engine.test.js:43:17)
      at Object.sessionWithPlayers (tests/game-engine.test.js:1695:19)

  console.warn
    [world-validation] Room "room-hub-e" has no items and no hazards (empty room).

    [0m [90m 77 |[39m   [36mif[39m (validation[33m.[39mwarnings[33m.[39mlength [33m>[39m [35m0[39m) {
     [90m 78 |[39m     [36mfor[39m ([36mconst[39m warning [36mof[39m validation[33m.[39mwarnings) {
    [31m[1m>[22m[39m[90m 79 |[39m       console[33m.[39mwarn([32m`[world-validation] ${warning}`[39m)[33m;[39m
     [90m    |[39m               [31m[1m^[22m[39m
     [90m 80 |[39m     }
     [90m 81 |[39m   }
     [90m 82 |[39m[0m

      at warn (api/src/game-engine.js:79:15)
      at loadWorld (tests/game-engine.test.js:33:17)
      at freshSession (tests/game-engine.test.js:43:17)
      at Object.sessionWithPlayers (tests/game-engine.test.js:1695:19)

  console.warn
    [world-validation] Room "room-hub-w" has no items and no hazards (empty room).

    [0m [90m 77 |[39m   [36mif[39m (validation[33m.[39mwarnings[33m.[39mlength [33m>[39m [35m0[39m) {
     [90m 78 |[39m     [36mfor[39m ([36mconst[39m warning [36mof[39m validation[33m.[39mwarnings) {
    [31m[1m>[22m[39m[90m 79 |[39m       console[33m.[39mwarn([32m`[world-validation] ${warning}`[39m)[33m;[39m
     [90m    |[39m               [31m[1m^[22m[39m
     [90m 80 |[39m     }
     [90m 81 |[39m   }
     [90m 82 |[39m[0m

      at warn (api/src/game-engine.js:79:15)
      at loadWorld (tests/game-engine.test.js:33:17)
      at freshSession (tests/game-engine.test.js:43:17)
      at Object.sessionWithPlayers (tests/game-engine.test.js:1695:19)

  console.warn
    [world-validation] Room "room-isolated" has no items and no hazards (empty room).

    [0m [90m 77 |[39m   [36mif[39m (validation[33m.[39mwarnings[33m.[39mlength [33m>[39m [35m0[39m) {
     [90m 78 |[39m     [36mfor[39m ([36mconst[39m warning [36mof[39m validation[33m.[39mwarnings) {
    [31m[1m>[22m[39m[90m 79 |[39m       console[33m.[39mwarn([32m`[world-validation] ${warning}`[39m)[33m;[39m
     [90m    |[39m               [31m[1m^[22m[39m
     [90m 80 |[39m     }
     [90m 81 |[39m   }
     [90m 82 |[39m[0m

      at warn (api/src/game-engine.js:79:15)
      at loadWorld (tests/game-engine.test.js:33:17)
      at freshSession (tests/game-engine.test.js:43:17)
      at Object.sessionWithPlayers (tests/game-engine.test.js:1695:19)

  console.warn
    [world-validation] Room "room-isolated" is an orphan ΓÇö no exits or puzzles connect to it.

    [0m [90m 77 |[39m   [36mif[39m (validation[33m.[39mwarnings[33m.[39mlength [33m>[39m [35m0[39m) {
     [90m 78 |[39m     [36mfor[39m ([36mconst[39m warning [36mof[39m validation[33m.[39mwarnings) {
    [31m[1m>[22m[39m[90m 79 |[39m       console[33m.[39mwarn([32m`[world-validation] ${warning}`[39m)[33m;[39m
     [90m    |[39m               [31m[1m^[22m[39m
     [90m 80 |[39m     }
     [90m 81 |[39m   }
     [90m 82 |[39m[0m

      at warn (api/src/game-engine.js:79:15)
      at loadWorld (tests/game-engine.test.js:33:17)
      at freshSession (tests/game-engine.test.js:43:17)
      at Object.sessionWithPlayers (tests/game-engine.test.js:1695:19)

  console.warn
    [world-validation] Room "room-hub" has no items and no hazards (empty room).

    [0m [90m 77 |[39m   [36mif[39m (validation[33m.[39mwarnings[33m.[39mlength [33m>[39m [35m0[39m) {
     [90m 78 |[39m     [36mfor[39m ([36mconst[39m warning [36mof[39m validation[33m.[39mwarnings) {
    [31m[1m>[22m[39m[90m 79 |[39m       console[33m.[39mwarn([32m`[world-validation] ${warning}`[39m)[33m;[39m
     [90m    |[39m               [31m[1m^[22m[39m
     [90m 80 |[39m     }
     [90m 81 |[39m   }
     [90m 82 |[39m[0m

      at warn (api/src/game-engine.js:79:15)
      at loadWorld (tests/game-engine.test.js:33:17)
      at freshSession (tests/game-engine.test.js:38:19)
      at Object.sessionWithPlayer (tests/game-engine.test.js:1702:21)

  console.warn
    [world-validation] Room "room-hub-n" has no items and no hazards (empty room).

    [0m [90m 77 |[39m   [36mif[39m (validation[33m.[39mwarnings[33m.[39mlength [33m>[39m [35m0[39m) {
     [90m 78 |[39m     [36mfor[39m ([36mconst[39m warning [36mof[39m validation[33m.[39mwarnings) {
    [31m[1m>[22m[39m[90m 79 |[39m       console[33m.[39mwarn([32m`[world-validation] ${warning}`[39m)[33m;[39m
     [90m    |[39m               [31m[1m^[22m[39m
     [90m 80 |[39m     }
     [90m 81 |[39m   }
     [90m 82 |[39m[0m

      at warn (api/src/game-engine.js:79:15)
      at loadWorld (tests/game-engine.test.js:33:17)
      at freshSession (tests/game-engine.test.js:38:19)
      at Object.sessionWithPlayer (tests/game-engine.test.js:1702:21)

  console.warn
    [world-validation] Room "room-hub-e" has no items and no hazards (empty room).

    [0m [90m 77 |[39m   [36mif[39m (validation[33m.[39mwarnings[33m.[39mlength [33m>[39m [35m0[39m) {
     [90m 78 |[39m     [36mfor[39m ([36mconst[39m warning [36mof[39m validation[33m.[39mwarnings) {
    [31m[1m>[22m[39m[90m 79 |[39m       console[33m.[39mwarn([32m`[world-validation] ${warning}`[39m)[33m;[39m
     [90m    |[39m               [31m[1m^[22m[39m
     [90m 80 |[39m     }
     [90m 81 |[39m   }
     [90m 82 |[39m[0m

      at warn (api/src/game-engine.js:79:15)
      at loadWorld (tests/game-engine.test.js:33:17)
      at freshSession (tests/game-engine.test.js:38:19)
      at Object.sessionWithPlayer (tests/game-engine.test.js:1702:21)

  console.warn
    [world-validation] Room "room-hub-w" has no items and no hazards (empty room).

    [0m [90m 77 |[39m   [36mif[39m (validation[33m.[39mwarnings[33m.[39mlength [33m>[39m [35m0[39m) {
     [90m 78 |[39m     [36mfor[39m ([36mconst[39m warning [36mof[39m validation[33m.[39mwarnings) {
    [31m[1m>[22m[39m[90m 79 |[39m       console[33m.[39mwarn([32m`[world-validation] ${warning}`[39m)[33m;[39m
     [90m    |[39m               [31m[1m^[22m[39m
     [90m 80 |[39m     }
     [90m 81 |[39m   }
     [90m 82 |[39m[0m

      at warn (api/src/game-engine.js:79:15)
      at loadWorld (tests/game-engine.test.js:33:17)
      at freshSession (tests/game-engine.test.js:38:19)
      at Object.sessionWithPlayer (tests/game-engine.test.js:1702:21)

  console.warn
    [world-validation] Room "room-isolated" has no items and no hazards (empty room).

    [0m [90m 77 |[39m   [36mif[39m (validation[33m.[39mwarnings[33m.[39mlength [33m>[39m [35m0[39m) {
     [90m 78 |[39m     [36mfor[39m ([36mconst[39m warning [36mof[39m validation[33m.[39mwarnings) {
    [31m[1m>[22m[39m[90m 79 |[39m       console[33m.[39mwarn([32m`[world-validation] ${warning}`[39m)[33m;[39m
     [90m    |[39m               [31m[1m^[22m[39m
     [90m 80 |[39m     }
     [90m 81 |[39m   }
     [90m 82 |[39m[0m

      at warn (api/src/game-engine.js:79:15)
      at loadWorld (tests/game-engine.test.js:33:17)
      at freshSession (tests/game-engine.test.js:38:19)
      at Object.sessionWithPlayer (tests/game-engine.test.js:1702:21)

  console.warn
    [world-validation] Room "room-isolated" is an orphan ΓÇö no exits or puzzles connect to it.

    [0m [90m 77 |[39m   [36mif[39m (validation[33m.[39mwarnings[33m.[39mlength [33m>[39m [35m0[39m) {
     [90m 78 |[39m     [36mfor[39m ([36mconst[39m warning [36mof[39m validation[33m.[39mwarnings) {
    [31m[1m>[22m[39m[90m 79 |[39m       console[33m.[39mwarn([32m`[world-validation] ${warning}`[39m)[33m;[39m
     [90m    |[39m               [31m[1m^[22m[39m
     [90m 80 |[39m     }
     [90m 81 |[39m   }
     [90m 82 |[39m[0m

      at warn (api/src/game-engine.js:79:15)
      at loadWorld (tests/game-engine.test.js:33:17)
      at freshSession (tests/game-engine.test.js:38:19)
      at Object.sessionWithPlayer (tests/game-engine.test.js:1702:21)

  console.warn
    [world-validation] Room "room-hub" has no items and no hazards (empty room).

    [0m [90m 77 |[39m   [36mif[39m (validation[33m.[39mwarnings[33m.[39mlength [33m>[39m [35m0[39m) {
     [90m 78 |[39m     [36mfor[39m ([36mconst[39m warning [36mof[39m validation[33m.[39mwarnings) {
    [31m[1m>[22m[39m[90m 79 |[39m       console[33m.[39mwarn([32m`[world-validation] ${warning}`[39m)[33m;[39m
     [90m    |[39m               [31m[1m^[22m[39m
     [90m 80 |[39m     }
     [90m 81 |[39m   }
     [90m 82 |[39m[0m

      at warn (api/src/game-engine.js:79:15)
      at loadWorld (tests/game-engine.test.js:33:17)
      at freshSession (tests/game-engine.test.js:38:19)
      at Object.sessionWithPlayer (tests/game-engine.test.js:1710:21)

  console.warn
    [world-validation] Room "room-hub-n" has no items and no hazards (empty room).

    [0m [90m 77 |[39m   [36mif[39m (validation[33m.[39mwarnings[33m.[39mlength [33m>[39m [35m0[39m) {
     [90m 78 |[39m     [36mfor[39m ([36mconst[39m warning [36mof[39m validation[33m.[39mwarnings) {
    [31m[1m>[22m[39m[90m 79 |[39m       console[33m.[39mwarn([32m`[world-validation] ${warning}`[39m)[33m;[39m
     [90m    |[39m               [31m[1m^[22m[39m
     [90m 80 |[39m     }
     [90m 81 |[39m   }
     [90m 82 |[39m[0m

      at warn (api/src/game-engine.js:79:15)
      at loadWorld (tests/game-engine.test.js:33:17)
      at freshSession (tests/game-engine.test.js:38:19)
      at Object.sessionWithPlayer (tests/game-engine.test.js:1710:21)

  console.warn
    [world-validation] Room "room-hub-e" has no items and no hazards (empty room).

    [0m [90m 77 |[39m   [36mif[39m (validation[33m.[39mwarnings[33m.[39mlength [33m>[39m [35m0[39m) {
     [90m 78 |[39m     [36mfor[39m ([36mconst[39m warning [36mof[39m validation[33m.[39mwarnings) {
    [31m[1m>[22m[39m[90m 79 |[39m       console[33m.[39mwarn([32m`[world-validation] ${warning}`[39m)[33m;[39m
     [90m    |[39m               [31m[1m^[22m[39m
     [90m 80 |[39m     }
     [90m 81 |[39m   }
     [90m 82 |[39m[0m

      at warn (api/src/game-engine.js:79:15)
      at loadWorld (tests/game-engine.test.js:33:17)
      at freshSession (tests/game-engine.test.js:38:19)
      at Object.sessionWithPlayer (tests/game-engine.test.js:1710:21)

  console.warn
    [world-validation] Room "room-hub-w" has no items and no hazards (empty room).

    [0m [90m 77 |[39m   [36mif[39m (validation[33m.[39mwarnings[33m.[39mlength [33m>[39m [35m0[39m) {
     [90m 78 |[39m     [36mfor[39m ([36mconst[39m warning [36mof[39m validation[33m.[39mwarnings) {
    [31m[1m>[22m[39m[90m 79 |[39m       console[33m.[39mwarn([32m`[world-validation] ${warning}`[39m)[33m;[39m
     [90m    |[39m               [31m[1m^[22m[39m
     [90m 80 |[39m     }
     [90m 81 |[39m   }
     [90m 82 |[39m[0m

      at warn (api/src/game-engine.js:79:15)
      at loadWorld (tests/game-engine.test.js:33:17)
      at freshSession (tests/game-engine.test.js:38:19)
      at Object.sessionWithPlayer (tests/game-engine.test.js:1710:21)

  console.warn
    [world-validation] Room "room-isolated" has no items and no hazards (empty room).

    [0m [90m 77 |[39m   [36mif[39m (validation[33m.[39mwarnings[33m.[39mlength [33m>[39m [35m0[39m) {
     [90m 78 |[39m     [36mfor[39m ([36mconst[39m warning [36mof[39m validation[33m.[39mwarnings) {
    [31m[1m>[22m[39m[90m 79 |[39m       console[33m.[39mwarn([32m`[world-validation] ${warning}`[39m)[33m;[39m
     [90m    |[39m               [31m[1m^[22m[39m
     [90m 80 |[39m     }
     [90m 81 |[39m   }
     [90m 82 |[39m[0m

      at warn (api/src/game-engine.js:79:15)
      at loadWorld (tests/game-engine.test.js:33:17)
      at freshSession (tests/game-engine.test.js:38:19)
      at Object.sessionWithPlayer (tests/game-engine.test.js:1710:21)

  console.warn
    [world-validation] Room "room-isolated" is an orphan ΓÇö no exits or puzzles connect to it.

    [0m [90m 77 |[39m   [36mif[39m (validation[33m.[39mwarnings[33m.[39mlength [33m>[39m [35m0[39m) {
     [90m 78 |[39m     [36mfor[39m ([36mconst[39m warning [36mof[39m validation[33m.[39mwarnings) {
    [31m[1m>[22m[39m[90m 79 |[39m       console[33m.[39mwarn([32m`[world-validation] ${warning}`[39m)[33m;[39m
     [90m    |[39m               [31m[1m^[22m[39m
     [90m 80 |[39m     }
     [90m 81 |[39m   }
     [90m 82 |[39m[0m

      at warn (api/src/game-engine.js:79:15)
      at loadWorld (tests/game-engine.test.js:33:17)
      at freshSession (tests/game-engine.test.js:38:19)
      at Object.sessionWithPlayer (tests/game-engine.test.js:1710:21)

  console.warn
    [world-validation] Room "room-hub" has no items and no hazards (empty room).

    [0m [90m 77 |[39m   [36mif[39m (validation[33m.[39mwarnings[33m.[39mlength [33m>[39m [35m0[39m) {
     [90m 78 |[39m     [36mfor[39m ([36mconst[39m warning [36mof[39m validation[33m.[39mwarnings) {
    [31m[1m>[22m[39m[90m 79 |[39m       console[33m.[39mwarn([32m`[world-validation] ${warning}`[39m)[33m;[39m
     [90m    |[39m               [31m[1m^[22m[39m
     [90m 80 |[39m     }
     [90m 81 |[39m   }
     [90m 82 |[39m[0m

      at warn (api/src/game-engine.js:79:15)
      at loadWorld (tests/game-engine.test.js:33:17)
      at freshSession (tests/game-engine.test.js:43:17)
      at Object.sessionWithPlayers (tests/game-engine.test.js:1716:19)

  console.warn
    [world-validation] Room "room-hub-n" has no items and no hazards (empty room).

    [0m [90m 77 |[39m   [36mif[39m (validation[33m.[39mwarnings[33m.[39mlength [33m>[39m [35m0[39m) {
     [90m 78 |[39m     [36mfor[39m ([36mconst[39m warning [36mof[39m validation[33m.[39mwarnings) {
    [31m[1m>[22m[39m[90m 79 |[39m       console[33m.[39mwarn([32m`[world-validation] ${warning}`[39m)[33m;[39m
     [90m    |[39m               [31m[1m^[22m[39m
     [90m 80 |[39m     }
     [90m 81 |[39m   }
     [90m 82 |[39m[0m

      at warn (api/src/game-engine.js:79:15)
      at loadWorld (tests/game-engine.test.js:33:17)
      at freshSession (tests/game-engine.test.js:43:17)
      at Object.sessionWithPlayers (tests/game-engine.test.js:1716:19)

  console.warn
    [world-validation] Room "room-hub-e" has no items and no hazards (empty room).

    [0m [90m 77 |[39m   [36mif[39m (validation[33m.[39mwarnings[33m.[39mlength [33m>[39m [35m0[39m) {
     [90m 78 |[39m     [36mfor[39m ([36mconst[39m warning [36mof[39m validation[33m.[39mwarnings) {
    [31m[1m>[22m[39m[90m 79 |[39m       console[33m.[39mwarn([32m`[world-validation] ${warning}`[39m)[33m;[39m
     [90m    |[39m               [31m[1m^[22m[39m
     [90m 80 |[39m     }
     [90m 81 |[39m   }
     [90m 82 |[39m[0m

      at warn (api/src/game-engine.js:79:15)
      at loadWorld (tests/game-engine.test.js:33:17)
      at freshSession (tests/game-engine.test.js:43:17)
      at Object.sessionWithPlayers (tests/game-engine.test.js:1716:19)

  console.warn
    [world-validation] Room "room-hub-w" has no items and no hazards (empty room).

    [0m [90m 77 |[39m   [36mif[39m (validation[33m.[39mwarnings[33m.[39mlength [33m>[39m [35m0[39m) {
     [90m 78 |[39m     [36mfor[39m ([36mconst[39m warning [36mof[39m validation[33m.[39mwarnings) {
    [31m[1m>[22m[39m[90m 79 |[39m       console[33m.[39mwarn([32m`[world-validation] ${warning}`[39m)[33m;[39m
     [90m    |[39m               [31m[1m^[22m[39m
     [90m 80 |[39m     }
     [90m 81 |[39m   }
     [90m 82 |[39m[0m

      at warn (api/src/game-engine.js:79:15)
      at loadWorld (tests/game-engine.test.js:33:17)
      at freshSession (tests/game-engine.test.js:43:17)
      at Object.sessionWithPlayers (tests/game-engine.test.js:1716:19)

  console.warn
    [world-validation] Room "room-isolated" has no items and no hazards (empty room).

    [0m [90m 77 |[39m   [36mif[39m (validation[33m.[39mwarnings[33m.[39mlength [33m>[39m [35m0[39m) {
     [90m 78 |[39m     [36mfor[39m ([36mconst[39m warning [36mof[39m validation[33m.[39mwarnings) {
    [31m[1m>[22m[39m[90m 79 |[39m       console[33m.[39mwarn([32m`[world-validation] ${warning}`[39m)[33m;[39m
     [90m    |[39m               [31m[1m^[22m[39m
     [90m 80 |[39m     }
     [90m 81 |[39m   }
     [90m 82 |[39m[0m

      at warn (api/src/game-engine.js:79:15)
      at loadWorld (tests/game-engine.test.js:33:17)
      at freshSession (tests/game-engine.test.js:43:17)
      at Object.sessionWithPlayers (tests/game-engine.test.js:1716:19)

  console.warn
    [world-validation] Room "room-isolated" is an orphan ΓÇö no exits or puzzles connect to it.

    [0m [90m 77 |[39m   [36mif[39m (validation[33m.[39mwarnings[33m.[39mlength [33m>[39m [35m0[39m) {
     [90m 78 |[39m     [36mfor[39m ([36mconst[39m warning [36mof[39m validation[33m.[39mwarnings) {
    [31m[1m>[22m[39m[90m 79 |[39m       console[33m.[39mwarn([32m`[world-validation] ${warning}`[39m)[33m;[39m
     [90m    |[39m               [31m[1m^[22m[39m
     [90m 80 |[39m     }
     [90m 81 |[39m   }
     [90m 82 |[39m[0m

      at warn (api/src/game-engine.js:79:15)
      at loadWorld (tests/game-engine.test.js:33:17)
      at freshSession (tests/game-engine.test.js:43:17)
      at Object.sessionWithPlayers (tests/game-engine.test.js:1716:19)

  console.warn
    [world-validation] Room "room-hub" has no items and no hazards (empty room).

    [0m [90m 77 |[39m   [36mif[39m (validation[33m.[39mwarnings[33m.[39mlength [33m>[39m [35m0[39m) {
     [90m 78 |[39m     [36mfor[39m ([36mconst[39m warning [36mof[39m validation[33m.[39mwarnings) {
    [31m[1m>[22m[39m[90m 79 |[39m       console[33m.[39mwarn([32m`[world-validation] ${warning}`[39m)[33m;[39m
     [90m    |[39m               [31m[1m^[22m[39m
     [90m 80 |[39m     }
     [90m 81 |[39m   }
     [90m 82 |[39m[0m

      at warn (api/src/game-engine.js:79:15)
      at loadWorld (tests/game-engine.test.js:33:17)
      at freshSession (tests/game-engine.test.js:38:19)
      at Object.sessionWithPlayer (tests/game-engine.test.js:1732:21)

  console.warn
    [world-validation] Room "room-hub-n" has no items and no hazards (empty room).

    [0m [90m 77 |[39m   [36mif[39m (validation[33m.[39mwarnings[33m.[39mlength [33m>[39m [35m0[39m) {
     [90m 78 |[39m     [36mfor[39m ([36mconst[39m warning [36mof[39m validation[33m.[39mwarnings) {
    [31m[1m>[22m[39m[90m 79 |[39m       console[33m.[39mwarn([32m`[world-validation] ${warning}`[39m)[33m;[39m
     [90m    |[39m               [31m[1m^[22m[39m
     [90m 80 |[39m     }
     [90m 81 |[39m   }
     [90m 82 |[39m[0m

      at warn (api/src/game-engine.js:79:15)
      at loadWorld (tests/game-engine.test.js:33:17)
      at freshSession (tests/game-engine.test.js:38:19)
      at Object.sessionWithPlayer (tests/game-engine.test.js:1732:21)

  console.warn
    [world-validation] Room "room-hub-e" has no items and no hazards (empty room).

    [0m [90m 77 |[39m   [36mif[39m (validation[33m.[39mwarnings[33m.[39mlength [33m>[39m [35m0[39m) {
     [90m 78 |[39m     [36mfor[39m ([36mconst[39m warning [36mof[39m validation[33m.[39mwarnings) {
    [31m[1m>[22m[39m[90m 79 |[39m       console[33m.[39mwarn([32m`[world-validation] ${warning}`[39m)[33m;[39m
     [90m    |[39m               [31m[1m^[22m[39m
     [90m 80 |[39m     }
     [90m 81 |[39m   }
     [90m 82 |[39m[0m

      at warn (api/src/game-engine.js:79:15)
      at loadWorld (tests/game-engine.test.js:33:17)
      at freshSession (tests/game-engine.test.js:38:19)
      at Object.sessionWithPlayer (tests/game-engine.test.js:1732:21)

  console.warn
    [world-validation] Room "room-hub-w" has no items and no hazards (empty room).

    [0m [90m 77 |[39m   [36mif[39m (validation[33m.[39mwarnings[33m.[39mlength [33m>[39m [35m0[39m) {
     [90m 78 |[39m     [36mfor[39m ([36mconst[39m warning [36mof[39m validation[33m.[39mwarnings) {
    [31m[1m>[22m[39m[90m 79 |[39m       console[33m.[39mwarn([32m`[world-validation] ${warning}`[39m)[33m;[39m
     [90m    |[39m               [31m[1m^[22m[39m
     [90m 80 |[39m     }
     [90m 81 |[39m   }
     [90m 82 |[39m[0m

      at warn (api/src/game-engine.js:79:15)
      at loadWorld (tests/game-engine.test.js:33:17)
      at freshSession (tests/game-engine.test.js:38:19)
      at Object.sessionWithPlayer (tests/game-engine.test.js:1732:21)

  console.warn
    [world-validation] Room "room-isolated" has no items and no hazards (empty room).

    [0m [90m 77 |[39m   [36mif[39m (validation[33m.[39mwarnings[33m.[39mlength [33m>[39m [35m0[39m) {
     [90m 78 |[39m     [36mfor[39m ([36mconst[39m warning [36mof[39m validation[33m.[39mwarnings) {
    [31m[1m>[22m[39m[90m 79 |[39m       console[33m.[39mwarn([32m`[world-validation] ${warning}`[39m)[33m;[39m
     [90m    |[39m               [31m[1m^[22m[39m
     [90m 80 |[39m     }
     [90m 81 |[39m   }
     [90m 82 |[39m[0m

      at warn (api/src/game-engine.js:79:15)
      at loadWorld (tests/game-engine.test.js:33:17)
      at freshSession (tests/game-engine.test.js:38:19)
      at Object.sessionWithPlayer (tests/game-engine.test.js:1732:21)

  console.warn
    [world-validation] Room "room-isolated" is an orphan ΓÇö no exits or puzzles connect to it.

    [0m [90m 77 |[39m   [36mif[39m (validation[33m.[39mwarnings[33m.[39mlength [33m>[39m [35m0[39m) {
     [90m 78 |[39m     [36mfor[39m ([36mconst[39m warning [36mof[39m validation[33m.[39mwarnings) {
    [31m[1m>[22m[39m[90m 79 |[39m       console[33m.[39mwarn([32m`[world-validation] ${warning}`[39m)[33m;[39m
     [90m    |[39m               [31m[1m^[22m[39m
     [90m 80 |[39m     }
     [90m 81 |[39m   }
     [90m 82 |[39m[0m

      at warn (api/src/game-engine.js:79:15)
      at loadWorld (tests/game-engine.test.js:33:17)
      at freshSession (tests/game-engine.test.js:38:19)
      at Object.sessionWithPlayer (tests/game-engine.test.js:1732:21)

  console.warn
    [world-validation] Room "room-hub" has no items and no hazards (empty room).

    [0m [90m 77 |[39m   [36mif[39m (validation[33m.[39mwarnings[33m.[39mlength [33m>[39m [35m0[39m) {
     [90m 78 |[39m     [36mfor[39m ([36mconst[39m warning [36mof[39m validation[33m.[39mwarnings) {
    [31m[1m>[22m[39m[90m 79 |[39m       console[33m.[39mwarn([32m`[world-validation] ${warning}`[39m)[33m;[39m
     [90m    |[39m               [31m[1m^[22m[39m
     [90m 80 |[39m     }
     [90m 81 |[39m   }
     [90m 82 |[39m[0m

      at warn (api/src/game-engine.js:79:15)
      at loadWorld (tests/game-engine.test.js:33:17)
      at freshSession (tests/game-engine.test.js:38:19)
      at Object.sessionWithPlayer (tests/game-engine.test.js:1739:21)

  console.warn
    [world-validation] Room "room-hub-n" has no items and no hazards (empty room).

    [0m [90m 77 |[39m   [36mif[39m (validation[33m.[39mwarnings[33m.[39mlength [33m>[39m [35m0[39m) {
     [90m 78 |[39m     [36mfor[39m ([36mconst[39m warning [36mof[39m validation[33m.[39mwarnings) {
    [31m[1m>[22m[39m[90m 79 |[39m       console[33m.[39mwarn([32m`[world-validation] ${warning}`[39m)[33m;[39m
     [90m    |[39m               [31m[1m^[22m[39m
     [90m 80 |[39m     }
     [90m 81 |[39m   }
     [90m 82 |[39m[0m

      at warn (api/src/game-engine.js:79:15)
      at loadWorld (tests/game-engine.test.js:33:17)
      at freshSession (tests/game-engine.test.js:38:19)
      at Object.sessionWithPlayer (tests/game-engine.test.js:1739:21)

  console.warn
    [world-validation] Room "room-hub-e" has no items and no hazards (empty room).

    [0m [90m 77 |[39m   [36mif[39m (validation[33m.[39mwarnings[33m.[39mlength [33m>[39m [35m0[39m) {
     [90m 78 |[39m     [36mfor[39m ([36mconst[39m warning [36mof[39m validation[33m.[39mwarnings) {
    [31m[1m>[22m[39m[90m 79 |[39m       console[33m.[39mwarn([32m`[world-validation] ${warning}`[39m)[33m;[39m
     [90m    |[39m               [31m[1m^[22m[39m
     [90m 80 |[39m     }
     [90m 81 |[39m   }
     [90m 82 |[39m[0m

      at warn (api/src/game-engine.js:79:15)
      at loadWorld (tests/game-engine.test.js:33:17)
      at freshSession (tests/game-engine.test.js:38:19)
      at Object.sessionWithPlayer (tests/game-engine.test.js:1739:21)

  console.warn
    [world-validation] Room "room-hub-w" has no items and no hazards (empty room).

    [0m [90m 77 |[39m   [36mif[39m (validation[33m.[39mwarnings[33m.[39mlength [33m>[39m [35m0[39m) {
     [90m 78 |[39m     [36mfor[39m ([36mconst[39m warning [36mof[39m validation[33m.[39mwarnings) {
    [31m[1m>[22m[39m[90m 79 |[39m       console[33m.[39mwarn([32m`[world-validation] ${warning}`[39m)[33m;[39m
     [90m    |[39m               [31m[1m^[22m[39m
     [90m 80 |[39m     }
     [90m 81 |[39m   }
     [90m 82 |[39m[0m

      at warn (api/src/game-engine.js:79:15)
      at loadWorld (tests/game-engine.test.js:33:17)
      at freshSession (tests/game-engine.test.js:38:19)
      at Object.sessionWithPlayer (tests/game-engine.test.js:1739:21)

  console.warn
    [world-validation] Room "room-isolated" has no items and no hazards (empty room).

    [0m [90m 77 |[39m   [36mif[39m (validation[33m.[39mwarnings[33m.[39mlength [33m>[39m [35m0[39m) {
     [90m 78 |[39m     [36mfor[39m ([36mconst[39m warning [36mof[39m validation[33m.[39mwarnings) {
    [31m[1m>[22m[39m[90m 79 |[39m       console[33m.[39mwarn([32m`[world-validation] ${warning}`[39m)[33m;[39m
     [90m    |[39m               [31m[1m^[22m[39m
     [90m 80 |[39m     }
     [90m 81 |[39m   }
     [90m 82 |[39m[0m

      at warn (api/src/game-engine.js:79:15)
      at loadWorld (tests/game-engine.test.js:33:17)
      at freshSession (tests/game-engine.test.js:38:19)
      at Object.sessionWithPlayer (tests/game-engine.test.js:1739:21)

  console.warn
    [world-validation] Room "room-isolated" is an orphan ΓÇö no exits or puzzles connect to it.

    [0m [90m 77 |[39m   [36mif[39m (validation[33m.[39mwarnings[33m.[39mlength [33m>[39m [35m0[39m) {
     [90m 78 |[39m     [36mfor[39m ([36mconst[39m warning [36mof[39m validation[33m.[39mwarnings) {
    [31m[1m>[22m[39m[90m 79 |[39m       console[33m.[39mwarn([32m`[world-validation] ${warning}`[39m)[33m;[39m
     [90m    |[39m               [31m[1m^[22m[39m
     [90m 80 |[39m     }
     [90m 81 |[39m   }
     [90m 82 |[39m[0m

      at warn (api/src/game-engine.js:79:15)
      at loadWorld (tests/game-engine.test.js:33:17)
      at freshSession (tests/game-engine.test.js:38:19)
      at Object.sessionWithPlayer (tests/game-engine.test.js:1739:21)

  console.warn
    [world-validation] Room "room-hub" has no items and no hazards (empty room).

    [0m [90m 77 |[39m   [36mif[39m (validation[33m.[39mwarnings[33m.[39mlength [33m>[39m [35m0[39m) {
     [90m 78 |[39m     [36mfor[39m ([36mconst[39m warning [36mof[39m validation[33m.[39mwarnings) {
    [31m[1m>[22m[39m[90m 79 |[39m       console[33m.[39mwarn([32m`[world-validation] ${warning}`[39m)[33m;[39m
     [90m    |[39m               [31m[1m^[22m[39m
     [90m 80 |[39m     }
     [90m 81 |[39m   }
     [90m 82 |[39m[0m

      at warn (api/src/game-engine.js:79:15)
      at loadWorld (tests/game-engine.test.js:33:17)
      at freshSession (tests/game-engine.test.js:43:17)
      at Object.sessionWithPlayers (tests/game-engine.test.js:1747:19)

  console.warn
    [world-validation] Room "room-hub-n" has no items and no hazards (empty room).

    [0m [90m 77 |[39m   [36mif[39m (validation[33m.[39mwarnings[33m.[39mlength [33m>[39m [35m0[39m) {
     [90m 78 |[39m     [36mfor[39m ([36mconst[39m warning [36mof[39m validation[33m.[39mwarnings) {
    [31m[1m>[22m[39m[90m 79 |[39m       console[33m.[39mwarn([32m`[world-validation] ${warning}`[39m)[33m;[39m
     [90m    |[39m               [31m[1m^[22m[39m
     [90m 80 |[39m     }
     [90m 81 |[39m   }
     [90m 82 |[39m[0m

      at warn (api/src/game-engine.js:79:15)
      at loadWorld (tests/game-engine.test.js:33:17)
      at freshSession (tests/game-engine.test.js:43:17)
      at Object.sessionWithPlayers (tests/game-engine.test.js:1747:19)

  console.warn
    [world-validation] Room "room-hub-e" has no items and no hazards (empty room).

    [0m [90m 77 |[39m   [36mif[39m (validation[33m.[39mwarnings[33m.[39mlength [33m>[39m [35m0[39m) {
     [90m 78 |[39m     [36mfor[39m ([36mconst[39m warning [36mof[39m validation[33m.[39mwarnings) {
    [31m[1m>[22m[39m[90m 79 |[39m       console[33m.[39mwarn([32m`[world-validation] ${warning}`[39m)[33m;[39m
     [90m    |[39m               [31m[1m^[22m[39m
     [90m 80 |[39m     }
     [90m 81 |[39m   }
     [90m 82 |[39m[0m

      at warn (api/src/game-engine.js:79:15)
      at loadWorld (tests/game-engine.test.js:33:17)
      at freshSession (tests/game-engine.test.js:43:17)
      at Object.sessionWithPlayers (tests/game-engine.test.js:1747:19)

  console.warn
    [world-validation] Room "room-hub-w" has no items and no hazards (empty room).

    [0m [90m 77 |[39m   [36mif[39m (validation[33m.[39mwarnings[33m.[39mlength [33m>[39m [35m0[39m) {
     [90m 78 |[39m     [36mfor[39m ([36mconst[39m warning [36mof[39m validation[33m.[39mwarnings) {
    [31m[1m>[22m[39m[90m 79 |[39m       console[33m.[39mwarn([32m`[world-validation] ${warning}`[39m)[33m;[39m
     [90m    |[39m               [31m[1m^[22m[39m
     [90m 80 |[39m     }
     [90m 81 |[39m   }
     [90m 82 |[39m[0m

      at warn (api/src/game-engine.js:79:15)
      at loadWorld (tests/game-engine.test.js:33:17)
      at freshSession (tests/game-engine.test.js:43:17)
      at Object.sessionWithPlayers (tests/game-engine.test.js:1747:19)

  console.warn
    [world-validation] Room "room-isolated" has no items and no hazards (empty room).

    [0m [90m 77 |[39m   [36mif[39m (validation[33m.[39mwarnings[33m.[39mlength [33m>[39m [35m0[39m) {
     [90m 78 |[39m     [36mfor[39m ([36mconst[39m warning [36mof[39m validation[33m.[39mwarnings) {
    [31m[1m>[22m[39m[90m 79 |[39m       console[33m.[39mwarn([32m`[world-validation] ${warning}`[39m)[33m;[39m
     [90m    |[39m               [31m[1m^[22m[39m
     [90m 80 |[39m     }
     [90m 81 |[39m   }
     [90m 82 |[39m[0m

      at warn (api/src/game-engine.js:79:15)
      at loadWorld (tests/game-engine.test.js:33:17)
      at freshSession (tests/game-engine.test.js:43:17)
      at Object.sessionWithPlayers (tests/game-engine.test.js:1747:19)

  console.warn
    [world-validation] Room "room-isolated" is an orphan ΓÇö no exits or puzzles connect to it.

    [0m [90m 77 |[39m   [36mif[39m (validation[33m.[39mwarnings[33m.[39mlength [33m>[39m [35m0[39m) {
     [90m 78 |[39m     [36mfor[39m ([36mconst[39m warning [36mof[39m validation[33m.[39mwarnings) {
    [31m[1m>[22m[39m[90m 79 |[39m       console[33m.[39mwarn([32m`[world-validation] ${warning}`[39m)[33m;[39m
     [90m    |[39m               [31m[1m^[22m[39m
     [90m 80 |[39m     }
     [90m 81 |[39m   }
     [90m 82 |[39m[0m

      at warn (api/src/game-engine.js:79:15)
      at loadWorld (tests/game-engine.test.js:33:17)
      at freshSession (tests/game-engine.test.js:43:17)
      at Object.sessionWithPlayers (tests/game-engine.test.js:1747:19)

  console.warn
    [world-validation] Room "room-hub" has no items and no hazards (empty room).

    [0m [90m 77 |[39m   [36mif[39m (validation[33m.[39mwarnings[33m.[39mlength [33m>[39m [35m0[39m) {
     [90m 78 |[39m     [36mfor[39m ([36mconst[39m warning [36mof[39m validation[33m.[39mwarnings) {
    [31m[1m>[22m[39m[90m 79 |[39m       console[33m.[39mwarn([32m`[world-validation] ${warning}`[39m)[33m;[39m
     [90m    |[39m               [31m[1m^[22m[39m
     [90m 80 |[39m     }
     [90m 81 |[39m   }
     [90m 82 |[39m[0m

      at warn (api/src/game-engine.js:79:15)
      at loadWorld (tests/game-engine.test.js:33:17)
      at freshSession (tests/game-engine.test.js:43:17)
      at Object.sessionWithPlayers (tests/game-engine.test.js:1759:19)

  console.warn
    [world-validation] Room "room-hub-n" has no items and no hazards (empty room).

    [0m [90m 77 |[39m   [36mif[39m (validation[33m.[39mwarnings[33m.[39mlength [33m>[39m [35m0[39m) {
     [90m 78 |[39m     [36mfor[39m ([36mconst[39m warning [36mof[39m validation[33m.[39mwarnings) {
    [31m[1m>[22m[39m[90m 79 |[39m       console[33m.[39mwarn([32m`[world-validation] ${warning}`[39m)[33m;[39m
     [90m    |[39m               [31m[1m^[22m[39m
     [90m 80 |[39m     }
     [90m 81 |[39m   }
     [90m 82 |[39m[0m

      at warn (api/src/game-engine.js:79:15)
      at loadWorld (tests/game-engine.test.js:33:17)
      at freshSession (tests/game-engine.test.js:43:17)
      at Object.sessionWithPlayers (tests/game-engine.test.js:1759:19)

  console.warn
    [world-validation] Room "room-hub-e" has no items and no hazards (empty room).

    [0m [90m 77 |[39m   [36mif[39m (validation[33m.[39mwarnings[33m.[39mlength [33m>[39m [35m0[39m) {
     [90m 78 |[39m     [36mfor[39m ([36mconst[39m warning [36mof[39m validation[33m.[39mwarnings) {
    [31m[1m>[22m[39m[90m 79 |[39m       console[33m.[39mwarn([32m`[world-validation] ${warning}`[39m)[33m;[39m
     [90m    |[39m               [31m[1m^[22m[39m
     [90m 80 |[39m     }
     [90m 81 |[39m   }
     [90m 82 |[39m[0m

      at warn (api/src/game-engine.js:79:15)
      at loadWorld (tests/game-engine.test.js:33:17)
      at freshSession (tests/game-engine.test.js:43:17)
      at Object.sessionWithPlayers (tests/game-engine.test.js:1759:19)

  console.warn
    [world-validation] Room "room-hub-w" has no items and no hazards (empty room).

    [0m [90m 77 |[39m   [36mif[39m (validation[33m.[39mwarnings[33m.[39mlength [33m>[39m [35m0[39m) {
     [90m 78 |[39m     [36mfor[39m ([36mconst[39m warning [36mof[39m validation[33m.[39mwarnings) {
    [31m[1m>[22m[39m[90m 79 |[39m       console[33m.[39mwarn([32m`[world-validation] ${warning}`[39m)[33m;[39m
     [90m    |[39m               [31m[1m^[22m[39m
     [90m 80 |[39m     }
     [90m 81 |[39m   }
     [90m 82 |[39m[0m

      at warn (api/src/game-engine.js:79:15)
      at loadWorld (tests/game-engine.test.js:33:17)
      at freshSession (tests/game-engine.test.js:43:17)
      at Object.sessionWithPlayers (tests/game-engine.test.js:1759:19)

  console.warn
    [world-validation] Room "room-isolated" has no items and no hazards (empty room).

    [0m [90m 77 |[39m   [36mif[39m (validation[33m.[39mwarnings[33m.[39mlength [33m>[39m [35m0[39m) {
     [90m 78 |[39m     [36mfor[39m ([36mconst[39m warning [36mof[39m validation[33m.[39mwarnings) {
    [31m[1m>[22m[39m[90m 79 |[39m       console[33m.[39mwarn([32m`[world-validation] ${warning}`[39m)[33m;[39m
     [90m    |[39m               [31m[1m^[22m[39m
     [90m 80 |[39m     }
     [90m 81 |[39m   }
     [90m 82 |[39m[0m

      at warn (api/src/game-engine.js:79:15)
      at loadWorld (tests/game-engine.test.js:33:17)
      at freshSession (tests/game-engine.test.js:43:17)
      at Object.sessionWithPlayers (tests/game-engine.test.js:1759:19)

  console.warn
    [world-validation] Room "room-isolated" is an orphan ΓÇö no exits or puzzles connect to it.

    [0m [90m 77 |[39m   [36mif[39m (validation[33m.[39mwarnings[33m.[39mlength [33m>[39m [35m0[39m) {
     [90m 78 |[39m     [36mfor[39m ([36mconst[39m warning [36mof[39m validation[33m.[39mwarnings) {
    [31m[1m>[22m[39m[90m 79 |[39m       console[33m.[39mwarn([32m`[world-validation] ${warning}`[39m)[33m;[39m
     [90m    |[39m               [31m[1m^[22m[39m
     [90m 80 |[39m     }
     [90m 81 |[39m   }
     [90m 82 |[39m[0m

      at warn (api/src/game-engine.js:79:15)
      at loadWorld (tests/game-engine.test.js:33:17)
      at freshSession (tests/game-engine.test.js:43:17)
      at Object.sessionWithPlayers (tests/game-engine.test.js:1759:19)

  console.warn
    [world-validation] Room "room2" has no items and no hazards (empty room).

    [0m [90m 77 |[39m   [36mif[39m (validation[33m.[39mwarnings[33m.[39mlength [33m>[39m [35m0[39m) {
     [90m 78 |[39m     [36mfor[39m ([36mconst[39m warning [36mof[39m validation[33m.[39mwarnings) {
    [31m[1m>[22m[39m[90m 79 |[39m       console[33m.[39mwarn([32m`[world-validation] ${warning}`[39m)[33m;[39m
     [90m    |[39m               [31m[1m^[22m[39m
     [90m 80 |[39m     }
     [90m 81 |[39m   }
     [90m 82 |[39m[0m

      at warn (api/src/game-engine.js:79:15)
      at loadWorld (tests/game-engine.test.js:1774:12)
      at Object.worldWithRoomText (tests/game-engine.test.js:1814:19)

  console.warn
    [world-validation] Room "room2" has no items and no hazards (empty room).

    [0m [90m 77 |[39m   [36mif[39m (validation[33m.[39mwarnings[33m.[39mlength [33m>[39m [35m0[39m) {
     [90m 78 |[39m     [36mfor[39m ([36mconst[39m warning [36mof[39m validation[33m.[39mwarnings) {
    [31m[1m>[22m[39m[90m 79 |[39m       console[33m.[39mwarn([32m`[world-validation] ${warning}`[39m)[33m;[39m
     [90m    |[39m               [31m[1m^[22m[39m
     [90m 80 |[39m     }
     [90m 81 |[39m   }
     [90m 82 |[39m[0m

      at warn (api/src/game-engine.js:79:15)
      at loadWorld (tests/game-engine.test.js:1774:12)
      at Object.worldWithRoomText (tests/game-engine.test.js:1832:19)

  console.warn
    [world-validation] Room "room2" has no items and no hazards (empty room).

    [0m [90m 77 |[39m   [36mif[39m (validation[33m.[39mwarnings[33m.[39mlength [33m>[39m [35m0[39m) {
     [90m 78 |[39m     [36mfor[39m ([36mconst[39m warning [36mof[39m validation[33m.[39mwarnings) {
    [31m[1m>[22m[39m[90m 79 |[39m       console[33m.[39mwarn([32m`[world-validation] ${warning}`[39m)[33m;[39m
     [90m    |[39m               [31m[1m^[22m[39m
     [90m 80 |[39m     }
     [90m 81 |[39m   }
     [90m 82 |[39m[0m

      at warn (api/src/game-engine.js:79:15)
      at loadWorld (tests/game-engine.test.js:1774:12)
      at Object.worldWithRoomText (tests/game-engine.test.js:1854:19)

  console.warn
    [world-validation] Room "room-hub" has no items and no hazards (empty room).

    [0m [90m 77 |[39m   [36mif[39m (validation[33m.[39mwarnings[33m.[39mlength [33m>[39m [35m0[39m) {
     [90m 78 |[39m     [36mfor[39m ([36mconst[39m warning [36mof[39m validation[33m.[39mwarnings) {
    [31m[1m>[22m[39m[90m 79 |[39m       console[33m.[39mwarn([32m`[world-validation] ${warning}`[39m)[33m;[39m
     [90m    |[39m               [31m[1m^[22m[39m
     [90m 80 |[39m     }
     [90m 81 |[39m   }
     [90m 82 |[39m[0m

      at warn (api/src/game-engine.js:79:15)
      at loadWorld (tests/game-engine.test.js:33:17)
      at freshSession (tests/game-engine.test.js:38:19)
      at Object.sessionWithPlayer (tests/game-engine.test.js:2159:21)

  console.warn
    [world-validation] Room "room-hub-n" has no items and no hazards (empty room).

    [0m [90m 77 |[39m   [36mif[39m (validation[33m.[39mwarnings[33m.[39mlength [33m>[39m [35m0[39m) {
     [90m 78 |[39m     [36mfor[39m ([36mconst[39m warning [36mof[39m validation[33m.[39mwarnings) {
    [31m[1m>[22m[39m[90m 79 |[39m       console[33m.[39mwarn([32m`[world-validation] ${warning}`[39m)[33m;[39m
     [90m    |[39m               [31m[1m^[22m[39m
     [90m 80 |[39m     }
     [90m 81 |[39m   }
     [90m 82 |[39m[0m

      at warn (api/src/game-engine.js:79:15)
      at loadWorld (tests/game-engine.test.js:33:17)
      at freshSession (tests/game-engine.test.js:38:19)
      at Object.sessionWithPlayer (tests/game-engine.test.js:2159:21)

  console.warn
    [world-validation] Room "room-hub-e" has no items and no hazards (empty room).

    [0m [90m 77 |[39m   [36mif[39m (validation[33m.[39mwarnings[33m.[39mlength [33m>[39m [35m0[39m) {
     [90m 78 |[39m     [36mfor[39m ([36mconst[39m warning [36mof[39m validation[33m.[39mwarnings) {
    [31m[1m>[22m[39m[90m 79 |[39m       console[33m.[39mwarn([32m`[world-validation] ${warning}`[39m)[33m;[39m
     [90m    |[39m               [31m[1m^[22m[39m
     [90m 80 |[39m     }
     [90m 81 |[39m   }
     [90m 82 |[39m[0m

      at warn (api/src/game-engine.js:79:15)
      at loadWorld (tests/game-engine.test.js:33:17)
      at freshSession (tests/game-engine.test.js:38:19)
      at Object.sessionWithPlayer (tests/game-engine.test.js:2159:21)

  console.warn
    [world-validation] Room "room-hub-w" has no items and no hazards (empty room).

    [0m [90m 77 |[39m   [36mif[39m (validation[33m.[39mwarnings[33m.[39mlength [33m>[39m [35m0[39m) {
     [90m 78 |[39m     [36mfor[39m ([36mconst[39m warning [36mof[39m validation[33m.[39mwarnings) {
    [31m[1m>[22m[39m[90m 79 |[39m       console[33m.[39mwarn([32m`[world-validation] ${warning}`[39m)[33m;[39m
     [90m    |[39m               [31m[1m^[22m[39m
     [90m 80 |[39m     }
     [90m 81 |[39m   }
     [90m 82 |[39m[0m

      at warn (api/src/game-engine.js:79:15)
      at loadWorld (tests/game-engine.test.js:33:17)
      at freshSession (tests/game-engine.test.js:38:19)
      at Object.sessionWithPlayer (tests/game-engine.test.js:2159:21)

  console.warn
    [world-validation] Room "room-isolated" has no items and no hazards (empty room).

    [0m [90m 77 |[39m   [36mif[39m (validation[33m.[39mwarnings[33m.[39mlength [33m>[39m [35m0[39m) {
     [90m 78 |[39m     [36mfor[39m ([36mconst[39m warning [36mof[39m validation[33m.[39mwarnings) {
    [31m[1m>[22m[39m[90m 79 |[39m       console[33m.[39mwarn([32m`[world-validation] ${warning}`[39m)[33m;[39m
     [90m    |[39m               [31m[1m^[22m[39m
     [90m 80 |[39m     }
     [90m 81 |[39m   }
     [90m 82 |[39m[0m

      at warn (api/src/game-engine.js:79:15)
      at loadWorld (tests/game-engine.test.js:33:17)
      at freshSession (tests/game-engine.test.js:38:19)
      at Object.sessionWithPlayer (tests/game-engine.test.js:2159:21)

  console.warn
    [world-validation] Room "room-isolated" is an orphan ΓÇö no exits or puzzles connect to it.

    [0m [90m 77 |[39m   [36mif[39m (validation[33m.[39mwarnings[33m.[39mlength [33m>[39m [35m0[39m) {
     [90m 78 |[39m     [36mfor[39m ([36mconst[39m warning [36mof[39m validation[33m.[39mwarnings) {
    [31m[1m>[22m[39m[90m 79 |[39m       console[33m.[39mwarn([32m`[world-validation] ${warning}`[39m)[33m;[39m
     [90m    |[39m               [31m[1m^[22m[39m
     [90m 80 |[39m     }
     [90m 81 |[39m   }
     [90m 82 |[39m[0m

      at warn (api/src/game-engine.js:79:15)
      at loadWorld (tests/game-engine.test.js:33:17)
      at freshSession (tests/game-engine.test.js:38:19)
      at Object.sessionWithPlayer (tests/game-engine.test.js:2159:21)

  console.warn
    [world-validation] Room "room-hub" has no items and no hazards (empty room).

    [0m [90m 77 |[39m   [36mif[39m (validation[33m.[39mwarnings[33m.[39mlength [33m>[39m [35m0[39m) {
     [90m 78 |[39m     [36mfor[39m ([36mconst[39m warning [36mof[39m validation[33m.[39mwarnings) {
    [31m[1m>[22m[39m[90m 79 |[39m       console[33m.[39mwarn([32m`[world-validation] ${warning}`[39m)[33m;[39m
     [90m    |[39m               [31m[1m^[22m[39m
     [90m 80 |[39m     }
     [90m 81 |[39m   }
     [90m 82 |[39m[0m

      at warn (api/src/game-engine.js:79:15)
      at loadWorld (tests/game-engine.test.js:33:17)
      at freshSession (tests/game-engine.test.js:38:19)
      at Object.sessionWithPlayer (tests/game-engine.test.js:2171:19)

  console.warn
    [world-validation] Room "room-hub-n" has no items and no hazards (empty room).

    [0m [90m 77 |[39m   [36mif[39m (validation[33m.[39mwarnings[33m.[39mlength [33m>[39m [35m0[39m) {
     [90m 78 |[39m     [36mfor[39m ([36mconst[39m warning [36mof[39m validation[33m.[39mwarnings) {
    [31m[1m>[22m[39m[90m 79 |[39m       console[33m.[39mwarn([32m`[world-validation] ${warning}`[39m)[33m;[39m
     [90m    |[39m               [31m[1m^[22m[39m
     [90m 80 |[39m     }
     [90m 81 |[39m   }
     [90m 82 |[39m[0m

      at warn (api/src/game-engine.js:79:15)
      at loadWorld (tests/game-engine.test.js:33:17)
      at freshSession (tests/game-engine.test.js:38:19)
      at Object.sessionWithPlayer (tests/game-engine.test.js:2171:19)

  console.warn
    [world-validation] Room "room-hub-e" has no items and no hazards (empty room).

    [0m [90m 77 |[39m   [36mif[39m (validation[33m.[39mwarnings[33m.[39mlength [33m>[39m [35m0[39m) {
     [90m 78 |[39m     [36mfor[39m ([36mconst[39m warning [36mof[39m validation[33m.[39mwarnings) {
    [31m[1m>[22m[39m[90m 79 |[39m       console[33m.[39mwarn([32m`[world-validation] ${warning}`[39m)[33m;[39m
     [90m    |[39m               [31m[1m^[22m[39m
     [90m 80 |[39m     }
     [90m 81 |[39m   }
     [90m 82 |[39m[0m

      at warn (api/src/game-engine.js:79:15)
      at loadWorld (tests/game-engine.test.js:33:17)
      at freshSession (tests/game-engine.test.js:38:19)
      at Object.sessionWithPlayer (tests/game-engine.test.js:2171:19)

  console.warn
    [world-validation] Room "room-hub-w" has no items and no hazards (empty room).

    [0m [90m 77 |[39m   [36mif[39m (validation[33m.[39mwarnings[33m.[39mlength [33m>[39m [35m0[39m) {
     [90m 78 |[39m     [36mfor[39m ([36mconst[39m warning [36mof[39m validation[33m.[39mwarnings) {
    [31m[1m>[22m[39m[90m 79 |[39m       console[33m.[39mwarn([32m`[world-validation] ${warning}`[39m)[33m;[39m
     [90m    |[39m               [31m[1m^[22m[39m
     [90m 80 |[39m     }
     [90m 81 |[39m   }
     [90m 82 |[39m[0m

      at warn (api/src/game-engine.js:79:15)
      at loadWorld (tests/game-engine.test.js:33:17)
      at freshSession (tests/game-engine.test.js:38:19)
      at Object.sessionWithPlayer (tests/game-engine.test.js:2171:19)

  console.warn
    [world-validation] Room "room-isolated" has no items and no hazards (empty room).

    [0m [90m 77 |[39m   [36mif[39m (validation[33m.[39mwarnings[33m.[39mlength [33m>[39m [35m0[39m) {
     [90m 78 |[39m     [36mfor[39m ([36mconst[39m warning [36mof[39m validation[33m.[39mwarnings) {
    [31m[1m>[22m[39m[90m 79 |[39m       console[33m.[39mwarn([32m`[world-validation] ${warning}`[39m)[33m;[39m
     [90m    |[39m               [31m[1m^[22m[39m
     [90m 80 |[39m     }
     [90m 81 |[39m   }
     [90m 82 |[39m[0m

      at warn (api/src/game-engine.js:79:15)
      at loadWorld (tests/game-engine.test.js:33:17)
      at freshSession (tests/game-engine.test.js:38:19)
      at Object.sessionWithPlayer (tests/game-engine.test.js:2171:19)

  console.warn
    [world-validation] Room "room-isolated" is an orphan ΓÇö no exits or puzzles connect to it.

    [0m [90m 77 |[39m   [36mif[39m (validation[33m.[39mwarnings[33m.[39mlength [33m>[39m [35m0[39m) {
     [90m 78 |[39m     [36mfor[39m ([36mconst[39m warning [36mof[39m validation[33m.[39mwarnings) {
    [31m[1m>[22m[39m[90m 79 |[39m       console[33m.[39mwarn([32m`[world-validation] ${warning}`[39m)[33m;[39m
     [90m    |[39m               [31m[1m^[22m[39m
     [90m 80 |[39m     }
     [90m 81 |[39m   }
     [90m 82 |[39m[0m

      at warn (api/src/game-engine.js:79:15)
      at loadWorld (tests/game-engine.test.js:33:17)
      at freshSession (tests/game-engine.test.js:38:19)
      at Object.sessionWithPlayer (tests/game-engine.test.js:2171:19)

  console.warn
    [world-validation] Room "room-hub" has no items and no hazards (empty room).

    [0m [90m 77 |[39m   [36mif[39m (validation[33m.[39mwarnings[33m.[39mlength [33m>[39m [35m0[39m) {
     [90m 78 |[39m     [36mfor[39m ([36mconst[39m warning [36mof[39m validation[33m.[39mwarnings) {
    [31m[1m>[22m[39m[90m 79 |[39m       console[33m.[39mwarn([32m`[world-validation] ${warning}`[39m)[33m;[39m
     [90m    |[39m               [31m[1m^[22m[39m
     [90m 80 |[39m     }
     [90m 81 |[39m   }
     [90m 82 |[39m[0m

      at warn (api/src/game-engine.js:79:15)
      at loadWorld (tests/game-engine.test.js:33:17)
      at freshSession (tests/game-engine.test.js:38:19)
      at Object.sessionWithPlayer (tests/game-engine.test.js:2181:19)

  console.warn
    [world-validation] Room "room-hub-n" has no items and no hazards (empty room).

    [0m [90m 77 |[39m   [36mif[39m (validation[33m.[39mwarnings[33m.[39mlength [33m>[39m [35m0[39m) {
     [90m 78 |[39m     [36mfor[39m ([36mconst[39m warning [36mof[39m validation[33m.[39mwarnings) {
    [31m[1m>[22m[39m[90m 79 |[39m       console[33m.[39mwarn([32m`[world-validation] ${warning}`[39m)[33m;[39m
     [90m    |[39m               [31m[1m^[22m[39m
     [90m 80 |[39m     }
     [90m 81 |[39m   }
     [90m 82 |[39m[0m

      at warn (api/src/game-engine.js:79:15)
      at loadWorld (tests/game-engine.test.js:33:17)
      at freshSession (tests/game-engine.test.js:38:19)
      at Object.sessionWithPlayer (tests/game-engine.test.js:2181:19)

  console.warn
    [world-validation] Room "room-hub-e" has no items and no hazards (empty room).

    [0m [90m 77 |[39m   [36mif[39m (validation[33m.[39mwarnings[33m.[39mlength [33m>[39m [35m0[39m) {
     [90m 78 |[39m     [36mfor[39m ([36mconst[39m warning [36mof[39m validation[33m.[39mwarnings) {
    [31m[1m>[22m[39m[90m 79 |[39m       console[33m.[39mwarn([32m`[world-validation] ${warning}`[39m)[33m;[39m
     [90m    |[39m               [31m[1m^[22m[39m
     [90m 80 |[39m     }
     [90m 81 |[39m   }
     [90m 82 |[39m[0m

      at warn (api/src/game-engine.js:79:15)
      at loadWorld (tests/game-engine.test.js:33:17)
      at freshSession (tests/game-engine.test.js:38:19)
      at Object.sessionWithPlayer (tests/game-engine.test.js:2181:19)

  console.warn
    [world-validation] Room "room-hub-w" has no items and no hazards (empty room).

    [0m [90m 77 |[39m   [36mif[39m (validation[33m.[39mwarnings[33m.[39mlength [33m>[39m [35m0[39m) {
     [90m 78 |[39m     [36mfor[39m ([36mconst[39m warning [36mof[39m validation[33m.[39mwarnings) {
    [31m[1m>[22m[39m[90m 79 |[39m       console[33m.[39mwarn([32m`[world-validation] ${warning}`[39m)[33m;[39m
     [90m    |[39m               [31m[1m^[22m[39m
     [90m 80 |[39m     }
     [90m 81 |[39m   }
     [90m 82 |[39m[0m

      at warn (api/src/game-engine.js:79:15)
      at loadWorld (tests/game-engine.test.js:33:17)
      at freshSession (tests/game-engine.test.js:38:19)
      at Object.sessionWithPlayer (tests/game-engine.test.js:2181:19)

  console.warn
    [world-validation] Room "room-isolated" has no items and no hazards (empty room).

    [0m [90m 77 |[39m   [36mif[39m (validation[33m.[39mwarnings[33m.[39mlength [33m>[39m [35m0[39m) {
     [90m 78 |[39m     [36mfor[39m ([36mconst[39m warning [36mof[39m validation[33m.[39mwarnings) {
    [31m[1m>[22m[39m[90m 79 |[39m       console[33m.[39mwarn([32m`[world-validation] ${warning}`[39m)[33m;[39m
     [90m    |[39m               [31m[1m^[22m[39m
     [90m 80 |[39m     }
     [90m 81 |[39m   }
     [90m 82 |[39m[0m

      at warn (api/src/game-engine.js:79:15)
      at loadWorld (tests/game-engine.test.js:33:17)
      at freshSession (tests/game-engine.test.js:38:19)
      at Object.sessionWithPlayer (tests/game-engine.test.js:2181:19)

  console.warn
    [world-validation] Room "room-isolated" is an orphan ΓÇö no exits or puzzles connect to it.

    [0m [90m 77 |[39m   [36mif[39m (validation[33m.[39mwarnings[33m.[39mlength [33m>[39m [35m0[39m) {
     [90m 78 |[39m     [36mfor[39m ([36mconst[39m warning [36mof[39m validation[33m.[39mwarnings) {
    [31m[1m>[22m[39m[90m 79 |[39m       console[33m.[39mwarn([32m`[world-validation] ${warning}`[39m)[33m;[39m
     [90m    |[39m               [31m[1m^[22m[39m
     [90m 80 |[39m     }
     [90m 81 |[39m   }
     [90m 82 |[39m[0m

      at warn (api/src/game-engine.js:79:15)
      at loadWorld (tests/game-engine.test.js:33:17)
      at freshSession (tests/game-engine.test.js:38:19)
      at Object.sessionWithPlayer (tests/game-engine.test.js:2181:19)

  console.warn
    [world-validation] Room "room-hub" has no items and no hazards (empty room).

    [0m [90m 77 |[39m   [36mif[39m (validation[33m.[39mwarnings[33m.[39mlength [33m>[39m [35m0[39m) {
     [90m 78 |[39m     [36mfor[39m ([36mconst[39m warning [36mof[39m validation[33m.[39mwarnings) {
    [31m[1m>[22m[39m[90m 79 |[39m       console[33m.[39mwarn([32m`[world-validation] ${warning}`[39m)[33m;[39m
     [90m    |[39m               [31m[1m^[22m[39m
     [90m 80 |[39m     }
     [90m 81 |[39m   }
     [90m 82 |[39m[0m

      at warn (api/src/game-engine.js:79:15)
      at loadWorld (tests/game-engine.test.js:33:17)
      at freshSession (tests/game-engine.test.js:38:19)
      at Object.sessionWithPlayer (tests/game-engine.test.js:2194:19)

  console.warn
    [world-validation] Room "room-hub-n" has no items and no hazards (empty room).

    [0m [90m 77 |[39m   [36mif[39m (validation[33m.[39mwarnings[33m.[39mlength [33m>[39m [35m0[39m) {
     [90m 78 |[39m     [36mfor[39m ([36mconst[39m warning [36mof[39m validation[33m.[39mwarnings) {
    [31m[1m>[22m[39m[90m 79 |[39m       console[33m.[39mwarn([32m`[world-validation] ${warning}`[39m)[33m;[39m
     [90m    |[39m               [31m[1m^[22m[39m
     [90m 80 |[39m     }
     [90m 81 |[39m   }
     [90m 82 |[39m[0m

      at warn (api/src/game-engine.js:79:15)
      at loadWorld (tests/game-engine.test.js:33:17)
      at freshSession (tests/game-engine.test.js:38:19)
      at Object.sessionWithPlayer (tests/game-engine.test.js:2194:19)

  console.warn
    [world-validation] Room "room-hub-e" has no items and no hazards (empty room).

    [0m [90m 77 |[39m   [36mif[39m (validation[33m.[39mwarnings[33m.[39mlength [33m>[39m [35m0[39m) {
     [90m 78 |[39m     [36mfor[39m ([36mconst[39m warning [36mof[39m validation[33m.[39mwarnings) {
    [31m[1m>[22m[39m[90m 79 |[39m       console[33m.[39mwarn([32m`[world-validation] ${warning}`[39m)[33m;[39m
     [90m    |[39m               [31m[1m^[22m[39m
     [90m 80 |[39m     }
     [90m 81 |[39m   }
     [90m 82 |[39m[0m

      at warn (api/src/game-engine.js:79:15)
      at loadWorld (tests/game-engine.test.js:33:17)
      at freshSession (tests/game-engine.test.js:38:19)
      at Object.sessionWithPlayer (tests/game-engine.test.js:2194:19)

  console.warn
    [world-validation] Room "room-hub-w" has no items and no hazards (empty room).

    [0m [90m 77 |[39m   [36mif[39m (validation[33m.[39mwarnings[33m.[39mlength [33m>[39m [35m0[39m) {
     [90m 78 |[39m     [36mfor[39m ([36mconst[39m warning [36mof[39m validation[33m.[39mwarnings) {
    [31m[1m>[22m[39m[90m 79 |[39m       console[33m.[39mwarn([32m`[world-validation] ${warning}`[39m)[33m;[39m
     [90m    |[39m               [31m[1m^[22m[39m
     [90m 80 |[39m     }
     [90m 81 |[39m   }
     [90m 82 |[39m[0m

      at warn (api/src/game-engine.js:79:15)
      at loadWorld (tests/game-engine.test.js:33:17)
      at freshSession (tests/game-engine.test.js:38:19)
      at Object.sessionWithPlayer (tests/game-engine.test.js:2194:19)

  console.warn
    [world-validation] Room "room-isolated" has no items and no hazards (empty room).

    [0m [90m 77 |[39m   [36mif[39m (validation[33m.[39mwarnings[33m.[39mlength [33m>[39m [35m0[39m) {
     [90m 78 |[39m     [36mfor[39m ([36mconst[39m warning [36mof[39m validation[33m.[39mwarnings) {
    [31m[1m>[22m[39m[90m 79 |[39m       console[33m.[39mwarn([32m`[world-validation] ${warning}`[39m)[33m;[39m
     [90m    |[39m               [31m[1m^[22m[39m
     [90m 80 |[39m     }
     [90m 81 |[39m   }
     [90m 82 |[39m[0m

      at warn (api/src/game-engine.js:79:15)
      at loadWorld (tests/game-engine.test.js:33:17)
      at freshSession (tests/game-engine.test.js:38:19)
      at Object.sessionWithPlayer (tests/game-engine.test.js:2194:19)

  console.warn
    [world-validation] Room "room-isolated" is an orphan ΓÇö no exits or puzzles connect to it.

    [0m [90m 77 |[39m   [36mif[39m (validation[33m.[39mwarnings[33m.[39mlength [33m>[39m [35m0[39m) {
     [90m 78 |[39m     [36mfor[39m ([36mconst[39m warning [36mof[39m validation[33m.[39mwarnings) {
    [31m[1m>[22m[39m[90m 79 |[39m       console[33m.[39mwarn([32m`[world-validation] ${warning}`[39m)[33m;[39m
     [90m    |[39m               [31m[1m^[22m[39m
     [90m 80 |[39m     }
     [90m 81 |[39m   }
     [90m 82 |[39m[0m

      at warn (api/src/game-engine.js:79:15)
      at loadWorld (tests/game-engine.test.js:33:17)
      at freshSession (tests/game-engine.test.js:38:19)
      at Object.sessionWithPlayer (tests/game-engine.test.js:2194:19)

  console.warn
    [world-validation] Room "room-hub" has no items and no hazards (empty room).

    [0m [90m 77 |[39m   [36mif[39m (validation[33m.[39mwarnings[33m.[39mlength [33m>[39m [35m0[39m) {
     [90m 78 |[39m     [36mfor[39m ([36mconst[39m warning [36mof[39m validation[33m.[39mwarnings) {
    [31m[1m>[22m[39m[90m 79 |[39m       console[33m.[39mwarn([32m`[world-validation] ${warning}`[39m)[33m;[39m
     [90m    |[39m               [31m[1m^[22m[39m
     [90m 80 |[39m     }
     [90m 81 |[39m   }
     [90m 82 |[39m[0m

      at warn (api/src/game-engine.js:79:15)
      at loadWorld (tests/game-engine.test.js:33:17)
      at freshSession (tests/game-engine.test.js:43:17)
      at Object.sessionWithPlayers (tests/game-engine.test.js:2214:19)

  console.warn
    [world-validation] Room "room-hub-n" has no items and no hazards (empty room).

    [0m [90m 77 |[39m   [36mif[39m (validation[33m.[39mwarnings[33m.[39mlength [33m>[39m [35m0[39m) {
     [90m 78 |[39m     [36mfor[39m ([36mconst[39m warning [36mof[39m validation[33m.[39mwarnings) {
    [31m[1m>[22m[39m[90m 79 |[39m       console[33m.[39mwarn([32m`[world-validation] ${warning}`[39m)[33m;[39m
     [90m    |[39m               [31m[1m^[22m[39m
     [90m 80 |[39m     }
     [90m 81 |[39m   }
     [90m 82 |[39m[0m

      at warn (api/src/game-engine.js:79:15)
      at loadWorld (tests/game-engine.test.js:33:17)
      at freshSession (tests/game-engine.test.js:43:17)
      at Object.sessionWithPlayers (tests/game-engine.test.js:2214:19)

  console.warn
    [world-validation] Room "room-hub-e" has no items and no hazards (empty room).

    [0m [90m 77 |[39m   [36mif[39m (validation[33m.[39mwarnings[33m.[39mlength [33m>[39m [35m0[39m) {
     [90m 78 |[39m     [36mfor[39m ([36mconst[39m warning [36mof[39m validation[33m.[39mwarnings) {
    [31m[1m>[22m[39m[90m 79 |[39m       console[33m.[39mwarn([32m`[world-validation] ${warning}`[39m)[33m;[39m
     [90m    |[39m               [31m[1m^[22m[39m
     [90m 80 |[39m     }
     [90m 81 |[39m   }
     [90m 82 |[39m[0m

      at warn (api/src/game-engine.js:79:15)
      at loadWorld (tests/game-engine.test.js:33:17)
      at freshSession (tests/game-engine.test.js:43:17)
      at Object.sessionWithPlayers (tests/game-engine.test.js:2214:19)

  console.warn
    [world-validation] Room "room-hub-w" has no items and no hazards (empty room).

    [0m [90m 77 |[39m   [36mif[39m (validation[33m.[39mwarnings[33m.[39mlength [33m>[39m [35m0[39m) {
     [90m 78 |[39m     [36mfor[39m ([36mconst[39m warning [36mof[39m validation[33m.[39mwarnings) {
    [31m[1m>[22m[39m[90m 79 |[39m       console[33m.[39mwarn([32m`[world-validation] ${warning}`[39m)[33m;[39m
     [90m    |[39m               [31m[1m^[22m[39m
     [90m 80 |[39m     }
     [90m 81 |[39m   }
     [90m 82 |[39m[0m

      at warn (api/src/game-engine.js:79:15)
      at loadWorld (tests/game-engine.test.js:33:17)
      at freshSession (tests/game-engine.test.js:43:17)
      at Object.sessionWithPlayers (tests/game-engine.test.js:2214:19)

  console.warn
    [world-validation] Room "room-isolated" has no items and no hazards (empty room).

    [0m [90m 77 |[39m   [36mif[39m (validation[33m.[39mwarnings[33m.[39mlength [33m>[39m [35m0[39m) {
     [90m 78 |[39m     [36mfor[39m ([36mconst[39m warning [36mof[39m validation[33m.[39mwarnings) {
    [31m[1m>[22m[39m[90m 79 |[39m       console[33m.[39mwarn([32m`[world-validation] ${warning}`[39m)[33m;[39m
     [90m    |[39m               [31m[1m^[22m[39m
     [90m 80 |[39m     }
     [90m 81 |[39m   }
     [90m 82 |[39m[0m

      at warn (api/src/game-engine.js:79:15)
      at loadWorld (tests/game-engine.test.js:33:17)
      at freshSession (tests/game-engine.test.js:43:17)
      at Object.sessionWithPlayers (tests/game-engine.test.js:2214:19)

  console.warn
    [world-validation] Room "room-isolated" is an orphan ΓÇö no exits or puzzles connect to it.

    [0m [90m 77 |[39m   [36mif[39m (validation[33m.[39mwarnings[33m.[39mlength [33m>[39m [35m0[39m) {
     [90m 78 |[39m     [36mfor[39m ([36mconst[39m warning [36mof[39m validation[33m.[39mwarnings) {
    [31m[1m>[22m[39m[90m 79 |[39m       console[33m.[39mwarn([32m`[world-validation] ${warning}`[39m)[33m;[39m
     [90m    |[39m               [31m[1m^[22m[39m
     [90m 80 |[39m     }
     [90m 81 |[39m   }
     [90m 82 |[39m[0m

      at warn (api/src/game-engine.js:79:15)
      at loadWorld (tests/game-engine.test.js:33:17)
      at freshSession (tests/game-engine.test.js:43:17)
      at Object.sessionWithPlayers (tests/game-engine.test.js:2214:19)

  console.warn
    [world-validation] Room "old-hazard-room": hazard[0] is a plain string. Consider using object format { description, probability, deathText }.

    [0m [90m 77 |[39m   [36mif[39m (validation[33m.[39mwarnings[33m.[39mlength [33m>[39m [35m0[39m) {
     [90m 78 |[39m     [36mfor[39m ([36mconst[39m warning [36mof[39m validation[33m.[39mwarnings) {
    [31m[1m>[22m[39m[90m 79 |[39m       console[33m.[39mwarn([32m`[world-validation] ${warning}`[39m)[33m;[39m
     [90m    |[39m               [31m[1m^[22m[39m
     [90m 80 |[39m     }
     [90m 81 |[39m   }
     [90m 82 |[39m[0m

      at warn (api/src/game-engine.js:79:15)
      at loadWorld (tests/game-engine.test.js:2239:12)
      at hazardWorldStef (tests/game-engine.test.js:2309:19)
      at hazardSessionStef (tests/game-engine.test.js:2314:21)
      at Object.hazardSessionWithPlayerStef (tests/game-engine.test.js:2332:21)

  console.warn
    [world-validation] Room "old-hazard-room": hazard[0] is a plain string. Consider using object format { description, probability, deathText }.

    [0m [90m 77 |[39m   [36mif[39m (validation[33m.[39mwarnings[33m.[39mlength [33m>[39m [35m0[39m) {
     [90m 78 |[39m     [36mfor[39m ([36mconst[39m warning [36mof[39m validation[33m.[39mwarnings) {
    [31m[1m>[22m[39m[90m 79 |[39m       console[33m.[39mwarn([32m`[world-validation] ${warning}`[39m)[33m;[39m
     [90m    |[39m               [31m[1m^[22m[39m
     [90m 80 |[39m     }
     [90m 81 |[39m   }
     [90m 82 |[39m[0m

      at warn (api/src/game-engine.js:79:15)
      at loadWorld (tests/game-engine.test.js:2239:12)
      at hazardWorldStef (tests/game-engine.test.js:2309:19)
      at hazardSessionStef (tests/game-engine.test.js:2314:21)
      at Object.hazardSessionWithPlayerStef (tests/game-engine.test.js:2349:21)

  console.warn
    [world-validation] Room "old-hazard-room": hazard[0] is a plain string. Consider using object format { description, probability, deathText }.

    [0m [90m 77 |[39m   [36mif[39m (validation[33m.[39mwarnings[33m.[39mlength [33m>[39m [35m0[39m) {
     [90m 78 |[39m     [36mfor[39m ([36mconst[39m warning [36mof[39m validation[33m.[39mwarnings) {
    [31m[1m>[22m[39m[90m 79 |[39m       console[33m.[39mwarn([32m`[world-validation] ${warning}`[39m)[33m;[39m
     [90m    |[39m               [31m[1m^[22m[39m
     [90m 80 |[39m     }
     [90m 81 |[39m   }
     [90m 82 |[39m[0m

      at warn (api/src/game-engine.js:79:15)
      at loadWorld (tests/game-engine.test.js:2239:12)
      at hazardWorldStef (tests/game-engine.test.js:2309:19)
      at hazardSessionStef (tests/game-engine.test.js:2314:21)
      at Object.hazardSessionWithPlayerStef (tests/game-engine.test.js:2363:21)

  console.warn
    [world-validation] Room "old-hazard-room": hazard[0] is a plain string. Consider using object format { description, probability, deathText }.

    [0m [90m 77 |[39m   [36mif[39m (validation[33m.[39mwarnings[33m.[39mlength [33m>[39m [35m0[39m) {
     [90m 78 |[39m     [36mfor[39m ([36mconst[39m warning [36mof[39m validation[33m.[39mwarnings) {
    [31m[1m>[22m[39m[90m 79 |[39m       console[33m.[39mwarn([32m`[world-validation] ${warning}`[39m)[33m;[39m
     [90m    |[39m               [31m[1m^[22m[39m
     [90m 80 |[39m     }
     [90m 81 |[39m   }
     [90m 82 |[39m[0m

      at warn (api/src/game-engine.js:79:15)
      at loadWorld (tests/game-engine.test.js:2239:12)
      at hazardWorldStef (tests/game-engine.test.js:2309:19)
      at hazardSessionStef (tests/game-engine.test.js:2319:19)
      at Object.hazardSessionWithPlayersStef (tests/game-engine.test.js:2379:21)

  console.warn
    [world-validation] Room "old-hazard-room": hazard[0] is a plain string. Consider using object format { description, probability, deathText }.

    [0m [90m 77 |[39m   [36mif[39m (validation[33m.[39mwarnings[33m.[39mlength [33m>[39m [35m0[39m) {
     [90m 78 |[39m     [36mfor[39m ([36mconst[39m warning [36mof[39m validation[33m.[39mwarnings) {
    [31m[1m>[22m[39m[90m 79 |[39m       console[33m.[39mwarn([32m`[world-validation] ${warning}`[39m)[33m;[39m
     [90m    |[39m               [31m[1m^[22m[39m
     [90m 80 |[39m     }
     [90m 81 |[39m   }
     [90m 82 |[39m[0m

      at warn (api/src/game-engine.js:79:15)
      at loadWorld (tests/game-engine.test.js:2239:12)
      at hazardWorldStef (tests/game-engine.test.js:2309:19)
      at hazardSessionStef (tests/game-engine.test.js:2319:19)
      at Object.hazardSessionWithPlayersStef (tests/game-engine.test.js:2399:21)

  console.warn
    [world-validation] Room "old-hazard-room": hazard[0] is a plain string. Consider using object format { description, probability, deathText }.

    [0m [90m 77 |[39m   [36mif[39m (validation[33m.[39mwarnings[33m.[39mlength [33m>[39m [35m0[39m) {
     [90m 78 |[39m     [36mfor[39m ([36mconst[39m warning [36mof[39m validation[33m.[39mwarnings) {
    [31m[1m>[22m[39m[90m 79 |[39m       console[33m.[39mwarn([32m`[world-validation] ${warning}`[39m)[33m;[39m
     [90m    |[39m               [31m[1m^[22m[39m
     [90m 80 |[39m     }
     [90m 81 |[39m   }
     [90m 82 |[39m[0m

      at warn (api/src/game-engine.js:79:15)
      at loadWorld (tests/game-engine.test.js:2239:12)
      at hazardWorldStef (tests/game-engine.test.js:2309:19)
      at hazardSessionStef (tests/game-engine.test.js:2314:21)
      at Object.hazardSessionWithPlayerStef (tests/game-engine.test.js:2416:21)

  console.warn
    [world-validation] Room "old-hazard-room": hazard[0] is a plain string. Consider using object format { description, probability, deathText }.

    [0m [90m 77 |[39m   [36mif[39m (validation[33m.[39mwarnings[33m.[39mlength [33m>[39m [35m0[39m) {
     [90m 78 |[39m     [36mfor[39m ([36mconst[39m warning [36mof[39m validation[33m.[39mwarnings) {
    [31m[1m>[22m[39m[90m 79 |[39m       console[33m.[39mwarn([32m`[world-validation] ${warning}`[39m)[33m;[39m
     [90m    |[39m               [31m[1m^[22m[39m
     [90m 80 |[39m     }
     [90m 81 |[39m   }
     [90m 82 |[39m[0m

      at warn (api/src/game-engine.js:79:15)
      at loadWorld (tests/game-engine.test.js:2239:12)
      at hazardWorldStef (tests/game-engine.test.js:2309:19)
      at hazardSessionStef (tests/game-engine.test.js:2314:21)
      at Object.hazardSessionWithPlayerStef (tests/game-engine.test.js:2425:21)

  console.warn
    [world-validation] Room "old-hazard-room": hazard[0] is a plain string. Consider using object format { description, probability, deathText }.

    [0m [90m 77 |[39m   [36mif[39m (validation[33m.[39mwarnings[33m.[39mlength [33m>[39m [35m0[39m) {
     [90m 78 |[39m     [36mfor[39m ([36mconst[39m warning [36mof[39m validation[33m.[39mwarnings) {
    [31m[1m>[22m[39m[90m 79 |[39m       console[33m.[39mwarn([32m`[world-validation] ${warning}`[39m)[33m;[39m
     [90m    |[39m               [31m[1m^[22m[39m
     [90m 80 |[39m     }
     [90m 81 |[39m   }
     [90m 82 |[39m[0m

      at warn (api/src/game-engine.js:79:15)
      at loadWorld (tests/game-engine.test.js:2239:12)
      at hazardWorldStef (tests/game-engine.test.js:2309:19)
      at hazardSessionStef (tests/game-engine.test.js:2314:21)
      at Object.hazardSessionWithPlayerStef (tests/game-engine.test.js:2441:21)

  console.warn
    [world-validation] Room "old-hazard-room": hazard[0] is a plain string. Consider using object format { description, probability, deathText }.

    [0m [90m 77 |[39m   [36mif[39m (validation[33m.[39mwarnings[33m.[39mlength [33m>[39m [35m0[39m) {
     [90m 78 |[39m     [36mfor[39m ([36mconst[39m warning [36mof[39m validation[33m.[39mwarnings) {
    [31m[1m>[22m[39m[90m 79 |[39m       console[33m.[39mwarn([32m`[world-validation] ${warning}`[39m)[33m;[39m
     [90m    |[39m               [31m[1m^[22m[39m
     [90m 80 |[39m     }
     [90m 81 |[39m   }
     [90m 82 |[39m[0m

      at warn (api/src/game-engine.js:79:15)
      at loadWorld (tests/game-engine.test.js:2239:12)
      at hazardWorldStef (tests/game-engine.test.js:2309:19)
      at hazardSessionStef (tests/game-engine.test.js:2314:21)
      at Object.hazardSessionWithPlayerStef (tests/game-engine.test.js:2456:21)

  console.warn
    [world-validation] Room "old-hazard-room": hazard[0] is a plain string. Consider using object format { description, probability, deathText }.

    [0m [90m 77 |[39m   [36mif[39m (validation[33m.[39mwarnings[33m.[39mlength [33m>[39m [35m0[39m) {
     [90m 78 |[39m     [36mfor[39m ([36mconst[39m warning [36mof[39m validation[33m.[39mwarnings) {
    [31m[1m>[22m[39m[90m 79 |[39m       console[33m.[39mwarn([32m`[world-validation] ${warning}`[39m)[33m;[39m
     [90m    |[39m               [31m[1m^[22m[39m
     [90m 80 |[39m     }
     [90m 81 |[39m   }
     [90m 82 |[39m[0m

      at warn (api/src/game-engine.js:79:15)
      at loadWorld (tests/game-engine.test.js:2239:12)
      at hazardWorldStef (tests/game-engine.test.js:2309:19)
      at hazardSessionStef (tests/game-engine.test.js:2314:21)
      at Object.hazardSessionWithPlayerStef (tests/game-engine.test.js:2469:21)

  console.warn
    [world-validation] Room "old-hazard-room": hazard[0] is a plain string. Consider using object format { description, probability, deathText }.

    [0m [90m 77 |[39m   [36mif[39m (validation[33m.[39mwarnings[33m.[39mlength [33m>[39m [35m0[39m) {
     [90m 78 |[39m     [36mfor[39m ([36mconst[39m warning [36mof[39m validation[33m.[39mwarnings) {
    [31m[1m>[22m[39m[90m 79 |[39m       console[33m.[39mwarn([32m`[world-validation] ${warning}`[39m)[33m;[39m
     [90m    |[39m               [31m[1m^[22m[39m
     [90m 80 |[39m     }
     [90m 81 |[39m   }
     [90m 82 |[39m[0m

      at warn (api/src/game-engine.js:79:15)
      at loadWorld (tests/game-engine.test.js:2239:12)
      at hazardWorldStef (tests/game-engine.test.js:2309:19)
      at hazardSessionStef (tests/game-engine.test.js:2314:21)
      at Object.hazardSessionWithPlayerStef (tests/game-engine.test.js:2486:21)

  console.warn
    [world-validation] Room "old-hazard-room": hazard[0] is a plain string. Consider using object format { description, probability, deathText }.

    [0m [90m 77 |[39m   [36mif[39m (validation[33m.[39mwarnings[33m.[39mlength [33m>[39m [35m0[39m) {
     [90m 78 |[39m     [36mfor[39m ([36mconst[39m warning [36mof[39m validation[33m.[39mwarnings) {
    [31m[1m>[22m[39m[90m 79 |[39m       console[33m.[39mwarn([32m`[world-validation] ${warning}`[39m)[33m;[39m
     [90m    |[39m               [31m[1m^[22m[39m
     [90m 80 |[39m     }
     [90m 81 |[39m   }
     [90m 82 |[39m[0m

      at warn (api/src/game-engine.js:79:15)
      at loadWorld (tests/game-engine.test.js:2239:12)
      at hazardWorldStef (tests/game-engine.test.js:2309:19)
      at hazardSessionStef (tests/game-engine.test.js:2314:21)
      at Object.hazardSessionWithPlayerStef (tests/game-engine.test.js:2504:22)

  console.warn
    [world-validation] Room "old-hazard-room": hazard[0] is a plain string. Consider using object format { description, probability, deathText }.

    [0m [90m 77 |[39m   [36mif[39m (validation[33m.[39mwarnings[33m.[39mlength [33m>[39m [35m0[39m) {
     [90m 78 |[39m     [36mfor[39m ([36mconst[39m warning [36mof[39m validation[33m.[39mwarnings) {
    [31m[1m>[22m[39m[90m 79 |[39m       console[33m.[39mwarn([32m`[world-validation] ${warning}`[39m)[33m;[39m
     [90m    |[39m               [31m[1m^[22m[39m
     [90m 80 |[39m     }
     [90m 81 |[39m   }
     [90m 82 |[39m[0m

      at warn (api/src/game-engine.js:79:15)
      at loadWorld (tests/game-engine.test.js:2239:12)
      at hazardWorldStef (tests/game-engine.test.js:2309:19)
      at Object.hazardSessionStef (tests/game-engine.test.js:2525:23)

  console.warn
    [world-validation] Room "old-hazard-room": hazard[0] is a plain string. Consider using object format { description, probability, deathText }.

    [0m [90m 77 |[39m   [36mif[39m (validation[33m.[39mwarnings[33m.[39mlength [33m>[39m [35m0[39m) {
     [90m 78 |[39m     [36mfor[39m ([36mconst[39m warning [36mof[39m validation[33m.[39mwarnings) {
    [31m[1m>[22m[39m[90m 79 |[39m       console[33m.[39mwarn([32m`[world-validation] ${warning}`[39m)[33m;[39m
     [90m    |[39m               [31m[1m^[22m[39m
     [90m 80 |[39m     }
     [90m 81 |[39m   }
     [90m 82 |[39m[0m

      at warn (api/src/game-engine.js:79:15)
      at loadWorld (tests/game-engine.test.js:2239:12)
      at hazardWorldStef (tests/game-engine.test.js:2309:19)
      at Object.hazardSessionStef (tests/game-engine.test.js:2530:23)

  console.warn
    [world-validation] Room "old-hazard-room": hazard[0] is a plain string. Consider using object format { description, probability, deathText }.

    [0m [90m 77 |[39m   [36mif[39m (validation[33m.[39mwarnings[33m.[39mlength [33m>[39m [35m0[39m) {
     [90m 78 |[39m     [36mfor[39m ([36mconst[39m warning [36mof[39m validation[33m.[39mwarnings) {
    [31m[1m>[22m[39m[90m 79 |[39m       console[33m.[39mwarn([32m`[world-validation] ${warning}`[39m)[33m;[39m
     [90m    |[39m               [31m[1m^[22m[39m
     [90m 80 |[39m     }
     [90m 81 |[39m   }
     [90m 82 |[39m[0m

      at warn (api/src/game-engine.js:79:15)
      at loadWorld (tests/game-engine.test.js:2239:12)
      at hazardWorldStef (tests/game-engine.test.js:2309:19)
      at hazardSessionStef (tests/game-engine.test.js:2314:21)
      at Object.hazardSessionWithPlayerStef (tests/game-engine.test.js:2541:21)

  console.warn
    [world-validation] Room "old-hazard-room": hazard[0] is a plain string. Consider using object format { description, probability, deathText }.

    [0m [90m 77 |[39m   [36mif[39m (validation[33m.[39mwarnings[33m.[39mlength [33m>[39m [35m0[39m) {
     [90m 78 |[39m     [36mfor[39m ([36mconst[39m warning [36mof[39m validation[33m.[39mwarnings) {
    [31m[1m>[22m[39m[90m 79 |[39m       console[33m.[39mwarn([32m`[world-validation] ${warning}`[39m)[33m;[39m
     [90m    |[39m               [31m[1m^[22m[39m
     [90m 80 |[39m     }
     [90m 81 |[39m   }
     [90m 82 |[39m[0m

      at warn (api/src/game-engine.js:79:15)
      at loadWorld (tests/game-engine.test.js:2239:12)
      at Object.hazardWorldStef (tests/game-engine.test.js:2553:21)

  console.warn
    [world-validation] Room "old-hazard-room": hazard[0] is a plain string. Consider using object format { description, probability, deathText }.

    [0m [90m 77 |[39m   [36mif[39m (validation[33m.[39mwarnings[33m.[39mlength [33m>[39m [35m0[39m) {
     [90m 78 |[39m     [36mfor[39m ([36mconst[39m warning [36mof[39m validation[33m.[39mwarnings) {
    [31m[1m>[22m[39m[90m 79 |[39m       console[33m.[39mwarn([32m`[world-validation] ${warning}`[39m)[33m;[39m
     [90m    |[39m               [31m[1m^[22m[39m
     [90m 80 |[39m     }
     [90m 81 |[39m   }
     [90m 82 |[39m[0m

      at warn (api/src/game-engine.js:79:15)
      at loadWorld (tests/game-engine.test.js:2239:12)
      at hazardWorldStef (tests/game-engine.test.js:2309:19)
      at hazardSessionStef (tests/game-engine.test.js:2314:21)
      at Object.hazardSessionWithPlayerStef (tests/game-engine.test.js:2568:21)

  console.warn
    [world-validation] Room "old-hazard-room": hazard[0] is a plain string. Consider using object format { description, probability, deathText }.

    [0m [90m 77 |[39m   [36mif[39m (validation[33m.[39mwarnings[33m.[39mlength [33m>[39m [35m0[39m) {
     [90m 78 |[39m     [36mfor[39m ([36mconst[39m warning [36mof[39m validation[33m.[39mwarnings) {
    [31m[1m>[22m[39m[90m 79 |[39m       console[33m.[39mwarn([32m`[world-validation] ${warning}`[39m)[33m;[39m
     [90m    |[39m               [31m[1m^[22m[39m
     [90m 80 |[39m     }
     [90m 81 |[39m   }
     [90m 82 |[39m[0m

      at warn (api/src/game-engine.js:79:15)
      at loadWorld (tests/game-engine.test.js:2239:12)
      at hazardWorldStef (tests/game-engine.test.js:2309:19)
      at hazardSessionStef (tests/game-engine.test.js:2319:19)
      at Object.hazardSessionWithPlayersStef (tests/game-engine.test.js:2593:21)

  console.warn
    [world-validation] Room "old-hazard-room": hazard[0] is a plain string. Consider using object format { description, probability, deathText }.

    [0m [90m 77 |[39m   [36mif[39m (validation[33m.[39mwarnings[33m.[39mlength [33m>[39m [35m0[39m) {
     [90m 78 |[39m     [36mfor[39m ([36mconst[39m warning [36mof[39m validation[33m.[39mwarnings) {
    [31m[1m>[22m[39m[90m 79 |[39m       console[33m.[39mwarn([32m`[world-validation] ${warning}`[39m)[33m;[39m
     [90m    |[39m               [31m[1m^[22m[39m
     [90m 80 |[39m     }
     [90m 81 |[39m   }
     [90m 82 |[39m[0m

      at warn (api/src/game-engine.js:79:15)
      at loadWorld (tests/game-engine.test.js:2239:12)
      at hazardWorldStef (tests/game-engine.test.js:2309:19)
      at hazardSessionStef (tests/game-engine.test.js:2319:19)
      at Object.hazardSessionWithPlayersStef (tests/game-engine.test.js:2615:21)

  console.warn
    [world-validation] Room "safe-room" has no items and no hazards (empty room).

    [0m [90m 77 |[39m   [36mif[39m (validation[33m.[39mwarnings[33m.[39mlength [33m>[39m [35m0[39m) {
     [90m 78 |[39m     [36mfor[39m ([36mconst[39m warning [36mof[39m validation[33m.[39mwarnings) {
    [31m[1m>[22m[39m[90m 79 |[39m       console[33m.[39mwarn([32m`[world-validation] ${warning}`[39m)[33m;[39m
     [90m    |[39m               [31m[1m^[22m[39m
     [90m 80 |[39m     }
     [90m 81 |[39m   }
     [90m 82 |[39m[0m

      at warn (api/src/game-engine.js:79:15)
      at loadWorld (tests/game-engine.test.js:2641:12)
      at hazardEveryCommandWorld (tests/game-engine.test.js:2680:19)
      at Object.sessionInDeadlyRoom (tests/game-engine.test.js:2690:19)

  console.warn
    [world-validation] Room "safe-room" has no items and no hazards (empty room).

    [0m [90m 77 |[39m   [36mif[39m (validation[33m.[39mwarnings[33m.[39mlength [33m>[39m [35m0[39m) {
     [90m 78 |[39m     [36mfor[39m ([36mconst[39m warning [36mof[39m validation[33m.[39mwarnings) {
    [31m[1m>[22m[39m[90m 79 |[39m       console[33m.[39mwarn([32m`[world-validation] ${warning}`[39m)[33m;[39m
     [90m    |[39m               [31m[1m^[22m[39m
     [90m 80 |[39m     }
     [90m 81 |[39m   }
     [90m 82 |[39m[0m

      at warn (api/src/game-engine.js:79:15)
      at loadWorld (tests/game-engine.test.js:2641:12)
      at hazardEveryCommandWorld (tests/game-engine.test.js:2680:19)
      at Object.sessionInDeadlyRoom (tests/game-engine.test.js:2712:19)

  console.warn
    [world-validation] Room "safe-room" has no items and no hazards (empty room).

    [0m [90m 77 |[39m   [36mif[39m (validation[33m.[39mwarnings[33m.[39mlength [33m>[39m [35m0[39m) {
     [90m 78 |[39m     [36mfor[39m ([36mconst[39m warning [36mof[39m validation[33m.[39mwarnings) {
    [31m[1m>[22m[39m[90m 79 |[39m       console[33m.[39mwarn([32m`[world-validation] ${warning}`[39m)[33m;[39m
     [90m    |[39m               [31m[1m^[22m[39m
     [90m 80 |[39m     }
     [90m 81 |[39m   }
     [90m 82 |[39m[0m

      at warn (api/src/game-engine.js:79:15)
      at loadWorld (tests/game-engine.test.js:2641:12)
      at hazardEveryCommandWorld (tests/game-engine.test.js:2680:19)
      at Object.sessionInDeadlyRoom (tests/game-engine.test.js:2732:19)

  console.warn
    [world-validation] Room "safe-room" has no items and no hazards (empty room).

    [0m [90m 77 |[39m   [36mif[39m (validation[33m.[39mwarnings[33m.[39mlength [33m>[39m [35m0[39m) {
     [90m 78 |[39m     [36mfor[39m ([36mconst[39m warning [36mof[39m validation[33m.[39mwarnings) {
    [31m[1m>[22m[39m[90m 79 |[39m       console[33m.[39mwarn([32m`[world-validation] ${warning}`[39m)[33m;[39m
     [90m    |[39m               [31m[1m^[22m[39m
     [90m 80 |[39m     }
     [90m 81 |[39m   }
     [90m 82 |[39m[0m

      at warn (api/src/game-engine.js:79:15)
      at loadWorld (tests/game-engine.test.js:2641:12)
      at hazardEveryCommandWorld (tests/game-engine.test.js:2680:19)
      at Object.sessionInDeadlyRoom (tests/game-engine.test.js:2748:19)

  console.warn
    [world-validation] Room "safe-room" has no items and no hazards (empty room).

    [0m [90m 77 |[39m   [36mif[39m (validation[33m.[39mwarnings[33m.[39mlength [33m>[39m [35m0[39m) {
     [90m 78 |[39m     [36mfor[39m ([36mconst[39m warning [36mof[39m validation[33m.[39mwarnings) {
    [31m[1m>[22m[39m[90m 79 |[39m       console[33m.[39mwarn([32m`[world-validation] ${warning}`[39m)[33m;[39m
     [90m    |[39m               [31m[1m^[22m[39m
     [90m 80 |[39m     }
     [90m 81 |[39m   }
     [90m 82 |[39m[0m

      at warn (api/src/game-engine.js:79:15)
      at loadWorld (tests/game-engine.test.js:2641:12)
      at hazardEveryCommandWorld (tests/game-engine.test.js:2680:19)
      at Object.sessionInDeadlyRoom (tests/game-engine.test.js:2765:19)

  console.warn
    [world-validation] Room "safe-room" has no items and no hazards (empty room).

    [0m [90m 77 |[39m   [36mif[39m (validation[33m.[39mwarnings[33m.[39mlength [33m>[39m [35m0[39m) {
     [90m 78 |[39m     [36mfor[39m ([36mconst[39m warning [36mof[39m validation[33m.[39mwarnings) {
    [31m[1m>[22m[39m[90m 79 |[39m       console[33m.[39mwarn([32m`[world-validation] ${warning}`[39m)[33m;[39m
     [90m    |[39m               [31m[1m^[22m[39m
     [90m 80 |[39m     }
     [90m 81 |[39m   }
     [90m 82 |[39m[0m

      at warn (api/src/game-engine.js:79:15)
      at loadWorld (tests/game-engine.test.js:2641:12)
      at hazardEveryCommandWorld (tests/game-engine.test.js:2680:19)
      at Object.sessionInDeadlyRoom (tests/game-engine.test.js:2781:19)

  console.warn
    [world-validation] Room "safe-room" has no items and no hazards (empty room).

    [0m [90m 77 |[39m   [36mif[39m (validation[33m.[39mwarnings[33m.[39mlength [33m>[39m [35m0[39m) {
     [90m 78 |[39m     [36mfor[39m ([36mconst[39m warning [36mof[39m validation[33m.[39mwarnings) {
    [31m[1m>[22m[39m[90m 79 |[39m       console[33m.[39mwarn([32m`[world-validation] ${warning}`[39m)[33m;[39m
     [90m    |[39m               [31m[1m^[22m[39m
     [90m 80 |[39m     }
     [90m 81 |[39m   }
     [90m 82 |[39m[0m

      at warn (api/src/game-engine.js:79:15)
      at loadWorld (tests/game-engine.test.js:2641:12)
      at hazardEveryCommandWorld (tests/game-engine.test.js:2680:19)
      at Object.sessionInDeadlyRoom (tests/game-engine.test.js:2801:19)

  console.warn
    [world-validation] Room "safe-room" has no items and no hazards (empty room).

    [0m [90m 77 |[39m   [36mif[39m (validation[33m.[39mwarnings[33m.[39mlength [33m>[39m [35m0[39m) {
     [90m 78 |[39m     [36mfor[39m ([36mconst[39m warning [36mof[39m validation[33m.[39mwarnings) {
    [31m[1m>[22m[39m[90m 79 |[39m       console[33m.[39mwarn([32m`[world-validation] ${warning}`[39m)[33m;[39m
     [90m    |[39m               [31m[1m^[22m[39m
     [90m 80 |[39m     }
     [90m 81 |[39m   }
     [90m 82 |[39m[0m

      at warn (api/src/game-engine.js:79:15)
      at loadWorld (tests/game-engine.test.js:2641:12)
      at Object.hazardEveryCommandWorld (tests/game-engine.test.js:2828:19)

  console.warn
    [world-validation] Room "safe-room" has no items and no hazards (empty room).

    [0m [90m 77 |[39m   [36mif[39m (validation[33m.[39mwarnings[33m.[39mlength [33m>[39m [35m0[39m) {
     [90m 78 |[39m     [36mfor[39m ([36mconst[39m warning [36mof[39m validation[33m.[39mwarnings) {
    [31m[1m>[22m[39m[90m 79 |[39m       console[33m.[39mwarn([32m`[world-validation] ${warning}`[39m)[33m;[39m
     [90m    |[39m               [31m[1m^[22m[39m
     [90m 80 |[39m     }
     [90m 81 |[39m   }
     [90m 82 |[39m[0m

      at warn (api/src/game-engine.js:79:15)
      at loadWorld (tests/game-engine.test.js:2641:12)
      at Object.hazardEveryCommandWorld (tests/game-engine.test.js:2853:21)

  console.warn
    [world-validation] Room "safe-room" has no items and no hazards (empty room).

    [0m [90m 77 |[39m   [36mif[39m (validation[33m.[39mwarnings[33m.[39mlength [33m>[39m [35m0[39m) {
     [90m 78 |[39m     [36mfor[39m ([36mconst[39m warning [36mof[39m validation[33m.[39mwarnings) {
    [31m[1m>[22m[39m[90m 79 |[39m       console[33m.[39mwarn([32m`[world-validation] ${warning}`[39m)[33m;[39m
     [90m    |[39m               [31m[1m^[22m[39m
     [90m 80 |[39m     }
     [90m 81 |[39m   }
     [90m 82 |[39m[0m

      at warn (api/src/game-engine.js:79:15)
      at loadWorld (tests/game-engine.test.js:2641:12)
      at hazardEveryCommandWorld (tests/game-engine.test.js:2680:19)
      at Object.sessionInDeadlyRoom (tests/game-engine.test.js:2863:21)

  console.warn
    [world-validation] Room "safe-room" has no items and no hazards (empty room).

    [0m [90m 77 |[39m   [36mif[39m (validation[33m.[39mwarnings[33m.[39mlength [33m>[39m [35m0[39m) {
     [90m 78 |[39m     [36mfor[39m ([36mconst[39m warning [36mof[39m validation[33m.[39mwarnings) {
    [31m[1m>[22m[39m[90m 79 |[39m       console[33m.[39mwarn([32m`[world-validation] ${warning}`[39m)[33m;[39m
     [90m    |[39m               [31m[1m^[22m[39m
     [90m 80 |[39m     }
     [90m 81 |[39m   }
     [90m 82 |[39m[0m

      at warn (api/src/game-engine.js:79:15)
      at loadWorld (tests/game-engine.test.js:2641:12)
      at hazardEveryCommandWorld (tests/game-engine.test.js:2680:19)
      at Object.sessionInDeadlyRoom (tests/game-engine.test.js:2879:21)

  console.warn
    [world-validation] Room "safe-room" has no items and no hazards (empty room).

    [0m [90m 77 |[39m   [36mif[39m (validation[33m.[39mwarnings[33m.[39mlength [33m>[39m [35m0[39m) {
     [90m 78 |[39m     [36mfor[39m ([36mconst[39m warning [36mof[39m validation[33m.[39mwarnings) {
    [31m[1m>[22m[39m[90m 79 |[39m       console[33m.[39mwarn([32m`[world-validation] ${warning}`[39m)[33m;[39m
     [90m    |[39m               [31m[1m^[22m[39m
     [90m 80 |[39m     }
     [90m 81 |[39m   }
     [90m 82 |[39m[0m

      at warn (api/src/game-engine.js:79:15)
      at loadWorld (tests/game-engine.test.js:2641:12)
      at hazardEveryCommandWorld (tests/game-engine.test.js:2680:19)
      at Object.sessionInDeadlyRoom (tests/game-engine.test.js:2885:21)

  console.warn
    [world-validation] Room "safe-room" has no items and no hazards (empty room).

    [0m [90m 77 |[39m   [36mif[39m (validation[33m.[39mwarnings[33m.[39mlength [33m>[39m [35m0[39m) {
     [90m 78 |[39m     [36mfor[39m ([36mconst[39m warning [36mof[39m validation[33m.[39mwarnings) {
    [31m[1m>[22m[39m[90m 79 |[39m       console[33m.[39mwarn([32m`[world-validation] ${warning}`[39m)[33m;[39m
     [90m    |[39m               [31m[1m^[22m[39m
     [90m 80 |[39m     }
     [90m 81 |[39m   }
     [90m 82 |[39m[0m

      at warn (api/src/game-engine.js:79:15)
      at loadWorld (tests/game-engine.test.js:2641:12)
      at hazardEveryCommandWorld (tests/game-engine.test.js:2680:19)
      at Object.sessionInDeadlyRoom (tests/game-engine.test.js:2897:21)

  console.warn
    [world-validation] Room "safe-room" has no items and no hazards (empty room).

    [0m [90m 77 |[39m   [36mif[39m (validation[33m.[39mwarnings[33m.[39mlength [33m>[39m [35m0[39m) {
     [90m 78 |[39m     [36mfor[39m ([36mconst[39m warning [36mof[39m validation[33m.[39mwarnings) {
    [31m[1m>[22m[39m[90m 79 |[39m       console[33m.[39mwarn([32m`[world-validation] ${warning}`[39m)[33m;[39m
     [90m    |[39m               [31m[1m^[22m[39m
     [90m 80 |[39m     }
     [90m 81 |[39m   }
     [90m 82 |[39m[0m

      at warn (api/src/game-engine.js:79:15)
      at loadWorld (tests/game-engine.test.js:2641:12)
      at Object.hazardEveryCommandWorld (tests/game-engine.test.js:2931:21)

  console.warn
    [world-validation] Room "safe-room" has no items and no hazards (empty room).

    [0m [90m 77 |[39m   [36mif[39m (validation[33m.[39mwarnings[33m.[39mlength [33m>[39m [35m0[39m) {
     [90m 78 |[39m     [36mfor[39m ([36mconst[39m warning [36mof[39m validation[33m.[39mwarnings) {
    [31m[1m>[22m[39m[90m 79 |[39m       console[33m.[39mwarn([32m`[world-validation] ${warning}`[39m)[33m;[39m
     [90m    |[39m               [31m[1m^[22m[39m
     [90m 80 |[39m     }
     [90m 81 |[39m   }
     [90m 82 |[39m[0m

      at warn (api/src/game-engine.js:79:15)
      at loadWorld (tests/game-engine.test.js:2969:12)
      at Object.multiplierWorld (tests/game-engine.test.js:3013:19)

  console.warn
    [world-validation] Room "high-prob-room" is an orphan ΓÇö no exits or puzzles connect to it.

    [0m [90m 77 |[39m   [36mif[39m (validation[33m.[39mwarnings[33m.[39mlength [33m>[39m [35m0[39m) {
     [90m 78 |[39m     [36mfor[39m ([36mconst[39m warning [36mof[39m validation[33m.[39mwarnings) {
    [31m[1m>[22m[39m[90m 79 |[39m       console[33m.[39mwarn([32m`[world-validation] ${warning}`[39m)[33m;[39m
     [90m    |[39m               [31m[1m^[22m[39m
     [90m 80 |[39m     }
     [90m 81 |[39m   }
     [90m 82 |[39m[0m

      at warn (api/src/game-engine.js:79:15)
      at loadWorld (tests/game-engine.test.js:2969:12)
      at Object.multiplierWorld (tests/game-engine.test.js:3013:19)

  console.warn
    [world-validation] Room "safe-room" has no items and no hazards (empty room).

    [0m [90m 77 |[39m   [36mif[39m (validation[33m.[39mwarnings[33m.[39mlength [33m>[39m [35m0[39m) {
     [90m 78 |[39m     [36mfor[39m ([36mconst[39m warning [36mof[39m validation[33m.[39mwarnings) {
    [31m[1m>[22m[39m[90m 79 |[39m       console[33m.[39mwarn([32m`[world-validation] ${warning}`[39m)[33m;[39m
     [90m    |[39m               [31m[1m^[22m[39m
     [90m 80 |[39m     }
     [90m 81 |[39m   }
     [90m 82 |[39m[0m

      at warn (api/src/game-engine.js:79:15)
      at loadWorld (tests/game-engine.test.js:2969:12)
      at Object.multiplierWorld (tests/game-engine.test.js:3019:19)

  console.warn
    [world-validation] Room "high-prob-room" is an orphan ΓÇö no exits or puzzles connect to it.

    [0m [90m 77 |[39m   [36mif[39m (validation[33m.[39mwarnings[33m.[39mlength [33m>[39m [35m0[39m) {
     [90m 78 |[39m     [36mfor[39m ([36mconst[39m warning [36mof[39m validation[33m.[39mwarnings) {
    [31m[1m>[22m[39m[90m 79 |[39m       console[33m.[39mwarn([32m`[world-validation] ${warning}`[39m)[33m;[39m
     [90m    |[39m               [31m[1m^[22m[39m
     [90m 80 |[39m     }
     [90m 81 |[39m   }
     [90m 82 |[39m[0m

      at warn (api/src/game-engine.js:79:15)
      at loadWorld (tests/game-engine.test.js:2969:12)
      at Object.multiplierWorld (tests/game-engine.test.js:3019:19)

  console.warn
    [world-validation] Room "safe-room" has no items and no hazards (empty room).

    [0m [90m 77 |[39m   [36mif[39m (validation[33m.[39mwarnings[33m.[39mlength [33m>[39m [35m0[39m) {
     [90m 78 |[39m     [36mfor[39m ([36mconst[39m warning [36mof[39m validation[33m.[39mwarnings) {
    [31m[1m>[22m[39m[90m 79 |[39m       console[33m.[39mwarn([32m`[world-validation] ${warning}`[39m)[33m;[39m
     [90m    |[39m               [31m[1m^[22m[39m
     [90m 80 |[39m     }
     [90m 81 |[39m   }
     [90m 82 |[39m[0m

      at warn (api/src/game-engine.js:79:15)
      at loadWorld (tests/game-engine.test.js:2969:12)
      at Object.multiplierWorld (tests/game-engine.test.js:3037:19)

  console.warn
    [world-validation] Room "high-prob-room" is an orphan ΓÇö no exits or puzzles connect to it.

    [0m [90m 77 |[39m   [36mif[39m (validation[33m.[39mwarnings[33m.[39mlength [33m>[39m [35m0[39m) {
     [90m 78 |[39m     [36mfor[39m ([36mconst[39m warning [36mof[39m validation[33m.[39mwarnings) {
    [31m[1m>[22m[39m[90m 79 |[39m       console[33m.[39mwarn([32m`[world-validation] ${warning}`[39m)[33m;[39m
     [90m    |[39m               [31m[1m^[22m[39m
     [90m 80 |[39m     }
     [90m 81 |[39m   }
     [90m 82 |[39m[0m

      at warn (api/src/game-engine.js:79:15)
      at loadWorld (tests/game-engine.test.js:2969:12)
      at Object.multiplierWorld (tests/game-engine.test.js:3037:19)

  console.warn
    [world-validation] Room "safe-room" has no items and no hazards (empty room).

    [0m [90m 77 |[39m   [36mif[39m (validation[33m.[39mwarnings[33m.[39mlength [33m>[39m [35m0[39m) {
     [90m 78 |[39m     [36mfor[39m ([36mconst[39m warning [36mof[39m validation[33m.[39mwarnings) {
    [31m[1m>[22m[39m[90m 79 |[39m       console[33m.[39mwarn([32m`[world-validation] ${warning}`[39m)[33m;[39m
     [90m    |[39m               [31m[1m^[22m[39m
     [90m 80 |[39m     }
     [90m 81 |[39m   }
     [90m 82 |[39m[0m

      at warn (api/src/game-engine.js:79:15)
      at loadWorld (tests/game-engine.test.js:2969:12)
      at Object.multiplierWorld (tests/game-engine.test.js:3063:19)

  console.warn
    [world-validation] Room "high-prob-room" is an orphan ΓÇö no exits or puzzles connect to it.

    [0m [90m 77 |[39m   [36mif[39m (validation[33m.[39mwarnings[33m.[39mlength [33m>[39m [35m0[39m) {
     [90m 78 |[39m     [36mfor[39m ([36mconst[39m warning [36mof[39m validation[33m.[39mwarnings) {
    [31m[1m>[22m[39m[90m 79 |[39m       console[33m.[39mwarn([32m`[world-validation] ${warning}`[39m)[33m;[39m
     [90m    |[39m               [31m[1m^[22m[39m
     [90m 80 |[39m     }
     [90m 81 |[39m   }
     [90m 82 |[39m[0m

      at warn (api/src/game-engine.js:79:15)
      at loadWorld (tests/game-engine.test.js:2969:12)
      at Object.multiplierWorld (tests/game-engine.test.js:3063:19)

  console.warn
    [world-validation] Room "safe-room" has no items and no hazards (empty room).

    [0m [90m 77 |[39m   [36mif[39m (validation[33m.[39mwarnings[33m.[39mlength [33m>[39m [35m0[39m) {
     [90m 78 |[39m     [36mfor[39m ([36mconst[39m warning [36mof[39m validation[33m.[39mwarnings) {
    [31m[1m>[22m[39m[90m 79 |[39m       console[33m.[39mwarn([32m`[world-validation] ${warning}`[39m)[33m;[39m
     [90m    |[39m               [31m[1m^[22m[39m
     [90m 80 |[39m     }
     [90m 81 |[39m   }
     [90m 82 |[39m[0m

      at warn (api/src/game-engine.js:79:15)
      at loadWorld (tests/game-engine.test.js:2969:12)
      at Object.multiplierWorld (tests/game-engine.test.js:3081:19)

  console.warn
    [world-validation] Room "high-prob-room" is an orphan ΓÇö no exits or puzzles connect to it.

    [0m [90m 77 |[39m   [36mif[39m (validation[33m.[39mwarnings[33m.[39mlength [33m>[39m [35m0[39m) {
     [90m 78 |[39m     [36mfor[39m ([36mconst[39m warning [36mof[39m validation[33m.[39mwarnings) {
    [31m[1m>[22m[39m[90m 79 |[39m       console[33m.[39mwarn([32m`[world-validation] ${warning}`[39m)[33m;[39m
     [90m    |[39m               [31m[1m^[22m[39m
     [90m 80 |[39m     }
     [90m 81 |[39m   }
     [90m 82 |[39m[0m

      at warn (api/src/game-engine.js:79:15)
      at loadWorld (tests/game-engine.test.js:2969:12)
      at Object.multiplierWorld (tests/game-engine.test.js:3081:19)

  console.warn
    [world-validation] Room "safe-room" has no items and no hazards (empty room).

    [0m [90m 77 |[39m   [36mif[39m (validation[33m.[39mwarnings[33m.[39mlength [33m>[39m [35m0[39m) {
     [90m 78 |[39m     [36mfor[39m ([36mconst[39m warning [36mof[39m validation[33m.[39mwarnings) {
    [31m[1m>[22m[39m[90m 79 |[39m       console[33m.[39mwarn([32m`[world-validation] ${warning}`[39m)[33m;[39m
     [90m    |[39m               [31m[1m^[22m[39m
     [90m 80 |[39m     }
     [90m 81 |[39m   }
     [90m 82 |[39m[0m

      at warn (api/src/game-engine.js:79:15)
      at loadWorld (tests/game-engine.test.js:2969:12)
      at Object.multiplierWorld (tests/game-engine.test.js:3099:19)

  console.warn
    [world-validation] Room "high-prob-room" is an orphan ΓÇö no exits or puzzles connect to it.

    [0m [90m 77 |[39m   [36mif[39m (validation[33m.[39mwarnings[33m.[39mlength [33m>[39m [35m0[39m) {
     [90m 78 |[39m     [36mfor[39m ([36mconst[39m warning [36mof[39m validation[33m.[39mwarnings) {
    [31m[1m>[22m[39m[90m 79 |[39m       console[33m.[39mwarn([32m`[world-validation] ${warning}`[39m)[33m;[39m
     [90m    |[39m               [31m[1m^[22m[39m
     [90m 80 |[39m     }
     [90m 81 |[39m   }
     [90m 82 |[39m[0m

      at warn (api/src/game-engine.js:79:15)
      at loadWorld (tests/game-engine.test.js:2969:12)
      at Object.multiplierWorld (tests/game-engine.test.js:3099:19)

PASS tests/game-engine.test.js (6.255 s)
  World Loading
    ΓêÜ loads a valid world and returns a world object (156 ms)
    ΓêÜ preserves item definitions (39 ms)
    ΓêÜ preserves puzzle definitions (40 ms)
    ΓêÜ rejects world missing rooms (49 ms)
    ΓêÜ rejects world missing startRoom (1 ms)
    ΓêÜ rejects world where startRoom does not exist in rooms (1 ms)
    ΓêÜ deep-clones rooms so mutations do not affect original (38 ms)
  Session Management
    ΓêÜ creates a game session from a world (36 ms)
    ΓêÜ session roomStates reflect initial room items (34 ms)
    ΓêÜ session puzzleStates start as unsolved (36 ms)
    ΓêÜ adds a player to the session (34 ms)
    ΓêÜ new player starts in the startRoom (33 ms)
    ΓêÜ new player has empty inventory (34 ms)
    ΓêÜ adds multiple players (33 ms)
    ΓêÜ removes a player (35 ms)
    ΓêÜ removing a player drops their items back into the room (33 ms)
    ΓêÜ adding duplicate player id is a no-op (35 ms)
    ΓêÜ removing a non-existent player is a no-op (33 ms)
  Movement
    ΓêÜ moves player to a valid exit direction (33 ms)
    ΓêÜ returns error for invalid direction (33 ms)
    ΓêÜ returns error for go with no direction (33 ms)
    ΓêÜ player room changes after move (33 ms)
    ΓêÜ moving shows the new room (look response) (32 ms)
    ΓêÜ other players in old room receive departure notification (33 ms)
    ΓêÜ other players in new room receive arrival notification (38 ms)
    ΓêÜ can move using direction shorthand aliases (37 ms)
    ΓêÜ can move back to the previous room (39 ms)
  Inventory
    ΓêÜ takes an item from the room using item display name (36 ms)
    ΓêÜ item is removed from room after taking (31 ms)
    ΓêÜ drops an item ΓÇö appears in room (33 ms)
    ΓêÜ returns error when taking an item not in the room (31 ms)
    ΓêÜ returns error when dropping an item not in inventory (33 ms)
    ΓêÜ views inventory with items (31 ms)
    ΓêÜ empty inventory shows empty items array (33 ms)
    ΓêÜ inventory shortcut "i" works (33 ms)
    ΓêÜ pick up uses pickupText from world definition (33 ms)
    ΓêÜ other players see take notifications (31 ms)
  Puzzles
    ΓêÜ using required item solves puzzle and opens new exit (33 ms)
    ΓêÜ puzzle solution marks puzzle as solved (32 ms)
    ΓêÜ puzzle solution consumes the required item (32 ms)
    ΓêÜ attempting puzzle without required item returns error (31 ms)
    ΓêÜ solved puzzle persists ΓÇö exit stays open and walkable (33 ms)
    ΓêÜ puzzle solved text is broadcast to other players in the room (33 ms)
  Give Item
    ΓêÜ gives an item to another player in the same room (33 ms)
    ΓêÜ notifies bystanders when a give happens (31 ms)
    ΓêÜ cannot give item to a player in a different room (32 ms)
    ΓêÜ cannot give item you do not have (31 ms)
    ΓêÜ give with no arguments returns error (30 ms)
    ΓêÜ give to non-existent player returns error (33 ms)
  Multiplayer
    ΓêÜ multiple players in same room see each other in view (31 ms)
    ΓêÜ player actions visible to others in the same room (33 ms)
    ΓêÜ supports up to 20 players in one session (30 ms)
    ΓêÜ player disconnect ΓÇö proper cleanup (33 ms)
    ΓêÜ players in different rooms do not see each other (31 ms)
    ΓêÜ player move notifications only go to players in the same rooms (33 ms)
  Look / View
    ΓêÜ getPlayerView returns room name, description, exits, items, players, hazards (31 ms)
    ΓêÜ getPlayerView shows hazards when present (32 ms)
    ΓêÜ getPlayerView after item is taken ΓÇö item no longer listed (31 ms)
    ΓêÜ getPlayerView after puzzle solved ΓÇö new exit visible (33 ms)
    ΓêÜ look command via processCommand returns look response (31 ms)
    ΓêÜ look does not list the current player in the players list (34 ms)
    ΓêÜ getPlayerView returns null for non-existent player (31 ms)
    ΓêÜ getPlayerView shows item display names, not IDs (32 ms)
  Command Processing Edge Cases
    ΓêÜ unknown command returns error (31 ms)
    ΓêÜ command from non-existent player returns error (32 ms)
    ΓêÜ help command returns a message (32 ms)
    ΓêÜ say command sends message to other players in room (32 ms)
  Player Reconnection (Ghost System)
    ΓêÜ disconnectPlayer creates a ghost in session.ghosts (31 ms)
    ΓêÜ ghost preserves room and inventory (34 ms)
    ΓêÜ ghost has a disconnectedAt timestamp (32 ms)
    ΓêÜ disconnectPlayer on non-existent player is a no-op (34 ms)
    ΓêÜ disconnected player does not appear in room view as player (37 ms)
    ΓêÜ ghost appears in room view ghosts list (31 ms)
    ΓêÜ ghost does not appear in room view of different room (33 ms)
    ΓêÜ disconnected player does not receive movement notifications (31 ms)
    ΓêÜ findGhostByName finds by exact name (33 ms)
    ΓêÜ findGhostByName is case-insensitive (31 ms)
    ΓêÜ findGhostByName returns null when no match (33 ms)
    ΓêÜ findGhostByName returns null on session without ghosts (30 ms)
    ΓêÜ reconnectPlayer restores player from ghost with new ID (33 ms)
    ΓêÜ reconnectPlayer removes the ghost (32 ms)
    ΓêÜ reconnectPlayer on non-existent ghost is a no-op (32 ms)
    ΓêÜ reconnected player appears in room view for others (31 ms)
    ΓêÜ reconnected player can issue commands (32 ms)
    ΓêÜ reconnected player gets remaining ghost inventory (after partial loot) (33 ms)
    ΓêÜ full reconnection cycle: disconnect, reconnect, take items, move (32 ms)
  Ghost Looting
    ΓêÜ loot command takes all items from ghost (33 ms)
    ΓêÜ loot command keeps ghost after inventory emptied (32 ms)
    ΓêÜ loot transfers multiple items from ghost (35 ms)
    ΓêÜ loot empty ghost reports nothing to loot (31 ms)
    ΓêÜ loot ghost in different room returns error (33 ms)
    ΓêÜ loot non-existent ghost returns error (31 ms)
    ΓêÜ loot with no argument returns error (32 ms)
    ΓêÜ loot notifies other players in the room (32 ms)
    ΓêÜ take specific item from ghost (32 ms)
    ΓêÜ take last item from ghost keeps ghost in room (32 ms)
    ΓêÜ take item ghost does not have returns error (32 ms)
    ΓêÜ take from ghost in different room returns error (32 ms)
    ΓêÜ multiple ghosts can exist in different rooms (33 ms)
    ΓêÜ getGhostsInRoom returns correct ghosts (31 ms)
    ΓêÜ loot works without ghost suffix (33 ms)
    ΓêÜ looted ghost still visible in room view (31 ms)
    ΓêÜ take from ghost works without ghost suffix on target (33 ms)
  Reconnection Edge Cases
    ΓêÜ rejoin when ghost exists ΓåÆ reclaims ghost room and inventory (31 ms)
    ΓêÜ rejoin when ghost was partially looted ΓåÆ gets remaining inventory only (33 ms)
    ΓêÜ stale disconnect after reconnection does not create duplicate ghost (31 ms)
    ΓêÜ ghost fully looted ΓåÆ rejoin still reclaims ghost (empty inventory, ghost room) (33 ms)
    ΓêÜ reconnected player connectionId is independent of old player entry (31 ms)
    ΓêÜ gameInfo inventory after ghost reclamation has name+description objects (33 ms)
  Duplicate Name vs Reconnection
    ΓêÜ resolvePlayerName treats ghost name as taken (31 ms)
    ΓêÜ resolvePlayerName treats ghost name as taken (case-insensitive) (32 ms)
    ΓêÜ resolvePlayerName still renames when active player has same name (30 ms)
    ΓêÜ resolvePlayerName allows name when no ghost or active player matches (31 ms)
    ΓêÜ reconnectPlayer still works for legitimate rejoin with ghost (32 ms)
    ΓêÜ new player with ghost-matching name gets adjective, ghost untouched (30 ms)
  Player ID System
    ΓêÜ disconnectPlayer copies playerId into ghost (31 ms)
    ΓêÜ disconnectPlayer sets ghost.playerId to null when player has no playerId (31 ms)
    ΓêÜ findGhostByPlayerId finds ghost with matching playerId (32 ms)
    ΓêÜ findGhostByPlayerId returns null when no playerId matches (31 ms)
    ΓêÜ findGhostByPlayerId returns null with null/undefined playerId (32 ms)
    ΓêÜ findGhostByPlayerId returns null on session without ghosts (31 ms)
    ΓêÜ ghost reclamation by playerId restores room and inventory (32 ms)
    ΓêÜ different player with same name gets adjective when playerId does not match ghost (31 ms)
    ΓêÜ reconnectPlayer preserves playerId across reconnection (32 ms)
    ΓêÜ findGhostByPlayerId picks correct ghost when multiple ghosts exist (30 ms)
  Ghost Persistence
    ΓêÜ after looting, ghost still exists in session.ghosts (32 ms)
    ΓêÜ after looting, ghost inventory is empty (31 ms)
    ΓêÜ after looting, the looter has the ghost former items (33 ms)
    ΓêÜ empty ghost is still visible in room description via look (31 ms)
    ΓêÜ looting an already-empty ghost works gracefully (33 ms)
    ΓêÜ looting twice ΓÇö second loot is graceful no-op (31 ms)
    ΓêÜ take last item from ghost leaves ghost with empty inventory (32 ms)
    ΓêÜ reconnectPlayer places player in ghost room (31 ms)
    ΓêÜ after reconnect, ghost is removed from session.ghosts (32 ms)
    ΓêÜ reconnect after ghost fully looted ΓÇö player has empty inventory, placed in ghost room (31 ms)
    ΓêÜ reconnect after partial loot ΓÇö player gets remaining inventory in ghost room (33 ms)
    ΓêÜ getExpiredGhosts is no longer exported from game-engine
    ΓêÜ finalizeGhost is no longer exported from game-engine (1 ms)
    ΓêÜ ghost with very old disconnectedAt timestamp still exists (never cleaned up) (31 ms)
    ΓêÜ very old ghost can still be reconnected (33 ms)
    ΓêÜ very old ghost can still be looted (31 ms)
    ΓêÜ multiple old ghosts all persist simultaneously (31 ms)
  Start Game ΓÇö Initial Room View
    ΓêÜ getPlayerView returns valid room view for host in start room (32 ms)
    ΓêÜ getPlayerView shows other players but not self (31 ms)
    ΓêÜ getPlayerView for multiple players each see others (32 ms)
    ΓêÜ getPlayerView includes ghosts in starting room (32 ms)
    ΓêÜ getPlayerView includes items from start room (33 ms)
    ΓêÜ getPlayerView returns null for non-existent player (31 ms)
    ΓêÜ session round-trip through JSON preserves all fields needed for startGame (33 ms)
    ΓêÜ session without started field treats as not-started (undefined is falsy) (32 ms)
    ΓêÜ hostPlayerId survives JSON round-trip (32 ms)
    ΓêÜ getPlayerView works after JSON round-trip (31 ms)
    ΓêÜ getPlayerView with ghosts after JSON round-trip (33 ms)
  Item descriptions
    ΓêÜ getPlayerView returns items with roomText (6 ms)
    ΓêÜ getPlayerView omits roomText for taken items (6 ms)
    ΓêÜ handleInventory shows item descriptions (6 ms)
    ΓêÜ items with no roomText get a default
  Hazard Death System
    ΓêÜ hazard triggers death on room entry (2 ms)
    ΓêÜ hazard with probability 0 never triggers
    ΓêÜ getPlayerView returns hazard descriptions from objects (1 ms)
    ΓêÜ deathTimeout defaults to 30
    ΓêÜ death response includes timeout from session
    killPlayer / respawnPlayer
      ΓêÜ killPlayer creates a death ghost and removes player
      ΓêÜ killPlayer ghost has disconnectedAt timestamp (1 ms)
      ΓêÜ respawnPlayer restores player from death ghost
      ΓêÜ respawnPlayer restores with remaining inventory after partial loot (1 ms)
      ΓêÜ respawnPlayer ignores non-death ghosts
  Item Descriptions (Stef)
    ΓêÜ getPlayerView returns item objects with name and roomText (37 ms)
    ΓêÜ getPlayerView only shows items still in room (not picked up) (33 ms)
    ΓêÜ inventory command shows item descriptions (33 ms)
    ΓêÜ pick up item ΓÇö disappears from room, appears in inventory with description (31 ms)
    ΓêÜ items given to another player show descriptions in their inventory (33 ms)
  Hazard Death System (Stef)
    killPlayer
      ΓêÜ creates a ghost with the player inventory (6 ms)
      ΓêÜ drops items accessible in the room via ghost (6 ms)
      ΓêÜ sends death message to the player (via handleGo hazard trigger) (6 ms)
      ΓêÜ notifies other players in the room on death (6 ms)
      ΓêÜ dead player inventory can be looted by others (6 ms)
    respawnPlayer
      ΓêÜ removes the ghost (5 ms)
      ΓêÜ recreates the player in the ghost room with empty inventory (6 ms)
      ΓêÜ sends room view to the respawned player (5 ms)
    Hazard probability
      ΓêÜ probability 0 never kills (6 ms)
      ΓêÜ probability 1 always kills (6 ms)
      ΓêÜ hazard check fires on gameplay commands (look, say), but NOT meta commands (inventory, help) (13 ms)
    Session defaults
      ΓêÜ deathTimeout is included in session and defaults to 30 (5 ms)
      ΓêÜ deathTimeout is passed to clients on game start (present on session) (6 ms)
    Backward compatibility
      ΓêÜ old string hazards are backward compatible (display-only, never kill) (5 ms)
      ΓêÜ old string hazards normalized to objects with probability 0 (6 ms)
    Multiple hazards
      ΓêÜ multiple hazards ΓÇö each checked independently (6 ms)
    Integration
      ΓêÜ player dies, gets looted, respawns with empty inventory in same room (6 ms)
      ΓêÜ player dies in room with others ΓÇö others see death notification (5 ms)
  Hazard check on every gameplay command (Stef)
    ΓêÜ hazard triggers on "look" command (5 ms)
    ΓêÜ hazard triggers on "take" command (6 ms)
    ΓêÜ hazard triggers on "say" command (6 ms)
    ΓêÜ hazard does NOT trigger on "help" command (5 ms)
    ΓêÜ hazard does NOT trigger on "inventory" command (8 ms)
    ΓêÜ hazard does NOT trigger on invalid command (5 ms)
    ΓêÜ ghost player skips hazard check ΓÇö no additional death or error (6 ms)
    ΓêÜ hazard check after "go" uses the new room, not the old one (6 ms)
    checkHazards (direct)
      ΓêÜ returns empty responses when player is in a safe room (6 ms)
      ΓêÜ kills player in a room with probability-1 hazard (5 ms)
      ΓêÜ returns empty responses for non-existent player (6 ms)
      ΓêÜ skips hazard check for ghost player (5 ms)
      ΓêÜ high random value avoids death even with probability < 1 (6 ms)
      ΓêÜ notifies other players in room when someone dies (6 ms)
  hazard multiplier
    ΓêÜ createGameSession includes hazardMultiplier default (12 ms)
    ΓêÜ medium multiplier (1.0) uses world file probability as-is (10 ms)
    ΓêÜ low multiplier (0.5) halves the effective probability (10 ms)
    ΓêÜ high multiplier (2.0) doubles the effective probability (11 ms)
    ΓêÜ multiplier is clamped so adjusted probability never exceeds 1 (11 ms)
    ΓêÜ missing multiplier defaults to 1 (10 ms)
    ΓêÜ multiplier of 0.5 can prevent death that would occur at 1.0 (1 ms)
  displaced items
    ΓêÜ items in their original room are not displaced
    ΓêÜ items dropped in a different room are marked displaced (1 ms)
    ΓêÜ native and displaced items coexist in same room
    ΓêÜ item dropped after death is displaced in death room (1 ms)
    ΓêÜ item in its original room after being dropped there is not displaced (1 ms)
    ΓêÜ unknown items (not in world.items) are handled gracefully

Test Suites: 5 passed, 5 total
Tests:       424 passed, 424 total
Snapshots:   0 total
Time:        6.709 s, estimated 7 s
Ran all test suites.
